
> studynexus-frontend@0.1.0 test
> jest

FAIL src/components/study/__tests__/AddModuleModal.test.tsx
  ● Console

    console.error
      Error: Uncaught [Error: No QueryClient set, use QueryClientProvider to set one]
          at reportException (/Users/yusefbach/Projekte/studynexus/frontend/node_modules/jsdom/lib/jsdom/living/helpers/runtime-script-errors.js:66:24)
          at innerInvokeEventListeners (/Users/yusefbach/Projekte/studynexus/frontend/node_modules/jsdom/lib/jsdom/living/events/EventTarget-impl.js:353:9)
          at invokeEventListeners (/Users/yusefbach/Projekte/studynexus/frontend/node_modules/jsdom/lib/jsdom/living/events/EventTarget-impl.js:286:3)
          at HTMLUnknownElementImpl._dispatch (/Users/yusefbach/Projekte/studynexus/frontend/node_modules/jsdom/lib/jsdom/living/events/EventTarget-impl.js:233:9)
          at HTMLUnknownElementImpl.dispatchEvent (/Users/yusefbach/Projekte/studynexus/frontend/node_modules/jsdom/lib/jsdom/living/events/EventTarget-impl.js:104:17)
          at HTMLUnknownElement.dispatchEvent (/Users/yusefbach/Projekte/studynexus/frontend/node_modules/jsdom/lib/jsdom/living/generated/EventTarget.js:241:34)
          at Object.invokeGuardedCallbackDev (/Users/yusefbach/Projekte/studynexus/frontend/node_modules/react-dom/cjs/react-dom.development.js:4213:16)
          at invokeGuardedCallback (/Users/yusefbach/Projekte/studynexus/frontend/node_modules/react-dom/cjs/react-dom.development.js:4277:31)
          at beginWork$1 (/Users/yusefbach/Projekte/studynexus/frontend/node_modules/react-dom/cjs/react-dom.development.js:27490:7)
          at performUnitOfWork (/Users/yusefbach/Projekte/studynexus/frontend/node_modules/react-dom/cjs/react-dom.development.js:26599:12)
          at workLoopSync (/Users/yusefbach/Projekte/studynexus/frontend/node_modules/react-dom/cjs/react-dom.development.js:26505:5)
          at renderRootSync (/Users/yusefbach/Projekte/studynexus/frontend/node_modules/react-dom/cjs/react-dom.development.js:26473:7)
          at performConcurrentWorkOnRoot (/Users/yusefbach/Projekte/studynexus/frontend/node_modules/react-dom/cjs/react-dom.development.js:25777:74)
          at flushActQueue (/Users/yusefbach/Projekte/studynexus/frontend/node_modules/react/cjs/react.development.js:2667:24)
          at act (/Users/yusefbach/Projekte/studynexus/frontend/node_modules/react/cjs/react.development.js:2582:11)
          at /Users/yusefbach/Projekte/studynexus/frontend/node_modules/@testing-library/react/dist/act-compat.js:47:25
          at renderRoot (/Users/yusefbach/Projekte/studynexus/frontend/node_modules/@testing-library/react/dist/pure.js:180:26)
          at render (/Users/yusefbach/Projekte/studynexus/frontend/node_modules/@testing-library/react/dist/pure.js:271:10)
          at Object.<anonymous> (/Users/yusefbach/Projekte/studynexus/frontend/src/components/study/__tests__/AddModuleModal.test.tsx:70:11)
          at Promise.then.completed (/Users/yusefbach/Projekte/studynexus/frontend/node_modules/jest-circus/build/utils.js:298:28)
          at new Promise (<anonymous>)
          at callAsyncCircusFn (/Users/yusefbach/Projekte/studynexus/frontend/node_modules/jest-circus/build/utils.js:231:10)
          at _callCircusTest (/Users/yusefbach/Projekte/studynexus/frontend/node_modules/jest-circus/build/run.js:316:40)
          at processTicksAndRejections (node:internal/process/task_queues:104:5)
          at _runTest (/Users/yusefbach/Projekte/studynexus/frontend/node_modules/jest-circus/build/run.js:252:3)
          at _runTestsForDescribeBlock (/Users/yusefbach/Projekte/studynexus/frontend/node_modules/jest-circus/build/run.js:126:9)
          at _runTestsForDescribeBlock (/Users/yusefbach/Projekte/studynexus/frontend/node_modules/jest-circus/build/run.js:121:9)
          at run (/Users/yusefbach/Projekte/studynexus/frontend/node_modules/jest-circus/build/run.js:71:3)
          at runAndTransformResultsToJestFormat (/Users/yusefbach/Projekte/studynexus/frontend/node_modules/jest-circus/build/legacy-code-todo-rewrite/jestAdapterInit.js:122:21)
          at jestAdapter (/Users/yusefbach/Projekte/studynexus/frontend/node_modules/jest-circus/build/legacy-code-todo-rewrite/jestAdapter.js:79:19)
          at runTestInternal (/Users/yusefbach/Projekte/studynexus/frontend/node_modules/jest-runner/build/runTest.js:367:16)
          at runTest (/Users/yusefbach/Projekte/studynexus/frontend/node_modules/jest-runner/build/runTest.js:444:34)
          at Object.worker (/Users/yusefbach/Projekte/studynexus/frontend/node_modules/jest-runner/build/testWorker.js:106:12) {
        detail: Error: No QueryClient set, use QueryClientProvider to set one
            at useQueryClient (/Users/yusefbach/Projekte/studynexus/frontend/node_modules/@tanstack/react-query/src/QueryClientProvider.tsx:18:11)
            at useAddModule (/Users/yusefbach/Projekte/studynexus/frontend/src/hooks/queries/useAddModule.ts:14:37)
            at AddModuleModal (/Users/yusefbach/Projekte/studynexus/frontend/src/components/study/AddModuleModal.tsx:51:33)
            at renderWithHooks (/Users/yusefbach/Projekte/studynexus/frontend/node_modules/react-dom/cjs/react-dom.development.js:15486:18)
            at mountIndeterminateComponent (/Users/yusefbach/Projekte/studynexus/frontend/node_modules/react-dom/cjs/react-dom.development.js:20103:13)
            at beginWork (/Users/yusefbach/Projekte/studynexus/frontend/node_modules/react-dom/cjs/react-dom.development.js:21626:16)
            at HTMLUnknownElement.callCallback (/Users/yusefbach/Projekte/studynexus/frontend/node_modules/react-dom/cjs/react-dom.development.js:4164:14)
            at HTMLUnknownElement.callTheUserObjectsOperation (/Users/yusefbach/Projekte/studynexus/frontend/node_modules/jsdom/lib/jsdom/living/generated/EventListener.js:26:30)
            at innerInvokeEventListeners (/Users/yusefbach/Projekte/studynexus/frontend/node_modules/jsdom/lib/jsdom/living/events/EventTarget-impl.js:350:25)
            at invokeEventListeners (/Users/yusefbach/Projekte/studynexus/frontend/node_modules/jsdom/lib/jsdom/living/events/EventTarget-impl.js:286:3)
            at HTMLUnknownElementImpl._dispatch (/Users/yusefbach/Projekte/studynexus/frontend/node_modules/jsdom/lib/jsdom/living/events/EventTarget-impl.js:233:9)
            at HTMLUnknownElementImpl.dispatchEvent (/Users/yusefbach/Projekte/studynexus/frontend/node_modules/jsdom/lib/jsdom/living/events/EventTarget-impl.js:104:17)
            at HTMLUnknownElement.dispatchEvent (/Users/yusefbach/Projekte/studynexus/frontend/node_modules/jsdom/lib/jsdom/living/generated/EventTarget.js:241:34)
            at Object.invokeGuardedCallbackDev (/Users/yusefbach/Projekte/studynexus/frontend/node_modules/react-dom/cjs/react-dom.development.js:4213:16)
            at invokeGuardedCallback (/Users/yusefbach/Projekte/studynexus/frontend/node_modules/react-dom/cjs/react-dom.development.js:4277:31)
            at beginWork$1 (/Users/yusefbach/Projekte/studynexus/frontend/node_modules/react-dom/cjs/react-dom.development.js:27490:7)
            at performUnitOfWork (/Users/yusefbach/Projekte/studynexus/frontend/node_modules/react-dom/cjs/react-dom.development.js:26599:12)
            at workLoopSync (/Users/yusefbach/Projekte/studynexus/frontend/node_modules/react-dom/cjs/react-dom.development.js:26505:5)
            at renderRootSync (/Users/yusefbach/Projekte/studynexus/frontend/node_modules/react-dom/cjs/react-dom.development.js:26473:7)
            at performConcurrentWorkOnRoot (/Users/yusefbach/Projekte/studynexus/frontend/node_modules/react-dom/cjs/react-dom.development.js:25777:74)
            at flushActQueue (/Users/yusefbach/Projekte/studynexus/frontend/node_modules/react/cjs/react.development.js:2667:24)
            at act (/Users/yusefbach/Projekte/studynexus/frontend/node_modules/react/cjs/react.development.js:2582:11)
            at /Users/yusefbach/Projekte/studynexus/frontend/node_modules/@testing-library/react/dist/act-compat.js:47:25
            at renderRoot (/Users/yusefbach/Projekte/studynexus/frontend/node_modules/@testing-library/react/dist/pure.js:180:26)
            at render (/Users/yusefbach/Projekte/studynexus/frontend/node_modules/@testing-library/react/dist/pure.js:271:10)
            at Object.<anonymous> (/Users/yusefbach/Projekte/studynexus/frontend/src/components/study/__tests__/AddModuleModal.test.tsx:70:11)
            at Promise.then.completed (/Users/yusefbach/Projekte/studynexus/frontend/node_modules/jest-circus/build/utils.js:298:28)
            at new Promise (<anonymous>)
            at callAsyncCircusFn (/Users/yusefbach/Projekte/studynexus/frontend/node_modules/jest-circus/build/utils.js:231:10)
            at _callCircusTest (/Users/yusefbach/Projekte/studynexus/frontend/node_modules/jest-circus/build/run.js:316:40)
            at processTicksAndRejections (node:internal/process/task_queues:104:5)
            at _runTest (/Users/yusefbach/Projekte/studynexus/frontend/node_modules/jest-circus/build/run.js:252:3)
            at _runTestsForDescribeBlock (/Users/yusefbach/Projekte/studynexus/frontend/node_modules/jest-circus/build/run.js:126:9)
            at _runTestsForDescribeBlock (/Users/yusefbach/Projekte/studynexus/frontend/node_modules/jest-circus/build/run.js:121:9)
            at run (/Users/yusefbach/Projekte/studynexus/frontend/node_modules/jest-circus/build/run.js:71:3)
            at runAndTransformResultsToJestFormat (/Users/yusefbach/Projekte/studynexus/frontend/node_modules/jest-circus/build/legacy-code-todo-rewrite/jestAdapterInit.js:122:21)
            at jestAdapter (/Users/yusefbach/Projekte/studynexus/frontend/node_modules/jest-circus/build/legacy-code-todo-rewrite/jestAdapter.js:79:19)
            at runTestInternal (/Users/yusefbach/Projekte/studynexus/frontend/node_modules/jest-runner/build/runTest.js:367:16)
            at runTest (/Users/yusefbach/Projekte/studynexus/frontend/node_modules/jest-runner/build/runTest.js:444:34)
            at Object.worker (/Users/yusefbach/Projekte/studynexus/frontend/node_modules/jest-runner/build/testWorker.js:106:12),
        type: 'unhandled exception'
      }

      68 |   it("shows loading indicator initially", () => {
      69 |     mockFetchChain();
    > 70 |     render(<AddModuleModal alreadyAddedModuleIds={emptyIds} onClose={noopClose} onAdded={noopAdded} />);
         |           ^
      71 |     // While loading, save button should be disabled
      72 |     expect(screen.getByText("dashboard.addModule.save")).toBeDisabled();
      73 |   });

      at VirtualConsole.<anonymous> (node_modules/jest-environment-jsdom/build/index.js:63:23)
      at reportException (node_modules/jsdom/lib/jsdom/living/helpers/runtime-script-errors.js:70:28)
      at innerInvokeEventListeners (node_modules/jsdom/lib/jsdom/living/events/EventTarget-impl.js:353:9)
      at invokeEventListeners (node_modules/jsdom/lib/jsdom/living/events/EventTarget-impl.js:286:3)
      at HTMLUnknownElementImpl._dispatch (node_modules/jsdom/lib/jsdom/living/events/EventTarget-impl.js:233:9)
      at HTMLUnknownElementImpl.dispatchEvent (node_modules/jsdom/lib/jsdom/living/events/EventTarget-impl.js:104:17)
      at HTMLUnknownElement.dispatchEvent (node_modules/jsdom/lib/jsdom/living/generated/EventTarget.js:241:34)
      at Object.invokeGuardedCallbackDev (node_modules/react-dom/cjs/react-dom.development.js:4213:16)
      at invokeGuardedCallback (node_modules/react-dom/cjs/react-dom.development.js:4277:31)
      at beginWork$1 (node_modules/react-dom/cjs/react-dom.development.js:27490:7)
      at performUnitOfWork (node_modules/react-dom/cjs/react-dom.development.js:26599:12)
      at workLoopSync (node_modules/react-dom/cjs/react-dom.development.js:26505:5)
      at renderRootSync (node_modules/react-dom/cjs/react-dom.development.js:26473:7)
      at performConcurrentWorkOnRoot (node_modules/react-dom/cjs/react-dom.development.js:25777:74)
      at flushActQueue (node_modules/react/cjs/react.development.js:2667:24)
      at act (node_modules/react/cjs/react.development.js:2582:11)
      at node_modules/@testing-library/react/dist/act-compat.js:47:25
      at renderRoot (node_modules/@testing-library/react/dist/pure.js:180:26)
      at render (node_modules/@testing-library/react/dist/pure.js:271:10)
      at Object.<anonymous> (src/components/study/__tests__/AddModuleModal.test.tsx:70:11)

    console.error
      Error: Uncaught [Error: No QueryClient set, use QueryClientProvider to set one]
          at reportException (/Users/yusefbach/Projekte/studynexus/frontend/node_modules/jsdom/lib/jsdom/living/helpers/runtime-script-errors.js:66:24)
          at innerInvokeEventListeners (/Users/yusefbach/Projekte/studynexus/frontend/node_modules/jsdom/lib/jsdom/living/events/EventTarget-impl.js:353:9)
          at invokeEventListeners (/Users/yusefbach/Projekte/studynexus/frontend/node_modules/jsdom/lib/jsdom/living/events/EventTarget-impl.js:286:3)
          at HTMLUnknownElementImpl._dispatch (/Users/yusefbach/Projekte/studynexus/frontend/node_modules/jsdom/lib/jsdom/living/events/EventTarget-impl.js:233:9)
          at HTMLUnknownElementImpl.dispatchEvent (/Users/yusefbach/Projekte/studynexus/frontend/node_modules/jsdom/lib/jsdom/living/events/EventTarget-impl.js:104:17)
          at HTMLUnknownElement.dispatchEvent (/Users/yusefbach/Projekte/studynexus/frontend/node_modules/jsdom/lib/jsdom/living/generated/EventTarget.js:241:34)
          at Object.invokeGuardedCallbackDev (/Users/yusefbach/Projekte/studynexus/frontend/node_modules/react-dom/cjs/react-dom.development.js:4213:16)
          at invokeGuardedCallback (/Users/yusefbach/Projekte/studynexus/frontend/node_modules/react-dom/cjs/react-dom.development.js:4277:31)
          at beginWork$1 (/Users/yusefbach/Projekte/studynexus/frontend/node_modules/react-dom/cjs/react-dom.development.js:27490:7)
          at performUnitOfWork (/Users/yusefbach/Projekte/studynexus/frontend/node_modules/react-dom/cjs/react-dom.development.js:26599:12)
          at workLoopSync (/Users/yusefbach/Projekte/studynexus/frontend/node_modules/react-dom/cjs/react-dom.development.js:26505:5)
          at renderRootSync (/Users/yusefbach/Projekte/studynexus/frontend/node_modules/react-dom/cjs/react-dom.development.js:26473:7)
          at recoverFromConcurrentError (/Users/yusefbach/Projekte/studynexus/frontend/node_modules/react-dom/cjs/react-dom.development.js:25889:20)
          at performConcurrentWorkOnRoot (/Users/yusefbach/Projekte/studynexus/frontend/node_modules/react-dom/cjs/react-dom.development.js:25789:22)
          at flushActQueue (/Users/yusefbach/Projekte/studynexus/frontend/node_modules/react/cjs/react.development.js:2667:24)
          at act (/Users/yusefbach/Projekte/studynexus/frontend/node_modules/react/cjs/react.development.js:2582:11)
          at /Users/yusefbach/Projekte/studynexus/frontend/node_modules/@testing-library/react/dist/act-compat.js:47:25
          at renderRoot (/Users/yusefbach/Projekte/studynexus/frontend/node_modules/@testing-library/react/dist/pure.js:180:26)
          at render (/Users/yusefbach/Projekte/studynexus/frontend/node_modules/@testing-library/react/dist/pure.js:271:10)
          at Object.<anonymous> (/Users/yusefbach/Projekte/studynexus/frontend/src/components/study/__tests__/AddModuleModal.test.tsx:70:11)
          at Promise.then.completed (/Users/yusefbach/Projekte/studynexus/frontend/node_modules/jest-circus/build/utils.js:298:28)
          at new Promise (<anonymous>)
          at callAsyncCircusFn (/Users/yusefbach/Projekte/studynexus/frontend/node_modules/jest-circus/build/utils.js:231:10)
          at _callCircusTest (/Users/yusefbach/Projekte/studynexus/frontend/node_modules/jest-circus/build/run.js:316:40)
          at processTicksAndRejections (node:internal/process/task_queues:104:5)
          at _runTest (/Users/yusefbach/Projekte/studynexus/frontend/node_modules/jest-circus/build/run.js:252:3)
          at _runTestsForDescribeBlock (/Users/yusefbach/Projekte/studynexus/frontend/node_modules/jest-circus/build/run.js:126:9)
          at _runTestsForDescribeBlock (/Users/yusefbach/Projekte/studynexus/frontend/node_modules/jest-circus/build/run.js:121:9)
          at run (/Users/yusefbach/Projekte/studynexus/frontend/node_modules/jest-circus/build/run.js:71:3)
          at runAndTransformResultsToJestFormat (/Users/yusefbach/Projekte/studynexus/frontend/node_modules/jest-circus/build/legacy-code-todo-rewrite/jestAdapterInit.js:122:21)
          at jestAdapter (/Users/yusefbach/Projekte/studynexus/frontend/node_modules/jest-circus/build/legacy-code-todo-rewrite/jestAdapter.js:79:19)
          at runTestInternal (/Users/yusefbach/Projekte/studynexus/frontend/node_modules/jest-runner/build/runTest.js:367:16)
          at runTest (/Users/yusefbach/Projekte/studynexus/frontend/node_modules/jest-runner/build/runTest.js:444:34)
          at Object.worker (/Users/yusefbach/Projekte/studynexus/frontend/node_modules/jest-runner/build/testWorker.js:106:12) {
        detail: Error: No QueryClient set, use QueryClientProvider to set one
            at useQueryClient (/Users/yusefbach/Projekte/studynexus/frontend/node_modules/@tanstack/react-query/src/QueryClientProvider.tsx:18:11)
            at useAddModule (/Users/yusefbach/Projekte/studynexus/frontend/src/hooks/queries/useAddModule.ts:14:37)
            at AddModuleModal (/Users/yusefbach/Projekte/studynexus/frontend/src/components/study/AddModuleModal.tsx:51:33)
            at renderWithHooks (/Users/yusefbach/Projekte/studynexus/frontend/node_modules/react-dom/cjs/react-dom.development.js:15486:18)
            at mountIndeterminateComponent (/Users/yusefbach/Projekte/studynexus/frontend/node_modules/react-dom/cjs/react-dom.development.js:20103:13)
            at beginWork (/Users/yusefbach/Projekte/studynexus/frontend/node_modules/react-dom/cjs/react-dom.development.js:21626:16)
            at HTMLUnknownElement.callCallback (/Users/yusefbach/Projekte/studynexus/frontend/node_modules/react-dom/cjs/react-dom.development.js:4164:14)
            at HTMLUnknownElement.callTheUserObjectsOperation (/Users/yusefbach/Projekte/studynexus/frontend/node_modules/jsdom/lib/jsdom/living/generated/EventListener.js:26:30)
            at innerInvokeEventListeners (/Users/yusefbach/Projekte/studynexus/frontend/node_modules/jsdom/lib/jsdom/living/events/EventTarget-impl.js:350:25)
            at invokeEventListeners (/Users/yusefbach/Projekte/studynexus/frontend/node_modules/jsdom/lib/jsdom/living/events/EventTarget-impl.js:286:3)
            at HTMLUnknownElementImpl._dispatch (/Users/yusefbach/Projekte/studynexus/frontend/node_modules/jsdom/lib/jsdom/living/events/EventTarget-impl.js:233:9)
            at HTMLUnknownElementImpl.dispatchEvent (/Users/yusefbach/Projekte/studynexus/frontend/node_modules/jsdom/lib/jsdom/living/events/EventTarget-impl.js:104:17)
            at HTMLUnknownElement.dispatchEvent (/Users/yusefbach/Projekte/studynexus/frontend/node_modules/jsdom/lib/jsdom/living/generated/EventTarget.js:241:34)
            at Object.invokeGuardedCallbackDev (/Users/yusefbach/Projekte/studynexus/frontend/node_modules/react-dom/cjs/react-dom.development.js:4213:16)
            at invokeGuardedCallback (/Users/yusefbach/Projekte/studynexus/frontend/node_modules/react-dom/cjs/react-dom.development.js:4277:31)
            at beginWork$1 (/Users/yusefbach/Projekte/studynexus/frontend/node_modules/react-dom/cjs/react-dom.development.js:27490:7)
            at performUnitOfWork (/Users/yusefbach/Projekte/studynexus/frontend/node_modules/react-dom/cjs/react-dom.development.js:26599:12)
            at workLoopSync (/Users/yusefbach/Projekte/studynexus/frontend/node_modules/react-dom/cjs/react-dom.development.js:26505:5)
            at renderRootSync (/Users/yusefbach/Projekte/studynexus/frontend/node_modules/react-dom/cjs/react-dom.development.js:26473:7)
            at recoverFromConcurrentError (/Users/yusefbach/Projekte/studynexus/frontend/node_modules/react-dom/cjs/react-dom.development.js:25889:20)
            at performConcurrentWorkOnRoot (/Users/yusefbach/Projekte/studynexus/frontend/node_modules/react-dom/cjs/react-dom.development.js:25789:22)
            at flushActQueue (/Users/yusefbach/Projekte/studynexus/frontend/node_modules/react/cjs/react.development.js:2667:24)
            at act (/Users/yusefbach/Projekte/studynexus/frontend/node_modules/react/cjs/react.development.js:2582:11)
            at /Users/yusefbach/Projekte/studynexus/frontend/node_modules/@testing-library/react/dist/act-compat.js:47:25
            at renderRoot (/Users/yusefbach/Projekte/studynexus/frontend/node_modules/@testing-library/react/dist/pure.js:180:26)
            at render (/Users/yusefbach/Projekte/studynexus/frontend/node_modules/@testing-library/react/dist/pure.js:271:10)
            at Object.<anonymous> (/Users/yusefbach/Projekte/studynexus/frontend/src/components/study/__tests__/AddModuleModal.test.tsx:70:11)
            at Promise.then.completed (/Users/yusefbach/Projekte/studynexus/frontend/node_modules/jest-circus/build/utils.js:298:28)
            at new Promise (<anonymous>)
            at callAsyncCircusFn (/Users/yusefbach/Projekte/studynexus/frontend/node_modules/jest-circus/build/utils.js:231:10)
            at _callCircusTest (/Users/yusefbach/Projekte/studynexus/frontend/node_modules/jest-circus/build/run.js:316:40)
            at processTicksAndRejections (node:internal/process/task_queues:104:5)
            at _runTest (/Users/yusefbach/Projekte/studynexus/frontend/node_modules/jest-circus/build/run.js:252:3)
            at _runTestsForDescribeBlock (/Users/yusefbach/Projekte/studynexus/frontend/node_modules/jest-circus/build/run.js:126:9)
            at _runTestsForDescribeBlock (/Users/yusefbach/Projekte/studynexus/frontend/node_modules/jest-circus/build/run.js:121:9)
            at run (/Users/yusefbach/Projekte/studynexus/frontend/node_modules/jest-circus/build/run.js:71:3)
            at runAndTransformResultsToJestFormat (/Users/yusefbach/Projekte/studynexus/frontend/node_modules/jest-circus/build/legacy-code-todo-rewrite/jestAdapterInit.js:122:21)
            at jestAdapter (/Users/yusefbach/Projekte/studynexus/frontend/node_modules/jest-circus/build/legacy-code-todo-rewrite/jestAdapter.js:79:19)
            at runTestInternal (/Users/yusefbach/Projekte/studynexus/frontend/node_modules/jest-runner/build/runTest.js:367:16)
            at runTest (/Users/yusefbach/Projekte/studynexus/frontend/node_modules/jest-runner/build/runTest.js:444:34)
            at Object.worker (/Users/yusefbach/Projekte/studynexus/frontend/node_modules/jest-runner/build/testWorker.js:106:12),
        type: 'unhandled exception'
      }

      68 |   it("shows loading indicator initially", () => {
      69 |     mockFetchChain();
    > 70 |     render(<AddModuleModal alreadyAddedModuleIds={emptyIds} onClose={noopClose} onAdded={noopAdded} />);
         |           ^
      71 |     // While loading, save button should be disabled
      72 |     expect(screen.getByText("dashboard.addModule.save")).toBeDisabled();
      73 |   });

      at VirtualConsole.<anonymous> (node_modules/jest-environment-jsdom/build/index.js:63:23)
      at reportException (node_modules/jsdom/lib/jsdom/living/helpers/runtime-script-errors.js:70:28)
      at innerInvokeEventListeners (node_modules/jsdom/lib/jsdom/living/events/EventTarget-impl.js:353:9)
      at invokeEventListeners (node_modules/jsdom/lib/jsdom/living/events/EventTarget-impl.js:286:3)
      at HTMLUnknownElementImpl._dispatch (node_modules/jsdom/lib/jsdom/living/events/EventTarget-impl.js:233:9)
      at HTMLUnknownElementImpl.dispatchEvent (node_modules/jsdom/lib/jsdom/living/events/EventTarget-impl.js:104:17)
      at HTMLUnknownElement.dispatchEvent (node_modules/jsdom/lib/jsdom/living/generated/EventTarget.js:241:34)
      at Object.invokeGuardedCallbackDev (node_modules/react-dom/cjs/react-dom.development.js:4213:16)
      at invokeGuardedCallback (node_modules/react-dom/cjs/react-dom.development.js:4277:31)
      at beginWork$1 (node_modules/react-dom/cjs/react-dom.development.js:27490:7)
      at performUnitOfWork (node_modules/react-dom/cjs/react-dom.development.js:26599:12)
      at workLoopSync (node_modules/react-dom/cjs/react-dom.development.js:26505:5)
      at renderRootSync (node_modules/react-dom/cjs/react-dom.development.js:26473:7)
      at recoverFromConcurrentError (node_modules/react-dom/cjs/react-dom.development.js:25889:20)
      at performConcurrentWorkOnRoot (node_modules/react-dom/cjs/react-dom.development.js:25789:22)
      at flushActQueue (node_modules/react/cjs/react.development.js:2667:24)
      at act (node_modules/react/cjs/react.development.js:2582:11)
      at node_modules/@testing-library/react/dist/act-compat.js:47:25
      at renderRoot (node_modules/@testing-library/react/dist/pure.js:180:26)
      at render (node_modules/@testing-library/react/dist/pure.js:271:10)
      at Object.<anonymous> (src/components/study/__tests__/AddModuleModal.test.tsx:70:11)

    console.error
      The above error occurred in the <AddModuleModal> component:
      
          at alreadyAddedModuleIds (/Users/yusefbach/Projekte/studynexus/frontend/src/components/study/AddModuleModal.tsx:37:34)
      
      Consider adding an error boundary to your tree to customize error handling behavior.
      Visit https://reactjs.org/link/error-boundaries to learn more about error boundaries.

      68 |   it("shows loading indicator initially", () => {
      69 |     mockFetchChain();
    > 70 |     render(<AddModuleModal alreadyAddedModuleIds={emptyIds} onClose={noopClose} onAdded={noopAdded} />);
         |           ^
      71 |     // While loading, save button should be disabled
      72 |     expect(screen.getByText("dashboard.addModule.save")).toBeDisabled();
      73 |   });

      at logCapturedError (node_modules/react-dom/cjs/react-dom.development.js:18704:23)
      at update.callback (node_modules/react-dom/cjs/react-dom.development.js:18737:5)
      at callCallback (node_modules/react-dom/cjs/react-dom.development.js:15036:12)
      at commitUpdateQueue (node_modules/react-dom/cjs/react-dom.development.js:15057:9)
      at commitLayoutEffectOnFiber (node_modules/react-dom/cjs/react-dom.development.js:23430:13)
      at commitLayoutMountEffects_complete (node_modules/react-dom/cjs/react-dom.development.js:24727:9)
      at commitLayoutEffects_begin (node_modules/react-dom/cjs/react-dom.development.js:24713:7)
      at commitLayoutEffects (node_modules/react-dom/cjs/react-dom.development.js:24651:3)
      at commitRootImpl (node_modules/react-dom/cjs/react-dom.development.js:26862:5)
      at commitRoot (node_modules/react-dom/cjs/react-dom.development.js:26721:5)
      at finishConcurrentRender (node_modules/react-dom/cjs/react-dom.development.js:25931:9)
      at performConcurrentWorkOnRoot (node_modules/react-dom/cjs/react-dom.development.js:25848:7)
      at flushActQueue (node_modules/react/cjs/react.development.js:2667:24)
      at act (node_modules/react/cjs/react.development.js:2582:11)
      at node_modules/@testing-library/react/dist/act-compat.js:47:25
      at renderRoot (node_modules/@testing-library/react/dist/pure.js:180:26)
      at render (node_modules/@testing-library/react/dist/pure.js:271:10)
      at Object.<anonymous> (src/components/study/__tests__/AddModuleModal.test.tsx:70:11)

    console.error
      Error: Uncaught [Error: No QueryClient set, use QueryClientProvider to set one]
          at reportException (/Users/yusefbach/Projekte/studynexus/frontend/node_modules/jsdom/lib/jsdom/living/helpers/runtime-script-errors.js:66:24)
          at innerInvokeEventListeners (/Users/yusefbach/Projekte/studynexus/frontend/node_modules/jsdom/lib/jsdom/living/events/EventTarget-impl.js:353:9)
          at invokeEventListeners (/Users/yusefbach/Projekte/studynexus/frontend/node_modules/jsdom/lib/jsdom/living/events/EventTarget-impl.js:286:3)
          at HTMLUnknownElementImpl._dispatch (/Users/yusefbach/Projekte/studynexus/frontend/node_modules/jsdom/lib/jsdom/living/events/EventTarget-impl.js:233:9)
          at HTMLUnknownElementImpl.dispatchEvent (/Users/yusefbach/Projekte/studynexus/frontend/node_modules/jsdom/lib/jsdom/living/events/EventTarget-impl.js:104:17)
          at HTMLUnknownElement.dispatchEvent (/Users/yusefbach/Projekte/studynexus/frontend/node_modules/jsdom/lib/jsdom/living/generated/EventTarget.js:241:34)
          at Object.invokeGuardedCallbackDev (/Users/yusefbach/Projekte/studynexus/frontend/node_modules/react-dom/cjs/react-dom.development.js:4213:16)
          at invokeGuardedCallback (/Users/yusefbach/Projekte/studynexus/frontend/node_modules/react-dom/cjs/react-dom.development.js:4277:31)
          at beginWork$1 (/Users/yusefbach/Projekte/studynexus/frontend/node_modules/react-dom/cjs/react-dom.development.js:27490:7)
          at performUnitOfWork (/Users/yusefbach/Projekte/studynexus/frontend/node_modules/react-dom/cjs/react-dom.development.js:26599:12)
          at workLoopSync (/Users/yusefbach/Projekte/studynexus/frontend/node_modules/react-dom/cjs/react-dom.development.js:26505:5)
          at renderRootSync (/Users/yusefbach/Projekte/studynexus/frontend/node_modules/react-dom/cjs/react-dom.development.js:26473:7)
          at performConcurrentWorkOnRoot (/Users/yusefbach/Projekte/studynexus/frontend/node_modules/react-dom/cjs/react-dom.development.js:25777:74)
          at flushActQueue (/Users/yusefbach/Projekte/studynexus/frontend/node_modules/react/cjs/react.development.js:2667:24)
          at act (/Users/yusefbach/Projekte/studynexus/frontend/node_modules/react/cjs/react.development.js:2582:11)
          at /Users/yusefbach/Projekte/studynexus/frontend/node_modules/@testing-library/react/dist/act-compat.js:47:25
          at renderRoot (/Users/yusefbach/Projekte/studynexus/frontend/node_modules/@testing-library/react/dist/pure.js:180:26)
          at render (/Users/yusefbach/Projekte/studynexus/frontend/node_modules/@testing-library/react/dist/pure.js:271:10)
          at Object.<anonymous> (/Users/yusefbach/Projekte/studynexus/frontend/src/components/study/__tests__/AddModuleModal.test.tsx:77:11)
          at Promise.then.completed (/Users/yusefbach/Projekte/studynexus/frontend/node_modules/jest-circus/build/utils.js:298:28)
          at new Promise (<anonymous>)
          at callAsyncCircusFn (/Users/yusefbach/Projekte/studynexus/frontend/node_modules/jest-circus/build/utils.js:231:10)
          at _callCircusTest (/Users/yusefbach/Projekte/studynexus/frontend/node_modules/jest-circus/build/run.js:316:40)
          at processTicksAndRejections (node:internal/process/task_queues:104:5)
          at _runTest (/Users/yusefbach/Projekte/studynexus/frontend/node_modules/jest-circus/build/run.js:252:3)
          at _runTestsForDescribeBlock (/Users/yusefbach/Projekte/studynexus/frontend/node_modules/jest-circus/build/run.js:126:9)
          at _runTestsForDescribeBlock (/Users/yusefbach/Projekte/studynexus/frontend/node_modules/jest-circus/build/run.js:121:9)
          at run (/Users/yusefbach/Projekte/studynexus/frontend/node_modules/jest-circus/build/run.js:71:3)
          at runAndTransformResultsToJestFormat (/Users/yusefbach/Projekte/studynexus/frontend/node_modules/jest-circus/build/legacy-code-todo-rewrite/jestAdapterInit.js:122:21)
          at jestAdapter (/Users/yusefbach/Projekte/studynexus/frontend/node_modules/jest-circus/build/legacy-code-todo-rewrite/jestAdapter.js:79:19)
          at runTestInternal (/Users/yusefbach/Projekte/studynexus/frontend/node_modules/jest-runner/build/runTest.js:367:16)
          at runTest (/Users/yusefbach/Projekte/studynexus/frontend/node_modules/jest-runner/build/runTest.js:444:34)
          at Object.worker (/Users/yusefbach/Projekte/studynexus/frontend/node_modules/jest-runner/build/testWorker.js:106:12) {
        detail: Error: No QueryClient set, use QueryClientProvider to set one
            at useQueryClient (/Users/yusefbach/Projekte/studynexus/frontend/node_modules/@tanstack/react-query/src/QueryClientProvider.tsx:18:11)
            at useAddModule (/Users/yusefbach/Projekte/studynexus/frontend/src/hooks/queries/useAddModule.ts:14:37)
            at AddModuleModal (/Users/yusefbach/Projekte/studynexus/frontend/src/components/study/AddModuleModal.tsx:51:33)
            at renderWithHooks (/Users/yusefbach/Projekte/studynexus/frontend/node_modules/react-dom/cjs/react-dom.development.js:15486:18)
            at mountIndeterminateComponent (/Users/yusefbach/Projekte/studynexus/frontend/node_modules/react-dom/cjs/react-dom.development.js:20103:13)
            at beginWork (/Users/yusefbach/Projekte/studynexus/frontend/node_modules/react-dom/cjs/react-dom.development.js:21626:16)
            at HTMLUnknownElement.callCallback (/Users/yusefbach/Projekte/studynexus/frontend/node_modules/react-dom/cjs/react-dom.development.js:4164:14)
            at HTMLUnknownElement.callTheUserObjectsOperation (/Users/yusefbach/Projekte/studynexus/frontend/node_modules/jsdom/lib/jsdom/living/generated/EventListener.js:26:30)
            at innerInvokeEventListeners (/Users/yusefbach/Projekte/studynexus/frontend/node_modules/jsdom/lib/jsdom/living/events/EventTarget-impl.js:350:25)
            at invokeEventListeners (/Users/yusefbach/Projekte/studynexus/frontend/node_modules/jsdom/lib/jsdom/living/events/EventTarget-impl.js:286:3)
            at HTMLUnknownElementImpl._dispatch (/Users/yusefbach/Projekte/studynexus/frontend/node_modules/jsdom/lib/jsdom/living/events/EventTarget-impl.js:233:9)
            at HTMLUnknownElementImpl.dispatchEvent (/Users/yusefbach/Projekte/studynexus/frontend/node_modules/jsdom/lib/jsdom/living/events/EventTarget-impl.js:104:17)
            at HTMLUnknownElement.dispatchEvent (/Users/yusefbach/Projekte/studynexus/frontend/node_modules/jsdom/lib/jsdom/living/generated/EventTarget.js:241:34)
            at Object.invokeGuardedCallbackDev (/Users/yusefbach/Projekte/studynexus/frontend/node_modules/react-dom/cjs/react-dom.development.js:4213:16)
            at invokeGuardedCallback (/Users/yusefbach/Projekte/studynexus/frontend/node_modules/react-dom/cjs/react-dom.development.js:4277:31)
            at beginWork$1 (/Users/yusefbach/Projekte/studynexus/frontend/node_modules/react-dom/cjs/react-dom.development.js:27490:7)
            at performUnitOfWork (/Users/yusefbach/Projekte/studynexus/frontend/node_modules/react-dom/cjs/react-dom.development.js:26599:12)
            at workLoopSync (/Users/yusefbach/Projekte/studynexus/frontend/node_modules/react-dom/cjs/react-dom.development.js:26505:5)
            at renderRootSync (/Users/yusefbach/Projekte/studynexus/frontend/node_modules/react-dom/cjs/react-dom.development.js:26473:7)
            at performConcurrentWorkOnRoot (/Users/yusefbach/Projekte/studynexus/frontend/node_modules/react-dom/cjs/react-dom.development.js:25777:74)
            at flushActQueue (/Users/yusefbach/Projekte/studynexus/frontend/node_modules/react/cjs/react.development.js:2667:24)
            at act (/Users/yusefbach/Projekte/studynexus/frontend/node_modules/react/cjs/react.development.js:2582:11)
            at /Users/yusefbach/Projekte/studynexus/frontend/node_modules/@testing-library/react/dist/act-compat.js:47:25
            at renderRoot (/Users/yusefbach/Projekte/studynexus/frontend/node_modules/@testing-library/react/dist/pure.js:180:26)
            at render (/Users/yusefbach/Projekte/studynexus/frontend/node_modules/@testing-library/react/dist/pure.js:271:10)
            at Object.<anonymous> (/Users/yusefbach/Projekte/studynexus/frontend/src/components/study/__tests__/AddModuleModal.test.tsx:77:11)
            at Promise.then.completed (/Users/yusefbach/Projekte/studynexus/frontend/node_modules/jest-circus/build/utils.js:298:28)
            at new Promise (<anonymous>)
            at callAsyncCircusFn (/Users/yusefbach/Projekte/studynexus/frontend/node_modules/jest-circus/build/utils.js:231:10)
            at _callCircusTest (/Users/yusefbach/Projekte/studynexus/frontend/node_modules/jest-circus/build/run.js:316:40)
            at processTicksAndRejections (node:internal/process/task_queues:104:5)
            at _runTest (/Users/yusefbach/Projekte/studynexus/frontend/node_modules/jest-circus/build/run.js:252:3)
            at _runTestsForDescribeBlock (/Users/yusefbach/Projekte/studynexus/frontend/node_modules/jest-circus/build/run.js:126:9)
            at _runTestsForDescribeBlock (/Users/yusefbach/Projekte/studynexus/frontend/node_modules/jest-circus/build/run.js:121:9)
            at run (/Users/yusefbach/Projekte/studynexus/frontend/node_modules/jest-circus/build/run.js:71:3)
            at runAndTransformResultsToJestFormat (/Users/yusefbach/Projekte/studynexus/frontend/node_modules/jest-circus/build/legacy-code-todo-rewrite/jestAdapterInit.js:122:21)
            at jestAdapter (/Users/yusefbach/Projekte/studynexus/frontend/node_modules/jest-circus/build/legacy-code-todo-rewrite/jestAdapter.js:79:19)
            at runTestInternal (/Users/yusefbach/Projekte/studynexus/frontend/node_modules/jest-runner/build/runTest.js:367:16)
            at runTest (/Users/yusefbach/Projekte/studynexus/frontend/node_modules/jest-runner/build/runTest.js:444:34)
            at Object.worker (/Users/yusefbach/Projekte/studynexus/frontend/node_modules/jest-runner/build/testWorker.js:106:12),
        type: 'unhandled exception'
      }

      75 |   it("renders wahlpflicht dropdown after load (filters out PFLICHT modules)", async () => {
      76 |     mockFetchChain();
    > 77 |     render(<AddModuleModal alreadyAddedModuleIds={emptyIds} onClose={noopClose} onAdded={noopAdded} />);
         |           ^
      78 |     await waitFor(() => {
      79 |       expect(screen.getByText(/Machine Learning/)).toBeInTheDocument();
      80 |       expect(screen.getByText(/IT-Sicherheit/)).toBeInTheDocument();

      at VirtualConsole.<anonymous> (node_modules/jest-environment-jsdom/build/index.js:63:23)
      at reportException (node_modules/jsdom/lib/jsdom/living/helpers/runtime-script-errors.js:70:28)
      at innerInvokeEventListeners (node_modules/jsdom/lib/jsdom/living/events/EventTarget-impl.js:353:9)
      at invokeEventListeners (node_modules/jsdom/lib/jsdom/living/events/EventTarget-impl.js:286:3)
      at HTMLUnknownElementImpl._dispatch (node_modules/jsdom/lib/jsdom/living/events/EventTarget-impl.js:233:9)
      at HTMLUnknownElementImpl.dispatchEvent (node_modules/jsdom/lib/jsdom/living/events/EventTarget-impl.js:104:17)
      at HTMLUnknownElement.dispatchEvent (node_modules/jsdom/lib/jsdom/living/generated/EventTarget.js:241:34)
      at Object.invokeGuardedCallbackDev (node_modules/react-dom/cjs/react-dom.development.js:4213:16)
      at invokeGuardedCallback (node_modules/react-dom/cjs/react-dom.development.js:4277:31)
      at beginWork$1 (node_modules/react-dom/cjs/react-dom.development.js:27490:7)
      at performUnitOfWork (node_modules/react-dom/cjs/react-dom.development.js:26599:12)
      at workLoopSync (node_modules/react-dom/cjs/react-dom.development.js:26505:5)
      at renderRootSync (node_modules/react-dom/cjs/react-dom.development.js:26473:7)
      at performConcurrentWorkOnRoot (node_modules/react-dom/cjs/react-dom.development.js:25777:74)
      at flushActQueue (node_modules/react/cjs/react.development.js:2667:24)
      at act (node_modules/react/cjs/react.development.js:2582:11)
      at node_modules/@testing-library/react/dist/act-compat.js:47:25
      at renderRoot (node_modules/@testing-library/react/dist/pure.js:180:26)
      at render (node_modules/@testing-library/react/dist/pure.js:271:10)
      at Object.<anonymous> (src/components/study/__tests__/AddModuleModal.test.tsx:77:11)

    console.error
      Error: Uncaught [Error: No QueryClient set, use QueryClientProvider to set one]
          at reportException (/Users/yusefbach/Projekte/studynexus/frontend/node_modules/jsdom/lib/jsdom/living/helpers/runtime-script-errors.js:66:24)
          at innerInvokeEventListeners (/Users/yusefbach/Projekte/studynexus/frontend/node_modules/jsdom/lib/jsdom/living/events/EventTarget-impl.js:353:9)
          at invokeEventListeners (/Users/yusefbach/Projekte/studynexus/frontend/node_modules/jsdom/lib/jsdom/living/events/EventTarget-impl.js:286:3)
          at HTMLUnknownElementImpl._dispatch (/Users/yusefbach/Projekte/studynexus/frontend/node_modules/jsdom/lib/jsdom/living/events/EventTarget-impl.js:233:9)
          at HTMLUnknownElementImpl.dispatchEvent (/Users/yusefbach/Projekte/studynexus/frontend/node_modules/jsdom/lib/jsdom/living/events/EventTarget-impl.js:104:17)
          at HTMLUnknownElement.dispatchEvent (/Users/yusefbach/Projekte/studynexus/frontend/node_modules/jsdom/lib/jsdom/living/generated/EventTarget.js:241:34)
          at Object.invokeGuardedCallbackDev (/Users/yusefbach/Projekte/studynexus/frontend/node_modules/react-dom/cjs/react-dom.development.js:4213:16)
          at invokeGuardedCallback (/Users/yusefbach/Projekte/studynexus/frontend/node_modules/react-dom/cjs/react-dom.development.js:4277:31)
          at beginWork$1 (/Users/yusefbach/Projekte/studynexus/frontend/node_modules/react-dom/cjs/react-dom.development.js:27490:7)
          at performUnitOfWork (/Users/yusefbach/Projekte/studynexus/frontend/node_modules/react-dom/cjs/react-dom.development.js:26599:12)
          at workLoopSync (/Users/yusefbach/Projekte/studynexus/frontend/node_modules/react-dom/cjs/react-dom.development.js:26505:5)
          at renderRootSync (/Users/yusefbach/Projekte/studynexus/frontend/node_modules/react-dom/cjs/react-dom.development.js:26473:7)
          at recoverFromConcurrentError (/Users/yusefbach/Projekte/studynexus/frontend/node_modules/react-dom/cjs/react-dom.development.js:25889:20)
          at performConcurrentWorkOnRoot (/Users/yusefbach/Projekte/studynexus/frontend/node_modules/react-dom/cjs/react-dom.development.js:25789:22)
          at flushActQueue (/Users/yusefbach/Projekte/studynexus/frontend/node_modules/react/cjs/react.development.js:2667:24)
          at act (/Users/yusefbach/Projekte/studynexus/frontend/node_modules/react/cjs/react.development.js:2582:11)
          at /Users/yusefbach/Projekte/studynexus/frontend/node_modules/@testing-library/react/dist/act-compat.js:47:25
          at renderRoot (/Users/yusefbach/Projekte/studynexus/frontend/node_modules/@testing-library/react/dist/pure.js:180:26)
          at render (/Users/yusefbach/Projekte/studynexus/frontend/node_modules/@testing-library/react/dist/pure.js:271:10)
          at Object.<anonymous> (/Users/yusefbach/Projekte/studynexus/frontend/src/components/study/__tests__/AddModuleModal.test.tsx:77:11)
          at Promise.then.completed (/Users/yusefbach/Projekte/studynexus/frontend/node_modules/jest-circus/build/utils.js:298:28)
          at new Promise (<anonymous>)
          at callAsyncCircusFn (/Users/yusefbach/Projekte/studynexus/frontend/node_modules/jest-circus/build/utils.js:231:10)
          at _callCircusTest (/Users/yusefbach/Projekte/studynexus/frontend/node_modules/jest-circus/build/run.js:316:40)
          at processTicksAndRejections (node:internal/process/task_queues:104:5)
          at _runTest (/Users/yusefbach/Projekte/studynexus/frontend/node_modules/jest-circus/build/run.js:252:3)
          at _runTestsForDescribeBlock (/Users/yusefbach/Projekte/studynexus/frontend/node_modules/jest-circus/build/run.js:126:9)
          at _runTestsForDescribeBlock (/Users/yusefbach/Projekte/studynexus/frontend/node_modules/jest-circus/build/run.js:121:9)
          at run (/Users/yusefbach/Projekte/studynexus/frontend/node_modules/jest-circus/build/run.js:71:3)
          at runAndTransformResultsToJestFormat (/Users/yusefbach/Projekte/studynexus/frontend/node_modules/jest-circus/build/legacy-code-todo-rewrite/jestAdapterInit.js:122:21)
          at jestAdapter (/Users/yusefbach/Projekte/studynexus/frontend/node_modules/jest-circus/build/legacy-code-todo-rewrite/jestAdapter.js:79:19)
          at runTestInternal (/Users/yusefbach/Projekte/studynexus/frontend/node_modules/jest-runner/build/runTest.js:367:16)
          at runTest (/Users/yusefbach/Projekte/studynexus/frontend/node_modules/jest-runner/build/runTest.js:444:34)
          at Object.worker (/Users/yusefbach/Projekte/studynexus/frontend/node_modules/jest-runner/build/testWorker.js:106:12) {
        detail: Error: No QueryClient set, use QueryClientProvider to set one
            at useQueryClient (/Users/yusefbach/Projekte/studynexus/frontend/node_modules/@tanstack/react-query/src/QueryClientProvider.tsx:18:11)
            at useAddModule (/Users/yusefbach/Projekte/studynexus/frontend/src/hooks/queries/useAddModule.ts:14:37)
            at AddModuleModal (/Users/yusefbach/Projekte/studynexus/frontend/src/components/study/AddModuleModal.tsx:51:33)
            at renderWithHooks (/Users/yusefbach/Projekte/studynexus/frontend/node_modules/react-dom/cjs/react-dom.development.js:15486:18)
            at mountIndeterminateComponent (/Users/yusefbach/Projekte/studynexus/frontend/node_modules/react-dom/cjs/react-dom.development.js:20103:13)
            at beginWork (/Users/yusefbach/Projekte/studynexus/frontend/node_modules/react-dom/cjs/react-dom.development.js:21626:16)
            at HTMLUnknownElement.callCallback (/Users/yusefbach/Projekte/studynexus/frontend/node_modules/react-dom/cjs/react-dom.development.js:4164:14)
            at HTMLUnknownElement.callTheUserObjectsOperation (/Users/yusefbach/Projekte/studynexus/frontend/node_modules/jsdom/lib/jsdom/living/generated/EventListener.js:26:30)
            at innerInvokeEventListeners (/Users/yusefbach/Projekte/studynexus/frontend/node_modules/jsdom/lib/jsdom/living/events/EventTarget-impl.js:350:25)
            at invokeEventListeners (/Users/yusefbach/Projekte/studynexus/frontend/node_modules/jsdom/lib/jsdom/living/events/EventTarget-impl.js:286:3)
            at HTMLUnknownElementImpl._dispatch (/Users/yusefbach/Projekte/studynexus/frontend/node_modules/jsdom/lib/jsdom/living/events/EventTarget-impl.js:233:9)
            at HTMLUnknownElementImpl.dispatchEvent (/Users/yusefbach/Projekte/studynexus/frontend/node_modules/jsdom/lib/jsdom/living/events/EventTarget-impl.js:104:17)
            at HTMLUnknownElement.dispatchEvent (/Users/yusefbach/Projekte/studynexus/frontend/node_modules/jsdom/lib/jsdom/living/generated/EventTarget.js:241:34)
            at Object.invokeGuardedCallbackDev (/Users/yusefbach/Projekte/studynexus/frontend/node_modules/react-dom/cjs/react-dom.development.js:4213:16)
            at invokeGuardedCallback (/Users/yusefbach/Projekte/studynexus/frontend/node_modules/react-dom/cjs/react-dom.development.js:4277:31)
            at beginWork$1 (/Users/yusefbach/Projekte/studynexus/frontend/node_modules/react-dom/cjs/react-dom.development.js:27490:7)
            at performUnitOfWork (/Users/yusefbach/Projekte/studynexus/frontend/node_modules/react-dom/cjs/react-dom.development.js:26599:12)
            at workLoopSync (/Users/yusefbach/Projekte/studynexus/frontend/node_modules/react-dom/cjs/react-dom.development.js:26505:5)
            at renderRootSync (/Users/yusefbach/Projekte/studynexus/frontend/node_modules/react-dom/cjs/react-dom.development.js:26473:7)
            at recoverFromConcurrentError (/Users/yusefbach/Projekte/studynexus/frontend/node_modules/react-dom/cjs/react-dom.development.js:25889:20)
            at performConcurrentWorkOnRoot (/Users/yusefbach/Projekte/studynexus/frontend/node_modules/react-dom/cjs/react-dom.development.js:25789:22)
            at flushActQueue (/Users/yusefbach/Projekte/studynexus/frontend/node_modules/react/cjs/react.development.js:2667:24)
            at act (/Users/yusefbach/Projekte/studynexus/frontend/node_modules/react/cjs/react.development.js:2582:11)
            at /Users/yusefbach/Projekte/studynexus/frontend/node_modules/@testing-library/react/dist/act-compat.js:47:25
            at renderRoot (/Users/yusefbach/Projekte/studynexus/frontend/node_modules/@testing-library/react/dist/pure.js:180:26)
            at render (/Users/yusefbach/Projekte/studynexus/frontend/node_modules/@testing-library/react/dist/pure.js:271:10)
            at Object.<anonymous> (/Users/yusefbach/Projekte/studynexus/frontend/src/components/study/__tests__/AddModuleModal.test.tsx:77:11)
            at Promise.then.completed (/Users/yusefbach/Projekte/studynexus/frontend/node_modules/jest-circus/build/utils.js:298:28)
            at new Promise (<anonymous>)
            at callAsyncCircusFn (/Users/yusefbach/Projekte/studynexus/frontend/node_modules/jest-circus/build/utils.js:231:10)
            at _callCircusTest (/Users/yusefbach/Projekte/studynexus/frontend/node_modules/jest-circus/build/run.js:316:40)
            at processTicksAndRejections (node:internal/process/task_queues:104:5)
            at _runTest (/Users/yusefbach/Projekte/studynexus/frontend/node_modules/jest-circus/build/run.js:252:3)
            at _runTestsForDescribeBlock (/Users/yusefbach/Projekte/studynexus/frontend/node_modules/jest-circus/build/run.js:126:9)
            at _runTestsForDescribeBlock (/Users/yusefbach/Projekte/studynexus/frontend/node_modules/jest-circus/build/run.js:121:9)
            at run (/Users/yusefbach/Projekte/studynexus/frontend/node_modules/jest-circus/build/run.js:71:3)
            at runAndTransformResultsToJestFormat (/Users/yusefbach/Projekte/studynexus/frontend/node_modules/jest-circus/build/legacy-code-todo-rewrite/jestAdapterInit.js:122:21)
            at jestAdapter (/Users/yusefbach/Projekte/studynexus/frontend/node_modules/jest-circus/build/legacy-code-todo-rewrite/jestAdapter.js:79:19)
            at runTestInternal (/Users/yusefbach/Projekte/studynexus/frontend/node_modules/jest-runner/build/runTest.js:367:16)
            at runTest (/Users/yusefbach/Projekte/studynexus/frontend/node_modules/jest-runner/build/runTest.js:444:34)
            at Object.worker (/Users/yusefbach/Projekte/studynexus/frontend/node_modules/jest-runner/build/testWorker.js:106:12),
        type: 'unhandled exception'
      }

      75 |   it("renders wahlpflicht dropdown after load (filters out PFLICHT modules)", async () => {
      76 |     mockFetchChain();
    > 77 |     render(<AddModuleModal alreadyAddedModuleIds={emptyIds} onClose={noopClose} onAdded={noopAdded} />);
         |           ^
      78 |     await waitFor(() => {
      79 |       expect(screen.getByText(/Machine Learning/)).toBeInTheDocument();
      80 |       expect(screen.getByText(/IT-Sicherheit/)).toBeInTheDocument();

      at VirtualConsole.<anonymous> (node_modules/jest-environment-jsdom/build/index.js:63:23)
      at reportException (node_modules/jsdom/lib/jsdom/living/helpers/runtime-script-errors.js:70:28)
      at innerInvokeEventListeners (node_modules/jsdom/lib/jsdom/living/events/EventTarget-impl.js:353:9)
      at invokeEventListeners (node_modules/jsdom/lib/jsdom/living/events/EventTarget-impl.js:286:3)
      at HTMLUnknownElementImpl._dispatch (node_modules/jsdom/lib/jsdom/living/events/EventTarget-impl.js:233:9)
      at HTMLUnknownElementImpl.dispatchEvent (node_modules/jsdom/lib/jsdom/living/events/EventTarget-impl.js:104:17)
      at HTMLUnknownElement.dispatchEvent (node_modules/jsdom/lib/jsdom/living/generated/EventTarget.js:241:34)
      at Object.invokeGuardedCallbackDev (node_modules/react-dom/cjs/react-dom.development.js:4213:16)
      at invokeGuardedCallback (node_modules/react-dom/cjs/react-dom.development.js:4277:31)
      at beginWork$1 (node_modules/react-dom/cjs/react-dom.development.js:27490:7)
      at performUnitOfWork (node_modules/react-dom/cjs/react-dom.development.js:26599:12)
      at workLoopSync (node_modules/react-dom/cjs/react-dom.development.js:26505:5)
      at renderRootSync (node_modules/react-dom/cjs/react-dom.development.js:26473:7)
      at recoverFromConcurrentError (node_modules/react-dom/cjs/react-dom.development.js:25889:20)
      at performConcurrentWorkOnRoot (node_modules/react-dom/cjs/react-dom.development.js:25789:22)
      at flushActQueue (node_modules/react/cjs/react.development.js:2667:24)
      at act (node_modules/react/cjs/react.development.js:2582:11)
      at node_modules/@testing-library/react/dist/act-compat.js:47:25
      at renderRoot (node_modules/@testing-library/react/dist/pure.js:180:26)
      at render (node_modules/@testing-library/react/dist/pure.js:271:10)
      at Object.<anonymous> (src/components/study/__tests__/AddModuleModal.test.tsx:77:11)

    console.error
      The above error occurred in the <AddModuleModal> component:
      
          at alreadyAddedModuleIds (/Users/yusefbach/Projekte/studynexus/frontend/src/components/study/AddModuleModal.tsx:37:34)
      
      Consider adding an error boundary to your tree to customize error handling behavior.
      Visit https://reactjs.org/link/error-boundaries to learn more about error boundaries.

      75 |   it("renders wahlpflicht dropdown after load (filters out PFLICHT modules)", async () => {
      76 |     mockFetchChain();
    > 77 |     render(<AddModuleModal alreadyAddedModuleIds={emptyIds} onClose={noopClose} onAdded={noopAdded} />);
         |           ^
      78 |     await waitFor(() => {
      79 |       expect(screen.getByText(/Machine Learning/)).toBeInTheDocument();
      80 |       expect(screen.getByText(/IT-Sicherheit/)).toBeInTheDocument();

      at logCapturedError (node_modules/react-dom/cjs/react-dom.development.js:18704:23)
      at update.callback (node_modules/react-dom/cjs/react-dom.development.js:18737:5)
      at callCallback (node_modules/react-dom/cjs/react-dom.development.js:15036:12)
      at commitUpdateQueue (node_modules/react-dom/cjs/react-dom.development.js:15057:9)
      at commitLayoutEffectOnFiber (node_modules/react-dom/cjs/react-dom.development.js:23430:13)
      at commitLayoutMountEffects_complete (node_modules/react-dom/cjs/react-dom.development.js:24727:9)
      at commitLayoutEffects_begin (node_modules/react-dom/cjs/react-dom.development.js:24713:7)
      at commitLayoutEffects (node_modules/react-dom/cjs/react-dom.development.js:24651:3)
      at commitRootImpl (node_modules/react-dom/cjs/react-dom.development.js:26862:5)
      at commitRoot (node_modules/react-dom/cjs/react-dom.development.js:26721:5)
      at finishConcurrentRender (node_modules/react-dom/cjs/react-dom.development.js:25931:9)
      at performConcurrentWorkOnRoot (node_modules/react-dom/cjs/react-dom.development.js:25848:7)
      at flushActQueue (node_modules/react/cjs/react.development.js:2667:24)
      at act (node_modules/react/cjs/react.development.js:2582:11)
      at node_modules/@testing-library/react/dist/act-compat.js:47:25
      at renderRoot (node_modules/@testing-library/react/dist/pure.js:180:26)
      at render (node_modules/@testing-library/react/dist/pure.js:271:10)
      at Object.<anonymous> (src/components/study/__tests__/AddModuleModal.test.tsx:77:11)

    console.error
      Error: Uncaught [Error: No QueryClient set, use QueryClientProvider to set one]
          at reportException (/Users/yusefbach/Projekte/studynexus/frontend/node_modules/jsdom/lib/jsdom/living/helpers/runtime-script-errors.js:66:24)
          at innerInvokeEventListeners (/Users/yusefbach/Projekte/studynexus/frontend/node_modules/jsdom/lib/jsdom/living/events/EventTarget-impl.js:353:9)
          at invokeEventListeners (/Users/yusefbach/Projekte/studynexus/frontend/node_modules/jsdom/lib/jsdom/living/events/EventTarget-impl.js:286:3)
          at HTMLUnknownElementImpl._dispatch (/Users/yusefbach/Projekte/studynexus/frontend/node_modules/jsdom/lib/jsdom/living/events/EventTarget-impl.js:233:9)
          at HTMLUnknownElementImpl.dispatchEvent (/Users/yusefbach/Projekte/studynexus/frontend/node_modules/jsdom/lib/jsdom/living/events/EventTarget-impl.js:104:17)
          at HTMLUnknownElement.dispatchEvent (/Users/yusefbach/Projekte/studynexus/frontend/node_modules/jsdom/lib/jsdom/living/generated/EventTarget.js:241:34)
          at Object.invokeGuardedCallbackDev (/Users/yusefbach/Projekte/studynexus/frontend/node_modules/react-dom/cjs/react-dom.development.js:4213:16)
          at invokeGuardedCallback (/Users/yusefbach/Projekte/studynexus/frontend/node_modules/react-dom/cjs/react-dom.development.js:4277:31)
          at beginWork$1 (/Users/yusefbach/Projekte/studynexus/frontend/node_modules/react-dom/cjs/react-dom.development.js:27490:7)
          at performUnitOfWork (/Users/yusefbach/Projekte/studynexus/frontend/node_modules/react-dom/cjs/react-dom.development.js:26599:12)
          at workLoopSync (/Users/yusefbach/Projekte/studynexus/frontend/node_modules/react-dom/cjs/react-dom.development.js:26505:5)
          at renderRootSync (/Users/yusefbach/Projekte/studynexus/frontend/node_modules/react-dom/cjs/react-dom.development.js:26473:7)
          at performConcurrentWorkOnRoot (/Users/yusefbach/Projekte/studynexus/frontend/node_modules/react-dom/cjs/react-dom.development.js:25777:74)
          at flushActQueue (/Users/yusefbach/Projekte/studynexus/frontend/node_modules/react/cjs/react.development.js:2667:24)
          at act (/Users/yusefbach/Projekte/studynexus/frontend/node_modules/react/cjs/react.development.js:2582:11)
          at /Users/yusefbach/Projekte/studynexus/frontend/node_modules/@testing-library/react/dist/act-compat.js:47:25
          at renderRoot (/Users/yusefbach/Projekte/studynexus/frontend/node_modules/@testing-library/react/dist/pure.js:180:26)
          at render (/Users/yusefbach/Projekte/studynexus/frontend/node_modules/@testing-library/react/dist/pure.js:271:10)
          at Object.<anonymous> (/Users/yusefbach/Projekte/studynexus/frontend/src/components/study/__tests__/AddModuleModal.test.tsx:89:11)
          at Promise.then.completed (/Users/yusefbach/Projekte/studynexus/frontend/node_modules/jest-circus/build/utils.js:298:28)
          at new Promise (<anonymous>)
          at callAsyncCircusFn (/Users/yusefbach/Projekte/studynexus/frontend/node_modules/jest-circus/build/utils.js:231:10)
          at _callCircusTest (/Users/yusefbach/Projekte/studynexus/frontend/node_modules/jest-circus/build/run.js:316:40)
          at processTicksAndRejections (node:internal/process/task_queues:104:5)
          at _runTest (/Users/yusefbach/Projekte/studynexus/frontend/node_modules/jest-circus/build/run.js:252:3)
          at _runTestsForDescribeBlock (/Users/yusefbach/Projekte/studynexus/frontend/node_modules/jest-circus/build/run.js:126:9)
          at _runTestsForDescribeBlock (/Users/yusefbach/Projekte/studynexus/frontend/node_modules/jest-circus/build/run.js:121:9)
          at run (/Users/yusefbach/Projekte/studynexus/frontend/node_modules/jest-circus/build/run.js:71:3)
          at runAndTransformResultsToJestFormat (/Users/yusefbach/Projekte/studynexus/frontend/node_modules/jest-circus/build/legacy-code-todo-rewrite/jestAdapterInit.js:122:21)
          at jestAdapter (/Users/yusefbach/Projekte/studynexus/frontend/node_modules/jest-circus/build/legacy-code-todo-rewrite/jestAdapter.js:79:19)
          at runTestInternal (/Users/yusefbach/Projekte/studynexus/frontend/node_modules/jest-runner/build/runTest.js:367:16)
          at runTest (/Users/yusefbach/Projekte/studynexus/frontend/node_modules/jest-runner/build/runTest.js:444:34)
          at Object.worker (/Users/yusefbach/Projekte/studynexus/frontend/node_modules/jest-runner/build/testWorker.js:106:12) {
        detail: Error: No QueryClient set, use QueryClientProvider to set one
            at useQueryClient (/Users/yusefbach/Projekte/studynexus/frontend/node_modules/@tanstack/react-query/src/QueryClientProvider.tsx:18:11)
            at useAddModule (/Users/yusefbach/Projekte/studynexus/frontend/src/hooks/queries/useAddModule.ts:14:37)
            at AddModuleModal (/Users/yusefbach/Projekte/studynexus/frontend/src/components/study/AddModuleModal.tsx:51:33)
            at renderWithHooks (/Users/yusefbach/Projekte/studynexus/frontend/node_modules/react-dom/cjs/react-dom.development.js:15486:18)
            at mountIndeterminateComponent (/Users/yusefbach/Projekte/studynexus/frontend/node_modules/react-dom/cjs/react-dom.development.js:20103:13)
            at beginWork (/Users/yusefbach/Projekte/studynexus/frontend/node_modules/react-dom/cjs/react-dom.development.js:21626:16)
            at HTMLUnknownElement.callCallback (/Users/yusefbach/Projekte/studynexus/frontend/node_modules/react-dom/cjs/react-dom.development.js:4164:14)
            at HTMLUnknownElement.callTheUserObjectsOperation (/Users/yusefbach/Projekte/studynexus/frontend/node_modules/jsdom/lib/jsdom/living/generated/EventListener.js:26:30)
            at innerInvokeEventListeners (/Users/yusefbach/Projekte/studynexus/frontend/node_modules/jsdom/lib/jsdom/living/events/EventTarget-impl.js:350:25)
            at invokeEventListeners (/Users/yusefbach/Projekte/studynexus/frontend/node_modules/jsdom/lib/jsdom/living/events/EventTarget-impl.js:286:3)
            at HTMLUnknownElementImpl._dispatch (/Users/yusefbach/Projekte/studynexus/frontend/node_modules/jsdom/lib/jsdom/living/events/EventTarget-impl.js:233:9)
            at HTMLUnknownElementImpl.dispatchEvent (/Users/yusefbach/Projekte/studynexus/frontend/node_modules/jsdom/lib/jsdom/living/events/EventTarget-impl.js:104:17)
            at HTMLUnknownElement.dispatchEvent (/Users/yusefbach/Projekte/studynexus/frontend/node_modules/jsdom/lib/jsdom/living/generated/EventTarget.js:241:34)
            at Object.invokeGuardedCallbackDev (/Users/yusefbach/Projekte/studynexus/frontend/node_modules/react-dom/cjs/react-dom.development.js:4213:16)
            at invokeGuardedCallback (/Users/yusefbach/Projekte/studynexus/frontend/node_modules/react-dom/cjs/react-dom.development.js:4277:31)
            at beginWork$1 (/Users/yusefbach/Projekte/studynexus/frontend/node_modules/react-dom/cjs/react-dom.development.js:27490:7)
            at performUnitOfWork (/Users/yusefbach/Projekte/studynexus/frontend/node_modules/react-dom/cjs/react-dom.development.js:26599:12)
            at workLoopSync (/Users/yusefbach/Projekte/studynexus/frontend/node_modules/react-dom/cjs/react-dom.development.js:26505:5)
            at renderRootSync (/Users/yusefbach/Projekte/studynexus/frontend/node_modules/react-dom/cjs/react-dom.development.js:26473:7)
            at performConcurrentWorkOnRoot (/Users/yusefbach/Projekte/studynexus/frontend/node_modules/react-dom/cjs/react-dom.development.js:25777:74)
            at flushActQueue (/Users/yusefbach/Projekte/studynexus/frontend/node_modules/react/cjs/react.development.js:2667:24)
            at act (/Users/yusefbach/Projekte/studynexus/frontend/node_modules/react/cjs/react.development.js:2582:11)
            at /Users/yusefbach/Projekte/studynexus/frontend/node_modules/@testing-library/react/dist/act-compat.js:47:25
            at renderRoot (/Users/yusefbach/Projekte/studynexus/frontend/node_modules/@testing-library/react/dist/pure.js:180:26)
            at render (/Users/yusefbach/Projekte/studynexus/frontend/node_modules/@testing-library/react/dist/pure.js:271:10)
            at Object.<anonymous> (/Users/yusefbach/Projekte/studynexus/frontend/src/components/study/__tests__/AddModuleModal.test.tsx:89:11)
            at Promise.then.completed (/Users/yusefbach/Projekte/studynexus/frontend/node_modules/jest-circus/build/utils.js:298:28)
            at new Promise (<anonymous>)
            at callAsyncCircusFn (/Users/yusefbach/Projekte/studynexus/frontend/node_modules/jest-circus/build/utils.js:231:10)
            at _callCircusTest (/Users/yusefbach/Projekte/studynexus/frontend/node_modules/jest-circus/build/run.js:316:40)
            at processTicksAndRejections (node:internal/process/task_queues:104:5)
            at _runTest (/Users/yusefbach/Projekte/studynexus/frontend/node_modules/jest-circus/build/run.js:252:3)
            at _runTestsForDescribeBlock (/Users/yusefbach/Projekte/studynexus/frontend/node_modules/jest-circus/build/run.js:126:9)
            at _runTestsForDescribeBlock (/Users/yusefbach/Projekte/studynexus/frontend/node_modules/jest-circus/build/run.js:121:9)
            at run (/Users/yusefbach/Projekte/studynexus/frontend/node_modules/jest-circus/build/run.js:71:3)
            at runAndTransformResultsToJestFormat (/Users/yusefbach/Projekte/studynexus/frontend/node_modules/jest-circus/build/legacy-code-todo-rewrite/jestAdapterInit.js:122:21)
            at jestAdapter (/Users/yusefbach/Projekte/studynexus/frontend/node_modules/jest-circus/build/legacy-code-todo-rewrite/jestAdapter.js:79:19)
            at runTestInternal (/Users/yusefbach/Projekte/studynexus/frontend/node_modules/jest-runner/build/runTest.js:367:16)
            at runTest (/Users/yusefbach/Projekte/studynexus/frontend/node_modules/jest-runner/build/runTest.js:444:34)
            at Object.worker (/Users/yusefbach/Projekte/studynexus/frontend/node_modules/jest-runner/build/testWorker.js:106:12),
        type: 'unhandled exception'
      }

      87 |     mockFetchChain();
      88 |     const alreadyAdded = new Set(["wpm-1"]);
    > 89 |     render(<AddModuleModal alreadyAddedModuleIds={alreadyAdded} onClose={noopClose} onAdded={noopAdded} />);
         |           ^
      90 |     await waitFor(() => {
      91 |       expect(screen.getByText(/IT-Sicherheit/)).toBeInTheDocument();
      92 |     });

      at VirtualConsole.<anonymous> (node_modules/jest-environment-jsdom/build/index.js:63:23)
      at reportException (node_modules/jsdom/lib/jsdom/living/helpers/runtime-script-errors.js:70:28)
      at innerInvokeEventListeners (node_modules/jsdom/lib/jsdom/living/events/EventTarget-impl.js:353:9)
      at invokeEventListeners (node_modules/jsdom/lib/jsdom/living/events/EventTarget-impl.js:286:3)
      at HTMLUnknownElementImpl._dispatch (node_modules/jsdom/lib/jsdom/living/events/EventTarget-impl.js:233:9)
      at HTMLUnknownElementImpl.dispatchEvent (node_modules/jsdom/lib/jsdom/living/events/EventTarget-impl.js:104:17)
      at HTMLUnknownElement.dispatchEvent (node_modules/jsdom/lib/jsdom/living/generated/EventTarget.js:241:34)
      at Object.invokeGuardedCallbackDev (node_modules/react-dom/cjs/react-dom.development.js:4213:16)
      at invokeGuardedCallback (node_modules/react-dom/cjs/react-dom.development.js:4277:31)
      at beginWork$1 (node_modules/react-dom/cjs/react-dom.development.js:27490:7)
      at performUnitOfWork (node_modules/react-dom/cjs/react-dom.development.js:26599:12)
      at workLoopSync (node_modules/react-dom/cjs/react-dom.development.js:26505:5)
      at renderRootSync (node_modules/react-dom/cjs/react-dom.development.js:26473:7)
      at performConcurrentWorkOnRoot (node_modules/react-dom/cjs/react-dom.development.js:25777:74)
      at flushActQueue (node_modules/react/cjs/react.development.js:2667:24)
      at act (node_modules/react/cjs/react.development.js:2582:11)
      at node_modules/@testing-library/react/dist/act-compat.js:47:25
      at renderRoot (node_modules/@testing-library/react/dist/pure.js:180:26)
      at render (node_modules/@testing-library/react/dist/pure.js:271:10)
      at Object.<anonymous> (src/components/study/__tests__/AddModuleModal.test.tsx:89:11)

    console.error
      Error: Uncaught [Error: No QueryClient set, use QueryClientProvider to set one]
          at reportException (/Users/yusefbach/Projekte/studynexus/frontend/node_modules/jsdom/lib/jsdom/living/helpers/runtime-script-errors.js:66:24)
          at innerInvokeEventListeners (/Users/yusefbach/Projekte/studynexus/frontend/node_modules/jsdom/lib/jsdom/living/events/EventTarget-impl.js:353:9)
          at invokeEventListeners (/Users/yusefbach/Projekte/studynexus/frontend/node_modules/jsdom/lib/jsdom/living/events/EventTarget-impl.js:286:3)
          at HTMLUnknownElementImpl._dispatch (/Users/yusefbach/Projekte/studynexus/frontend/node_modules/jsdom/lib/jsdom/living/events/EventTarget-impl.js:233:9)
          at HTMLUnknownElementImpl.dispatchEvent (/Users/yusefbach/Projekte/studynexus/frontend/node_modules/jsdom/lib/jsdom/living/events/EventTarget-impl.js:104:17)
          at HTMLUnknownElement.dispatchEvent (/Users/yusefbach/Projekte/studynexus/frontend/node_modules/jsdom/lib/jsdom/living/generated/EventTarget.js:241:34)
          at Object.invokeGuardedCallbackDev (/Users/yusefbach/Projekte/studynexus/frontend/node_modules/react-dom/cjs/react-dom.development.js:4213:16)
          at invokeGuardedCallback (/Users/yusefbach/Projekte/studynexus/frontend/node_modules/react-dom/cjs/react-dom.development.js:4277:31)
          at beginWork$1 (/Users/yusefbach/Projekte/studynexus/frontend/node_modules/react-dom/cjs/react-dom.development.js:27490:7)
          at performUnitOfWork (/Users/yusefbach/Projekte/studynexus/frontend/node_modules/react-dom/cjs/react-dom.development.js:26599:12)
          at workLoopSync (/Users/yusefbach/Projekte/studynexus/frontend/node_modules/react-dom/cjs/react-dom.development.js:26505:5)
          at renderRootSync (/Users/yusefbach/Projekte/studynexus/frontend/node_modules/react-dom/cjs/react-dom.development.js:26473:7)
          at recoverFromConcurrentError (/Users/yusefbach/Projekte/studynexus/frontend/node_modules/react-dom/cjs/react-dom.development.js:25889:20)
          at performConcurrentWorkOnRoot (/Users/yusefbach/Projekte/studynexus/frontend/node_modules/react-dom/cjs/react-dom.development.js:25789:22)
          at flushActQueue (/Users/yusefbach/Projekte/studynexus/frontend/node_modules/react/cjs/react.development.js:2667:24)
          at act (/Users/yusefbach/Projekte/studynexus/frontend/node_modules/react/cjs/react.development.js:2582:11)
          at /Users/yusefbach/Projekte/studynexus/frontend/node_modules/@testing-library/react/dist/act-compat.js:47:25
          at renderRoot (/Users/yusefbach/Projekte/studynexus/frontend/node_modules/@testing-library/react/dist/pure.js:180:26)
          at render (/Users/yusefbach/Projekte/studynexus/frontend/node_modules/@testing-library/react/dist/pure.js:271:10)
          at Object.<anonymous> (/Users/yusefbach/Projekte/studynexus/frontend/src/components/study/__tests__/AddModuleModal.test.tsx:89:11)
          at Promise.then.completed (/Users/yusefbach/Projekte/studynexus/frontend/node_modules/jest-circus/build/utils.js:298:28)
          at new Promise (<anonymous>)
          at callAsyncCircusFn (/Users/yusefbach/Projekte/studynexus/frontend/node_modules/jest-circus/build/utils.js:231:10)
          at _callCircusTest (/Users/yusefbach/Projekte/studynexus/frontend/node_modules/jest-circus/build/run.js:316:40)
          at processTicksAndRejections (node:internal/process/task_queues:104:5)
          at _runTest (/Users/yusefbach/Projekte/studynexus/frontend/node_modules/jest-circus/build/run.js:252:3)
          at _runTestsForDescribeBlock (/Users/yusefbach/Projekte/studynexus/frontend/node_modules/jest-circus/build/run.js:126:9)
          at _runTestsForDescribeBlock (/Users/yusefbach/Projekte/studynexus/frontend/node_modules/jest-circus/build/run.js:121:9)
          at run (/Users/yusefbach/Projekte/studynexus/frontend/node_modules/jest-circus/build/run.js:71:3)
          at runAndTransformResultsToJestFormat (/Users/yusefbach/Projekte/studynexus/frontend/node_modules/jest-circus/build/legacy-code-todo-rewrite/jestAdapterInit.js:122:21)
          at jestAdapter (/Users/yusefbach/Projekte/studynexus/frontend/node_modules/jest-circus/build/legacy-code-todo-rewrite/jestAdapter.js:79:19)
          at runTestInternal (/Users/yusefbach/Projekte/studynexus/frontend/node_modules/jest-runner/build/runTest.js:367:16)
          at runTest (/Users/yusefbach/Projekte/studynexus/frontend/node_modules/jest-runner/build/runTest.js:444:34)
          at Object.worker (/Users/yusefbach/Projekte/studynexus/frontend/node_modules/jest-runner/build/testWorker.js:106:12) {
        detail: Error: No QueryClient set, use QueryClientProvider to set one
            at useQueryClient (/Users/yusefbach/Projekte/studynexus/frontend/node_modules/@tanstack/react-query/src/QueryClientProvider.tsx:18:11)
            at useAddModule (/Users/yusefbach/Projekte/studynexus/frontend/src/hooks/queries/useAddModule.ts:14:37)
            at AddModuleModal (/Users/yusefbach/Projekte/studynexus/frontend/src/components/study/AddModuleModal.tsx:51:33)
            at renderWithHooks (/Users/yusefbach/Projekte/studynexus/frontend/node_modules/react-dom/cjs/react-dom.development.js:15486:18)
            at mountIndeterminateComponent (/Users/yusefbach/Projekte/studynexus/frontend/node_modules/react-dom/cjs/react-dom.development.js:20103:13)
            at beginWork (/Users/yusefbach/Projekte/studynexus/frontend/node_modules/react-dom/cjs/react-dom.development.js:21626:16)
            at HTMLUnknownElement.callCallback (/Users/yusefbach/Projekte/studynexus/frontend/node_modules/react-dom/cjs/react-dom.development.js:4164:14)
            at HTMLUnknownElement.callTheUserObjectsOperation (/Users/yusefbach/Projekte/studynexus/frontend/node_modules/jsdom/lib/jsdom/living/generated/EventListener.js:26:30)
            at innerInvokeEventListeners (/Users/yusefbach/Projekte/studynexus/frontend/node_modules/jsdom/lib/jsdom/living/events/EventTarget-impl.js:350:25)
            at invokeEventListeners (/Users/yusefbach/Projekte/studynexus/frontend/node_modules/jsdom/lib/jsdom/living/events/EventTarget-impl.js:286:3)
            at HTMLUnknownElementImpl._dispatch (/Users/yusefbach/Projekte/studynexus/frontend/node_modules/jsdom/lib/jsdom/living/events/EventTarget-impl.js:233:9)
            at HTMLUnknownElementImpl.dispatchEvent (/Users/yusefbach/Projekte/studynexus/frontend/node_modules/jsdom/lib/jsdom/living/events/EventTarget-impl.js:104:17)
            at HTMLUnknownElement.dispatchEvent (/Users/yusefbach/Projekte/studynexus/frontend/node_modules/jsdom/lib/jsdom/living/generated/EventTarget.js:241:34)
            at Object.invokeGuardedCallbackDev (/Users/yusefbach/Projekte/studynexus/frontend/node_modules/react-dom/cjs/react-dom.development.js:4213:16)
            at invokeGuardedCallback (/Users/yusefbach/Projekte/studynexus/frontend/node_modules/react-dom/cjs/react-dom.development.js:4277:31)
            at beginWork$1 (/Users/yusefbach/Projekte/studynexus/frontend/node_modules/react-dom/cjs/react-dom.development.js:27490:7)
            at performUnitOfWork (/Users/yusefbach/Projekte/studynexus/frontend/node_modules/react-dom/cjs/react-dom.development.js:26599:12)
            at workLoopSync (/Users/yusefbach/Projekte/studynexus/frontend/node_modules/react-dom/cjs/react-dom.development.js:26505:5)
            at renderRootSync (/Users/yusefbach/Projekte/studynexus/frontend/node_modules/react-dom/cjs/react-dom.development.js:26473:7)
            at recoverFromConcurrentError (/Users/yusefbach/Projekte/studynexus/frontend/node_modules/react-dom/cjs/react-dom.development.js:25889:20)
            at performConcurrentWorkOnRoot (/Users/yusefbach/Projekte/studynexus/frontend/node_modules/react-dom/cjs/react-dom.development.js:25789:22)
            at flushActQueue (/Users/yusefbach/Projekte/studynexus/frontend/node_modules/react/cjs/react.development.js:2667:24)
            at act (/Users/yusefbach/Projekte/studynexus/frontend/node_modules/react/cjs/react.development.js:2582:11)
            at /Users/yusefbach/Projekte/studynexus/frontend/node_modules/@testing-library/react/dist/act-compat.js:47:25
            at renderRoot (/Users/yusefbach/Projekte/studynexus/frontend/node_modules/@testing-library/react/dist/pure.js:180:26)
            at render (/Users/yusefbach/Projekte/studynexus/frontend/node_modules/@testing-library/react/dist/pure.js:271:10)
            at Object.<anonymous> (/Users/yusefbach/Projekte/studynexus/frontend/src/components/study/__tests__/AddModuleModal.test.tsx:89:11)
            at Promise.then.completed (/Users/yusefbach/Projekte/studynexus/frontend/node_modules/jest-circus/build/utils.js:298:28)
            at new Promise (<anonymous>)
            at callAsyncCircusFn (/Users/yusefbach/Projekte/studynexus/frontend/node_modules/jest-circus/build/utils.js:231:10)
            at _callCircusTest (/Users/yusefbach/Projekte/studynexus/frontend/node_modules/jest-circus/build/run.js:316:40)
            at processTicksAndRejections (node:internal/process/task_queues:104:5)
            at _runTest (/Users/yusefbach/Projekte/studynexus/frontend/node_modules/jest-circus/build/run.js:252:3)
            at _runTestsForDescribeBlock (/Users/yusefbach/Projekte/studynexus/frontend/node_modules/jest-circus/build/run.js:126:9)
            at _runTestsForDescribeBlock (/Users/yusefbach/Projekte/studynexus/frontend/node_modules/jest-circus/build/run.js:121:9)
            at run (/Users/yusefbach/Projekte/studynexus/frontend/node_modules/jest-circus/build/run.js:71:3)
            at runAndTransformResultsToJestFormat (/Users/yusefbach/Projekte/studynexus/frontend/node_modules/jest-circus/build/legacy-code-todo-rewrite/jestAdapterInit.js:122:21)
            at jestAdapter (/Users/yusefbach/Projekte/studynexus/frontend/node_modules/jest-circus/build/legacy-code-todo-rewrite/jestAdapter.js:79:19)
            at runTestInternal (/Users/yusefbach/Projekte/studynexus/frontend/node_modules/jest-runner/build/runTest.js:367:16)
            at runTest (/Users/yusefbach/Projekte/studynexus/frontend/node_modules/jest-runner/build/runTest.js:444:34)
            at Object.worker (/Users/yusefbach/Projekte/studynexus/frontend/node_modules/jest-runner/build/testWorker.js:106:12),
        type: 'unhandled exception'
      }

      87 |     mockFetchChain();
      88 |     const alreadyAdded = new Set(["wpm-1"]);
    > 89 |     render(<AddModuleModal alreadyAddedModuleIds={alreadyAdded} onClose={noopClose} onAdded={noopAdded} />);
         |           ^
      90 |     await waitFor(() => {
      91 |       expect(screen.getByText(/IT-Sicherheit/)).toBeInTheDocument();
      92 |     });

      at VirtualConsole.<anonymous> (node_modules/jest-environment-jsdom/build/index.js:63:23)
      at reportException (node_modules/jsdom/lib/jsdom/living/helpers/runtime-script-errors.js:70:28)
      at innerInvokeEventListeners (node_modules/jsdom/lib/jsdom/living/events/EventTarget-impl.js:353:9)
      at invokeEventListeners (node_modules/jsdom/lib/jsdom/living/events/EventTarget-impl.js:286:3)
      at HTMLUnknownElementImpl._dispatch (node_modules/jsdom/lib/jsdom/living/events/EventTarget-impl.js:233:9)
      at HTMLUnknownElementImpl.dispatchEvent (node_modules/jsdom/lib/jsdom/living/events/EventTarget-impl.js:104:17)
      at HTMLUnknownElement.dispatchEvent (node_modules/jsdom/lib/jsdom/living/generated/EventTarget.js:241:34)
      at Object.invokeGuardedCallbackDev (node_modules/react-dom/cjs/react-dom.development.js:4213:16)
      at invokeGuardedCallback (node_modules/react-dom/cjs/react-dom.development.js:4277:31)
      at beginWork$1 (node_modules/react-dom/cjs/react-dom.development.js:27490:7)
      at performUnitOfWork (node_modules/react-dom/cjs/react-dom.development.js:26599:12)
      at workLoopSync (node_modules/react-dom/cjs/react-dom.development.js:26505:5)
      at renderRootSync (node_modules/react-dom/cjs/react-dom.development.js:26473:7)
      at recoverFromConcurrentError (node_modules/react-dom/cjs/react-dom.development.js:25889:20)
      at performConcurrentWorkOnRoot (node_modules/react-dom/cjs/react-dom.development.js:25789:22)
      at flushActQueue (node_modules/react/cjs/react.development.js:2667:24)
      at act (node_modules/react/cjs/react.development.js:2582:11)
      at node_modules/@testing-library/react/dist/act-compat.js:47:25
      at renderRoot (node_modules/@testing-library/react/dist/pure.js:180:26)
      at render (node_modules/@testing-library/react/dist/pure.js:271:10)
      at Object.<anonymous> (src/components/study/__tests__/AddModuleModal.test.tsx:89:11)

    console.error
      The above error occurred in the <AddModuleModal> component:
      
          at alreadyAddedModuleIds (/Users/yusefbach/Projekte/studynexus/frontend/src/components/study/AddModuleModal.tsx:37:34)
      
      Consider adding an error boundary to your tree to customize error handling behavior.
      Visit https://reactjs.org/link/error-boundaries to learn more about error boundaries.

      87 |     mockFetchChain();
      88 |     const alreadyAdded = new Set(["wpm-1"]);
    > 89 |     render(<AddModuleModal alreadyAddedModuleIds={alreadyAdded} onClose={noopClose} onAdded={noopAdded} />);
         |           ^
      90 |     await waitFor(() => {
      91 |       expect(screen.getByText(/IT-Sicherheit/)).toBeInTheDocument();
      92 |     });

      at logCapturedError (node_modules/react-dom/cjs/react-dom.development.js:18704:23)
      at update.callback (node_modules/react-dom/cjs/react-dom.development.js:18737:5)
      at callCallback (node_modules/react-dom/cjs/react-dom.development.js:15036:12)
      at commitUpdateQueue (node_modules/react-dom/cjs/react-dom.development.js:15057:9)
      at commitLayoutEffectOnFiber (node_modules/react-dom/cjs/react-dom.development.js:23430:13)
      at commitLayoutMountEffects_complete (node_modules/react-dom/cjs/react-dom.development.js:24727:9)
      at commitLayoutEffects_begin (node_modules/react-dom/cjs/react-dom.development.js:24713:7)
      at commitLayoutEffects (node_modules/react-dom/cjs/react-dom.development.js:24651:3)
      at commitRootImpl (node_modules/react-dom/cjs/react-dom.development.js:26862:5)
      at commitRoot (node_modules/react-dom/cjs/react-dom.development.js:26721:5)
      at finishConcurrentRender (node_modules/react-dom/cjs/react-dom.development.js:25931:9)
      at performConcurrentWorkOnRoot (node_modules/react-dom/cjs/react-dom.development.js:25848:7)
      at flushActQueue (node_modules/react/cjs/react.development.js:2667:24)
      at act (node_modules/react/cjs/react.development.js:2582:11)
      at node_modules/@testing-library/react/dist/act-compat.js:47:25
      at renderRoot (node_modules/@testing-library/react/dist/pure.js:180:26)
      at render (node_modules/@testing-library/react/dist/pure.js:271:10)
      at Object.<anonymous> (src/components/study/__tests__/AddModuleModal.test.tsx:89:11)

    console.error
      Error: Uncaught [Error: No QueryClient set, use QueryClientProvider to set one]
          at reportException (/Users/yusefbach/Projekte/studynexus/frontend/node_modules/jsdom/lib/jsdom/living/helpers/runtime-script-errors.js:66:24)
          at innerInvokeEventListeners (/Users/yusefbach/Projekte/studynexus/frontend/node_modules/jsdom/lib/jsdom/living/events/EventTarget-impl.js:353:9)
          at invokeEventListeners (/Users/yusefbach/Projekte/studynexus/frontend/node_modules/jsdom/lib/jsdom/living/events/EventTarget-impl.js:286:3)
          at HTMLUnknownElementImpl._dispatch (/Users/yusefbach/Projekte/studynexus/frontend/node_modules/jsdom/lib/jsdom/living/events/EventTarget-impl.js:233:9)
          at HTMLUnknownElementImpl.dispatchEvent (/Users/yusefbach/Projekte/studynexus/frontend/node_modules/jsdom/lib/jsdom/living/events/EventTarget-impl.js:104:17)
          at HTMLUnknownElement.dispatchEvent (/Users/yusefbach/Projekte/studynexus/frontend/node_modules/jsdom/lib/jsdom/living/generated/EventTarget.js:241:34)
          at Object.invokeGuardedCallbackDev (/Users/yusefbach/Projekte/studynexus/frontend/node_modules/react-dom/cjs/react-dom.development.js:4213:16)
          at invokeGuardedCallback (/Users/yusefbach/Projekte/studynexus/frontend/node_modules/react-dom/cjs/react-dom.development.js:4277:31)
          at beginWork$1 (/Users/yusefbach/Projekte/studynexus/frontend/node_modules/react-dom/cjs/react-dom.development.js:27490:7)
          at performUnitOfWork (/Users/yusefbach/Projekte/studynexus/frontend/node_modules/react-dom/cjs/react-dom.development.js:26599:12)
          at workLoopSync (/Users/yusefbach/Projekte/studynexus/frontend/node_modules/react-dom/cjs/react-dom.development.js:26505:5)
          at renderRootSync (/Users/yusefbach/Projekte/studynexus/frontend/node_modules/react-dom/cjs/react-dom.development.js:26473:7)
          at performConcurrentWorkOnRoot (/Users/yusefbach/Projekte/studynexus/frontend/node_modules/react-dom/cjs/react-dom.development.js:25777:74)
          at flushActQueue (/Users/yusefbach/Projekte/studynexus/frontend/node_modules/react/cjs/react.development.js:2667:24)
          at act (/Users/yusefbach/Projekte/studynexus/frontend/node_modules/react/cjs/react.development.js:2582:11)
          at /Users/yusefbach/Projekte/studynexus/frontend/node_modules/@testing-library/react/dist/act-compat.js:47:25
          at renderRoot (/Users/yusefbach/Projekte/studynexus/frontend/node_modules/@testing-library/react/dist/pure.js:180:26)
          at render (/Users/yusefbach/Projekte/studynexus/frontend/node_modules/@testing-library/react/dist/pure.js:271:10)
          at Object.<anonymous> (/Users/yusefbach/Projekte/studynexus/frontend/src/components/study/__tests__/AddModuleModal.test.tsx:98:11)
          at Promise.then.completed (/Users/yusefbach/Projekte/studynexus/frontend/node_modules/jest-circus/build/utils.js:298:28)
          at new Promise (<anonymous>)
          at callAsyncCircusFn (/Users/yusefbach/Projekte/studynexus/frontend/node_modules/jest-circus/build/utils.js:231:10)
          at _callCircusTest (/Users/yusefbach/Projekte/studynexus/frontend/node_modules/jest-circus/build/run.js:316:40)
          at processTicksAndRejections (node:internal/process/task_queues:104:5)
          at _runTest (/Users/yusefbach/Projekte/studynexus/frontend/node_modules/jest-circus/build/run.js:252:3)
          at _runTestsForDescribeBlock (/Users/yusefbach/Projekte/studynexus/frontend/node_modules/jest-circus/build/run.js:126:9)
          at _runTestsForDescribeBlock (/Users/yusefbach/Projekte/studynexus/frontend/node_modules/jest-circus/build/run.js:121:9)
          at run (/Users/yusefbach/Projekte/studynexus/frontend/node_modules/jest-circus/build/run.js:71:3)
          at runAndTransformResultsToJestFormat (/Users/yusefbach/Projekte/studynexus/frontend/node_modules/jest-circus/build/legacy-code-todo-rewrite/jestAdapterInit.js:122:21)
          at jestAdapter (/Users/yusefbach/Projekte/studynexus/frontend/node_modules/jest-circus/build/legacy-code-todo-rewrite/jestAdapter.js:79:19)
          at runTestInternal (/Users/yusefbach/Projekte/studynexus/frontend/node_modules/jest-runner/build/runTest.js:367:16)
          at runTest (/Users/yusefbach/Projekte/studynexus/frontend/node_modules/jest-runner/build/runTest.js:444:34)
          at Object.worker (/Users/yusefbach/Projekte/studynexus/frontend/node_modules/jest-runner/build/testWorker.js:106:12) {
        detail: Error: No QueryClient set, use QueryClientProvider to set one
            at useQueryClient (/Users/yusefbach/Projekte/studynexus/frontend/node_modules/@tanstack/react-query/src/QueryClientProvider.tsx:18:11)
            at useAddModule (/Users/yusefbach/Projekte/studynexus/frontend/src/hooks/queries/useAddModule.ts:14:37)
            at AddModuleModal (/Users/yusefbach/Projekte/studynexus/frontend/src/components/study/AddModuleModal.tsx:51:33)
            at renderWithHooks (/Users/yusefbach/Projekte/studynexus/frontend/node_modules/react-dom/cjs/react-dom.development.js:15486:18)
            at mountIndeterminateComponent (/Users/yusefbach/Projekte/studynexus/frontend/node_modules/react-dom/cjs/react-dom.development.js:20103:13)
            at beginWork (/Users/yusefbach/Projekte/studynexus/frontend/node_modules/react-dom/cjs/react-dom.development.js:21626:16)
            at HTMLUnknownElement.callCallback (/Users/yusefbach/Projekte/studynexus/frontend/node_modules/react-dom/cjs/react-dom.development.js:4164:14)
            at HTMLUnknownElement.callTheUserObjectsOperation (/Users/yusefbach/Projekte/studynexus/frontend/node_modules/jsdom/lib/jsdom/living/generated/EventListener.js:26:30)
            at innerInvokeEventListeners (/Users/yusefbach/Projekte/studynexus/frontend/node_modules/jsdom/lib/jsdom/living/events/EventTarget-impl.js:350:25)
            at invokeEventListeners (/Users/yusefbach/Projekte/studynexus/frontend/node_modules/jsdom/lib/jsdom/living/events/EventTarget-impl.js:286:3)
            at HTMLUnknownElementImpl._dispatch (/Users/yusefbach/Projekte/studynexus/frontend/node_modules/jsdom/lib/jsdom/living/events/EventTarget-impl.js:233:9)
            at HTMLUnknownElementImpl.dispatchEvent (/Users/yusefbach/Projekte/studynexus/frontend/node_modules/jsdom/lib/jsdom/living/events/EventTarget-impl.js:104:17)
            at HTMLUnknownElement.dispatchEvent (/Users/yusefbach/Projekte/studynexus/frontend/node_modules/jsdom/lib/jsdom/living/generated/EventTarget.js:241:34)
            at Object.invokeGuardedCallbackDev (/Users/yusefbach/Projekte/studynexus/frontend/node_modules/react-dom/cjs/react-dom.development.js:4213:16)
            at invokeGuardedCallback (/Users/yusefbach/Projekte/studynexus/frontend/node_modules/react-dom/cjs/react-dom.development.js:4277:31)
            at beginWork$1 (/Users/yusefbach/Projekte/studynexus/frontend/node_modules/react-dom/cjs/react-dom.development.js:27490:7)
            at performUnitOfWork (/Users/yusefbach/Projekte/studynexus/frontend/node_modules/react-dom/cjs/react-dom.development.js:26599:12)
            at workLoopSync (/Users/yusefbach/Projekte/studynexus/frontend/node_modules/react-dom/cjs/react-dom.development.js:26505:5)
            at renderRootSync (/Users/yusefbach/Projekte/studynexus/frontend/node_modules/react-dom/cjs/react-dom.development.js:26473:7)
            at performConcurrentWorkOnRoot (/Users/yusefbach/Projekte/studynexus/frontend/node_modules/react-dom/cjs/react-dom.development.js:25777:74)
            at flushActQueue (/Users/yusefbach/Projekte/studynexus/frontend/node_modules/react/cjs/react.development.js:2667:24)
            at act (/Users/yusefbach/Projekte/studynexus/frontend/node_modules/react/cjs/react.development.js:2582:11)
            at /Users/yusefbach/Projekte/studynexus/frontend/node_modules/@testing-library/react/dist/act-compat.js:47:25
            at renderRoot (/Users/yusefbach/Projekte/studynexus/frontend/node_modules/@testing-library/react/dist/pure.js:180:26)
            at render (/Users/yusefbach/Projekte/studynexus/frontend/node_modules/@testing-library/react/dist/pure.js:271:10)
            at Object.<anonymous> (/Users/yusefbach/Projekte/studynexus/frontend/src/components/study/__tests__/AddModuleModal.test.tsx:98:11)
            at Promise.then.completed (/Users/yusefbach/Projekte/studynexus/frontend/node_modules/jest-circus/build/utils.js:298:28)
            at new Promise (<anonymous>)
            at callAsyncCircusFn (/Users/yusefbach/Projekte/studynexus/frontend/node_modules/jest-circus/build/utils.js:231:10)
            at _callCircusTest (/Users/yusefbach/Projekte/studynexus/frontend/node_modules/jest-circus/build/run.js:316:40)
            at processTicksAndRejections (node:internal/process/task_queues:104:5)
            at _runTest (/Users/yusefbach/Projekte/studynexus/frontend/node_modules/jest-circus/build/run.js:252:3)
            at _runTestsForDescribeBlock (/Users/yusefbach/Projekte/studynexus/frontend/node_modules/jest-circus/build/run.js:126:9)
            at _runTestsForDescribeBlock (/Users/yusefbach/Projekte/studynexus/frontend/node_modules/jest-circus/build/run.js:121:9)
            at run (/Users/yusefbach/Projekte/studynexus/frontend/node_modules/jest-circus/build/run.js:71:3)
            at runAndTransformResultsToJestFormat (/Users/yusefbach/Projekte/studynexus/frontend/node_modules/jest-circus/build/legacy-code-todo-rewrite/jestAdapterInit.js:122:21)
            at jestAdapter (/Users/yusefbach/Projekte/studynexus/frontend/node_modules/jest-circus/build/legacy-code-todo-rewrite/jestAdapter.js:79:19)
            at runTestInternal (/Users/yusefbach/Projekte/studynexus/frontend/node_modules/jest-runner/build/runTest.js:367:16)
            at runTest (/Users/yusefbach/Projekte/studynexus/frontend/node_modules/jest-runner/build/runTest.js:444:34)
            at Object.worker (/Users/yusefbach/Projekte/studynexus/frontend/node_modules/jest-runner/build/testWorker.js:106:12),
        type: 'unhandled exception'
      }

       96 |   it("shows custom form when mode is switched to Eigenes", async () => {
       97 |     mockFetchChain();
    >  98 |     render(<AddModuleModal alreadyAddedModuleIds={emptyIds} onClose={noopClose} onAdded={noopAdded} />);
          |           ^
       99 |     await waitFor(() => screen.getByText(/Machine Learning/));
      100 |
      101 |     fireEvent.click(screen.getByDisplayValue("custom"));

      at VirtualConsole.<anonymous> (node_modules/jest-environment-jsdom/build/index.js:63:23)
      at reportException (node_modules/jsdom/lib/jsdom/living/helpers/runtime-script-errors.js:70:28)
      at innerInvokeEventListeners (node_modules/jsdom/lib/jsdom/living/events/EventTarget-impl.js:353:9)
      at invokeEventListeners (node_modules/jsdom/lib/jsdom/living/events/EventTarget-impl.js:286:3)
      at HTMLUnknownElementImpl._dispatch (node_modules/jsdom/lib/jsdom/living/events/EventTarget-impl.js:233:9)
      at HTMLUnknownElementImpl.dispatchEvent (node_modules/jsdom/lib/jsdom/living/events/EventTarget-impl.js:104:17)
      at HTMLUnknownElement.dispatchEvent (node_modules/jsdom/lib/jsdom/living/generated/EventTarget.js:241:34)
      at Object.invokeGuardedCallbackDev (node_modules/react-dom/cjs/react-dom.development.js:4213:16)
      at invokeGuardedCallback (node_modules/react-dom/cjs/react-dom.development.js:4277:31)
      at beginWork$1 (node_modules/react-dom/cjs/react-dom.development.js:27490:7)
      at performUnitOfWork (node_modules/react-dom/cjs/react-dom.development.js:26599:12)
      at workLoopSync (node_modules/react-dom/cjs/react-dom.development.js:26505:5)
      at renderRootSync (node_modules/react-dom/cjs/react-dom.development.js:26473:7)
      at performConcurrentWorkOnRoot (node_modules/react-dom/cjs/react-dom.development.js:25777:74)
      at flushActQueue (node_modules/react/cjs/react.development.js:2667:24)
      at act (node_modules/react/cjs/react.development.js:2582:11)
      at node_modules/@testing-library/react/dist/act-compat.js:47:25
      at renderRoot (node_modules/@testing-library/react/dist/pure.js:180:26)
      at render (node_modules/@testing-library/react/dist/pure.js:271:10)
      at Object.<anonymous> (src/components/study/__tests__/AddModuleModal.test.tsx:98:11)

    console.error
      Error: Uncaught [Error: No QueryClient set, use QueryClientProvider to set one]
          at reportException (/Users/yusefbach/Projekte/studynexus/frontend/node_modules/jsdom/lib/jsdom/living/helpers/runtime-script-errors.js:66:24)
          at innerInvokeEventListeners (/Users/yusefbach/Projekte/studynexus/frontend/node_modules/jsdom/lib/jsdom/living/events/EventTarget-impl.js:353:9)
          at invokeEventListeners (/Users/yusefbach/Projekte/studynexus/frontend/node_modules/jsdom/lib/jsdom/living/events/EventTarget-impl.js:286:3)
          at HTMLUnknownElementImpl._dispatch (/Users/yusefbach/Projekte/studynexus/frontend/node_modules/jsdom/lib/jsdom/living/events/EventTarget-impl.js:233:9)
          at HTMLUnknownElementImpl.dispatchEvent (/Users/yusefbach/Projekte/studynexus/frontend/node_modules/jsdom/lib/jsdom/living/events/EventTarget-impl.js:104:17)
          at HTMLUnknownElement.dispatchEvent (/Users/yusefbach/Projekte/studynexus/frontend/node_modules/jsdom/lib/jsdom/living/generated/EventTarget.js:241:34)
          at Object.invokeGuardedCallbackDev (/Users/yusefbach/Projekte/studynexus/frontend/node_modules/react-dom/cjs/react-dom.development.js:4213:16)
          at invokeGuardedCallback (/Users/yusefbach/Projekte/studynexus/frontend/node_modules/react-dom/cjs/react-dom.development.js:4277:31)
          at beginWork$1 (/Users/yusefbach/Projekte/studynexus/frontend/node_modules/react-dom/cjs/react-dom.development.js:27490:7)
          at performUnitOfWork (/Users/yusefbach/Projekte/studynexus/frontend/node_modules/react-dom/cjs/react-dom.development.js:26599:12)
          at workLoopSync (/Users/yusefbach/Projekte/studynexus/frontend/node_modules/react-dom/cjs/react-dom.development.js:26505:5)
          at renderRootSync (/Users/yusefbach/Projekte/studynexus/frontend/node_modules/react-dom/cjs/react-dom.development.js:26473:7)
          at recoverFromConcurrentError (/Users/yusefbach/Projekte/studynexus/frontend/node_modules/react-dom/cjs/react-dom.development.js:25889:20)
          at performConcurrentWorkOnRoot (/Users/yusefbach/Projekte/studynexus/frontend/node_modules/react-dom/cjs/react-dom.development.js:25789:22)
          at flushActQueue (/Users/yusefbach/Projekte/studynexus/frontend/node_modules/react/cjs/react.development.js:2667:24)
          at act (/Users/yusefbach/Projekte/studynexus/frontend/node_modules/react/cjs/react.development.js:2582:11)
          at /Users/yusefbach/Projekte/studynexus/frontend/node_modules/@testing-library/react/dist/act-compat.js:47:25
          at renderRoot (/Users/yusefbach/Projekte/studynexus/frontend/node_modules/@testing-library/react/dist/pure.js:180:26)
          at render (/Users/yusefbach/Projekte/studynexus/frontend/node_modules/@testing-library/react/dist/pure.js:271:10)
          at Object.<anonymous> (/Users/yusefbach/Projekte/studynexus/frontend/src/components/study/__tests__/AddModuleModal.test.tsx:98:11)
          at Promise.then.completed (/Users/yusefbach/Projekte/studynexus/frontend/node_modules/jest-circus/build/utils.js:298:28)
          at new Promise (<anonymous>)
          at callAsyncCircusFn (/Users/yusefbach/Projekte/studynexus/frontend/node_modules/jest-circus/build/utils.js:231:10)
          at _callCircusTest (/Users/yusefbach/Projekte/studynexus/frontend/node_modules/jest-circus/build/run.js:316:40)
          at processTicksAndRejections (node:internal/process/task_queues:104:5)
          at _runTest (/Users/yusefbach/Projekte/studynexus/frontend/node_modules/jest-circus/build/run.js:252:3)
          at _runTestsForDescribeBlock (/Users/yusefbach/Projekte/studynexus/frontend/node_modules/jest-circus/build/run.js:126:9)
          at _runTestsForDescribeBlock (/Users/yusefbach/Projekte/studynexus/frontend/node_modules/jest-circus/build/run.js:121:9)
          at run (/Users/yusefbach/Projekte/studynexus/frontend/node_modules/jest-circus/build/run.js:71:3)
          at runAndTransformResultsToJestFormat (/Users/yusefbach/Projekte/studynexus/frontend/node_modules/jest-circus/build/legacy-code-todo-rewrite/jestAdapterInit.js:122:21)
          at jestAdapter (/Users/yusefbach/Projekte/studynexus/frontend/node_modules/jest-circus/build/legacy-code-todo-rewrite/jestAdapter.js:79:19)
          at runTestInternal (/Users/yusefbach/Projekte/studynexus/frontend/node_modules/jest-runner/build/runTest.js:367:16)
          at runTest (/Users/yusefbach/Projekte/studynexus/frontend/node_modules/jest-runner/build/runTest.js:444:34)
          at Object.worker (/Users/yusefbach/Projekte/studynexus/frontend/node_modules/jest-runner/build/testWorker.js:106:12) {
        detail: Error: No QueryClient set, use QueryClientProvider to set one
            at useQueryClient (/Users/yusefbach/Projekte/studynexus/frontend/node_modules/@tanstack/react-query/src/QueryClientProvider.tsx:18:11)
            at useAddModule (/Users/yusefbach/Projekte/studynexus/frontend/src/hooks/queries/useAddModule.ts:14:37)
            at AddModuleModal (/Users/yusefbach/Projekte/studynexus/frontend/src/components/study/AddModuleModal.tsx:51:33)
            at renderWithHooks (/Users/yusefbach/Projekte/studynexus/frontend/node_modules/react-dom/cjs/react-dom.development.js:15486:18)
            at mountIndeterminateComponent (/Users/yusefbach/Projekte/studynexus/frontend/node_modules/react-dom/cjs/react-dom.development.js:20103:13)
            at beginWork (/Users/yusefbach/Projekte/studynexus/frontend/node_modules/react-dom/cjs/react-dom.development.js:21626:16)
            at HTMLUnknownElement.callCallback (/Users/yusefbach/Projekte/studynexus/frontend/node_modules/react-dom/cjs/react-dom.development.js:4164:14)
            at HTMLUnknownElement.callTheUserObjectsOperation (/Users/yusefbach/Projekte/studynexus/frontend/node_modules/jsdom/lib/jsdom/living/generated/EventListener.js:26:30)
            at innerInvokeEventListeners (/Users/yusefbach/Projekte/studynexus/frontend/node_modules/jsdom/lib/jsdom/living/events/EventTarget-impl.js:350:25)
            at invokeEventListeners (/Users/yusefbach/Projekte/studynexus/frontend/node_modules/jsdom/lib/jsdom/living/events/EventTarget-impl.js:286:3)
            at HTMLUnknownElementImpl._dispatch (/Users/yusefbach/Projekte/studynexus/frontend/node_modules/jsdom/lib/jsdom/living/events/EventTarget-impl.js:233:9)
            at HTMLUnknownElementImpl.dispatchEvent (/Users/yusefbach/Projekte/studynexus/frontend/node_modules/jsdom/lib/jsdom/living/events/EventTarget-impl.js:104:17)
            at HTMLUnknownElement.dispatchEvent (/Users/yusefbach/Projekte/studynexus/frontend/node_modules/jsdom/lib/jsdom/living/generated/EventTarget.js:241:34)
            at Object.invokeGuardedCallbackDev (/Users/yusefbach/Projekte/studynexus/frontend/node_modules/react-dom/cjs/react-dom.development.js:4213:16)
            at invokeGuardedCallback (/Users/yusefbach/Projekte/studynexus/frontend/node_modules/react-dom/cjs/react-dom.development.js:4277:31)
            at beginWork$1 (/Users/yusefbach/Projekte/studynexus/frontend/node_modules/react-dom/cjs/react-dom.development.js:27490:7)
            at performUnitOfWork (/Users/yusefbach/Projekte/studynexus/frontend/node_modules/react-dom/cjs/react-dom.development.js:26599:12)
            at workLoopSync (/Users/yusefbach/Projekte/studynexus/frontend/node_modules/react-dom/cjs/react-dom.development.js:26505:5)
            at renderRootSync (/Users/yusefbach/Projekte/studynexus/frontend/node_modules/react-dom/cjs/react-dom.development.js:26473:7)
            at recoverFromConcurrentError (/Users/yusefbach/Projekte/studynexus/frontend/node_modules/react-dom/cjs/react-dom.development.js:25889:20)
            at performConcurrentWorkOnRoot (/Users/yusefbach/Projekte/studynexus/frontend/node_modules/react-dom/cjs/react-dom.development.js:25789:22)
            at flushActQueue (/Users/yusefbach/Projekte/studynexus/frontend/node_modules/react/cjs/react.development.js:2667:24)
            at act (/Users/yusefbach/Projekte/studynexus/frontend/node_modules/react/cjs/react.development.js:2582:11)
            at /Users/yusefbach/Projekte/studynexus/frontend/node_modules/@testing-library/react/dist/act-compat.js:47:25
            at renderRoot (/Users/yusefbach/Projekte/studynexus/frontend/node_modules/@testing-library/react/dist/pure.js:180:26)
            at render (/Users/yusefbach/Projekte/studynexus/frontend/node_modules/@testing-library/react/dist/pure.js:271:10)
            at Object.<anonymous> (/Users/yusefbach/Projekte/studynexus/frontend/src/components/study/__tests__/AddModuleModal.test.tsx:98:11)
            at Promise.then.completed (/Users/yusefbach/Projekte/studynexus/frontend/node_modules/jest-circus/build/utils.js:298:28)
            at new Promise (<anonymous>)
            at callAsyncCircusFn (/Users/yusefbach/Projekte/studynexus/frontend/node_modules/jest-circus/build/utils.js:231:10)
            at _callCircusTest (/Users/yusefbach/Projekte/studynexus/frontend/node_modules/jest-circus/build/run.js:316:40)
            at processTicksAndRejections (node:internal/process/task_queues:104:5)
            at _runTest (/Users/yusefbach/Projekte/studynexus/frontend/node_modules/jest-circus/build/run.js:252:3)
            at _runTestsForDescribeBlock (/Users/yusefbach/Projekte/studynexus/frontend/node_modules/jest-circus/build/run.js:126:9)
            at _runTestsForDescribeBlock (/Users/yusefbach/Projekte/studynexus/frontend/node_modules/jest-circus/build/run.js:121:9)
            at run (/Users/yusefbach/Projekte/studynexus/frontend/node_modules/jest-circus/build/run.js:71:3)
            at runAndTransformResultsToJestFormat (/Users/yusefbach/Projekte/studynexus/frontend/node_modules/jest-circus/build/legacy-code-todo-rewrite/jestAdapterInit.js:122:21)
            at jestAdapter (/Users/yusefbach/Projekte/studynexus/frontend/node_modules/jest-circus/build/legacy-code-todo-rewrite/jestAdapter.js:79:19)
            at runTestInternal (/Users/yusefbach/Projekte/studynexus/frontend/node_modules/jest-runner/build/runTest.js:367:16)
            at runTest (/Users/yusefbach/Projekte/studynexus/frontend/node_modules/jest-runner/build/runTest.js:444:34)
            at Object.worker (/Users/yusefbach/Projekte/studynexus/frontend/node_modules/jest-runner/build/testWorker.js:106:12),
        type: 'unhandled exception'
      }

       96 |   it("shows custom form when mode is switched to Eigenes", async () => {
       97 |     mockFetchChain();
    >  98 |     render(<AddModuleModal alreadyAddedModuleIds={emptyIds} onClose={noopClose} onAdded={noopAdded} />);
          |           ^
       99 |     await waitFor(() => screen.getByText(/Machine Learning/));
      100 |
      101 |     fireEvent.click(screen.getByDisplayValue("custom"));

      at VirtualConsole.<anonymous> (node_modules/jest-environment-jsdom/build/index.js:63:23)
      at reportException (node_modules/jsdom/lib/jsdom/living/helpers/runtime-script-errors.js:70:28)
      at innerInvokeEventListeners (node_modules/jsdom/lib/jsdom/living/events/EventTarget-impl.js:353:9)
      at invokeEventListeners (node_modules/jsdom/lib/jsdom/living/events/EventTarget-impl.js:286:3)
      at HTMLUnknownElementImpl._dispatch (node_modules/jsdom/lib/jsdom/living/events/EventTarget-impl.js:233:9)
      at HTMLUnknownElementImpl.dispatchEvent (node_modules/jsdom/lib/jsdom/living/events/EventTarget-impl.js:104:17)
      at HTMLUnknownElement.dispatchEvent (node_modules/jsdom/lib/jsdom/living/generated/EventTarget.js:241:34)
      at Object.invokeGuardedCallbackDev (node_modules/react-dom/cjs/react-dom.development.js:4213:16)
      at invokeGuardedCallback (node_modules/react-dom/cjs/react-dom.development.js:4277:31)
      at beginWork$1 (node_modules/react-dom/cjs/react-dom.development.js:27490:7)
      at performUnitOfWork (node_modules/react-dom/cjs/react-dom.development.js:26599:12)
      at workLoopSync (node_modules/react-dom/cjs/react-dom.development.js:26505:5)
      at renderRootSync (node_modules/react-dom/cjs/react-dom.development.js:26473:7)
      at recoverFromConcurrentError (node_modules/react-dom/cjs/react-dom.development.js:25889:20)
      at performConcurrentWorkOnRoot (node_modules/react-dom/cjs/react-dom.development.js:25789:22)
      at flushActQueue (node_modules/react/cjs/react.development.js:2667:24)
      at act (node_modules/react/cjs/react.development.js:2582:11)
      at node_modules/@testing-library/react/dist/act-compat.js:47:25
      at renderRoot (node_modules/@testing-library/react/dist/pure.js:180:26)
      at render (node_modules/@testing-library/react/dist/pure.js:271:10)
      at Object.<anonymous> (src/components/study/__tests__/AddModuleModal.test.tsx:98:11)

    console.error
      The above error occurred in the <AddModuleModal> component:
      
          at alreadyAddedModuleIds (/Users/yusefbach/Projekte/studynexus/frontend/src/components/study/AddModuleModal.tsx:37:34)
      
      Consider adding an error boundary to your tree to customize error handling behavior.
      Visit https://reactjs.org/link/error-boundaries to learn more about error boundaries.

       96 |   it("shows custom form when mode is switched to Eigenes", async () => {
       97 |     mockFetchChain();
    >  98 |     render(<AddModuleModal alreadyAddedModuleIds={emptyIds} onClose={noopClose} onAdded={noopAdded} />);
          |           ^
       99 |     await waitFor(() => screen.getByText(/Machine Learning/));
      100 |
      101 |     fireEvent.click(screen.getByDisplayValue("custom"));

      at logCapturedError (node_modules/react-dom/cjs/react-dom.development.js:18704:23)
      at update.callback (node_modules/react-dom/cjs/react-dom.development.js:18737:5)
      at callCallback (node_modules/react-dom/cjs/react-dom.development.js:15036:12)
      at commitUpdateQueue (node_modules/react-dom/cjs/react-dom.development.js:15057:9)
      at commitLayoutEffectOnFiber (node_modules/react-dom/cjs/react-dom.development.js:23430:13)
      at commitLayoutMountEffects_complete (node_modules/react-dom/cjs/react-dom.development.js:24727:9)
      at commitLayoutEffects_begin (node_modules/react-dom/cjs/react-dom.development.js:24713:7)
      at commitLayoutEffects (node_modules/react-dom/cjs/react-dom.development.js:24651:3)
      at commitRootImpl (node_modules/react-dom/cjs/react-dom.development.js:26862:5)
      at commitRoot (node_modules/react-dom/cjs/react-dom.development.js:26721:5)
      at finishConcurrentRender (node_modules/react-dom/cjs/react-dom.development.js:25931:9)
      at performConcurrentWorkOnRoot (node_modules/react-dom/cjs/react-dom.development.js:25848:7)
      at flushActQueue (node_modules/react/cjs/react.development.js:2667:24)
      at act (node_modules/react/cjs/react.development.js:2582:11)
      at node_modules/@testing-library/react/dist/act-compat.js:47:25
      at renderRoot (node_modules/@testing-library/react/dist/pure.js:180:26)
      at render (node_modules/@testing-library/react/dist/pure.js:271:10)
      at Object.<anonymous> (src/components/study/__tests__/AddModuleModal.test.tsx:98:11)

    console.error
      Error: Uncaught [Error: No QueryClient set, use QueryClientProvider to set one]
          at reportException (/Users/yusefbach/Projekte/studynexus/frontend/node_modules/jsdom/lib/jsdom/living/helpers/runtime-script-errors.js:66:24)
          at innerInvokeEventListeners (/Users/yusefbach/Projekte/studynexus/frontend/node_modules/jsdom/lib/jsdom/living/events/EventTarget-impl.js:353:9)
          at invokeEventListeners (/Users/yusefbach/Projekte/studynexus/frontend/node_modules/jsdom/lib/jsdom/living/events/EventTarget-impl.js:286:3)
          at HTMLUnknownElementImpl._dispatch (/Users/yusefbach/Projekte/studynexus/frontend/node_modules/jsdom/lib/jsdom/living/events/EventTarget-impl.js:233:9)
          at HTMLUnknownElementImpl.dispatchEvent (/Users/yusefbach/Projekte/studynexus/frontend/node_modules/jsdom/lib/jsdom/living/events/EventTarget-impl.js:104:17)
          at HTMLUnknownElement.dispatchEvent (/Users/yusefbach/Projekte/studynexus/frontend/node_modules/jsdom/lib/jsdom/living/generated/EventTarget.js:241:34)
          at Object.invokeGuardedCallbackDev (/Users/yusefbach/Projekte/studynexus/frontend/node_modules/react-dom/cjs/react-dom.development.js:4213:16)
          at invokeGuardedCallback (/Users/yusefbach/Projekte/studynexus/frontend/node_modules/react-dom/cjs/react-dom.development.js:4277:31)
          at beginWork$1 (/Users/yusefbach/Projekte/studynexus/frontend/node_modules/react-dom/cjs/react-dom.development.js:27490:7)
          at performUnitOfWork (/Users/yusefbach/Projekte/studynexus/frontend/node_modules/react-dom/cjs/react-dom.development.js:26599:12)
          at workLoopSync (/Users/yusefbach/Projekte/studynexus/frontend/node_modules/react-dom/cjs/react-dom.development.js:26505:5)
          at renderRootSync (/Users/yusefbach/Projekte/studynexus/frontend/node_modules/react-dom/cjs/react-dom.development.js:26473:7)
          at performConcurrentWorkOnRoot (/Users/yusefbach/Projekte/studynexus/frontend/node_modules/react-dom/cjs/react-dom.development.js:25777:74)
          at flushActQueue (/Users/yusefbach/Projekte/studynexus/frontend/node_modules/react/cjs/react.development.js:2667:24)
          at act (/Users/yusefbach/Projekte/studynexus/frontend/node_modules/react/cjs/react.development.js:2582:11)
          at /Users/yusefbach/Projekte/studynexus/frontend/node_modules/@testing-library/react/dist/act-compat.js:47:25
          at renderRoot (/Users/yusefbach/Projekte/studynexus/frontend/node_modules/@testing-library/react/dist/pure.js:180:26)
          at render (/Users/yusefbach/Projekte/studynexus/frontend/node_modules/@testing-library/react/dist/pure.js:271:10)
          at Object.<anonymous> (/Users/yusefbach/Projekte/studynexus/frontend/src/components/study/__tests__/AddModuleModal.test.tsx:114:11)
          at Promise.then.completed (/Users/yusefbach/Projekte/studynexus/frontend/node_modules/jest-circus/build/utils.js:298:28)
          at new Promise (<anonymous>)
          at callAsyncCircusFn (/Users/yusefbach/Projekte/studynexus/frontend/node_modules/jest-circus/build/utils.js:231:10)
          at _callCircusTest (/Users/yusefbach/Projekte/studynexus/frontend/node_modules/jest-circus/build/run.js:316:40)
          at processTicksAndRejections (node:internal/process/task_queues:104:5)
          at _runTest (/Users/yusefbach/Projekte/studynexus/frontend/node_modules/jest-circus/build/run.js:252:3)
          at _runTestsForDescribeBlock (/Users/yusefbach/Projekte/studynexus/frontend/node_modules/jest-circus/build/run.js:126:9)
          at _runTestsForDescribeBlock (/Users/yusefbach/Projekte/studynexus/frontend/node_modules/jest-circus/build/run.js:121:9)
          at run (/Users/yusefbach/Projekte/studynexus/frontend/node_modules/jest-circus/build/run.js:71:3)
          at runAndTransformResultsToJestFormat (/Users/yusefbach/Projekte/studynexus/frontend/node_modules/jest-circus/build/legacy-code-todo-rewrite/jestAdapterInit.js:122:21)
          at jestAdapter (/Users/yusefbach/Projekte/studynexus/frontend/node_modules/jest-circus/build/legacy-code-todo-rewrite/jestAdapter.js:79:19)
          at runTestInternal (/Users/yusefbach/Projekte/studynexus/frontend/node_modules/jest-runner/build/runTest.js:367:16)
          at runTest (/Users/yusefbach/Projekte/studynexus/frontend/node_modules/jest-runner/build/runTest.js:444:34)
          at Object.worker (/Users/yusefbach/Projekte/studynexus/frontend/node_modules/jest-runner/build/testWorker.js:106:12) {
        detail: Error: No QueryClient set, use QueryClientProvider to set one
            at useQueryClient (/Users/yusefbach/Projekte/studynexus/frontend/node_modules/@tanstack/react-query/src/QueryClientProvider.tsx:18:11)
            at useAddModule (/Users/yusefbach/Projekte/studynexus/frontend/src/hooks/queries/useAddModule.ts:14:37)
            at AddModuleModal (/Users/yusefbach/Projekte/studynexus/frontend/src/components/study/AddModuleModal.tsx:51:33)
            at renderWithHooks (/Users/yusefbach/Projekte/studynexus/frontend/node_modules/react-dom/cjs/react-dom.development.js:15486:18)
            at mountIndeterminateComponent (/Users/yusefbach/Projekte/studynexus/frontend/node_modules/react-dom/cjs/react-dom.development.js:20103:13)
            at beginWork (/Users/yusefbach/Projekte/studynexus/frontend/node_modules/react-dom/cjs/react-dom.development.js:21626:16)
            at HTMLUnknownElement.callCallback (/Users/yusefbach/Projekte/studynexus/frontend/node_modules/react-dom/cjs/react-dom.development.js:4164:14)
            at HTMLUnknownElement.callTheUserObjectsOperation (/Users/yusefbach/Projekte/studynexus/frontend/node_modules/jsdom/lib/jsdom/living/generated/EventListener.js:26:30)
            at innerInvokeEventListeners (/Users/yusefbach/Projekte/studynexus/frontend/node_modules/jsdom/lib/jsdom/living/events/EventTarget-impl.js:350:25)
            at invokeEventListeners (/Users/yusefbach/Projekte/studynexus/frontend/node_modules/jsdom/lib/jsdom/living/events/EventTarget-impl.js:286:3)
            at HTMLUnknownElementImpl._dispatch (/Users/yusefbach/Projekte/studynexus/frontend/node_modules/jsdom/lib/jsdom/living/events/EventTarget-impl.js:233:9)
            at HTMLUnknownElementImpl.dispatchEvent (/Users/yusefbach/Projekte/studynexus/frontend/node_modules/jsdom/lib/jsdom/living/events/EventTarget-impl.js:104:17)
            at HTMLUnknownElement.dispatchEvent (/Users/yusefbach/Projekte/studynexus/frontend/node_modules/jsdom/lib/jsdom/living/generated/EventTarget.js:241:34)
            at Object.invokeGuardedCallbackDev (/Users/yusefbach/Projekte/studynexus/frontend/node_modules/react-dom/cjs/react-dom.development.js:4213:16)
            at invokeGuardedCallback (/Users/yusefbach/Projekte/studynexus/frontend/node_modules/react-dom/cjs/react-dom.development.js:4277:31)
            at beginWork$1 (/Users/yusefbach/Projekte/studynexus/frontend/node_modules/react-dom/cjs/react-dom.development.js:27490:7)
            at performUnitOfWork (/Users/yusefbach/Projekte/studynexus/frontend/node_modules/react-dom/cjs/react-dom.development.js:26599:12)
            at workLoopSync (/Users/yusefbach/Projekte/studynexus/frontend/node_modules/react-dom/cjs/react-dom.development.js:26505:5)
            at renderRootSync (/Users/yusefbach/Projekte/studynexus/frontend/node_modules/react-dom/cjs/react-dom.development.js:26473:7)
            at performConcurrentWorkOnRoot (/Users/yusefbach/Projekte/studynexus/frontend/node_modules/react-dom/cjs/react-dom.development.js:25777:74)
            at flushActQueue (/Users/yusefbach/Projekte/studynexus/frontend/node_modules/react/cjs/react.development.js:2667:24)
            at act (/Users/yusefbach/Projekte/studynexus/frontend/node_modules/react/cjs/react.development.js:2582:11)
            at /Users/yusefbach/Projekte/studynexus/frontend/node_modules/@testing-library/react/dist/act-compat.js:47:25
            at renderRoot (/Users/yusefbach/Projekte/studynexus/frontend/node_modules/@testing-library/react/dist/pure.js:180:26)
            at render (/Users/yusefbach/Projekte/studynexus/frontend/node_modules/@testing-library/react/dist/pure.js:271:10)
            at Object.<anonymous> (/Users/yusefbach/Projekte/studynexus/frontend/src/components/study/__tests__/AddModuleModal.test.tsx:114:11)
            at Promise.then.completed (/Users/yusefbach/Projekte/studynexus/frontend/node_modules/jest-circus/build/utils.js:298:28)
            at new Promise (<anonymous>)
            at callAsyncCircusFn (/Users/yusefbach/Projekte/studynexus/frontend/node_modules/jest-circus/build/utils.js:231:10)
            at _callCircusTest (/Users/yusefbach/Projekte/studynexus/frontend/node_modules/jest-circus/build/run.js:316:40)
            at processTicksAndRejections (node:internal/process/task_queues:104:5)
            at _runTest (/Users/yusefbach/Projekte/studynexus/frontend/node_modules/jest-circus/build/run.js:252:3)
            at _runTestsForDescribeBlock (/Users/yusefbach/Projekte/studynexus/frontend/node_modules/jest-circus/build/run.js:126:9)
            at _runTestsForDescribeBlock (/Users/yusefbach/Projekte/studynexus/frontend/node_modules/jest-circus/build/run.js:121:9)
            at run (/Users/yusefbach/Projekte/studynexus/frontend/node_modules/jest-circus/build/run.js:71:3)
            at runAndTransformResultsToJestFormat (/Users/yusefbach/Projekte/studynexus/frontend/node_modules/jest-circus/build/legacy-code-todo-rewrite/jestAdapterInit.js:122:21)
            at jestAdapter (/Users/yusefbach/Projekte/studynexus/frontend/node_modules/jest-circus/build/legacy-code-todo-rewrite/jestAdapter.js:79:19)
            at runTestInternal (/Users/yusefbach/Projekte/studynexus/frontend/node_modules/jest-runner/build/runTest.js:367:16)
            at runTest (/Users/yusefbach/Projekte/studynexus/frontend/node_modules/jest-runner/build/runTest.js:444:34)
            at Object.worker (/Users/yusefbach/Projekte/studynexus/frontend/node_modules/jest-runner/build/testWorker.js:106:12),
        type: 'unhandled exception'
      }

      112 |
      113 |     const onAdded = jest.fn();
    > 114 |     render(<AddModuleModal alreadyAddedModuleIds={emptyIds} onClose={noopClose} onAdded={onAdded} />);
          |           ^
      115 |     await waitFor(() => screen.getByText(/Machine Learning/));
      116 |
      117 |     fireEvent.change(screen.getByRole("combobox"), { target: { value: "wpm-1" } });

      at VirtualConsole.<anonymous> (node_modules/jest-environment-jsdom/build/index.js:63:23)
      at reportException (node_modules/jsdom/lib/jsdom/living/helpers/runtime-script-errors.js:70:28)
      at innerInvokeEventListeners (node_modules/jsdom/lib/jsdom/living/events/EventTarget-impl.js:353:9)
      at invokeEventListeners (node_modules/jsdom/lib/jsdom/living/events/EventTarget-impl.js:286:3)
      at HTMLUnknownElementImpl._dispatch (node_modules/jsdom/lib/jsdom/living/events/EventTarget-impl.js:233:9)
      at HTMLUnknownElementImpl.dispatchEvent (node_modules/jsdom/lib/jsdom/living/events/EventTarget-impl.js:104:17)
      at HTMLUnknownElement.dispatchEvent (node_modules/jsdom/lib/jsdom/living/generated/EventTarget.js:241:34)
      at Object.invokeGuardedCallbackDev (node_modules/react-dom/cjs/react-dom.development.js:4213:16)
      at invokeGuardedCallback (node_modules/react-dom/cjs/react-dom.development.js:4277:31)
      at beginWork$1 (node_modules/react-dom/cjs/react-dom.development.js:27490:7)
      at performUnitOfWork (node_modules/react-dom/cjs/react-dom.development.js:26599:12)
      at workLoopSync (node_modules/react-dom/cjs/react-dom.development.js:26505:5)
      at renderRootSync (node_modules/react-dom/cjs/react-dom.development.js:26473:7)
      at performConcurrentWorkOnRoot (node_modules/react-dom/cjs/react-dom.development.js:25777:74)
      at flushActQueue (node_modules/react/cjs/react.development.js:2667:24)
      at act (node_modules/react/cjs/react.development.js:2582:11)
      at node_modules/@testing-library/react/dist/act-compat.js:47:25
      at renderRoot (node_modules/@testing-library/react/dist/pure.js:180:26)
      at render (node_modules/@testing-library/react/dist/pure.js:271:10)
      at Object.<anonymous> (src/components/study/__tests__/AddModuleModal.test.tsx:114:11)

    console.error
      Error: Uncaught [Error: No QueryClient set, use QueryClientProvider to set one]
          at reportException (/Users/yusefbach/Projekte/studynexus/frontend/node_modules/jsdom/lib/jsdom/living/helpers/runtime-script-errors.js:66:24)
          at innerInvokeEventListeners (/Users/yusefbach/Projekte/studynexus/frontend/node_modules/jsdom/lib/jsdom/living/events/EventTarget-impl.js:353:9)
          at invokeEventListeners (/Users/yusefbach/Projekte/studynexus/frontend/node_modules/jsdom/lib/jsdom/living/events/EventTarget-impl.js:286:3)
          at HTMLUnknownElementImpl._dispatch (/Users/yusefbach/Projekte/studynexus/frontend/node_modules/jsdom/lib/jsdom/living/events/EventTarget-impl.js:233:9)
          at HTMLUnknownElementImpl.dispatchEvent (/Users/yusefbach/Projekte/studynexus/frontend/node_modules/jsdom/lib/jsdom/living/events/EventTarget-impl.js:104:17)
          at HTMLUnknownElement.dispatchEvent (/Users/yusefbach/Projekte/studynexus/frontend/node_modules/jsdom/lib/jsdom/living/generated/EventTarget.js:241:34)
          at Object.invokeGuardedCallbackDev (/Users/yusefbach/Projekte/studynexus/frontend/node_modules/react-dom/cjs/react-dom.development.js:4213:16)
          at invokeGuardedCallback (/Users/yusefbach/Projekte/studynexus/frontend/node_modules/react-dom/cjs/react-dom.development.js:4277:31)
          at beginWork$1 (/Users/yusefbach/Projekte/studynexus/frontend/node_modules/react-dom/cjs/react-dom.development.js:27490:7)
          at performUnitOfWork (/Users/yusefbach/Projekte/studynexus/frontend/node_modules/react-dom/cjs/react-dom.development.js:26599:12)
          at workLoopSync (/Users/yusefbach/Projekte/studynexus/frontend/node_modules/react-dom/cjs/react-dom.development.js:26505:5)
          at renderRootSync (/Users/yusefbach/Projekte/studynexus/frontend/node_modules/react-dom/cjs/react-dom.development.js:26473:7)
          at recoverFromConcurrentError (/Users/yusefbach/Projekte/studynexus/frontend/node_modules/react-dom/cjs/react-dom.development.js:25889:20)
          at performConcurrentWorkOnRoot (/Users/yusefbach/Projekte/studynexus/frontend/node_modules/react-dom/cjs/react-dom.development.js:25789:22)
          at flushActQueue (/Users/yusefbach/Projekte/studynexus/frontend/node_modules/react/cjs/react.development.js:2667:24)
          at act (/Users/yusefbach/Projekte/studynexus/frontend/node_modules/react/cjs/react.development.js:2582:11)
          at /Users/yusefbach/Projekte/studynexus/frontend/node_modules/@testing-library/react/dist/act-compat.js:47:25
          at renderRoot (/Users/yusefbach/Projekte/studynexus/frontend/node_modules/@testing-library/react/dist/pure.js:180:26)
          at render (/Users/yusefbach/Projekte/studynexus/frontend/node_modules/@testing-library/react/dist/pure.js:271:10)
          at Object.<anonymous> (/Users/yusefbach/Projekte/studynexus/frontend/src/components/study/__tests__/AddModuleModal.test.tsx:114:11)
          at Promise.then.completed (/Users/yusefbach/Projekte/studynexus/frontend/node_modules/jest-circus/build/utils.js:298:28)
          at new Promise (<anonymous>)
          at callAsyncCircusFn (/Users/yusefbach/Projekte/studynexus/frontend/node_modules/jest-circus/build/utils.js:231:10)
          at _callCircusTest (/Users/yusefbach/Projekte/studynexus/frontend/node_modules/jest-circus/build/run.js:316:40)
          at processTicksAndRejections (node:internal/process/task_queues:104:5)
          at _runTest (/Users/yusefbach/Projekte/studynexus/frontend/node_modules/jest-circus/build/run.js:252:3)
          at _runTestsForDescribeBlock (/Users/yusefbach/Projekte/studynexus/frontend/node_modules/jest-circus/build/run.js:126:9)
          at _runTestsForDescribeBlock (/Users/yusefbach/Projekte/studynexus/frontend/node_modules/jest-circus/build/run.js:121:9)
          at run (/Users/yusefbach/Projekte/studynexus/frontend/node_modules/jest-circus/build/run.js:71:3)
          at runAndTransformResultsToJestFormat (/Users/yusefbach/Projekte/studynexus/frontend/node_modules/jest-circus/build/legacy-code-todo-rewrite/jestAdapterInit.js:122:21)
          at jestAdapter (/Users/yusefbach/Projekte/studynexus/frontend/node_modules/jest-circus/build/legacy-code-todo-rewrite/jestAdapter.js:79:19)
          at runTestInternal (/Users/yusefbach/Projekte/studynexus/frontend/node_modules/jest-runner/build/runTest.js:367:16)
          at runTest (/Users/yusefbach/Projekte/studynexus/frontend/node_modules/jest-runner/build/runTest.js:444:34)
          at Object.worker (/Users/yusefbach/Projekte/studynexus/frontend/node_modules/jest-runner/build/testWorker.js:106:12) {
        detail: Error: No QueryClient set, use QueryClientProvider to set one
            at useQueryClient (/Users/yusefbach/Projekte/studynexus/frontend/node_modules/@tanstack/react-query/src/QueryClientProvider.tsx:18:11)
            at useAddModule (/Users/yusefbach/Projekte/studynexus/frontend/src/hooks/queries/useAddModule.ts:14:37)
            at AddModuleModal (/Users/yusefbach/Projekte/studynexus/frontend/src/components/study/AddModuleModal.tsx:51:33)
            at renderWithHooks (/Users/yusefbach/Projekte/studynexus/frontend/node_modules/react-dom/cjs/react-dom.development.js:15486:18)
            at mountIndeterminateComponent (/Users/yusefbach/Projekte/studynexus/frontend/node_modules/react-dom/cjs/react-dom.development.js:20103:13)
            at beginWork (/Users/yusefbach/Projekte/studynexus/frontend/node_modules/react-dom/cjs/react-dom.development.js:21626:16)
            at HTMLUnknownElement.callCallback (/Users/yusefbach/Projekte/studynexus/frontend/node_modules/react-dom/cjs/react-dom.development.js:4164:14)
            at HTMLUnknownElement.callTheUserObjectsOperation (/Users/yusefbach/Projekte/studynexus/frontend/node_modules/jsdom/lib/jsdom/living/generated/EventListener.js:26:30)
            at innerInvokeEventListeners (/Users/yusefbach/Projekte/studynexus/frontend/node_modules/jsdom/lib/jsdom/living/events/EventTarget-impl.js:350:25)
            at invokeEventListeners (/Users/yusefbach/Projekte/studynexus/frontend/node_modules/jsdom/lib/jsdom/living/events/EventTarget-impl.js:286:3)
            at HTMLUnknownElementImpl._dispatch (/Users/yusefbach/Projekte/studynexus/frontend/node_modules/jsdom/lib/jsdom/living/events/EventTarget-impl.js:233:9)
            at HTMLUnknownElementImpl.dispatchEvent (/Users/yusefbach/Projekte/studynexus/frontend/node_modules/jsdom/lib/jsdom/living/events/EventTarget-impl.js:104:17)
            at HTMLUnknownElement.dispatchEvent (/Users/yusefbach/Projekte/studynexus/frontend/node_modules/jsdom/lib/jsdom/living/generated/EventTarget.js:241:34)
            at Object.invokeGuardedCallbackDev (/Users/yusefbach/Projekte/studynexus/frontend/node_modules/react-dom/cjs/react-dom.development.js:4213:16)
            at invokeGuardedCallback (/Users/yusefbach/Projekte/studynexus/frontend/node_modules/react-dom/cjs/react-dom.development.js:4277:31)
            at beginWork$1 (/Users/yusefbach/Projekte/studynexus/frontend/node_modules/react-dom/cjs/react-dom.development.js:27490:7)
            at performUnitOfWork (/Users/yusefbach/Projekte/studynexus/frontend/node_modules/react-dom/cjs/react-dom.development.js:26599:12)
            at workLoopSync (/Users/yusefbach/Projekte/studynexus/frontend/node_modules/react-dom/cjs/react-dom.development.js:26505:5)
            at renderRootSync (/Users/yusefbach/Projekte/studynexus/frontend/node_modules/react-dom/cjs/react-dom.development.js:26473:7)
            at recoverFromConcurrentError (/Users/yusefbach/Projekte/studynexus/frontend/node_modules/react-dom/cjs/react-dom.development.js:25889:20)
            at performConcurrentWorkOnRoot (/Users/yusefbach/Projekte/studynexus/frontend/node_modules/react-dom/cjs/react-dom.development.js:25789:22)
            at flushActQueue (/Users/yusefbach/Projekte/studynexus/frontend/node_modules/react/cjs/react.development.js:2667:24)
            at act (/Users/yusefbach/Projekte/studynexus/frontend/node_modules/react/cjs/react.development.js:2582:11)
            at /Users/yusefbach/Projekte/studynexus/frontend/node_modules/@testing-library/react/dist/act-compat.js:47:25
            at renderRoot (/Users/yusefbach/Projekte/studynexus/frontend/node_modules/@testing-library/react/dist/pure.js:180:26)
            at render (/Users/yusefbach/Projekte/studynexus/frontend/node_modules/@testing-library/react/dist/pure.js:271:10)
            at Object.<anonymous> (/Users/yusefbach/Projekte/studynexus/frontend/src/components/study/__tests__/AddModuleModal.test.tsx:114:11)
            at Promise.then.completed (/Users/yusefbach/Projekte/studynexus/frontend/node_modules/jest-circus/build/utils.js:298:28)
            at new Promise (<anonymous>)
            at callAsyncCircusFn (/Users/yusefbach/Projekte/studynexus/frontend/node_modules/jest-circus/build/utils.js:231:10)
            at _callCircusTest (/Users/yusefbach/Projekte/studynexus/frontend/node_modules/jest-circus/build/run.js:316:40)
            at processTicksAndRejections (node:internal/process/task_queues:104:5)
            at _runTest (/Users/yusefbach/Projekte/studynexus/frontend/node_modules/jest-circus/build/run.js:252:3)
            at _runTestsForDescribeBlock (/Users/yusefbach/Projekte/studynexus/frontend/node_modules/jest-circus/build/run.js:126:9)
            at _runTestsForDescribeBlock (/Users/yusefbach/Projekte/studynexus/frontend/node_modules/jest-circus/build/run.js:121:9)
            at run (/Users/yusefbach/Projekte/studynexus/frontend/node_modules/jest-circus/build/run.js:71:3)
            at runAndTransformResultsToJestFormat (/Users/yusefbach/Projekte/studynexus/frontend/node_modules/jest-circus/build/legacy-code-todo-rewrite/jestAdapterInit.js:122:21)
            at jestAdapter (/Users/yusefbach/Projekte/studynexus/frontend/node_modules/jest-circus/build/legacy-code-todo-rewrite/jestAdapter.js:79:19)
            at runTestInternal (/Users/yusefbach/Projekte/studynexus/frontend/node_modules/jest-runner/build/runTest.js:367:16)
            at runTest (/Users/yusefbach/Projekte/studynexus/frontend/node_modules/jest-runner/build/runTest.js:444:34)
            at Object.worker (/Users/yusefbach/Projekte/studynexus/frontend/node_modules/jest-runner/build/testWorker.js:106:12),
        type: 'unhandled exception'
      }

      112 |
      113 |     const onAdded = jest.fn();
    > 114 |     render(<AddModuleModal alreadyAddedModuleIds={emptyIds} onClose={noopClose} onAdded={onAdded} />);
          |           ^
      115 |     await waitFor(() => screen.getByText(/Machine Learning/));
      116 |
      117 |     fireEvent.change(screen.getByRole("combobox"), { target: { value: "wpm-1" } });

      at VirtualConsole.<anonymous> (node_modules/jest-environment-jsdom/build/index.js:63:23)
      at reportException (node_modules/jsdom/lib/jsdom/living/helpers/runtime-script-errors.js:70:28)
      at innerInvokeEventListeners (node_modules/jsdom/lib/jsdom/living/events/EventTarget-impl.js:353:9)
      at invokeEventListeners (node_modules/jsdom/lib/jsdom/living/events/EventTarget-impl.js:286:3)
      at HTMLUnknownElementImpl._dispatch (node_modules/jsdom/lib/jsdom/living/events/EventTarget-impl.js:233:9)
      at HTMLUnknownElementImpl.dispatchEvent (node_modules/jsdom/lib/jsdom/living/events/EventTarget-impl.js:104:17)
      at HTMLUnknownElement.dispatchEvent (node_modules/jsdom/lib/jsdom/living/generated/EventTarget.js:241:34)
      at Object.invokeGuardedCallbackDev (node_modules/react-dom/cjs/react-dom.development.js:4213:16)
      at invokeGuardedCallback (node_modules/react-dom/cjs/react-dom.development.js:4277:31)
      at beginWork$1 (node_modules/react-dom/cjs/react-dom.development.js:27490:7)
      at performUnitOfWork (node_modules/react-dom/cjs/react-dom.development.js:26599:12)
      at workLoopSync (node_modules/react-dom/cjs/react-dom.development.js:26505:5)
      at renderRootSync (node_modules/react-dom/cjs/react-dom.development.js:26473:7)
      at recoverFromConcurrentError (node_modules/react-dom/cjs/react-dom.development.js:25889:20)
      at performConcurrentWorkOnRoot (node_modules/react-dom/cjs/react-dom.development.js:25789:22)
      at flushActQueue (node_modules/react/cjs/react.development.js:2667:24)
      at act (node_modules/react/cjs/react.development.js:2582:11)
      at node_modules/@testing-library/react/dist/act-compat.js:47:25
      at renderRoot (node_modules/@testing-library/react/dist/pure.js:180:26)
      at render (node_modules/@testing-library/react/dist/pure.js:271:10)
      at Object.<anonymous> (src/components/study/__tests__/AddModuleModal.test.tsx:114:11)

    console.error
      The above error occurred in the <AddModuleModal> component:
      
          at alreadyAddedModuleIds (/Users/yusefbach/Projekte/studynexus/frontend/src/components/study/AddModuleModal.tsx:37:34)
      
      Consider adding an error boundary to your tree to customize error handling behavior.
      Visit https://reactjs.org/link/error-boundaries to learn more about error boundaries.

      112 |
      113 |     const onAdded = jest.fn();
    > 114 |     render(<AddModuleModal alreadyAddedModuleIds={emptyIds} onClose={noopClose} onAdded={onAdded} />);
          |           ^
      115 |     await waitFor(() => screen.getByText(/Machine Learning/));
      116 |
      117 |     fireEvent.change(screen.getByRole("combobox"), { target: { value: "wpm-1" } });

      at logCapturedError (node_modules/react-dom/cjs/react-dom.development.js:18704:23)
      at update.callback (node_modules/react-dom/cjs/react-dom.development.js:18737:5)
      at callCallback (node_modules/react-dom/cjs/react-dom.development.js:15036:12)
      at commitUpdateQueue (node_modules/react-dom/cjs/react-dom.development.js:15057:9)
      at commitLayoutEffectOnFiber (node_modules/react-dom/cjs/react-dom.development.js:23430:13)
      at commitLayoutMountEffects_complete (node_modules/react-dom/cjs/react-dom.development.js:24727:9)
      at commitLayoutEffects_begin (node_modules/react-dom/cjs/react-dom.development.js:24713:7)
      at commitLayoutEffects (node_modules/react-dom/cjs/react-dom.development.js:24651:3)
      at commitRootImpl (node_modules/react-dom/cjs/react-dom.development.js:26862:5)
      at commitRoot (node_modules/react-dom/cjs/react-dom.development.js:26721:5)
      at finishConcurrentRender (node_modules/react-dom/cjs/react-dom.development.js:25931:9)
      at performConcurrentWorkOnRoot (node_modules/react-dom/cjs/react-dom.development.js:25848:7)
      at flushActQueue (node_modules/react/cjs/react.development.js:2667:24)
      at act (node_modules/react/cjs/react.development.js:2582:11)
      at node_modules/@testing-library/react/dist/act-compat.js:47:25
      at renderRoot (node_modules/@testing-library/react/dist/pure.js:180:26)
      at render (node_modules/@testing-library/react/dist/pure.js:271:10)
      at Object.<anonymous> (src/components/study/__tests__/AddModuleModal.test.tsx:114:11)

    console.error
      Error: Uncaught [Error: No QueryClient set, use QueryClientProvider to set one]
          at reportException (/Users/yusefbach/Projekte/studynexus/frontend/node_modules/jsdom/lib/jsdom/living/helpers/runtime-script-errors.js:66:24)
          at innerInvokeEventListeners (/Users/yusefbach/Projekte/studynexus/frontend/node_modules/jsdom/lib/jsdom/living/events/EventTarget-impl.js:353:9)
          at invokeEventListeners (/Users/yusefbach/Projekte/studynexus/frontend/node_modules/jsdom/lib/jsdom/living/events/EventTarget-impl.js:286:3)
          at HTMLUnknownElementImpl._dispatch (/Users/yusefbach/Projekte/studynexus/frontend/node_modules/jsdom/lib/jsdom/living/events/EventTarget-impl.js:233:9)
          at HTMLUnknownElementImpl.dispatchEvent (/Users/yusefbach/Projekte/studynexus/frontend/node_modules/jsdom/lib/jsdom/living/events/EventTarget-impl.js:104:17)
          at HTMLUnknownElement.dispatchEvent (/Users/yusefbach/Projekte/studynexus/frontend/node_modules/jsdom/lib/jsdom/living/generated/EventTarget.js:241:34)
          at Object.invokeGuardedCallbackDev (/Users/yusefbach/Projekte/studynexus/frontend/node_modules/react-dom/cjs/react-dom.development.js:4213:16)
          at invokeGuardedCallback (/Users/yusefbach/Projekte/studynexus/frontend/node_modules/react-dom/cjs/react-dom.development.js:4277:31)
          at beginWork$1 (/Users/yusefbach/Projekte/studynexus/frontend/node_modules/react-dom/cjs/react-dom.development.js:27490:7)
          at performUnitOfWork (/Users/yusefbach/Projekte/studynexus/frontend/node_modules/react-dom/cjs/react-dom.development.js:26599:12)
          at workLoopSync (/Users/yusefbach/Projekte/studynexus/frontend/node_modules/react-dom/cjs/react-dom.development.js:26505:5)
          at renderRootSync (/Users/yusefbach/Projekte/studynexus/frontend/node_modules/react-dom/cjs/react-dom.development.js:26473:7)
          at performConcurrentWorkOnRoot (/Users/yusefbach/Projekte/studynexus/frontend/node_modules/react-dom/cjs/react-dom.development.js:25777:74)
          at flushActQueue (/Users/yusefbach/Projekte/studynexus/frontend/node_modules/react/cjs/react.development.js:2667:24)
          at act (/Users/yusefbach/Projekte/studynexus/frontend/node_modules/react/cjs/react.development.js:2582:11)
          at /Users/yusefbach/Projekte/studynexus/frontend/node_modules/@testing-library/react/dist/act-compat.js:47:25
          at renderRoot (/Users/yusefbach/Projekte/studynexus/frontend/node_modules/@testing-library/react/dist/pure.js:180:26)
          at render (/Users/yusefbach/Projekte/studynexus/frontend/node_modules/@testing-library/react/dist/pure.js:271:10)
          at Object.<anonymous> (/Users/yusefbach/Projekte/studynexus/frontend/src/components/study/__tests__/AddModuleModal.test.tsx:135:11)
          at Promise.then.completed (/Users/yusefbach/Projekte/studynexus/frontend/node_modules/jest-circus/build/utils.js:298:28)
          at new Promise (<anonymous>)
          at callAsyncCircusFn (/Users/yusefbach/Projekte/studynexus/frontend/node_modules/jest-circus/build/utils.js:231:10)
          at _callCircusTest (/Users/yusefbach/Projekte/studynexus/frontend/node_modules/jest-circus/build/run.js:316:40)
          at processTicksAndRejections (node:internal/process/task_queues:104:5)
          at _runTest (/Users/yusefbach/Projekte/studynexus/frontend/node_modules/jest-circus/build/run.js:252:3)
          at _runTestsForDescribeBlock (/Users/yusefbach/Projekte/studynexus/frontend/node_modules/jest-circus/build/run.js:126:9)
          at _runTestsForDescribeBlock (/Users/yusefbach/Projekte/studynexus/frontend/node_modules/jest-circus/build/run.js:121:9)
          at run (/Users/yusefbach/Projekte/studynexus/frontend/node_modules/jest-circus/build/run.js:71:3)
          at runAndTransformResultsToJestFormat (/Users/yusefbach/Projekte/studynexus/frontend/node_modules/jest-circus/build/legacy-code-todo-rewrite/jestAdapterInit.js:122:21)
          at jestAdapter (/Users/yusefbach/Projekte/studynexus/frontend/node_modules/jest-circus/build/legacy-code-todo-rewrite/jestAdapter.js:79:19)
          at runTestInternal (/Users/yusefbach/Projekte/studynexus/frontend/node_modules/jest-runner/build/runTest.js:367:16)
          at runTest (/Users/yusefbach/Projekte/studynexus/frontend/node_modules/jest-runner/build/runTest.js:444:34)
          at Object.worker (/Users/yusefbach/Projekte/studynexus/frontend/node_modules/jest-runner/build/testWorker.js:106:12) {
        detail: Error: No QueryClient set, use QueryClientProvider to set one
            at useQueryClient (/Users/yusefbach/Projekte/studynexus/frontend/node_modules/@tanstack/react-query/src/QueryClientProvider.tsx:18:11)
            at useAddModule (/Users/yusefbach/Projekte/studynexus/frontend/src/hooks/queries/useAddModule.ts:14:37)
            at AddModuleModal (/Users/yusefbach/Projekte/studynexus/frontend/src/components/study/AddModuleModal.tsx:51:33)
            at renderWithHooks (/Users/yusefbach/Projekte/studynexus/frontend/node_modules/react-dom/cjs/react-dom.development.js:15486:18)
            at mountIndeterminateComponent (/Users/yusefbach/Projekte/studynexus/frontend/node_modules/react-dom/cjs/react-dom.development.js:20103:13)
            at beginWork (/Users/yusefbach/Projekte/studynexus/frontend/node_modules/react-dom/cjs/react-dom.development.js:21626:16)
            at HTMLUnknownElement.callCallback (/Users/yusefbach/Projekte/studynexus/frontend/node_modules/react-dom/cjs/react-dom.development.js:4164:14)
            at HTMLUnknownElement.callTheUserObjectsOperation (/Users/yusefbach/Projekte/studynexus/frontend/node_modules/jsdom/lib/jsdom/living/generated/EventListener.js:26:30)
            at innerInvokeEventListeners (/Users/yusefbach/Projekte/studynexus/frontend/node_modules/jsdom/lib/jsdom/living/events/EventTarget-impl.js:350:25)
            at invokeEventListeners (/Users/yusefbach/Projekte/studynexus/frontend/node_modules/jsdom/lib/jsdom/living/events/EventTarget-impl.js:286:3)
            at HTMLUnknownElementImpl._dispatch (/Users/yusefbach/Projekte/studynexus/frontend/node_modules/jsdom/lib/jsdom/living/events/EventTarget-impl.js:233:9)
            at HTMLUnknownElementImpl.dispatchEvent (/Users/yusefbach/Projekte/studynexus/frontend/node_modules/jsdom/lib/jsdom/living/events/EventTarget-impl.js:104:17)
            at HTMLUnknownElement.dispatchEvent (/Users/yusefbach/Projekte/studynexus/frontend/node_modules/jsdom/lib/jsdom/living/generated/EventTarget.js:241:34)
            at Object.invokeGuardedCallbackDev (/Users/yusefbach/Projekte/studynexus/frontend/node_modules/react-dom/cjs/react-dom.development.js:4213:16)
            at invokeGuardedCallback (/Users/yusefbach/Projekte/studynexus/frontend/node_modules/react-dom/cjs/react-dom.development.js:4277:31)
            at beginWork$1 (/Users/yusefbach/Projekte/studynexus/frontend/node_modules/react-dom/cjs/react-dom.development.js:27490:7)
            at performUnitOfWork (/Users/yusefbach/Projekte/studynexus/frontend/node_modules/react-dom/cjs/react-dom.development.js:26599:12)
            at workLoopSync (/Users/yusefbach/Projekte/studynexus/frontend/node_modules/react-dom/cjs/react-dom.development.js:26505:5)
            at renderRootSync (/Users/yusefbach/Projekte/studynexus/frontend/node_modules/react-dom/cjs/react-dom.development.js:26473:7)
            at performConcurrentWorkOnRoot (/Users/yusefbach/Projekte/studynexus/frontend/node_modules/react-dom/cjs/react-dom.development.js:25777:74)
            at flushActQueue (/Users/yusefbach/Projekte/studynexus/frontend/node_modules/react/cjs/react.development.js:2667:24)
            at act (/Users/yusefbach/Projekte/studynexus/frontend/node_modules/react/cjs/react.development.js:2582:11)
            at /Users/yusefbach/Projekte/studynexus/frontend/node_modules/@testing-library/react/dist/act-compat.js:47:25
            at renderRoot (/Users/yusefbach/Projekte/studynexus/frontend/node_modules/@testing-library/react/dist/pure.js:180:26)
            at render (/Users/yusefbach/Projekte/studynexus/frontend/node_modules/@testing-library/react/dist/pure.js:271:10)
            at Object.<anonymous> (/Users/yusefbach/Projekte/studynexus/frontend/src/components/study/__tests__/AddModuleModal.test.tsx:135:11)
            at Promise.then.completed (/Users/yusefbach/Projekte/studynexus/frontend/node_modules/jest-circus/build/utils.js:298:28)
            at new Promise (<anonymous>)
            at callAsyncCircusFn (/Users/yusefbach/Projekte/studynexus/frontend/node_modules/jest-circus/build/utils.js:231:10)
            at _callCircusTest (/Users/yusefbach/Projekte/studynexus/frontend/node_modules/jest-circus/build/run.js:316:40)
            at processTicksAndRejections (node:internal/process/task_queues:104:5)
            at _runTest (/Users/yusefbach/Projekte/studynexus/frontend/node_modules/jest-circus/build/run.js:252:3)
            at _runTestsForDescribeBlock (/Users/yusefbach/Projekte/studynexus/frontend/node_modules/jest-circus/build/run.js:126:9)
            at _runTestsForDescribeBlock (/Users/yusefbach/Projekte/studynexus/frontend/node_modules/jest-circus/build/run.js:121:9)
            at run (/Users/yusefbach/Projekte/studynexus/frontend/node_modules/jest-circus/build/run.js:71:3)
            at runAndTransformResultsToJestFormat (/Users/yusefbach/Projekte/studynexus/frontend/node_modules/jest-circus/build/legacy-code-todo-rewrite/jestAdapterInit.js:122:21)
            at jestAdapter (/Users/yusefbach/Projekte/studynexus/frontend/node_modules/jest-circus/build/legacy-code-todo-rewrite/jestAdapter.js:79:19)
            at runTestInternal (/Users/yusefbach/Projekte/studynexus/frontend/node_modules/jest-runner/build/runTest.js:367:16)
            at runTest (/Users/yusefbach/Projekte/studynexus/frontend/node_modules/jest-runner/build/runTest.js:444:34)
            at Object.worker (/Users/yusefbach/Projekte/studynexus/frontend/node_modules/jest-runner/build/testWorker.js:106:12),
        type: 'unhandled exception'
      }

      133 |
      134 |     const onAdded = jest.fn();
    > 135 |     render(<AddModuleModal alreadyAddedModuleIds={emptyIds} onClose={noopClose} onAdded={onAdded} />);
          |           ^
      136 |     await waitFor(() => screen.getByText(/Machine Learning/));
      137 |
      138 |     fireEvent.click(screen.getByDisplayValue("custom"));

      at VirtualConsole.<anonymous> (node_modules/jest-environment-jsdom/build/index.js:63:23)
      at reportException (node_modules/jsdom/lib/jsdom/living/helpers/runtime-script-errors.js:70:28)
      at innerInvokeEventListeners (node_modules/jsdom/lib/jsdom/living/events/EventTarget-impl.js:353:9)
      at invokeEventListeners (node_modules/jsdom/lib/jsdom/living/events/EventTarget-impl.js:286:3)
      at HTMLUnknownElementImpl._dispatch (node_modules/jsdom/lib/jsdom/living/events/EventTarget-impl.js:233:9)
      at HTMLUnknownElementImpl.dispatchEvent (node_modules/jsdom/lib/jsdom/living/events/EventTarget-impl.js:104:17)
      at HTMLUnknownElement.dispatchEvent (node_modules/jsdom/lib/jsdom/living/generated/EventTarget.js:241:34)
      at Object.invokeGuardedCallbackDev (node_modules/react-dom/cjs/react-dom.development.js:4213:16)
      at invokeGuardedCallback (node_modules/react-dom/cjs/react-dom.development.js:4277:31)
      at beginWork$1 (node_modules/react-dom/cjs/react-dom.development.js:27490:7)
      at performUnitOfWork (node_modules/react-dom/cjs/react-dom.development.js:26599:12)
      at workLoopSync (node_modules/react-dom/cjs/react-dom.development.js:26505:5)
      at renderRootSync (node_modules/react-dom/cjs/react-dom.development.js:26473:7)
      at performConcurrentWorkOnRoot (node_modules/react-dom/cjs/react-dom.development.js:25777:74)
      at flushActQueue (node_modules/react/cjs/react.development.js:2667:24)
      at act (node_modules/react/cjs/react.development.js:2582:11)
      at node_modules/@testing-library/react/dist/act-compat.js:47:25
      at renderRoot (node_modules/@testing-library/react/dist/pure.js:180:26)
      at render (node_modules/@testing-library/react/dist/pure.js:271:10)
      at Object.<anonymous> (src/components/study/__tests__/AddModuleModal.test.tsx:135:11)

    console.error
      Error: Uncaught [Error: No QueryClient set, use QueryClientProvider to set one]
          at reportException (/Users/yusefbach/Projekte/studynexus/frontend/node_modules/jsdom/lib/jsdom/living/helpers/runtime-script-errors.js:66:24)
          at innerInvokeEventListeners (/Users/yusefbach/Projekte/studynexus/frontend/node_modules/jsdom/lib/jsdom/living/events/EventTarget-impl.js:353:9)
          at invokeEventListeners (/Users/yusefbach/Projekte/studynexus/frontend/node_modules/jsdom/lib/jsdom/living/events/EventTarget-impl.js:286:3)
          at HTMLUnknownElementImpl._dispatch (/Users/yusefbach/Projekte/studynexus/frontend/node_modules/jsdom/lib/jsdom/living/events/EventTarget-impl.js:233:9)
          at HTMLUnknownElementImpl.dispatchEvent (/Users/yusefbach/Projekte/studynexus/frontend/node_modules/jsdom/lib/jsdom/living/events/EventTarget-impl.js:104:17)
          at HTMLUnknownElement.dispatchEvent (/Users/yusefbach/Projekte/studynexus/frontend/node_modules/jsdom/lib/jsdom/living/generated/EventTarget.js:241:34)
          at Object.invokeGuardedCallbackDev (/Users/yusefbach/Projekte/studynexus/frontend/node_modules/react-dom/cjs/react-dom.development.js:4213:16)
          at invokeGuardedCallback (/Users/yusefbach/Projekte/studynexus/frontend/node_modules/react-dom/cjs/react-dom.development.js:4277:31)
          at beginWork$1 (/Users/yusefbach/Projekte/studynexus/frontend/node_modules/react-dom/cjs/react-dom.development.js:27490:7)
          at performUnitOfWork (/Users/yusefbach/Projekte/studynexus/frontend/node_modules/react-dom/cjs/react-dom.development.js:26599:12)
          at workLoopSync (/Users/yusefbach/Projekte/studynexus/frontend/node_modules/react-dom/cjs/react-dom.development.js:26505:5)
          at renderRootSync (/Users/yusefbach/Projekte/studynexus/frontend/node_modules/react-dom/cjs/react-dom.development.js:26473:7)
          at recoverFromConcurrentError (/Users/yusefbach/Projekte/studynexus/frontend/node_modules/react-dom/cjs/react-dom.development.js:25889:20)
          at performConcurrentWorkOnRoot (/Users/yusefbach/Projekte/studynexus/frontend/node_modules/react-dom/cjs/react-dom.development.js:25789:22)
          at flushActQueue (/Users/yusefbach/Projekte/studynexus/frontend/node_modules/react/cjs/react.development.js:2667:24)
          at act (/Users/yusefbach/Projekte/studynexus/frontend/node_modules/react/cjs/react.development.js:2582:11)
          at /Users/yusefbach/Projekte/studynexus/frontend/node_modules/@testing-library/react/dist/act-compat.js:47:25
          at renderRoot (/Users/yusefbach/Projekte/studynexus/frontend/node_modules/@testing-library/react/dist/pure.js:180:26)
          at render (/Users/yusefbach/Projekte/studynexus/frontend/node_modules/@testing-library/react/dist/pure.js:271:10)
          at Object.<anonymous> (/Users/yusefbach/Projekte/studynexus/frontend/src/components/study/__tests__/AddModuleModal.test.tsx:135:11)
          at Promise.then.completed (/Users/yusefbach/Projekte/studynexus/frontend/node_modules/jest-circus/build/utils.js:298:28)
          at new Promise (<anonymous>)
          at callAsyncCircusFn (/Users/yusefbach/Projekte/studynexus/frontend/node_modules/jest-circus/build/utils.js:231:10)
          at _callCircusTest (/Users/yusefbach/Projekte/studynexus/frontend/node_modules/jest-circus/build/run.js:316:40)
          at processTicksAndRejections (node:internal/process/task_queues:104:5)
          at _runTest (/Users/yusefbach/Projekte/studynexus/frontend/node_modules/jest-circus/build/run.js:252:3)
          at _runTestsForDescribeBlock (/Users/yusefbach/Projekte/studynexus/frontend/node_modules/jest-circus/build/run.js:126:9)
          at _runTestsForDescribeBlock (/Users/yusefbach/Projekte/studynexus/frontend/node_modules/jest-circus/build/run.js:121:9)
          at run (/Users/yusefbach/Projekte/studynexus/frontend/node_modules/jest-circus/build/run.js:71:3)
          at runAndTransformResultsToJestFormat (/Users/yusefbach/Projekte/studynexus/frontend/node_modules/jest-circus/build/legacy-code-todo-rewrite/jestAdapterInit.js:122:21)
          at jestAdapter (/Users/yusefbach/Projekte/studynexus/frontend/node_modules/jest-circus/build/legacy-code-todo-rewrite/jestAdapter.js:79:19)
          at runTestInternal (/Users/yusefbach/Projekte/studynexus/frontend/node_modules/jest-runner/build/runTest.js:367:16)
          at runTest (/Users/yusefbach/Projekte/studynexus/frontend/node_modules/jest-runner/build/runTest.js:444:34)
          at Object.worker (/Users/yusefbach/Projekte/studynexus/frontend/node_modules/jest-runner/build/testWorker.js:106:12) {
        detail: Error: No QueryClient set, use QueryClientProvider to set one
            at useQueryClient (/Users/yusefbach/Projekte/studynexus/frontend/node_modules/@tanstack/react-query/src/QueryClientProvider.tsx:18:11)
            at useAddModule (/Users/yusefbach/Projekte/studynexus/frontend/src/hooks/queries/useAddModule.ts:14:37)
            at AddModuleModal (/Users/yusefbach/Projekte/studynexus/frontend/src/components/study/AddModuleModal.tsx:51:33)
            at renderWithHooks (/Users/yusefbach/Projekte/studynexus/frontend/node_modules/react-dom/cjs/react-dom.development.js:15486:18)
            at mountIndeterminateComponent (/Users/yusefbach/Projekte/studynexus/frontend/node_modules/react-dom/cjs/react-dom.development.js:20103:13)
            at beginWork (/Users/yusefbach/Projekte/studynexus/frontend/node_modules/react-dom/cjs/react-dom.development.js:21626:16)
            at HTMLUnknownElement.callCallback (/Users/yusefbach/Projekte/studynexus/frontend/node_modules/react-dom/cjs/react-dom.development.js:4164:14)
            at HTMLUnknownElement.callTheUserObjectsOperation (/Users/yusefbach/Projekte/studynexus/frontend/node_modules/jsdom/lib/jsdom/living/generated/EventListener.js:26:30)
            at innerInvokeEventListeners (/Users/yusefbach/Projekte/studynexus/frontend/node_modules/jsdom/lib/jsdom/living/events/EventTarget-impl.js:350:25)
            at invokeEventListeners (/Users/yusefbach/Projekte/studynexus/frontend/node_modules/jsdom/lib/jsdom/living/events/EventTarget-impl.js:286:3)
            at HTMLUnknownElementImpl._dispatch (/Users/yusefbach/Projekte/studynexus/frontend/node_modules/jsdom/lib/jsdom/living/events/EventTarget-impl.js:233:9)
            at HTMLUnknownElementImpl.dispatchEvent (/Users/yusefbach/Projekte/studynexus/frontend/node_modules/jsdom/lib/jsdom/living/events/EventTarget-impl.js:104:17)
            at HTMLUnknownElement.dispatchEvent (/Users/yusefbach/Projekte/studynexus/frontend/node_modules/jsdom/lib/jsdom/living/generated/EventTarget.js:241:34)
            at Object.invokeGuardedCallbackDev (/Users/yusefbach/Projekte/studynexus/frontend/node_modules/react-dom/cjs/react-dom.development.js:4213:16)
            at invokeGuardedCallback (/Users/yusefbach/Projekte/studynexus/frontend/node_modules/react-dom/cjs/react-dom.development.js:4277:31)
            at beginWork$1 (/Users/yusefbach/Projekte/studynexus/frontend/node_modules/react-dom/cjs/react-dom.development.js:27490:7)
            at performUnitOfWork (/Users/yusefbach/Projekte/studynexus/frontend/node_modules/react-dom/cjs/react-dom.development.js:26599:12)
            at workLoopSync (/Users/yusefbach/Projekte/studynexus/frontend/node_modules/react-dom/cjs/react-dom.development.js:26505:5)
            at renderRootSync (/Users/yusefbach/Projekte/studynexus/frontend/node_modules/react-dom/cjs/react-dom.development.js:26473:7)
            at recoverFromConcurrentError (/Users/yusefbach/Projekte/studynexus/frontend/node_modules/react-dom/cjs/react-dom.development.js:25889:20)
            at performConcurrentWorkOnRoot (/Users/yusefbach/Projekte/studynexus/frontend/node_modules/react-dom/cjs/react-dom.development.js:25789:22)
            at flushActQueue (/Users/yusefbach/Projekte/studynexus/frontend/node_modules/react/cjs/react.development.js:2667:24)
            at act (/Users/yusefbach/Projekte/studynexus/frontend/node_modules/react/cjs/react.development.js:2582:11)
            at /Users/yusefbach/Projekte/studynexus/frontend/node_modules/@testing-library/react/dist/act-compat.js:47:25
            at renderRoot (/Users/yusefbach/Projekte/studynexus/frontend/node_modules/@testing-library/react/dist/pure.js:180:26)
            at render (/Users/yusefbach/Projekte/studynexus/frontend/node_modules/@testing-library/react/dist/pure.js:271:10)
            at Object.<anonymous> (/Users/yusefbach/Projekte/studynexus/frontend/src/components/study/__tests__/AddModuleModal.test.tsx:135:11)
            at Promise.then.completed (/Users/yusefbach/Projekte/studynexus/frontend/node_modules/jest-circus/build/utils.js:298:28)
            at new Promise (<anonymous>)
            at callAsyncCircusFn (/Users/yusefbach/Projekte/studynexus/frontend/node_modules/jest-circus/build/utils.js:231:10)
            at _callCircusTest (/Users/yusefbach/Projekte/studynexus/frontend/node_modules/jest-circus/build/run.js:316:40)
            at processTicksAndRejections (node:internal/process/task_queues:104:5)
            at _runTest (/Users/yusefbach/Projekte/studynexus/frontend/node_modules/jest-circus/build/run.js:252:3)
            at _runTestsForDescribeBlock (/Users/yusefbach/Projekte/studynexus/frontend/node_modules/jest-circus/build/run.js:126:9)
            at _runTestsForDescribeBlock (/Users/yusefbach/Projekte/studynexus/frontend/node_modules/jest-circus/build/run.js:121:9)
            at run (/Users/yusefbach/Projekte/studynexus/frontend/node_modules/jest-circus/build/run.js:71:3)
            at runAndTransformResultsToJestFormat (/Users/yusefbach/Projekte/studynexus/frontend/node_modules/jest-circus/build/legacy-code-todo-rewrite/jestAdapterInit.js:122:21)
            at jestAdapter (/Users/yusefbach/Projekte/studynexus/frontend/node_modules/jest-circus/build/legacy-code-todo-rewrite/jestAdapter.js:79:19)
            at runTestInternal (/Users/yusefbach/Projekte/studynexus/frontend/node_modules/jest-runner/build/runTest.js:367:16)
            at runTest (/Users/yusefbach/Projekte/studynexus/frontend/node_modules/jest-runner/build/runTest.js:444:34)
            at Object.worker (/Users/yusefbach/Projekte/studynexus/frontend/node_modules/jest-runner/build/testWorker.js:106:12),
        type: 'unhandled exception'
      }

      133 |
      134 |     const onAdded = jest.fn();
    > 135 |     render(<AddModuleModal alreadyAddedModuleIds={emptyIds} onClose={noopClose} onAdded={onAdded} />);
          |           ^
      136 |     await waitFor(() => screen.getByText(/Machine Learning/));
      137 |
      138 |     fireEvent.click(screen.getByDisplayValue("custom"));

      at VirtualConsole.<anonymous> (node_modules/jest-environment-jsdom/build/index.js:63:23)
      at reportException (node_modules/jsdom/lib/jsdom/living/helpers/runtime-script-errors.js:70:28)
      at innerInvokeEventListeners (node_modules/jsdom/lib/jsdom/living/events/EventTarget-impl.js:353:9)
      at invokeEventListeners (node_modules/jsdom/lib/jsdom/living/events/EventTarget-impl.js:286:3)
      at HTMLUnknownElementImpl._dispatch (node_modules/jsdom/lib/jsdom/living/events/EventTarget-impl.js:233:9)
      at HTMLUnknownElementImpl.dispatchEvent (node_modules/jsdom/lib/jsdom/living/events/EventTarget-impl.js:104:17)
      at HTMLUnknownElement.dispatchEvent (node_modules/jsdom/lib/jsdom/living/generated/EventTarget.js:241:34)
      at Object.invokeGuardedCallbackDev (node_modules/react-dom/cjs/react-dom.development.js:4213:16)
      at invokeGuardedCallback (node_modules/react-dom/cjs/react-dom.development.js:4277:31)
      at beginWork$1 (node_modules/react-dom/cjs/react-dom.development.js:27490:7)
      at performUnitOfWork (node_modules/react-dom/cjs/react-dom.development.js:26599:12)
      at workLoopSync (node_modules/react-dom/cjs/react-dom.development.js:26505:5)
      at renderRootSync (node_modules/react-dom/cjs/react-dom.development.js:26473:7)
      at recoverFromConcurrentError (node_modules/react-dom/cjs/react-dom.development.js:25889:20)
      at performConcurrentWorkOnRoot (node_modules/react-dom/cjs/react-dom.development.js:25789:22)
      at flushActQueue (node_modules/react/cjs/react.development.js:2667:24)
      at act (node_modules/react/cjs/react.development.js:2582:11)
      at node_modules/@testing-library/react/dist/act-compat.js:47:25
      at renderRoot (node_modules/@testing-library/react/dist/pure.js:180:26)
      at render (node_modules/@testing-library/react/dist/pure.js:271:10)
      at Object.<anonymous> (src/components/study/__tests__/AddModuleModal.test.tsx:135:11)

    console.error
      The above error occurred in the <AddModuleModal> component:
      
          at alreadyAddedModuleIds (/Users/yusefbach/Projekte/studynexus/frontend/src/components/study/AddModuleModal.tsx:37:34)
      
      Consider adding an error boundary to your tree to customize error handling behavior.
      Visit https://reactjs.org/link/error-boundaries to learn more about error boundaries.

      133 |
      134 |     const onAdded = jest.fn();
    > 135 |     render(<AddModuleModal alreadyAddedModuleIds={emptyIds} onClose={noopClose} onAdded={onAdded} />);
          |           ^
      136 |     await waitFor(() => screen.getByText(/Machine Learning/));
      137 |
      138 |     fireEvent.click(screen.getByDisplayValue("custom"));

      at logCapturedError (node_modules/react-dom/cjs/react-dom.development.js:18704:23)
      at update.callback (node_modules/react-dom/cjs/react-dom.development.js:18737:5)
      at callCallback (node_modules/react-dom/cjs/react-dom.development.js:15036:12)
      at commitUpdateQueue (node_modules/react-dom/cjs/react-dom.development.js:15057:9)
      at commitLayoutEffectOnFiber (node_modules/react-dom/cjs/react-dom.development.js:23430:13)
      at commitLayoutMountEffects_complete (node_modules/react-dom/cjs/react-dom.development.js:24727:9)
      at commitLayoutEffects_begin (node_modules/react-dom/cjs/react-dom.development.js:24713:7)
      at commitLayoutEffects (node_modules/react-dom/cjs/react-dom.development.js:24651:3)
      at commitRootImpl (node_modules/react-dom/cjs/react-dom.development.js:26862:5)
      at commitRoot (node_modules/react-dom/cjs/react-dom.development.js:26721:5)
      at finishConcurrentRender (node_modules/react-dom/cjs/react-dom.development.js:25931:9)
      at performConcurrentWorkOnRoot (node_modules/react-dom/cjs/react-dom.development.js:25848:7)
      at flushActQueue (node_modules/react/cjs/react.development.js:2667:24)
      at act (node_modules/react/cjs/react.development.js:2582:11)
      at node_modules/@testing-library/react/dist/act-compat.js:47:25
      at renderRoot (node_modules/@testing-library/react/dist/pure.js:180:26)
      at render (node_modules/@testing-library/react/dist/pure.js:271:10)
      at Object.<anonymous> (src/components/study/__tests__/AddModuleModal.test.tsx:135:11)

    console.error
      Error: Uncaught [Error: No QueryClient set, use QueryClientProvider to set one]
          at reportException (/Users/yusefbach/Projekte/studynexus/frontend/node_modules/jsdom/lib/jsdom/living/helpers/runtime-script-errors.js:66:24)
          at innerInvokeEventListeners (/Users/yusefbach/Projekte/studynexus/frontend/node_modules/jsdom/lib/jsdom/living/events/EventTarget-impl.js:353:9)
          at invokeEventListeners (/Users/yusefbach/Projekte/studynexus/frontend/node_modules/jsdom/lib/jsdom/living/events/EventTarget-impl.js:286:3)
          at HTMLUnknownElementImpl._dispatch (/Users/yusefbach/Projekte/studynexus/frontend/node_modules/jsdom/lib/jsdom/living/events/EventTarget-impl.js:233:9)
          at HTMLUnknownElementImpl.dispatchEvent (/Users/yusefbach/Projekte/studynexus/frontend/node_modules/jsdom/lib/jsdom/living/events/EventTarget-impl.js:104:17)
          at HTMLUnknownElement.dispatchEvent (/Users/yusefbach/Projekte/studynexus/frontend/node_modules/jsdom/lib/jsdom/living/generated/EventTarget.js:241:34)
          at Object.invokeGuardedCallbackDev (/Users/yusefbach/Projekte/studynexus/frontend/node_modules/react-dom/cjs/react-dom.development.js:4213:16)
          at invokeGuardedCallback (/Users/yusefbach/Projekte/studynexus/frontend/node_modules/react-dom/cjs/react-dom.development.js:4277:31)
          at beginWork$1 (/Users/yusefbach/Projekte/studynexus/frontend/node_modules/react-dom/cjs/react-dom.development.js:27490:7)
          at performUnitOfWork (/Users/yusefbach/Projekte/studynexus/frontend/node_modules/react-dom/cjs/react-dom.development.js:26599:12)
          at workLoopSync (/Users/yusefbach/Projekte/studynexus/frontend/node_modules/react-dom/cjs/react-dom.development.js:26505:5)
          at renderRootSync (/Users/yusefbach/Projekte/studynexus/frontend/node_modules/react-dom/cjs/react-dom.development.js:26473:7)
          at performConcurrentWorkOnRoot (/Users/yusefbach/Projekte/studynexus/frontend/node_modules/react-dom/cjs/react-dom.development.js:25777:74)
          at flushActQueue (/Users/yusefbach/Projekte/studynexus/frontend/node_modules/react/cjs/react.development.js:2667:24)
          at act (/Users/yusefbach/Projekte/studynexus/frontend/node_modules/react/cjs/react.development.js:2582:11)
          at /Users/yusefbach/Projekte/studynexus/frontend/node_modules/@testing-library/react/dist/act-compat.js:47:25
          at renderRoot (/Users/yusefbach/Projekte/studynexus/frontend/node_modules/@testing-library/react/dist/pure.js:180:26)
          at render (/Users/yusefbach/Projekte/studynexus/frontend/node_modules/@testing-library/react/dist/pure.js:271:10)
          at Object.<anonymous> (/Users/yusefbach/Projekte/studynexus/frontend/src/components/study/__tests__/AddModuleModal.test.tsx:158:11)
          at Promise.then.completed (/Users/yusefbach/Projekte/studynexus/frontend/node_modules/jest-circus/build/utils.js:298:28)
          at new Promise (<anonymous>)
          at callAsyncCircusFn (/Users/yusefbach/Projekte/studynexus/frontend/node_modules/jest-circus/build/utils.js:231:10)
          at _callCircusTest (/Users/yusefbach/Projekte/studynexus/frontend/node_modules/jest-circus/build/run.js:316:40)
          at processTicksAndRejections (node:internal/process/task_queues:104:5)
          at _runTest (/Users/yusefbach/Projekte/studynexus/frontend/node_modules/jest-circus/build/run.js:252:3)
          at _runTestsForDescribeBlock (/Users/yusefbach/Projekte/studynexus/frontend/node_modules/jest-circus/build/run.js:126:9)
          at _runTestsForDescribeBlock (/Users/yusefbach/Projekte/studynexus/frontend/node_modules/jest-circus/build/run.js:121:9)
          at run (/Users/yusefbach/Projekte/studynexus/frontend/node_modules/jest-circus/build/run.js:71:3)
          at runAndTransformResultsToJestFormat (/Users/yusefbach/Projekte/studynexus/frontend/node_modules/jest-circus/build/legacy-code-todo-rewrite/jestAdapterInit.js:122:21)
          at jestAdapter (/Users/yusefbach/Projekte/studynexus/frontend/node_modules/jest-circus/build/legacy-code-todo-rewrite/jestAdapter.js:79:19)
          at runTestInternal (/Users/yusefbach/Projekte/studynexus/frontend/node_modules/jest-runner/build/runTest.js:367:16)
          at runTest (/Users/yusefbach/Projekte/studynexus/frontend/node_modules/jest-runner/build/runTest.js:444:34)
          at Object.worker (/Users/yusefbach/Projekte/studynexus/frontend/node_modules/jest-runner/build/testWorker.js:106:12) {
        detail: Error: No QueryClient set, use QueryClientProvider to set one
            at useQueryClient (/Users/yusefbach/Projekte/studynexus/frontend/node_modules/@tanstack/react-query/src/QueryClientProvider.tsx:18:11)
            at useAddModule (/Users/yusefbach/Projekte/studynexus/frontend/src/hooks/queries/useAddModule.ts:14:37)
            at AddModuleModal (/Users/yusefbach/Projekte/studynexus/frontend/src/components/study/AddModuleModal.tsx:51:33)
            at renderWithHooks (/Users/yusefbach/Projekte/studynexus/frontend/node_modules/react-dom/cjs/react-dom.development.js:15486:18)
            at mountIndeterminateComponent (/Users/yusefbach/Projekte/studynexus/frontend/node_modules/react-dom/cjs/react-dom.development.js:20103:13)
            at beginWork (/Users/yusefbach/Projekte/studynexus/frontend/node_modules/react-dom/cjs/react-dom.development.js:21626:16)
            at HTMLUnknownElement.callCallback (/Users/yusefbach/Projekte/studynexus/frontend/node_modules/react-dom/cjs/react-dom.development.js:4164:14)
            at HTMLUnknownElement.callTheUserObjectsOperation (/Users/yusefbach/Projekte/studynexus/frontend/node_modules/jsdom/lib/jsdom/living/generated/EventListener.js:26:30)
            at innerInvokeEventListeners (/Users/yusefbach/Projekte/studynexus/frontend/node_modules/jsdom/lib/jsdom/living/events/EventTarget-impl.js:350:25)
            at invokeEventListeners (/Users/yusefbach/Projekte/studynexus/frontend/node_modules/jsdom/lib/jsdom/living/events/EventTarget-impl.js:286:3)
            at HTMLUnknownElementImpl._dispatch (/Users/yusefbach/Projekte/studynexus/frontend/node_modules/jsdom/lib/jsdom/living/events/EventTarget-impl.js:233:9)
            at HTMLUnknownElementImpl.dispatchEvent (/Users/yusefbach/Projekte/studynexus/frontend/node_modules/jsdom/lib/jsdom/living/events/EventTarget-impl.js:104:17)
            at HTMLUnknownElement.dispatchEvent (/Users/yusefbach/Projekte/studynexus/frontend/node_modules/jsdom/lib/jsdom/living/generated/EventTarget.js:241:34)
            at Object.invokeGuardedCallbackDev (/Users/yusefbach/Projekte/studynexus/frontend/node_modules/react-dom/cjs/react-dom.development.js:4213:16)
            at invokeGuardedCallback (/Users/yusefbach/Projekte/studynexus/frontend/node_modules/react-dom/cjs/react-dom.development.js:4277:31)
            at beginWork$1 (/Users/yusefbach/Projekte/studynexus/frontend/node_modules/react-dom/cjs/react-dom.development.js:27490:7)
            at performUnitOfWork (/Users/yusefbach/Projekte/studynexus/frontend/node_modules/react-dom/cjs/react-dom.development.js:26599:12)
            at workLoopSync (/Users/yusefbach/Projekte/studynexus/frontend/node_modules/react-dom/cjs/react-dom.development.js:26505:5)
            at renderRootSync (/Users/yusefbach/Projekte/studynexus/frontend/node_modules/react-dom/cjs/react-dom.development.js:26473:7)
            at performConcurrentWorkOnRoot (/Users/yusefbach/Projekte/studynexus/frontend/node_modules/react-dom/cjs/react-dom.development.js:25777:74)
            at flushActQueue (/Users/yusefbach/Projekte/studynexus/frontend/node_modules/react/cjs/react.development.js:2667:24)
            at act (/Users/yusefbach/Projekte/studynexus/frontend/node_modules/react/cjs/react.development.js:2582:11)
            at /Users/yusefbach/Projekte/studynexus/frontend/node_modules/@testing-library/react/dist/act-compat.js:47:25
            at renderRoot (/Users/yusefbach/Projekte/studynexus/frontend/node_modules/@testing-library/react/dist/pure.js:180:26)
            at render (/Users/yusefbach/Projekte/studynexus/frontend/node_modules/@testing-library/react/dist/pure.js:271:10)
            at Object.<anonymous> (/Users/yusefbach/Projekte/studynexus/frontend/src/components/study/__tests__/AddModuleModal.test.tsx:158:11)
            at Promise.then.completed (/Users/yusefbach/Projekte/studynexus/frontend/node_modules/jest-circus/build/utils.js:298:28)
            at new Promise (<anonymous>)
            at callAsyncCircusFn (/Users/yusefbach/Projekte/studynexus/frontend/node_modules/jest-circus/build/utils.js:231:10)
            at _callCircusTest (/Users/yusefbach/Projekte/studynexus/frontend/node_modules/jest-circus/build/run.js:316:40)
            at processTicksAndRejections (node:internal/process/task_queues:104:5)
            at _runTest (/Users/yusefbach/Projekte/studynexus/frontend/node_modules/jest-circus/build/run.js:252:3)
            at _runTestsForDescribeBlock (/Users/yusefbach/Projekte/studynexus/frontend/node_modules/jest-circus/build/run.js:126:9)
            at _runTestsForDescribeBlock (/Users/yusefbach/Projekte/studynexus/frontend/node_modules/jest-circus/build/run.js:121:9)
            at run (/Users/yusefbach/Projekte/studynexus/frontend/node_modules/jest-circus/build/run.js:71:3)
            at runAndTransformResultsToJestFormat (/Users/yusefbach/Projekte/studynexus/frontend/node_modules/jest-circus/build/legacy-code-todo-rewrite/jestAdapterInit.js:122:21)
            at jestAdapter (/Users/yusefbach/Projekte/studynexus/frontend/node_modules/jest-circus/build/legacy-code-todo-rewrite/jestAdapter.js:79:19)
            at runTestInternal (/Users/yusefbach/Projekte/studynexus/frontend/node_modules/jest-runner/build/runTest.js:367:16)
            at runTest (/Users/yusefbach/Projekte/studynexus/frontend/node_modules/jest-runner/build/runTest.js:444:34)
            at Object.worker (/Users/yusefbach/Projekte/studynexus/frontend/node_modules/jest-runner/build/testWorker.js:106:12),
        type: 'unhandled exception'
      }

      156 |       .mockResolvedValueOnce({ ok: false, json: async () => ({ detail: "Modul bereits vorhanden" }) });
      157 |
    > 158 |     render(<AddModuleModal alreadyAddedModuleIds={emptyIds} onClose={noopClose} onAdded={noopAdded} />);
          |           ^
      159 |     await waitFor(() => screen.getByText(/Machine Learning/));
      160 |
      161 |     fireEvent.change(screen.getByRole("combobox"), { target: { value: "wpm-1" } });

      at VirtualConsole.<anonymous> (node_modules/jest-environment-jsdom/build/index.js:63:23)
      at reportException (node_modules/jsdom/lib/jsdom/living/helpers/runtime-script-errors.js:70:28)
      at innerInvokeEventListeners (node_modules/jsdom/lib/jsdom/living/events/EventTarget-impl.js:353:9)
      at invokeEventListeners (node_modules/jsdom/lib/jsdom/living/events/EventTarget-impl.js:286:3)
      at HTMLUnknownElementImpl._dispatch (node_modules/jsdom/lib/jsdom/living/events/EventTarget-impl.js:233:9)
      at HTMLUnknownElementImpl.dispatchEvent (node_modules/jsdom/lib/jsdom/living/events/EventTarget-impl.js:104:17)
      at HTMLUnknownElement.dispatchEvent (node_modules/jsdom/lib/jsdom/living/generated/EventTarget.js:241:34)
      at Object.invokeGuardedCallbackDev (node_modules/react-dom/cjs/react-dom.development.js:4213:16)
      at invokeGuardedCallback (node_modules/react-dom/cjs/react-dom.development.js:4277:31)
      at beginWork$1 (node_modules/react-dom/cjs/react-dom.development.js:27490:7)
      at performUnitOfWork (node_modules/react-dom/cjs/react-dom.development.js:26599:12)
      at workLoopSync (node_modules/react-dom/cjs/react-dom.development.js:26505:5)
      at renderRootSync (node_modules/react-dom/cjs/react-dom.development.js:26473:7)
      at performConcurrentWorkOnRoot (node_modules/react-dom/cjs/react-dom.development.js:25777:74)
      at flushActQueue (node_modules/react/cjs/react.development.js:2667:24)
      at act (node_modules/react/cjs/react.development.js:2582:11)
      at node_modules/@testing-library/react/dist/act-compat.js:47:25
      at renderRoot (node_modules/@testing-library/react/dist/pure.js:180:26)
      at render (node_modules/@testing-library/react/dist/pure.js:271:10)
      at Object.<anonymous> (src/components/study/__tests__/AddModuleModal.test.tsx:158:11)

    console.error
      Error: Uncaught [Error: No QueryClient set, use QueryClientProvider to set one]
          at reportException (/Users/yusefbach/Projekte/studynexus/frontend/node_modules/jsdom/lib/jsdom/living/helpers/runtime-script-errors.js:66:24)
          at innerInvokeEventListeners (/Users/yusefbach/Projekte/studynexus/frontend/node_modules/jsdom/lib/jsdom/living/events/EventTarget-impl.js:353:9)
          at invokeEventListeners (/Users/yusefbach/Projekte/studynexus/frontend/node_modules/jsdom/lib/jsdom/living/events/EventTarget-impl.js:286:3)
          at HTMLUnknownElementImpl._dispatch (/Users/yusefbach/Projekte/studynexus/frontend/node_modules/jsdom/lib/jsdom/living/events/EventTarget-impl.js:233:9)
          at HTMLUnknownElementImpl.dispatchEvent (/Users/yusefbach/Projekte/studynexus/frontend/node_modules/jsdom/lib/jsdom/living/events/EventTarget-impl.js:104:17)
          at HTMLUnknownElement.dispatchEvent (/Users/yusefbach/Projekte/studynexus/frontend/node_modules/jsdom/lib/jsdom/living/generated/EventTarget.js:241:34)
          at Object.invokeGuardedCallbackDev (/Users/yusefbach/Projekte/studynexus/frontend/node_modules/react-dom/cjs/react-dom.development.js:4213:16)
          at invokeGuardedCallback (/Users/yusefbach/Projekte/studynexus/frontend/node_modules/react-dom/cjs/react-dom.development.js:4277:31)
          at beginWork$1 (/Users/yusefbach/Projekte/studynexus/frontend/node_modules/react-dom/cjs/react-dom.development.js:27490:7)
          at performUnitOfWork (/Users/yusefbach/Projekte/studynexus/frontend/node_modules/react-dom/cjs/react-dom.development.js:26599:12)
          at workLoopSync (/Users/yusefbach/Projekte/studynexus/frontend/node_modules/react-dom/cjs/react-dom.development.js:26505:5)
          at renderRootSync (/Users/yusefbach/Projekte/studynexus/frontend/node_modules/react-dom/cjs/react-dom.development.js:26473:7)
          at recoverFromConcurrentError (/Users/yusefbach/Projekte/studynexus/frontend/node_modules/react-dom/cjs/react-dom.development.js:25889:20)
          at performConcurrentWorkOnRoot (/Users/yusefbach/Projekte/studynexus/frontend/node_modules/react-dom/cjs/react-dom.development.js:25789:22)
          at flushActQueue (/Users/yusefbach/Projekte/studynexus/frontend/node_modules/react/cjs/react.development.js:2667:24)
          at act (/Users/yusefbach/Projekte/studynexus/frontend/node_modules/react/cjs/react.development.js:2582:11)
          at /Users/yusefbach/Projekte/studynexus/frontend/node_modules/@testing-library/react/dist/act-compat.js:47:25
          at renderRoot (/Users/yusefbach/Projekte/studynexus/frontend/node_modules/@testing-library/react/dist/pure.js:180:26)
          at render (/Users/yusefbach/Projekte/studynexus/frontend/node_modules/@testing-library/react/dist/pure.js:271:10)
          at Object.<anonymous> (/Users/yusefbach/Projekte/studynexus/frontend/src/components/study/__tests__/AddModuleModal.test.tsx:158:11)
          at Promise.then.completed (/Users/yusefbach/Projekte/studynexus/frontend/node_modules/jest-circus/build/utils.js:298:28)
          at new Promise (<anonymous>)
          at callAsyncCircusFn (/Users/yusefbach/Projekte/studynexus/frontend/node_modules/jest-circus/build/utils.js:231:10)
          at _callCircusTest (/Users/yusefbach/Projekte/studynexus/frontend/node_modules/jest-circus/build/run.js:316:40)
          at processTicksAndRejections (node:internal/process/task_queues:104:5)
          at _runTest (/Users/yusefbach/Projekte/studynexus/frontend/node_modules/jest-circus/build/run.js:252:3)
          at _runTestsForDescribeBlock (/Users/yusefbach/Projekte/studynexus/frontend/node_modules/jest-circus/build/run.js:126:9)
          at _runTestsForDescribeBlock (/Users/yusefbach/Projekte/studynexus/frontend/node_modules/jest-circus/build/run.js:121:9)
          at run (/Users/yusefbach/Projekte/studynexus/frontend/node_modules/jest-circus/build/run.js:71:3)
          at runAndTransformResultsToJestFormat (/Users/yusefbach/Projekte/studynexus/frontend/node_modules/jest-circus/build/legacy-code-todo-rewrite/jestAdapterInit.js:122:21)
          at jestAdapter (/Users/yusefbach/Projekte/studynexus/frontend/node_modules/jest-circus/build/legacy-code-todo-rewrite/jestAdapter.js:79:19)
          at runTestInternal (/Users/yusefbach/Projekte/studynexus/frontend/node_modules/jest-runner/build/runTest.js:367:16)
          at runTest (/Users/yusefbach/Projekte/studynexus/frontend/node_modules/jest-runner/build/runTest.js:444:34)
          at Object.worker (/Users/yusefbach/Projekte/studynexus/frontend/node_modules/jest-runner/build/testWorker.js:106:12) {
        detail: Error: No QueryClient set, use QueryClientProvider to set one
            at useQueryClient (/Users/yusefbach/Projekte/studynexus/frontend/node_modules/@tanstack/react-query/src/QueryClientProvider.tsx:18:11)
            at useAddModule (/Users/yusefbach/Projekte/studynexus/frontend/src/hooks/queries/useAddModule.ts:14:37)
            at AddModuleModal (/Users/yusefbach/Projekte/studynexus/frontend/src/components/study/AddModuleModal.tsx:51:33)
            at renderWithHooks (/Users/yusefbach/Projekte/studynexus/frontend/node_modules/react-dom/cjs/react-dom.development.js:15486:18)
            at mountIndeterminateComponent (/Users/yusefbach/Projekte/studynexus/frontend/node_modules/react-dom/cjs/react-dom.development.js:20103:13)
            at beginWork (/Users/yusefbach/Projekte/studynexus/frontend/node_modules/react-dom/cjs/react-dom.development.js:21626:16)
            at HTMLUnknownElement.callCallback (/Users/yusefbach/Projekte/studynexus/frontend/node_modules/react-dom/cjs/react-dom.development.js:4164:14)
            at HTMLUnknownElement.callTheUserObjectsOperation (/Users/yusefbach/Projekte/studynexus/frontend/node_modules/jsdom/lib/jsdom/living/generated/EventListener.js:26:30)
            at innerInvokeEventListeners (/Users/yusefbach/Projekte/studynexus/frontend/node_modules/jsdom/lib/jsdom/living/events/EventTarget-impl.js:350:25)
            at invokeEventListeners (/Users/yusefbach/Projekte/studynexus/frontend/node_modules/jsdom/lib/jsdom/living/events/EventTarget-impl.js:286:3)
            at HTMLUnknownElementImpl._dispatch (/Users/yusefbach/Projekte/studynexus/frontend/node_modules/jsdom/lib/jsdom/living/events/EventTarget-impl.js:233:9)
            at HTMLUnknownElementImpl.dispatchEvent (/Users/yusefbach/Projekte/studynexus/frontend/node_modules/jsdom/lib/jsdom/living/events/EventTarget-impl.js:104:17)
            at HTMLUnknownElement.dispatchEvent (/Users/yusefbach/Projekte/studynexus/frontend/node_modules/jsdom/lib/jsdom/living/generated/EventTarget.js:241:34)
            at Object.invokeGuardedCallbackDev (/Users/yusefbach/Projekte/studynexus/frontend/node_modules/react-dom/cjs/react-dom.development.js:4213:16)
            at invokeGuardedCallback (/Users/yusefbach/Projekte/studynexus/frontend/node_modules/react-dom/cjs/react-dom.development.js:4277:31)
            at beginWork$1 (/Users/yusefbach/Projekte/studynexus/frontend/node_modules/react-dom/cjs/react-dom.development.js:27490:7)
            at performUnitOfWork (/Users/yusefbach/Projekte/studynexus/frontend/node_modules/react-dom/cjs/react-dom.development.js:26599:12)
            at workLoopSync (/Users/yusefbach/Projekte/studynexus/frontend/node_modules/react-dom/cjs/react-dom.development.js:26505:5)
            at renderRootSync (/Users/yusefbach/Projekte/studynexus/frontend/node_modules/react-dom/cjs/react-dom.development.js:26473:7)
            at recoverFromConcurrentError (/Users/yusefbach/Projekte/studynexus/frontend/node_modules/react-dom/cjs/react-dom.development.js:25889:20)
            at performConcurrentWorkOnRoot (/Users/yusefbach/Projekte/studynexus/frontend/node_modules/react-dom/cjs/react-dom.development.js:25789:22)
            at flushActQueue (/Users/yusefbach/Projekte/studynexus/frontend/node_modules/react/cjs/react.development.js:2667:24)
            at act (/Users/yusefbach/Projekte/studynexus/frontend/node_modules/react/cjs/react.development.js:2582:11)
            at /Users/yusefbach/Projekte/studynexus/frontend/node_modules/@testing-library/react/dist/act-compat.js:47:25
            at renderRoot (/Users/yusefbach/Projekte/studynexus/frontend/node_modules/@testing-library/react/dist/pure.js:180:26)
            at render (/Users/yusefbach/Projekte/studynexus/frontend/node_modules/@testing-library/react/dist/pure.js:271:10)
            at Object.<anonymous> (/Users/yusefbach/Projekte/studynexus/frontend/src/components/study/__tests__/AddModuleModal.test.tsx:158:11)
            at Promise.then.completed (/Users/yusefbach/Projekte/studynexus/frontend/node_modules/jest-circus/build/utils.js:298:28)
            at new Promise (<anonymous>)
            at callAsyncCircusFn (/Users/yusefbach/Projekte/studynexus/frontend/node_modules/jest-circus/build/utils.js:231:10)
            at _callCircusTest (/Users/yusefbach/Projekte/studynexus/frontend/node_modules/jest-circus/build/run.js:316:40)
            at processTicksAndRejections (node:internal/process/task_queues:104:5)
            at _runTest (/Users/yusefbach/Projekte/studynexus/frontend/node_modules/jest-circus/build/run.js:252:3)
            at _runTestsForDescribeBlock (/Users/yusefbach/Projekte/studynexus/frontend/node_modules/jest-circus/build/run.js:126:9)
            at _runTestsForDescribeBlock (/Users/yusefbach/Projekte/studynexus/frontend/node_modules/jest-circus/build/run.js:121:9)
            at run (/Users/yusefbach/Projekte/studynexus/frontend/node_modules/jest-circus/build/run.js:71:3)
            at runAndTransformResultsToJestFormat (/Users/yusefbach/Projekte/studynexus/frontend/node_modules/jest-circus/build/legacy-code-todo-rewrite/jestAdapterInit.js:122:21)
            at jestAdapter (/Users/yusefbach/Projekte/studynexus/frontend/node_modules/jest-circus/build/legacy-code-todo-rewrite/jestAdapter.js:79:19)
            at runTestInternal (/Users/yusefbach/Projekte/studynexus/frontend/node_modules/jest-runner/build/runTest.js:367:16)
            at runTest (/Users/yusefbach/Projekte/studynexus/frontend/node_modules/jest-runner/build/runTest.js:444:34)
            at Object.worker (/Users/yusefbach/Projekte/studynexus/frontend/node_modules/jest-runner/build/testWorker.js:106:12),
        type: 'unhandled exception'
      }

      156 |       .mockResolvedValueOnce({ ok: false, json: async () => ({ detail: "Modul bereits vorhanden" }) });
      157 |
    > 158 |     render(<AddModuleModal alreadyAddedModuleIds={emptyIds} onClose={noopClose} onAdded={noopAdded} />);
          |           ^
      159 |     await waitFor(() => screen.getByText(/Machine Learning/));
      160 |
      161 |     fireEvent.change(screen.getByRole("combobox"), { target: { value: "wpm-1" } });

      at VirtualConsole.<anonymous> (node_modules/jest-environment-jsdom/build/index.js:63:23)
      at reportException (node_modules/jsdom/lib/jsdom/living/helpers/runtime-script-errors.js:70:28)
      at innerInvokeEventListeners (node_modules/jsdom/lib/jsdom/living/events/EventTarget-impl.js:353:9)
      at invokeEventListeners (node_modules/jsdom/lib/jsdom/living/events/EventTarget-impl.js:286:3)
      at HTMLUnknownElementImpl._dispatch (node_modules/jsdom/lib/jsdom/living/events/EventTarget-impl.js:233:9)
      at HTMLUnknownElementImpl.dispatchEvent (node_modules/jsdom/lib/jsdom/living/events/EventTarget-impl.js:104:17)
      at HTMLUnknownElement.dispatchEvent (node_modules/jsdom/lib/jsdom/living/generated/EventTarget.js:241:34)
      at Object.invokeGuardedCallbackDev (node_modules/react-dom/cjs/react-dom.development.js:4213:16)
      at invokeGuardedCallback (node_modules/react-dom/cjs/react-dom.development.js:4277:31)
      at beginWork$1 (node_modules/react-dom/cjs/react-dom.development.js:27490:7)
      at performUnitOfWork (node_modules/react-dom/cjs/react-dom.development.js:26599:12)
      at workLoopSync (node_modules/react-dom/cjs/react-dom.development.js:26505:5)
      at renderRootSync (node_modules/react-dom/cjs/react-dom.development.js:26473:7)
      at recoverFromConcurrentError (node_modules/react-dom/cjs/react-dom.development.js:25889:20)
      at performConcurrentWorkOnRoot (node_modules/react-dom/cjs/react-dom.development.js:25789:22)
      at flushActQueue (node_modules/react/cjs/react.development.js:2667:24)
      at act (node_modules/react/cjs/react.development.js:2582:11)
      at node_modules/@testing-library/react/dist/act-compat.js:47:25
      at renderRoot (node_modules/@testing-library/react/dist/pure.js:180:26)
      at render (node_modules/@testing-library/react/dist/pure.js:271:10)
      at Object.<anonymous> (src/components/study/__tests__/AddModuleModal.test.tsx:158:11)

    console.error
      The above error occurred in the <AddModuleModal> component:
      
          at alreadyAddedModuleIds (/Users/yusefbach/Projekte/studynexus/frontend/src/components/study/AddModuleModal.tsx:37:34)
      
      Consider adding an error boundary to your tree to customize error handling behavior.
      Visit https://reactjs.org/link/error-boundaries to learn more about error boundaries.

      156 |       .mockResolvedValueOnce({ ok: false, json: async () => ({ detail: "Modul bereits vorhanden" }) });
      157 |
    > 158 |     render(<AddModuleModal alreadyAddedModuleIds={emptyIds} onClose={noopClose} onAdded={noopAdded} />);
          |           ^
      159 |     await waitFor(() => screen.getByText(/Machine Learning/));
      160 |
      161 |     fireEvent.change(screen.getByRole("combobox"), { target: { value: "wpm-1" } });

      at logCapturedError (node_modules/react-dom/cjs/react-dom.development.js:18704:23)
      at update.callback (node_modules/react-dom/cjs/react-dom.development.js:18737:5)
      at callCallback (node_modules/react-dom/cjs/react-dom.development.js:15036:12)
      at commitUpdateQueue (node_modules/react-dom/cjs/react-dom.development.js:15057:9)
      at commitLayoutEffectOnFiber (node_modules/react-dom/cjs/react-dom.development.js:23430:13)
      at commitLayoutMountEffects_complete (node_modules/react-dom/cjs/react-dom.development.js:24727:9)
      at commitLayoutEffects_begin (node_modules/react-dom/cjs/react-dom.development.js:24713:7)
      at commitLayoutEffects (node_modules/react-dom/cjs/react-dom.development.js:24651:3)
      at commitRootImpl (node_modules/react-dom/cjs/react-dom.development.js:26862:5)
      at commitRoot (node_modules/react-dom/cjs/react-dom.development.js:26721:5)
      at finishConcurrentRender (node_modules/react-dom/cjs/react-dom.development.js:25931:9)
      at performConcurrentWorkOnRoot (node_modules/react-dom/cjs/react-dom.development.js:25848:7)
      at flushActQueue (node_modules/react/cjs/react.development.js:2667:24)
      at act (node_modules/react/cjs/react.development.js:2582:11)
      at node_modules/@testing-library/react/dist/act-compat.js:47:25
      at renderRoot (node_modules/@testing-library/react/dist/pure.js:180:26)
      at render (node_modules/@testing-library/react/dist/pure.js:271:10)
      at Object.<anonymous> (src/components/study/__tests__/AddModuleModal.test.tsx:158:11)

    console.error
      Error: Uncaught [Error: No QueryClient set, use QueryClientProvider to set one]
          at reportException (/Users/yusefbach/Projekte/studynexus/frontend/node_modules/jsdom/lib/jsdom/living/helpers/runtime-script-errors.js:66:24)
          at innerInvokeEventListeners (/Users/yusefbach/Projekte/studynexus/frontend/node_modules/jsdom/lib/jsdom/living/events/EventTarget-impl.js:353:9)
          at invokeEventListeners (/Users/yusefbach/Projekte/studynexus/frontend/node_modules/jsdom/lib/jsdom/living/events/EventTarget-impl.js:286:3)
          at HTMLUnknownElementImpl._dispatch (/Users/yusefbach/Projekte/studynexus/frontend/node_modules/jsdom/lib/jsdom/living/events/EventTarget-impl.js:233:9)
          at HTMLUnknownElementImpl.dispatchEvent (/Users/yusefbach/Projekte/studynexus/frontend/node_modules/jsdom/lib/jsdom/living/events/EventTarget-impl.js:104:17)
          at HTMLUnknownElement.dispatchEvent (/Users/yusefbach/Projekte/studynexus/frontend/node_modules/jsdom/lib/jsdom/living/generated/EventTarget.js:241:34)
          at Object.invokeGuardedCallbackDev (/Users/yusefbach/Projekte/studynexus/frontend/node_modules/react-dom/cjs/react-dom.development.js:4213:16)
          at invokeGuardedCallback (/Users/yusefbach/Projekte/studynexus/frontend/node_modules/react-dom/cjs/react-dom.development.js:4277:31)
          at beginWork$1 (/Users/yusefbach/Projekte/studynexus/frontend/node_modules/react-dom/cjs/react-dom.development.js:27490:7)
          at performUnitOfWork (/Users/yusefbach/Projekte/studynexus/frontend/node_modules/react-dom/cjs/react-dom.development.js:26599:12)
          at workLoopSync (/Users/yusefbach/Projekte/studynexus/frontend/node_modules/react-dom/cjs/react-dom.development.js:26505:5)
          at renderRootSync (/Users/yusefbach/Projekte/studynexus/frontend/node_modules/react-dom/cjs/react-dom.development.js:26473:7)
          at performConcurrentWorkOnRoot (/Users/yusefbach/Projekte/studynexus/frontend/node_modules/react-dom/cjs/react-dom.development.js:25777:74)
          at flushActQueue (/Users/yusefbach/Projekte/studynexus/frontend/node_modules/react/cjs/react.development.js:2667:24)
          at act (/Users/yusefbach/Projekte/studynexus/frontend/node_modules/react/cjs/react.development.js:2582:11)
          at /Users/yusefbach/Projekte/studynexus/frontend/node_modules/@testing-library/react/dist/act-compat.js:47:25
          at renderRoot (/Users/yusefbach/Projekte/studynexus/frontend/node_modules/@testing-library/react/dist/pure.js:180:26)
          at render (/Users/yusefbach/Projekte/studynexus/frontend/node_modules/@testing-library/react/dist/pure.js:271:10)
          at Object.<anonymous> (/Users/yusefbach/Projekte/studynexus/frontend/src/components/study/__tests__/AddModuleModal.test.tsx:172:11)
          at Promise.then.completed (/Users/yusefbach/Projekte/studynexus/frontend/node_modules/jest-circus/build/utils.js:298:28)
          at new Promise (<anonymous>)
          at callAsyncCircusFn (/Users/yusefbach/Projekte/studynexus/frontend/node_modules/jest-circus/build/utils.js:231:10)
          at _callCircusTest (/Users/yusefbach/Projekte/studynexus/frontend/node_modules/jest-circus/build/run.js:316:40)
          at processTicksAndRejections (node:internal/process/task_queues:104:5)
          at _runTest (/Users/yusefbach/Projekte/studynexus/frontend/node_modules/jest-circus/build/run.js:252:3)
          at _runTestsForDescribeBlock (/Users/yusefbach/Projekte/studynexus/frontend/node_modules/jest-circus/build/run.js:126:9)
          at _runTestsForDescribeBlock (/Users/yusefbach/Projekte/studynexus/frontend/node_modules/jest-circus/build/run.js:121:9)
          at run (/Users/yusefbach/Projekte/studynexus/frontend/node_modules/jest-circus/build/run.js:71:3)
          at runAndTransformResultsToJestFormat (/Users/yusefbach/Projekte/studynexus/frontend/node_modules/jest-circus/build/legacy-code-todo-rewrite/jestAdapterInit.js:122:21)
          at jestAdapter (/Users/yusefbach/Projekte/studynexus/frontend/node_modules/jest-circus/build/legacy-code-todo-rewrite/jestAdapter.js:79:19)
          at runTestInternal (/Users/yusefbach/Projekte/studynexus/frontend/node_modules/jest-runner/build/runTest.js:367:16)
          at runTest (/Users/yusefbach/Projekte/studynexus/frontend/node_modules/jest-runner/build/runTest.js:444:34)
          at Object.worker (/Users/yusefbach/Projekte/studynexus/frontend/node_modules/jest-runner/build/testWorker.js:106:12) {
        detail: Error: No QueryClient set, use QueryClientProvider to set one
            at useQueryClient (/Users/yusefbach/Projekte/studynexus/frontend/node_modules/@tanstack/react-query/src/QueryClientProvider.tsx:18:11)
            at useAddModule (/Users/yusefbach/Projekte/studynexus/frontend/src/hooks/queries/useAddModule.ts:14:37)
            at AddModuleModal (/Users/yusefbach/Projekte/studynexus/frontend/src/components/study/AddModuleModal.tsx:51:33)
            at renderWithHooks (/Users/yusefbach/Projekte/studynexus/frontend/node_modules/react-dom/cjs/react-dom.development.js:15486:18)
            at mountIndeterminateComponent (/Users/yusefbach/Projekte/studynexus/frontend/node_modules/react-dom/cjs/react-dom.development.js:20103:13)
            at beginWork (/Users/yusefbach/Projekte/studynexus/frontend/node_modules/react-dom/cjs/react-dom.development.js:21626:16)
            at HTMLUnknownElement.callCallback (/Users/yusefbach/Projekte/studynexus/frontend/node_modules/react-dom/cjs/react-dom.development.js:4164:14)
            at HTMLUnknownElement.callTheUserObjectsOperation (/Users/yusefbach/Projekte/studynexus/frontend/node_modules/jsdom/lib/jsdom/living/generated/EventListener.js:26:30)
            at innerInvokeEventListeners (/Users/yusefbach/Projekte/studynexus/frontend/node_modules/jsdom/lib/jsdom/living/events/EventTarget-impl.js:350:25)
            at invokeEventListeners (/Users/yusefbach/Projekte/studynexus/frontend/node_modules/jsdom/lib/jsdom/living/events/EventTarget-impl.js:286:3)
            at HTMLUnknownElementImpl._dispatch (/Users/yusefbach/Projekte/studynexus/frontend/node_modules/jsdom/lib/jsdom/living/events/EventTarget-impl.js:233:9)
            at HTMLUnknownElementImpl.dispatchEvent (/Users/yusefbach/Projekte/studynexus/frontend/node_modules/jsdom/lib/jsdom/living/events/EventTarget-impl.js:104:17)
            at HTMLUnknownElement.dispatchEvent (/Users/yusefbach/Projekte/studynexus/frontend/node_modules/jsdom/lib/jsdom/living/generated/EventTarget.js:241:34)
            at Object.invokeGuardedCallbackDev (/Users/yusefbach/Projekte/studynexus/frontend/node_modules/react-dom/cjs/react-dom.development.js:4213:16)
            at invokeGuardedCallback (/Users/yusefbach/Projekte/studynexus/frontend/node_modules/react-dom/cjs/react-dom.development.js:4277:31)
            at beginWork$1 (/Users/yusefbach/Projekte/studynexus/frontend/node_modules/react-dom/cjs/react-dom.development.js:27490:7)
            at performUnitOfWork (/Users/yusefbach/Projekte/studynexus/frontend/node_modules/react-dom/cjs/react-dom.development.js:26599:12)
            at workLoopSync (/Users/yusefbach/Projekte/studynexus/frontend/node_modules/react-dom/cjs/react-dom.development.js:26505:5)
            at renderRootSync (/Users/yusefbach/Projekte/studynexus/frontend/node_modules/react-dom/cjs/react-dom.development.js:26473:7)
            at performConcurrentWorkOnRoot (/Users/yusefbach/Projekte/studynexus/frontend/node_modules/react-dom/cjs/react-dom.development.js:25777:74)
            at flushActQueue (/Users/yusefbach/Projekte/studynexus/frontend/node_modules/react/cjs/react.development.js:2667:24)
            at act (/Users/yusefbach/Projekte/studynexus/frontend/node_modules/react/cjs/react.development.js:2582:11)
            at /Users/yusefbach/Projekte/studynexus/frontend/node_modules/@testing-library/react/dist/act-compat.js:47:25
            at renderRoot (/Users/yusefbach/Projekte/studynexus/frontend/node_modules/@testing-library/react/dist/pure.js:180:26)
            at render (/Users/yusefbach/Projekte/studynexus/frontend/node_modules/@testing-library/react/dist/pure.js:271:10)
            at Object.<anonymous> (/Users/yusefbach/Projekte/studynexus/frontend/src/components/study/__tests__/AddModuleModal.test.tsx:172:11)
            at Promise.then.completed (/Users/yusefbach/Projekte/studynexus/frontend/node_modules/jest-circus/build/utils.js:298:28)
            at new Promise (<anonymous>)
            at callAsyncCircusFn (/Users/yusefbach/Projekte/studynexus/frontend/node_modules/jest-circus/build/utils.js:231:10)
            at _callCircusTest (/Users/yusefbach/Projekte/studynexus/frontend/node_modules/jest-circus/build/run.js:316:40)
            at processTicksAndRejections (node:internal/process/task_queues:104:5)
            at _runTest (/Users/yusefbach/Projekte/studynexus/frontend/node_modules/jest-circus/build/run.js:252:3)
            at _runTestsForDescribeBlock (/Users/yusefbach/Projekte/studynexus/frontend/node_modules/jest-circus/build/run.js:126:9)
            at _runTestsForDescribeBlock (/Users/yusefbach/Projekte/studynexus/frontend/node_modules/jest-circus/build/run.js:121:9)
            at run (/Users/yusefbach/Projekte/studynexus/frontend/node_modules/jest-circus/build/run.js:71:3)
            at runAndTransformResultsToJestFormat (/Users/yusefbach/Projekte/studynexus/frontend/node_modules/jest-circus/build/legacy-code-todo-rewrite/jestAdapterInit.js:122:21)
            at jestAdapter (/Users/yusefbach/Projekte/studynexus/frontend/node_modules/jest-circus/build/legacy-code-todo-rewrite/jestAdapter.js:79:19)
            at runTestInternal (/Users/yusefbach/Projekte/studynexus/frontend/node_modules/jest-runner/build/runTest.js:367:16)
            at runTest (/Users/yusefbach/Projekte/studynexus/frontend/node_modules/jest-runner/build/runTest.js:444:34)
            at Object.worker (/Users/yusefbach/Projekte/studynexus/frontend/node_modules/jest-runner/build/testWorker.js:106:12),
        type: 'unhandled exception'
      }

      170 |     mockFetchChain();
      171 |     const onClose = jest.fn();
    > 172 |     render(<AddModuleModal alreadyAddedModuleIds={emptyIds} onClose={onClose} onAdded={noopAdded} />);
          |           ^
      173 |     fireEvent.click(screen.getByText("dashboard.addModule.close"));
      174 |     expect(onClose).toHaveBeenCalledTimes(1);
      175 |   });

      at VirtualConsole.<anonymous> (node_modules/jest-environment-jsdom/build/index.js:63:23)
      at reportException (node_modules/jsdom/lib/jsdom/living/helpers/runtime-script-errors.js:70:28)
      at innerInvokeEventListeners (node_modules/jsdom/lib/jsdom/living/events/EventTarget-impl.js:353:9)
      at invokeEventListeners (node_modules/jsdom/lib/jsdom/living/events/EventTarget-impl.js:286:3)
      at HTMLUnknownElementImpl._dispatch (node_modules/jsdom/lib/jsdom/living/events/EventTarget-impl.js:233:9)
      at HTMLUnknownElementImpl.dispatchEvent (node_modules/jsdom/lib/jsdom/living/events/EventTarget-impl.js:104:17)
      at HTMLUnknownElement.dispatchEvent (node_modules/jsdom/lib/jsdom/living/generated/EventTarget.js:241:34)
      at Object.invokeGuardedCallbackDev (node_modules/react-dom/cjs/react-dom.development.js:4213:16)
      at invokeGuardedCallback (node_modules/react-dom/cjs/react-dom.development.js:4277:31)
      at beginWork$1 (node_modules/react-dom/cjs/react-dom.development.js:27490:7)
      at performUnitOfWork (node_modules/react-dom/cjs/react-dom.development.js:26599:12)
      at workLoopSync (node_modules/react-dom/cjs/react-dom.development.js:26505:5)
      at renderRootSync (node_modules/react-dom/cjs/react-dom.development.js:26473:7)
      at performConcurrentWorkOnRoot (node_modules/react-dom/cjs/react-dom.development.js:25777:74)
      at flushActQueue (node_modules/react/cjs/react.development.js:2667:24)
      at act (node_modules/react/cjs/react.development.js:2582:11)
      at node_modules/@testing-library/react/dist/act-compat.js:47:25
      at renderRoot (node_modules/@testing-library/react/dist/pure.js:180:26)
      at render (node_modules/@testing-library/react/dist/pure.js:271:10)
      at Object.<anonymous> (src/components/study/__tests__/AddModuleModal.test.tsx:172:11)

    console.error
      Error: Uncaught [Error: No QueryClient set, use QueryClientProvider to set one]
          at reportException (/Users/yusefbach/Projekte/studynexus/frontend/node_modules/jsdom/lib/jsdom/living/helpers/runtime-script-errors.js:66:24)
          at innerInvokeEventListeners (/Users/yusefbach/Projekte/studynexus/frontend/node_modules/jsdom/lib/jsdom/living/events/EventTarget-impl.js:353:9)
          at invokeEventListeners (/Users/yusefbach/Projekte/studynexus/frontend/node_modules/jsdom/lib/jsdom/living/events/EventTarget-impl.js:286:3)
          at HTMLUnknownElementImpl._dispatch (/Users/yusefbach/Projekte/studynexus/frontend/node_modules/jsdom/lib/jsdom/living/events/EventTarget-impl.js:233:9)
          at HTMLUnknownElementImpl.dispatchEvent (/Users/yusefbach/Projekte/studynexus/frontend/node_modules/jsdom/lib/jsdom/living/events/EventTarget-impl.js:104:17)
          at HTMLUnknownElement.dispatchEvent (/Users/yusefbach/Projekte/studynexus/frontend/node_modules/jsdom/lib/jsdom/living/generated/EventTarget.js:241:34)
          at Object.invokeGuardedCallbackDev (/Users/yusefbach/Projekte/studynexus/frontend/node_modules/react-dom/cjs/react-dom.development.js:4213:16)
          at invokeGuardedCallback (/Users/yusefbach/Projekte/studynexus/frontend/node_modules/react-dom/cjs/react-dom.development.js:4277:31)
          at beginWork$1 (/Users/yusefbach/Projekte/studynexus/frontend/node_modules/react-dom/cjs/react-dom.development.js:27490:7)
          at performUnitOfWork (/Users/yusefbach/Projekte/studynexus/frontend/node_modules/react-dom/cjs/react-dom.development.js:26599:12)
          at workLoopSync (/Users/yusefbach/Projekte/studynexus/frontend/node_modules/react-dom/cjs/react-dom.development.js:26505:5)
          at renderRootSync (/Users/yusefbach/Projekte/studynexus/frontend/node_modules/react-dom/cjs/react-dom.development.js:26473:7)
          at recoverFromConcurrentError (/Users/yusefbach/Projekte/studynexus/frontend/node_modules/react-dom/cjs/react-dom.development.js:25889:20)
          at performConcurrentWorkOnRoot (/Users/yusefbach/Projekte/studynexus/frontend/node_modules/react-dom/cjs/react-dom.development.js:25789:22)
          at flushActQueue (/Users/yusefbach/Projekte/studynexus/frontend/node_modules/react/cjs/react.development.js:2667:24)
          at act (/Users/yusefbach/Projekte/studynexus/frontend/node_modules/react/cjs/react.development.js:2582:11)
          at /Users/yusefbach/Projekte/studynexus/frontend/node_modules/@testing-library/react/dist/act-compat.js:47:25
          at renderRoot (/Users/yusefbach/Projekte/studynexus/frontend/node_modules/@testing-library/react/dist/pure.js:180:26)
          at render (/Users/yusefbach/Projekte/studynexus/frontend/node_modules/@testing-library/react/dist/pure.js:271:10)
          at Object.<anonymous> (/Users/yusefbach/Projekte/studynexus/frontend/src/components/study/__tests__/AddModuleModal.test.tsx:172:11)
          at Promise.then.completed (/Users/yusefbach/Projekte/studynexus/frontend/node_modules/jest-circus/build/utils.js:298:28)
          at new Promise (<anonymous>)
          at callAsyncCircusFn (/Users/yusefbach/Projekte/studynexus/frontend/node_modules/jest-circus/build/utils.js:231:10)
          at _callCircusTest (/Users/yusefbach/Projekte/studynexus/frontend/node_modules/jest-circus/build/run.js:316:40)
          at processTicksAndRejections (node:internal/process/task_queues:104:5)
          at _runTest (/Users/yusefbach/Projekte/studynexus/frontend/node_modules/jest-circus/build/run.js:252:3)
          at _runTestsForDescribeBlock (/Users/yusefbach/Projekte/studynexus/frontend/node_modules/jest-circus/build/run.js:126:9)
          at _runTestsForDescribeBlock (/Users/yusefbach/Projekte/studynexus/frontend/node_modules/jest-circus/build/run.js:121:9)
          at run (/Users/yusefbach/Projekte/studynexus/frontend/node_modules/jest-circus/build/run.js:71:3)
          at runAndTransformResultsToJestFormat (/Users/yusefbach/Projekte/studynexus/frontend/node_modules/jest-circus/build/legacy-code-todo-rewrite/jestAdapterInit.js:122:21)
          at jestAdapter (/Users/yusefbach/Projekte/studynexus/frontend/node_modules/jest-circus/build/legacy-code-todo-rewrite/jestAdapter.js:79:19)
          at runTestInternal (/Users/yusefbach/Projekte/studynexus/frontend/node_modules/jest-runner/build/runTest.js:367:16)
          at runTest (/Users/yusefbach/Projekte/studynexus/frontend/node_modules/jest-runner/build/runTest.js:444:34)
          at Object.worker (/Users/yusefbach/Projekte/studynexus/frontend/node_modules/jest-runner/build/testWorker.js:106:12) {
        detail: Error: No QueryClient set, use QueryClientProvider to set one
            at useQueryClient (/Users/yusefbach/Projekte/studynexus/frontend/node_modules/@tanstack/react-query/src/QueryClientProvider.tsx:18:11)
            at useAddModule (/Users/yusefbach/Projekte/studynexus/frontend/src/hooks/queries/useAddModule.ts:14:37)
            at AddModuleModal (/Users/yusefbach/Projekte/studynexus/frontend/src/components/study/AddModuleModal.tsx:51:33)
            at renderWithHooks (/Users/yusefbach/Projekte/studynexus/frontend/node_modules/react-dom/cjs/react-dom.development.js:15486:18)
            at mountIndeterminateComponent (/Users/yusefbach/Projekte/studynexus/frontend/node_modules/react-dom/cjs/react-dom.development.js:20103:13)
            at beginWork (/Users/yusefbach/Projekte/studynexus/frontend/node_modules/react-dom/cjs/react-dom.development.js:21626:16)
            at HTMLUnknownElement.callCallback (/Users/yusefbach/Projekte/studynexus/frontend/node_modules/react-dom/cjs/react-dom.development.js:4164:14)
            at HTMLUnknownElement.callTheUserObjectsOperation (/Users/yusefbach/Projekte/studynexus/frontend/node_modules/jsdom/lib/jsdom/living/generated/EventListener.js:26:30)
            at innerInvokeEventListeners (/Users/yusefbach/Projekte/studynexus/frontend/node_modules/jsdom/lib/jsdom/living/events/EventTarget-impl.js:350:25)
            at invokeEventListeners (/Users/yusefbach/Projekte/studynexus/frontend/node_modules/jsdom/lib/jsdom/living/events/EventTarget-impl.js:286:3)
            at HTMLUnknownElementImpl._dispatch (/Users/yusefbach/Projekte/studynexus/frontend/node_modules/jsdom/lib/jsdom/living/events/EventTarget-impl.js:233:9)
            at HTMLUnknownElementImpl.dispatchEvent (/Users/yusefbach/Projekte/studynexus/frontend/node_modules/jsdom/lib/jsdom/living/events/EventTarget-impl.js:104:17)
            at HTMLUnknownElement.dispatchEvent (/Users/yusefbach/Projekte/studynexus/frontend/node_modules/jsdom/lib/jsdom/living/generated/EventTarget.js:241:34)
            at Object.invokeGuardedCallbackDev (/Users/yusefbach/Projekte/studynexus/frontend/node_modules/react-dom/cjs/react-dom.development.js:4213:16)
            at invokeGuardedCallback (/Users/yusefbach/Projekte/studynexus/frontend/node_modules/react-dom/cjs/react-dom.development.js:4277:31)
            at beginWork$1 (/Users/yusefbach/Projekte/studynexus/frontend/node_modules/react-dom/cjs/react-dom.development.js:27490:7)
            at performUnitOfWork (/Users/yusefbach/Projekte/studynexus/frontend/node_modules/react-dom/cjs/react-dom.development.js:26599:12)
            at workLoopSync (/Users/yusefbach/Projekte/studynexus/frontend/node_modules/react-dom/cjs/react-dom.development.js:26505:5)
            at renderRootSync (/Users/yusefbach/Projekte/studynexus/frontend/node_modules/react-dom/cjs/react-dom.development.js:26473:7)
            at recoverFromConcurrentError (/Users/yusefbach/Projekte/studynexus/frontend/node_modules/react-dom/cjs/react-dom.development.js:25889:20)
            at performConcurrentWorkOnRoot (/Users/yusefbach/Projekte/studynexus/frontend/node_modules/react-dom/cjs/react-dom.development.js:25789:22)
            at flushActQueue (/Users/yusefbach/Projekte/studynexus/frontend/node_modules/react/cjs/react.development.js:2667:24)
            at act (/Users/yusefbach/Projekte/studynexus/frontend/node_modules/react/cjs/react.development.js:2582:11)
            at /Users/yusefbach/Projekte/studynexus/frontend/node_modules/@testing-library/react/dist/act-compat.js:47:25
            at renderRoot (/Users/yusefbach/Projekte/studynexus/frontend/node_modules/@testing-library/react/dist/pure.js:180:26)
            at render (/Users/yusefbach/Projekte/studynexus/frontend/node_modules/@testing-library/react/dist/pure.js:271:10)
            at Object.<anonymous> (/Users/yusefbach/Projekte/studynexus/frontend/src/components/study/__tests__/AddModuleModal.test.tsx:172:11)
            at Promise.then.completed (/Users/yusefbach/Projekte/studynexus/frontend/node_modules/jest-circus/build/utils.js:298:28)
            at new Promise (<anonymous>)
            at callAsyncCircusFn (/Users/yusefbach/Projekte/studynexus/frontend/node_modules/jest-circus/build/utils.js:231:10)
            at _callCircusTest (/Users/yusefbach/Projekte/studynexus/frontend/node_modules/jest-circus/build/run.js:316:40)
            at processTicksAndRejections (node:internal/process/task_queues:104:5)
            at _runTest (/Users/yusefbach/Projekte/studynexus/frontend/node_modules/jest-circus/build/run.js:252:3)
            at _runTestsForDescribeBlock (/Users/yusefbach/Projekte/studynexus/frontend/node_modules/jest-circus/build/run.js:126:9)
            at _runTestsForDescribeBlock (/Users/yusefbach/Projekte/studynexus/frontend/node_modules/jest-circus/build/run.js:121:9)
            at run (/Users/yusefbach/Projekte/studynexus/frontend/node_modules/jest-circus/build/run.js:71:3)
            at runAndTransformResultsToJestFormat (/Users/yusefbach/Projekte/studynexus/frontend/node_modules/jest-circus/build/legacy-code-todo-rewrite/jestAdapterInit.js:122:21)
            at jestAdapter (/Users/yusefbach/Projekte/studynexus/frontend/node_modules/jest-circus/build/legacy-code-todo-rewrite/jestAdapter.js:79:19)
            at runTestInternal (/Users/yusefbach/Projekte/studynexus/frontend/node_modules/jest-runner/build/runTest.js:367:16)
            at runTest (/Users/yusefbach/Projekte/studynexus/frontend/node_modules/jest-runner/build/runTest.js:444:34)
            at Object.worker (/Users/yusefbach/Projekte/studynexus/frontend/node_modules/jest-runner/build/testWorker.js:106:12),
        type: 'unhandled exception'
      }

      170 |     mockFetchChain();
      171 |     const onClose = jest.fn();
    > 172 |     render(<AddModuleModal alreadyAddedModuleIds={emptyIds} onClose={onClose} onAdded={noopAdded} />);
          |           ^
      173 |     fireEvent.click(screen.getByText("dashboard.addModule.close"));
      174 |     expect(onClose).toHaveBeenCalledTimes(1);
      175 |   });

      at VirtualConsole.<anonymous> (node_modules/jest-environment-jsdom/build/index.js:63:23)
      at reportException (node_modules/jsdom/lib/jsdom/living/helpers/runtime-script-errors.js:70:28)
      at innerInvokeEventListeners (node_modules/jsdom/lib/jsdom/living/events/EventTarget-impl.js:353:9)
      at invokeEventListeners (node_modules/jsdom/lib/jsdom/living/events/EventTarget-impl.js:286:3)
      at HTMLUnknownElementImpl._dispatch (node_modules/jsdom/lib/jsdom/living/events/EventTarget-impl.js:233:9)
      at HTMLUnknownElementImpl.dispatchEvent (node_modules/jsdom/lib/jsdom/living/events/EventTarget-impl.js:104:17)
      at HTMLUnknownElement.dispatchEvent (node_modules/jsdom/lib/jsdom/living/generated/EventTarget.js:241:34)
      at Object.invokeGuardedCallbackDev (node_modules/react-dom/cjs/react-dom.development.js:4213:16)
      at invokeGuardedCallback (node_modules/react-dom/cjs/react-dom.development.js:4277:31)
      at beginWork$1 (node_modules/react-dom/cjs/react-dom.development.js:27490:7)
      at performUnitOfWork (node_modules/react-dom/cjs/react-dom.development.js:26599:12)
      at workLoopSync (node_modules/react-dom/cjs/react-dom.development.js:26505:5)
      at renderRootSync (node_modules/react-dom/cjs/react-dom.development.js:26473:7)
      at recoverFromConcurrentError (node_modules/react-dom/cjs/react-dom.development.js:25889:20)
      at performConcurrentWorkOnRoot (node_modules/react-dom/cjs/react-dom.development.js:25789:22)
      at flushActQueue (node_modules/react/cjs/react.development.js:2667:24)
      at act (node_modules/react/cjs/react.development.js:2582:11)
      at node_modules/@testing-library/react/dist/act-compat.js:47:25
      at renderRoot (node_modules/@testing-library/react/dist/pure.js:180:26)
      at render (node_modules/@testing-library/react/dist/pure.js:271:10)
      at Object.<anonymous> (src/components/study/__tests__/AddModuleModal.test.tsx:172:11)

    console.error
      The above error occurred in the <AddModuleModal> component:
      
          at alreadyAddedModuleIds (/Users/yusefbach/Projekte/studynexus/frontend/src/components/study/AddModuleModal.tsx:37:34)
      
      Consider adding an error boundary to your tree to customize error handling behavior.
      Visit https://reactjs.org/link/error-boundaries to learn more about error boundaries.

      170 |     mockFetchChain();
      171 |     const onClose = jest.fn();
    > 172 |     render(<AddModuleModal alreadyAddedModuleIds={emptyIds} onClose={onClose} onAdded={noopAdded} />);
          |           ^
      173 |     fireEvent.click(screen.getByText("dashboard.addModule.close"));
      174 |     expect(onClose).toHaveBeenCalledTimes(1);
      175 |   });

      at logCapturedError (node_modules/react-dom/cjs/react-dom.development.js:18704:23)
      at update.callback (node_modules/react-dom/cjs/react-dom.development.js:18737:5)
      at callCallback (node_modules/react-dom/cjs/react-dom.development.js:15036:12)
      at commitUpdateQueue (node_modules/react-dom/cjs/react-dom.development.js:15057:9)
      at commitLayoutEffectOnFiber (node_modules/react-dom/cjs/react-dom.development.js:23430:13)
      at commitLayoutMountEffects_complete (node_modules/react-dom/cjs/react-dom.development.js:24727:9)
      at commitLayoutEffects_begin (node_modules/react-dom/cjs/react-dom.development.js:24713:7)
      at commitLayoutEffects (node_modules/react-dom/cjs/react-dom.development.js:24651:3)
      at commitRootImpl (node_modules/react-dom/cjs/react-dom.development.js:26862:5)
      at commitRoot (node_modules/react-dom/cjs/react-dom.development.js:26721:5)
      at finishConcurrentRender (node_modules/react-dom/cjs/react-dom.development.js:25931:9)
      at performConcurrentWorkOnRoot (node_modules/react-dom/cjs/react-dom.development.js:25848:7)
      at flushActQueue (node_modules/react/cjs/react.development.js:2667:24)
      at act (node_modules/react/cjs/react.development.js:2582:11)
      at node_modules/@testing-library/react/dist/act-compat.js:47:25
      at renderRoot (node_modules/@testing-library/react/dist/pure.js:180:26)
      at render (node_modules/@testing-library/react/dist/pure.js:271:10)
      at Object.<anonymous> (src/components/study/__tests__/AddModuleModal.test.tsx:172:11)

    console.error
      Error: Uncaught [Error: No QueryClient set, use QueryClientProvider to set one]
          at reportException (/Users/yusefbach/Projekte/studynexus/frontend/node_modules/jsdom/lib/jsdom/living/helpers/runtime-script-errors.js:66:24)
          at innerInvokeEventListeners (/Users/yusefbach/Projekte/studynexus/frontend/node_modules/jsdom/lib/jsdom/living/events/EventTarget-impl.js:353:9)
          at invokeEventListeners (/Users/yusefbach/Projekte/studynexus/frontend/node_modules/jsdom/lib/jsdom/living/events/EventTarget-impl.js:286:3)
          at HTMLUnknownElementImpl._dispatch (/Users/yusefbach/Projekte/studynexus/frontend/node_modules/jsdom/lib/jsdom/living/events/EventTarget-impl.js:233:9)
          at HTMLUnknownElementImpl.dispatchEvent (/Users/yusefbach/Projekte/studynexus/frontend/node_modules/jsdom/lib/jsdom/living/events/EventTarget-impl.js:104:17)
          at HTMLUnknownElement.dispatchEvent (/Users/yusefbach/Projekte/studynexus/frontend/node_modules/jsdom/lib/jsdom/living/generated/EventTarget.js:241:34)
          at Object.invokeGuardedCallbackDev (/Users/yusefbach/Projekte/studynexus/frontend/node_modules/react-dom/cjs/react-dom.development.js:4213:16)
          at invokeGuardedCallback (/Users/yusefbach/Projekte/studynexus/frontend/node_modules/react-dom/cjs/react-dom.development.js:4277:31)
          at beginWork$1 (/Users/yusefbach/Projekte/studynexus/frontend/node_modules/react-dom/cjs/react-dom.development.js:27490:7)
          at performUnitOfWork (/Users/yusefbach/Projekte/studynexus/frontend/node_modules/react-dom/cjs/react-dom.development.js:26599:12)
          at workLoopSync (/Users/yusefbach/Projekte/studynexus/frontend/node_modules/react-dom/cjs/react-dom.development.js:26505:5)
          at renderRootSync (/Users/yusefbach/Projekte/studynexus/frontend/node_modules/react-dom/cjs/react-dom.development.js:26473:7)
          at performConcurrentWorkOnRoot (/Users/yusefbach/Projekte/studynexus/frontend/node_modules/react-dom/cjs/react-dom.development.js:25777:74)
          at flushActQueue (/Users/yusefbach/Projekte/studynexus/frontend/node_modules/react/cjs/react.development.js:2667:24)
          at act (/Users/yusefbach/Projekte/studynexus/frontend/node_modules/react/cjs/react.development.js:2582:11)
          at /Users/yusefbach/Projekte/studynexus/frontend/node_modules/@testing-library/react/dist/act-compat.js:47:25
          at renderRoot (/Users/yusefbach/Projekte/studynexus/frontend/node_modules/@testing-library/react/dist/pure.js:180:26)
          at render (/Users/yusefbach/Projekte/studynexus/frontend/node_modules/@testing-library/react/dist/pure.js:271:10)
          at Object.<anonymous> (/Users/yusefbach/Projekte/studynexus/frontend/src/components/study/__tests__/AddModuleModal.test.tsx:179:11)
          at Promise.then.completed (/Users/yusefbach/Projekte/studynexus/frontend/node_modules/jest-circus/build/utils.js:298:28)
          at new Promise (<anonymous>)
          at callAsyncCircusFn (/Users/yusefbach/Projekte/studynexus/frontend/node_modules/jest-circus/build/utils.js:231:10)
          at _callCircusTest (/Users/yusefbach/Projekte/studynexus/frontend/node_modules/jest-circus/build/run.js:316:40)
          at processTicksAndRejections (node:internal/process/task_queues:104:5)
          at _runTest (/Users/yusefbach/Projekte/studynexus/frontend/node_modules/jest-circus/build/run.js:252:3)
          at _runTestsForDescribeBlock (/Users/yusefbach/Projekte/studynexus/frontend/node_modules/jest-circus/build/run.js:126:9)
          at _runTestsForDescribeBlock (/Users/yusefbach/Projekte/studynexus/frontend/node_modules/jest-circus/build/run.js:121:9)
          at run (/Users/yusefbach/Projekte/studynexus/frontend/node_modules/jest-circus/build/run.js:71:3)
          at runAndTransformResultsToJestFormat (/Users/yusefbach/Projekte/studynexus/frontend/node_modules/jest-circus/build/legacy-code-todo-rewrite/jestAdapterInit.js:122:21)
          at jestAdapter (/Users/yusefbach/Projekte/studynexus/frontend/node_modules/jest-circus/build/legacy-code-todo-rewrite/jestAdapter.js:79:19)
          at runTestInternal (/Users/yusefbach/Projekte/studynexus/frontend/node_modules/jest-runner/build/runTest.js:367:16)
          at runTest (/Users/yusefbach/Projekte/studynexus/frontend/node_modules/jest-runner/build/runTest.js:444:34)
          at Object.worker (/Users/yusefbach/Projekte/studynexus/frontend/node_modules/jest-runner/build/testWorker.js:106:12) {
        detail: Error: No QueryClient set, use QueryClientProvider to set one
            at useQueryClient (/Users/yusefbach/Projekte/studynexus/frontend/node_modules/@tanstack/react-query/src/QueryClientProvider.tsx:18:11)
            at useAddModule (/Users/yusefbach/Projekte/studynexus/frontend/src/hooks/queries/useAddModule.ts:14:37)
            at AddModuleModal (/Users/yusefbach/Projekte/studynexus/frontend/src/components/study/AddModuleModal.tsx:51:33)
            at renderWithHooks (/Users/yusefbach/Projekte/studynexus/frontend/node_modules/react-dom/cjs/react-dom.development.js:15486:18)
            at mountIndeterminateComponent (/Users/yusefbach/Projekte/studynexus/frontend/node_modules/react-dom/cjs/react-dom.development.js:20103:13)
            at beginWork (/Users/yusefbach/Projekte/studynexus/frontend/node_modules/react-dom/cjs/react-dom.development.js:21626:16)
            at HTMLUnknownElement.callCallback (/Users/yusefbach/Projekte/studynexus/frontend/node_modules/react-dom/cjs/react-dom.development.js:4164:14)
            at HTMLUnknownElement.callTheUserObjectsOperation (/Users/yusefbach/Projekte/studynexus/frontend/node_modules/jsdom/lib/jsdom/living/generated/EventListener.js:26:30)
            at innerInvokeEventListeners (/Users/yusefbach/Projekte/studynexus/frontend/node_modules/jsdom/lib/jsdom/living/events/EventTarget-impl.js:350:25)
            at invokeEventListeners (/Users/yusefbach/Projekte/studynexus/frontend/node_modules/jsdom/lib/jsdom/living/events/EventTarget-impl.js:286:3)
            at HTMLUnknownElementImpl._dispatch (/Users/yusefbach/Projekte/studynexus/frontend/node_modules/jsdom/lib/jsdom/living/events/EventTarget-impl.js:233:9)
            at HTMLUnknownElementImpl.dispatchEvent (/Users/yusefbach/Projekte/studynexus/frontend/node_modules/jsdom/lib/jsdom/living/events/EventTarget-impl.js:104:17)
            at HTMLUnknownElement.dispatchEvent (/Users/yusefbach/Projekte/studynexus/frontend/node_modules/jsdom/lib/jsdom/living/generated/EventTarget.js:241:34)
            at Object.invokeGuardedCallbackDev (/Users/yusefbach/Projekte/studynexus/frontend/node_modules/react-dom/cjs/react-dom.development.js:4213:16)
            at invokeGuardedCallback (/Users/yusefbach/Projekte/studynexus/frontend/node_modules/react-dom/cjs/react-dom.development.js:4277:31)
            at beginWork$1 (/Users/yusefbach/Projekte/studynexus/frontend/node_modules/react-dom/cjs/react-dom.development.js:27490:7)
            at performUnitOfWork (/Users/yusefbach/Projekte/studynexus/frontend/node_modules/react-dom/cjs/react-dom.development.js:26599:12)
            at workLoopSync (/Users/yusefbach/Projekte/studynexus/frontend/node_modules/react-dom/cjs/react-dom.development.js:26505:5)
            at renderRootSync (/Users/yusefbach/Projekte/studynexus/frontend/node_modules/react-dom/cjs/react-dom.development.js:26473:7)
            at performConcurrentWorkOnRoot (/Users/yusefbach/Projekte/studynexus/frontend/node_modules/react-dom/cjs/react-dom.development.js:25777:74)
            at flushActQueue (/Users/yusefbach/Projekte/studynexus/frontend/node_modules/react/cjs/react.development.js:2667:24)
            at act (/Users/yusefbach/Projekte/studynexus/frontend/node_modules/react/cjs/react.development.js:2582:11)
            at /Users/yusefbach/Projekte/studynexus/frontend/node_modules/@testing-library/react/dist/act-compat.js:47:25
            at renderRoot (/Users/yusefbach/Projekte/studynexus/frontend/node_modules/@testing-library/react/dist/pure.js:180:26)
            at render (/Users/yusefbach/Projekte/studynexus/frontend/node_modules/@testing-library/react/dist/pure.js:271:10)
            at Object.<anonymous> (/Users/yusefbach/Projekte/studynexus/frontend/src/components/study/__tests__/AddModuleModal.test.tsx:179:11)
            at Promise.then.completed (/Users/yusefbach/Projekte/studynexus/frontend/node_modules/jest-circus/build/utils.js:298:28)
            at new Promise (<anonymous>)
            at callAsyncCircusFn (/Users/yusefbach/Projekte/studynexus/frontend/node_modules/jest-circus/build/utils.js:231:10)
            at _callCircusTest (/Users/yusefbach/Projekte/studynexus/frontend/node_modules/jest-circus/build/run.js:316:40)
            at processTicksAndRejections (node:internal/process/task_queues:104:5)
            at _runTest (/Users/yusefbach/Projekte/studynexus/frontend/node_modules/jest-circus/build/run.js:252:3)
            at _runTestsForDescribeBlock (/Users/yusefbach/Projekte/studynexus/frontend/node_modules/jest-circus/build/run.js:126:9)
            at _runTestsForDescribeBlock (/Users/yusefbach/Projekte/studynexus/frontend/node_modules/jest-circus/build/run.js:121:9)
            at run (/Users/yusefbach/Projekte/studynexus/frontend/node_modules/jest-circus/build/run.js:71:3)
            at runAndTransformResultsToJestFormat (/Users/yusefbach/Projekte/studynexus/frontend/node_modules/jest-circus/build/legacy-code-todo-rewrite/jestAdapterInit.js:122:21)
            at jestAdapter (/Users/yusefbach/Projekte/studynexus/frontend/node_modules/jest-circus/build/legacy-code-todo-rewrite/jestAdapter.js:79:19)
            at runTestInternal (/Users/yusefbach/Projekte/studynexus/frontend/node_modules/jest-runner/build/runTest.js:367:16)
            at runTest (/Users/yusefbach/Projekte/studynexus/frontend/node_modules/jest-runner/build/runTest.js:444:34)
            at Object.worker (/Users/yusefbach/Projekte/studynexus/frontend/node_modules/jest-runner/build/testWorker.js:106:12),
        type: 'unhandled exception'
      }

      177 |   it("shows load error when fetch fails", async () => {
      178 |     global.fetch = jest.fn().mockResolvedValueOnce({ ok: false, json: async () => ({}) });
    > 179 |     render(<AddModuleModal alreadyAddedModuleIds={emptyIds} onClose={noopClose} onAdded={noopAdded} />);
          |           ^
      180 |     await waitFor(() => {
      181 |       expect(screen.getAllByText("dashboard.addModule.loadError").length).toBeGreaterThan(0);
      182 |     });

      at VirtualConsole.<anonymous> (node_modules/jest-environment-jsdom/build/index.js:63:23)
      at reportException (node_modules/jsdom/lib/jsdom/living/helpers/runtime-script-errors.js:70:28)
      at innerInvokeEventListeners (node_modules/jsdom/lib/jsdom/living/events/EventTarget-impl.js:353:9)
      at invokeEventListeners (node_modules/jsdom/lib/jsdom/living/events/EventTarget-impl.js:286:3)
      at HTMLUnknownElementImpl._dispatch (node_modules/jsdom/lib/jsdom/living/events/EventTarget-impl.js:233:9)
      at HTMLUnknownElementImpl.dispatchEvent (node_modules/jsdom/lib/jsdom/living/events/EventTarget-impl.js:104:17)
      at HTMLUnknownElement.dispatchEvent (node_modules/jsdom/lib/jsdom/living/generated/EventTarget.js:241:34)
      at Object.invokeGuardedCallbackDev (node_modules/react-dom/cjs/react-dom.development.js:4213:16)
      at invokeGuardedCallback (node_modules/react-dom/cjs/react-dom.development.js:4277:31)
      at beginWork$1 (node_modules/react-dom/cjs/react-dom.development.js:27490:7)
      at performUnitOfWork (node_modules/react-dom/cjs/react-dom.development.js:26599:12)
      at workLoopSync (node_modules/react-dom/cjs/react-dom.development.js:26505:5)
      at renderRootSync (node_modules/react-dom/cjs/react-dom.development.js:26473:7)
      at performConcurrentWorkOnRoot (node_modules/react-dom/cjs/react-dom.development.js:25777:74)
      at flushActQueue (node_modules/react/cjs/react.development.js:2667:24)
      at act (node_modules/react/cjs/react.development.js:2582:11)
      at node_modules/@testing-library/react/dist/act-compat.js:47:25
      at renderRoot (node_modules/@testing-library/react/dist/pure.js:180:26)
      at render (node_modules/@testing-library/react/dist/pure.js:271:10)
      at Object.<anonymous> (src/components/study/__tests__/AddModuleModal.test.tsx:179:11)

    console.error
      Error: Uncaught [Error: No QueryClient set, use QueryClientProvider to set one]
          at reportException (/Users/yusefbach/Projekte/studynexus/frontend/node_modules/jsdom/lib/jsdom/living/helpers/runtime-script-errors.js:66:24)
          at innerInvokeEventListeners (/Users/yusefbach/Projekte/studynexus/frontend/node_modules/jsdom/lib/jsdom/living/events/EventTarget-impl.js:353:9)
          at invokeEventListeners (/Users/yusefbach/Projekte/studynexus/frontend/node_modules/jsdom/lib/jsdom/living/events/EventTarget-impl.js:286:3)
          at HTMLUnknownElementImpl._dispatch (/Users/yusefbach/Projekte/studynexus/frontend/node_modules/jsdom/lib/jsdom/living/events/EventTarget-impl.js:233:9)
          at HTMLUnknownElementImpl.dispatchEvent (/Users/yusefbach/Projekte/studynexus/frontend/node_modules/jsdom/lib/jsdom/living/events/EventTarget-impl.js:104:17)
          at HTMLUnknownElement.dispatchEvent (/Users/yusefbach/Projekte/studynexus/frontend/node_modules/jsdom/lib/jsdom/living/generated/EventTarget.js:241:34)
          at Object.invokeGuardedCallbackDev (/Users/yusefbach/Projekte/studynexus/frontend/node_modules/react-dom/cjs/react-dom.development.js:4213:16)
          at invokeGuardedCallback (/Users/yusefbach/Projekte/studynexus/frontend/node_modules/react-dom/cjs/react-dom.development.js:4277:31)
          at beginWork$1 (/Users/yusefbach/Projekte/studynexus/frontend/node_modules/react-dom/cjs/react-dom.development.js:27490:7)
          at performUnitOfWork (/Users/yusefbach/Projekte/studynexus/frontend/node_modules/react-dom/cjs/react-dom.development.js:26599:12)
          at workLoopSync (/Users/yusefbach/Projekte/studynexus/frontend/node_modules/react-dom/cjs/react-dom.development.js:26505:5)
          at renderRootSync (/Users/yusefbach/Projekte/studynexus/frontend/node_modules/react-dom/cjs/react-dom.development.js:26473:7)
          at recoverFromConcurrentError (/Users/yusefbach/Projekte/studynexus/frontend/node_modules/react-dom/cjs/react-dom.development.js:25889:20)
          at performConcurrentWorkOnRoot (/Users/yusefbach/Projekte/studynexus/frontend/node_modules/react-dom/cjs/react-dom.development.js:25789:22)
          at flushActQueue (/Users/yusefbach/Projekte/studynexus/frontend/node_modules/react/cjs/react.development.js:2667:24)
          at act (/Users/yusefbach/Projekte/studynexus/frontend/node_modules/react/cjs/react.development.js:2582:11)
          at /Users/yusefbach/Projekte/studynexus/frontend/node_modules/@testing-library/react/dist/act-compat.js:47:25
          at renderRoot (/Users/yusefbach/Projekte/studynexus/frontend/node_modules/@testing-library/react/dist/pure.js:180:26)
          at render (/Users/yusefbach/Projekte/studynexus/frontend/node_modules/@testing-library/react/dist/pure.js:271:10)
          at Object.<anonymous> (/Users/yusefbach/Projekte/studynexus/frontend/src/components/study/__tests__/AddModuleModal.test.tsx:179:11)
          at Promise.then.completed (/Users/yusefbach/Projekte/studynexus/frontend/node_modules/jest-circus/build/utils.js:298:28)
          at new Promise (<anonymous>)
          at callAsyncCircusFn (/Users/yusefbach/Projekte/studynexus/frontend/node_modules/jest-circus/build/utils.js:231:10)
          at _callCircusTest (/Users/yusefbach/Projekte/studynexus/frontend/node_modules/jest-circus/build/run.js:316:40)
          at processTicksAndRejections (node:internal/process/task_queues:104:5)
          at _runTest (/Users/yusefbach/Projekte/studynexus/frontend/node_modules/jest-circus/build/run.js:252:3)
          at _runTestsForDescribeBlock (/Users/yusefbach/Projekte/studynexus/frontend/node_modules/jest-circus/build/run.js:126:9)
          at _runTestsForDescribeBlock (/Users/yusefbach/Projekte/studynexus/frontend/node_modules/jest-circus/build/run.js:121:9)
          at run (/Users/yusefbach/Projekte/studynexus/frontend/node_modules/jest-circus/build/run.js:71:3)
          at runAndTransformResultsToJestFormat (/Users/yusefbach/Projekte/studynexus/frontend/node_modules/jest-circus/build/legacy-code-todo-rewrite/jestAdapterInit.js:122:21)
          at jestAdapter (/Users/yusefbach/Projekte/studynexus/frontend/node_modules/jest-circus/build/legacy-code-todo-rewrite/jestAdapter.js:79:19)
          at runTestInternal (/Users/yusefbach/Projekte/studynexus/frontend/node_modules/jest-runner/build/runTest.js:367:16)
          at runTest (/Users/yusefbach/Projekte/studynexus/frontend/node_modules/jest-runner/build/runTest.js:444:34)
          at Object.worker (/Users/yusefbach/Projekte/studynexus/frontend/node_modules/jest-runner/build/testWorker.js:106:12) {
        detail: Error: No QueryClient set, use QueryClientProvider to set one
            at useQueryClient (/Users/yusefbach/Projekte/studynexus/frontend/node_modules/@tanstack/react-query/src/QueryClientProvider.tsx:18:11)
            at useAddModule (/Users/yusefbach/Projekte/studynexus/frontend/src/hooks/queries/useAddModule.ts:14:37)
            at AddModuleModal (/Users/yusefbach/Projekte/studynexus/frontend/src/components/study/AddModuleModal.tsx:51:33)
            at renderWithHooks (/Users/yusefbach/Projekte/studynexus/frontend/node_modules/react-dom/cjs/react-dom.development.js:15486:18)
            at mountIndeterminateComponent (/Users/yusefbach/Projekte/studynexus/frontend/node_modules/react-dom/cjs/react-dom.development.js:20103:13)
            at beginWork (/Users/yusefbach/Projekte/studynexus/frontend/node_modules/react-dom/cjs/react-dom.development.js:21626:16)
            at HTMLUnknownElement.callCallback (/Users/yusefbach/Projekte/studynexus/frontend/node_modules/react-dom/cjs/react-dom.development.js:4164:14)
            at HTMLUnknownElement.callTheUserObjectsOperation (/Users/yusefbach/Projekte/studynexus/frontend/node_modules/jsdom/lib/jsdom/living/generated/EventListener.js:26:30)
            at innerInvokeEventListeners (/Users/yusefbach/Projekte/studynexus/frontend/node_modules/jsdom/lib/jsdom/living/events/EventTarget-impl.js:350:25)
            at invokeEventListeners (/Users/yusefbach/Projekte/studynexus/frontend/node_modules/jsdom/lib/jsdom/living/events/EventTarget-impl.js:286:3)
            at HTMLUnknownElementImpl._dispatch (/Users/yusefbach/Projekte/studynexus/frontend/node_modules/jsdom/lib/jsdom/living/events/EventTarget-impl.js:233:9)
            at HTMLUnknownElementImpl.dispatchEvent (/Users/yusefbach/Projekte/studynexus/frontend/node_modules/jsdom/lib/jsdom/living/events/EventTarget-impl.js:104:17)
            at HTMLUnknownElement.dispatchEvent (/Users/yusefbach/Projekte/studynexus/frontend/node_modules/jsdom/lib/jsdom/living/generated/EventTarget.js:241:34)
            at Object.invokeGuardedCallbackDev (/Users/yusefbach/Projekte/studynexus/frontend/node_modules/react-dom/cjs/react-dom.development.js:4213:16)
            at invokeGuardedCallback (/Users/yusefbach/Projekte/studynexus/frontend/node_modules/react-dom/cjs/react-dom.development.js:4277:31)
            at beginWork$1 (/Users/yusefbach/Projekte/studynexus/frontend/node_modules/react-dom/cjs/react-dom.development.js:27490:7)
            at performUnitOfWork (/Users/yusefbach/Projekte/studynexus/frontend/node_modules/react-dom/cjs/react-dom.development.js:26599:12)
            at workLoopSync (/Users/yusefbach/Projekte/studynexus/frontend/node_modules/react-dom/cjs/react-dom.development.js:26505:5)
            at renderRootSync (/Users/yusefbach/Projekte/studynexus/frontend/node_modules/react-dom/cjs/react-dom.development.js:26473:7)
            at recoverFromConcurrentError (/Users/yusefbach/Projekte/studynexus/frontend/node_modules/react-dom/cjs/react-dom.development.js:25889:20)
            at performConcurrentWorkOnRoot (/Users/yusefbach/Projekte/studynexus/frontend/node_modules/react-dom/cjs/react-dom.development.js:25789:22)
            at flushActQueue (/Users/yusefbach/Projekte/studynexus/frontend/node_modules/react/cjs/react.development.js:2667:24)
            at act (/Users/yusefbach/Projekte/studynexus/frontend/node_modules/react/cjs/react.development.js:2582:11)
            at /Users/yusefbach/Projekte/studynexus/frontend/node_modules/@testing-library/react/dist/act-compat.js:47:25
            at renderRoot (/Users/yusefbach/Projekte/studynexus/frontend/node_modules/@testing-library/react/dist/pure.js:180:26)
            at render (/Users/yusefbach/Projekte/studynexus/frontend/node_modules/@testing-library/react/dist/pure.js:271:10)
            at Object.<anonymous> (/Users/yusefbach/Projekte/studynexus/frontend/src/components/study/__tests__/AddModuleModal.test.tsx:179:11)
            at Promise.then.completed (/Users/yusefbach/Projekte/studynexus/frontend/node_modules/jest-circus/build/utils.js:298:28)
            at new Promise (<anonymous>)
            at callAsyncCircusFn (/Users/yusefbach/Projekte/studynexus/frontend/node_modules/jest-circus/build/utils.js:231:10)
            at _callCircusTest (/Users/yusefbach/Projekte/studynexus/frontend/node_modules/jest-circus/build/run.js:316:40)
            at processTicksAndRejections (node:internal/process/task_queues:104:5)
            at _runTest (/Users/yusefbach/Projekte/studynexus/frontend/node_modules/jest-circus/build/run.js:252:3)
            at _runTestsForDescribeBlock (/Users/yusefbach/Projekte/studynexus/frontend/node_modules/jest-circus/build/run.js:126:9)
            at _runTestsForDescribeBlock (/Users/yusefbach/Projekte/studynexus/frontend/node_modules/jest-circus/build/run.js:121:9)
            at run (/Users/yusefbach/Projekte/studynexus/frontend/node_modules/jest-circus/build/run.js:71:3)
            at runAndTransformResultsToJestFormat (/Users/yusefbach/Projekte/studynexus/frontend/node_modules/jest-circus/build/legacy-code-todo-rewrite/jestAdapterInit.js:122:21)
            at jestAdapter (/Users/yusefbach/Projekte/studynexus/frontend/node_modules/jest-circus/build/legacy-code-todo-rewrite/jestAdapter.js:79:19)
            at runTestInternal (/Users/yusefbach/Projekte/studynexus/frontend/node_modules/jest-runner/build/runTest.js:367:16)
            at runTest (/Users/yusefbach/Projekte/studynexus/frontend/node_modules/jest-runner/build/runTest.js:444:34)
            at Object.worker (/Users/yusefbach/Projekte/studynexus/frontend/node_modules/jest-runner/build/testWorker.js:106:12),
        type: 'unhandled exception'
      }

      177 |   it("shows load error when fetch fails", async () => {
      178 |     global.fetch = jest.fn().mockResolvedValueOnce({ ok: false, json: async () => ({}) });
    > 179 |     render(<AddModuleModal alreadyAddedModuleIds={emptyIds} onClose={noopClose} onAdded={noopAdded} />);
          |           ^
      180 |     await waitFor(() => {
      181 |       expect(screen.getAllByText("dashboard.addModule.loadError").length).toBeGreaterThan(0);
      182 |     });

      at VirtualConsole.<anonymous> (node_modules/jest-environment-jsdom/build/index.js:63:23)
      at reportException (node_modules/jsdom/lib/jsdom/living/helpers/runtime-script-errors.js:70:28)
      at innerInvokeEventListeners (node_modules/jsdom/lib/jsdom/living/events/EventTarget-impl.js:353:9)
      at invokeEventListeners (node_modules/jsdom/lib/jsdom/living/events/EventTarget-impl.js:286:3)
      at HTMLUnknownElementImpl._dispatch (node_modules/jsdom/lib/jsdom/living/events/EventTarget-impl.js:233:9)
      at HTMLUnknownElementImpl.dispatchEvent (node_modules/jsdom/lib/jsdom/living/events/EventTarget-impl.js:104:17)
      at HTMLUnknownElement.dispatchEvent (node_modules/jsdom/lib/jsdom/living/generated/EventTarget.js:241:34)
      at Object.invokeGuardedCallbackDev (node_modules/react-dom/cjs/react-dom.development.js:4213:16)
      at invokeGuardedCallback (node_modules/react-dom/cjs/react-dom.development.js:4277:31)
      at beginWork$1 (node_modules/react-dom/cjs/react-dom.development.js:27490:7)
      at performUnitOfWork (node_modules/react-dom/cjs/react-dom.development.js:26599:12)
      at workLoopSync (node_modules/react-dom/cjs/react-dom.development.js:26505:5)
      at renderRootSync (node_modules/react-dom/cjs/react-dom.development.js:26473:7)
      at recoverFromConcurrentError (node_modules/react-dom/cjs/react-dom.development.js:25889:20)
      at performConcurrentWorkOnRoot (node_modules/react-dom/cjs/react-dom.development.js:25789:22)
      at flushActQueue (node_modules/react/cjs/react.development.js:2667:24)
      at act (node_modules/react/cjs/react.development.js:2582:11)
      at node_modules/@testing-library/react/dist/act-compat.js:47:25
      at renderRoot (node_modules/@testing-library/react/dist/pure.js:180:26)
      at render (node_modules/@testing-library/react/dist/pure.js:271:10)
      at Object.<anonymous> (src/components/study/__tests__/AddModuleModal.test.tsx:179:11)

    console.error
      The above error occurred in the <AddModuleModal> component:
      
          at alreadyAddedModuleIds (/Users/yusefbach/Projekte/studynexus/frontend/src/components/study/AddModuleModal.tsx:37:34)
      
      Consider adding an error boundary to your tree to customize error handling behavior.
      Visit https://reactjs.org/link/error-boundaries to learn more about error boundaries.

      177 |   it("shows load error when fetch fails", async () => {
      178 |     global.fetch = jest.fn().mockResolvedValueOnce({ ok: false, json: async () => ({}) });
    > 179 |     render(<AddModuleModal alreadyAddedModuleIds={emptyIds} onClose={noopClose} onAdded={noopAdded} />);
          |           ^
      180 |     await waitFor(() => {
      181 |       expect(screen.getAllByText("dashboard.addModule.loadError").length).toBeGreaterThan(0);
      182 |     });

      at logCapturedError (node_modules/react-dom/cjs/react-dom.development.js:18704:23)
      at update.callback (node_modules/react-dom/cjs/react-dom.development.js:18737:5)
      at callCallback (node_modules/react-dom/cjs/react-dom.development.js:15036:12)
      at commitUpdateQueue (node_modules/react-dom/cjs/react-dom.development.js:15057:9)
      at commitLayoutEffectOnFiber (node_modules/react-dom/cjs/react-dom.development.js:23430:13)
      at commitLayoutMountEffects_complete (node_modules/react-dom/cjs/react-dom.development.js:24727:9)
      at commitLayoutEffects_begin (node_modules/react-dom/cjs/react-dom.development.js:24713:7)
      at commitLayoutEffects (node_modules/react-dom/cjs/react-dom.development.js:24651:3)
      at commitRootImpl (node_modules/react-dom/cjs/react-dom.development.js:26862:5)
      at commitRoot (node_modules/react-dom/cjs/react-dom.development.js:26721:5)
      at finishConcurrentRender (node_modules/react-dom/cjs/react-dom.development.js:25931:9)
      at performConcurrentWorkOnRoot (node_modules/react-dom/cjs/react-dom.development.js:25848:7)
      at flushActQueue (node_modules/react/cjs/react.development.js:2667:24)
      at act (node_modules/react/cjs/react.development.js:2582:11)
      at node_modules/@testing-library/react/dist/act-compat.js:47:25
      at renderRoot (node_modules/@testing-library/react/dist/pure.js:180:26)
      at render (node_modules/@testing-library/react/dist/pure.js:271:10)
      at Object.<anonymous> (src/components/study/__tests__/AddModuleModal.test.tsx:179:11)

  ● AddModuleModal › shows loading indicator initially

    No QueryClient set, use QueryClientProvider to set one

      12 |
      13 | export function useAddModule() {
    > 14 |   const queryClient = useQueryClient();
         |                                     ^
      15 |
      16 |   return useMutation<StudentModuleResponse, Error, AddPayload>({
      17 |     mutationFn: async (body) => {

      at useQueryClient (node_modules/@tanstack/react-query/src/QueryClientProvider.tsx:18:11)
      at useAddModule (src/hooks/queries/useAddModule.ts:14:37)
      at AddModuleModal (src/components/study/AddModuleModal.tsx:51:33)
      at renderWithHooks (node_modules/react-dom/cjs/react-dom.development.js:15486:18)
      at mountIndeterminateComponent (node_modules/react-dom/cjs/react-dom.development.js:20103:13)
      at beginWork (node_modules/react-dom/cjs/react-dom.development.js:21626:16)
      at beginWork$1 (node_modules/react-dom/cjs/react-dom.development.js:27465:14)
      at performUnitOfWork (node_modules/react-dom/cjs/react-dom.development.js:26599:12)
      at workLoopSync (node_modules/react-dom/cjs/react-dom.development.js:26505:5)
      at renderRootSync (node_modules/react-dom/cjs/react-dom.development.js:26473:7)
      at recoverFromConcurrentError (node_modules/react-dom/cjs/react-dom.development.js:25889:20)
      at performConcurrentWorkOnRoot (node_modules/react-dom/cjs/react-dom.development.js:25789:22)
      at flushActQueue (node_modules/react/cjs/react.development.js:2667:24)
      at act (node_modules/react/cjs/react.development.js:2582:11)
      at node_modules/@testing-library/react/dist/act-compat.js:47:25
      at renderRoot (node_modules/@testing-library/react/dist/pure.js:180:26)
      at render (node_modules/@testing-library/react/dist/pure.js:271:10)
      at Object.<anonymous> (src/components/study/__tests__/AddModuleModal.test.tsx:70:11)

  ● AddModuleModal › renders wahlpflicht dropdown after load (filters out PFLICHT modules)

    No QueryClient set, use QueryClientProvider to set one

      12 |
      13 | export function useAddModule() {
    > 14 |   const queryClient = useQueryClient();
         |                                     ^
      15 |
      16 |   return useMutation<StudentModuleResponse, Error, AddPayload>({
      17 |     mutationFn: async (body) => {

      at useQueryClient (node_modules/@tanstack/react-query/src/QueryClientProvider.tsx:18:11)
      at useAddModule (src/hooks/queries/useAddModule.ts:14:37)
      at AddModuleModal (src/components/study/AddModuleModal.tsx:51:33)
      at renderWithHooks (node_modules/react-dom/cjs/react-dom.development.js:15486:18)
      at mountIndeterminateComponent (node_modules/react-dom/cjs/react-dom.development.js:20103:13)
      at beginWork (node_modules/react-dom/cjs/react-dom.development.js:21626:16)
      at beginWork$1 (node_modules/react-dom/cjs/react-dom.development.js:27465:14)
      at performUnitOfWork (node_modules/react-dom/cjs/react-dom.development.js:26599:12)
      at workLoopSync (node_modules/react-dom/cjs/react-dom.development.js:26505:5)
      at renderRootSync (node_modules/react-dom/cjs/react-dom.development.js:26473:7)
      at recoverFromConcurrentError (node_modules/react-dom/cjs/react-dom.development.js:25889:20)
      at performConcurrentWorkOnRoot (node_modules/react-dom/cjs/react-dom.development.js:25789:22)
      at flushActQueue (node_modules/react/cjs/react.development.js:2667:24)
      at act (node_modules/react/cjs/react.development.js:2582:11)
      at node_modules/@testing-library/react/dist/act-compat.js:47:25
      at renderRoot (node_modules/@testing-library/react/dist/pure.js:180:26)
      at render (node_modules/@testing-library/react/dist/pure.js:271:10)
      at Object.<anonymous> (src/components/study/__tests__/AddModuleModal.test.tsx:77:11)

  ● AddModuleModal › filters out already-added modules

    No QueryClient set, use QueryClientProvider to set one

      12 |
      13 | export function useAddModule() {
    > 14 |   const queryClient = useQueryClient();
         |                                     ^
      15 |
      16 |   return useMutation<StudentModuleResponse, Error, AddPayload>({
      17 |     mutationFn: async (body) => {

      at useQueryClient (node_modules/@tanstack/react-query/src/QueryClientProvider.tsx:18:11)
      at useAddModule (src/hooks/queries/useAddModule.ts:14:37)
      at AddModuleModal (src/components/study/AddModuleModal.tsx:51:33)
      at renderWithHooks (node_modules/react-dom/cjs/react-dom.development.js:15486:18)
      at mountIndeterminateComponent (node_modules/react-dom/cjs/react-dom.development.js:20103:13)
      at beginWork (node_modules/react-dom/cjs/react-dom.development.js:21626:16)
      at beginWork$1 (node_modules/react-dom/cjs/react-dom.development.js:27465:14)
      at performUnitOfWork (node_modules/react-dom/cjs/react-dom.development.js:26599:12)
      at workLoopSync (node_modules/react-dom/cjs/react-dom.development.js:26505:5)
      at renderRootSync (node_modules/react-dom/cjs/react-dom.development.js:26473:7)
      at recoverFromConcurrentError (node_modules/react-dom/cjs/react-dom.development.js:25889:20)
      at performConcurrentWorkOnRoot (node_modules/react-dom/cjs/react-dom.development.js:25789:22)
      at flushActQueue (node_modules/react/cjs/react.development.js:2667:24)
      at act (node_modules/react/cjs/react.development.js:2582:11)
      at node_modules/@testing-library/react/dist/act-compat.js:47:25
      at renderRoot (node_modules/@testing-library/react/dist/pure.js:180:26)
      at render (node_modules/@testing-library/react/dist/pure.js:271:10)
      at Object.<anonymous> (src/components/study/__tests__/AddModuleModal.test.tsx:89:11)

  ● AddModuleModal › shows custom form when mode is switched to Eigenes

    No QueryClient set, use QueryClientProvider to set one

      12 |
      13 | export function useAddModule() {
    > 14 |   const queryClient = useQueryClient();
         |                                     ^
      15 |
      16 |   return useMutation<StudentModuleResponse, Error, AddPayload>({
      17 |     mutationFn: async (body) => {

      at useQueryClient (node_modules/@tanstack/react-query/src/QueryClientProvider.tsx:18:11)
      at useAddModule (src/hooks/queries/useAddModule.ts:14:37)
      at AddModuleModal (src/components/study/AddModuleModal.tsx:51:33)
      at renderWithHooks (node_modules/react-dom/cjs/react-dom.development.js:15486:18)
      at mountIndeterminateComponent (node_modules/react-dom/cjs/react-dom.development.js:20103:13)
      at beginWork (node_modules/react-dom/cjs/react-dom.development.js:21626:16)
      at beginWork$1 (node_modules/react-dom/cjs/react-dom.development.js:27465:14)
      at performUnitOfWork (node_modules/react-dom/cjs/react-dom.development.js:26599:12)
      at workLoopSync (node_modules/react-dom/cjs/react-dom.development.js:26505:5)
      at renderRootSync (node_modules/react-dom/cjs/react-dom.development.js:26473:7)
      at recoverFromConcurrentError (node_modules/react-dom/cjs/react-dom.development.js:25889:20)
      at performConcurrentWorkOnRoot (node_modules/react-dom/cjs/react-dom.development.js:25789:22)
      at flushActQueue (node_modules/react/cjs/react.development.js:2667:24)
      at act (node_modules/react/cjs/react.development.js:2582:11)
      at node_modules/@testing-library/react/dist/act-compat.js:47:25
      at renderRoot (node_modules/@testing-library/react/dist/pure.js:180:26)
      at render (node_modules/@testing-library/react/dist/pure.js:271:10)
      at Object.<anonymous> (src/components/study/__tests__/AddModuleModal.test.tsx:98:11)

  ● AddModuleModal › calls POST with module_id when saving wahlpflicht

    No QueryClient set, use QueryClientProvider to set one

      12 |
      13 | export function useAddModule() {
    > 14 |   const queryClient = useQueryClient();
         |                                     ^
      15 |
      16 |   return useMutation<StudentModuleResponse, Error, AddPayload>({
      17 |     mutationFn: async (body) => {

      at useQueryClient (node_modules/@tanstack/react-query/src/QueryClientProvider.tsx:18:11)
      at useAddModule (src/hooks/queries/useAddModule.ts:14:37)
      at AddModuleModal (src/components/study/AddModuleModal.tsx:51:33)
      at renderWithHooks (node_modules/react-dom/cjs/react-dom.development.js:15486:18)
      at mountIndeterminateComponent (node_modules/react-dom/cjs/react-dom.development.js:20103:13)
      at beginWork (node_modules/react-dom/cjs/react-dom.development.js:21626:16)
      at beginWork$1 (node_modules/react-dom/cjs/react-dom.development.js:27465:14)
      at performUnitOfWork (node_modules/react-dom/cjs/react-dom.development.js:26599:12)
      at workLoopSync (node_modules/react-dom/cjs/react-dom.development.js:26505:5)
      at renderRootSync (node_modules/react-dom/cjs/react-dom.development.js:26473:7)
      at recoverFromConcurrentError (node_modules/react-dom/cjs/react-dom.development.js:25889:20)
      at performConcurrentWorkOnRoot (node_modules/react-dom/cjs/react-dom.development.js:25789:22)
      at flushActQueue (node_modules/react/cjs/react.development.js:2667:24)
      at act (node_modules/react/cjs/react.development.js:2582:11)
      at node_modules/@testing-library/react/dist/act-compat.js:47:25
      at renderRoot (node_modules/@testing-library/react/dist/pure.js:180:26)
      at render (node_modules/@testing-library/react/dist/pure.js:271:10)
      at Object.<anonymous> (src/components/study/__tests__/AddModuleModal.test.tsx:114:11)

  ● AddModuleModal › calls POST with custom_name and custom_ects when saving custom module

    No QueryClient set, use QueryClientProvider to set one

      12 |
      13 | export function useAddModule() {
    > 14 |   const queryClient = useQueryClient();
         |                                     ^
      15 |
      16 |   return useMutation<StudentModuleResponse, Error, AddPayload>({
      17 |     mutationFn: async (body) => {

      at useQueryClient (node_modules/@tanstack/react-query/src/QueryClientProvider.tsx:18:11)
      at useAddModule (src/hooks/queries/useAddModule.ts:14:37)
      at AddModuleModal (src/components/study/AddModuleModal.tsx:51:33)
      at renderWithHooks (node_modules/react-dom/cjs/react-dom.development.js:15486:18)
      at mountIndeterminateComponent (node_modules/react-dom/cjs/react-dom.development.js:20103:13)
      at beginWork (node_modules/react-dom/cjs/react-dom.development.js:21626:16)
      at beginWork$1 (node_modules/react-dom/cjs/react-dom.development.js:27465:14)
      at performUnitOfWork (node_modules/react-dom/cjs/react-dom.development.js:26599:12)
      at workLoopSync (node_modules/react-dom/cjs/react-dom.development.js:26505:5)
      at renderRootSync (node_modules/react-dom/cjs/react-dom.development.js:26473:7)
      at recoverFromConcurrentError (node_modules/react-dom/cjs/react-dom.development.js:25889:20)
      at performConcurrentWorkOnRoot (node_modules/react-dom/cjs/react-dom.development.js:25789:22)
      at flushActQueue (node_modules/react/cjs/react.development.js:2667:24)
      at act (node_modules/react/cjs/react.development.js:2582:11)
      at node_modules/@testing-library/react/dist/act-compat.js:47:25
      at renderRoot (node_modules/@testing-library/react/dist/pure.js:180:26)
      at render (node_modules/@testing-library/react/dist/pure.js:271:10)
      at Object.<anonymous> (src/components/study/__tests__/AddModuleModal.test.tsx:135:11)

  ● AddModuleModal › shows error message when POST fails

    No QueryClient set, use QueryClientProvider to set one

      12 |
      13 | export function useAddModule() {
    > 14 |   const queryClient = useQueryClient();
         |                                     ^
      15 |
      16 |   return useMutation<StudentModuleResponse, Error, AddPayload>({
      17 |     mutationFn: async (body) => {

      at useQueryClient (node_modules/@tanstack/react-query/src/QueryClientProvider.tsx:18:11)
      at useAddModule (src/hooks/queries/useAddModule.ts:14:37)
      at AddModuleModal (src/components/study/AddModuleModal.tsx:51:33)
      at renderWithHooks (node_modules/react-dom/cjs/react-dom.development.js:15486:18)
      at mountIndeterminateComponent (node_modules/react-dom/cjs/react-dom.development.js:20103:13)
      at beginWork (node_modules/react-dom/cjs/react-dom.development.js:21626:16)
      at beginWork$1 (node_modules/react-dom/cjs/react-dom.development.js:27465:14)
      at performUnitOfWork (node_modules/react-dom/cjs/react-dom.development.js:26599:12)
      at workLoopSync (node_modules/react-dom/cjs/react-dom.development.js:26505:5)
      at renderRootSync (node_modules/react-dom/cjs/react-dom.development.js:26473:7)
      at recoverFromConcurrentError (node_modules/react-dom/cjs/react-dom.development.js:25889:20)
      at performConcurrentWorkOnRoot (node_modules/react-dom/cjs/react-dom.development.js:25789:22)
      at flushActQueue (node_modules/react/cjs/react.development.js:2667:24)
      at act (node_modules/react/cjs/react.development.js:2582:11)
      at node_modules/@testing-library/react/dist/act-compat.js:47:25
      at renderRoot (node_modules/@testing-library/react/dist/pure.js:180:26)
      at render (node_modules/@testing-library/react/dist/pure.js:271:10)
      at Object.<anonymous> (src/components/study/__tests__/AddModuleModal.test.tsx:158:11)

  ● AddModuleModal › calls onClose when cancel button is clicked

    No QueryClient set, use QueryClientProvider to set one

      12 |
      13 | export function useAddModule() {
    > 14 |   const queryClient = useQueryClient();
         |                                     ^
      15 |
      16 |   return useMutation<StudentModuleResponse, Error, AddPayload>({
      17 |     mutationFn: async (body) => {

      at useQueryClient (node_modules/@tanstack/react-query/src/QueryClientProvider.tsx:18:11)
      at useAddModule (src/hooks/queries/useAddModule.ts:14:37)
      at AddModuleModal (src/components/study/AddModuleModal.tsx:51:33)
      at renderWithHooks (node_modules/react-dom/cjs/react-dom.development.js:15486:18)
      at mountIndeterminateComponent (node_modules/react-dom/cjs/react-dom.development.js:20103:13)
      at beginWork (node_modules/react-dom/cjs/react-dom.development.js:21626:16)
      at beginWork$1 (node_modules/react-dom/cjs/react-dom.development.js:27465:14)
      at performUnitOfWork (node_modules/react-dom/cjs/react-dom.development.js:26599:12)
      at workLoopSync (node_modules/react-dom/cjs/react-dom.development.js:26505:5)
      at renderRootSync (node_modules/react-dom/cjs/react-dom.development.js:26473:7)
      at recoverFromConcurrentError (node_modules/react-dom/cjs/react-dom.development.js:25889:20)
      at performConcurrentWorkOnRoot (node_modules/react-dom/cjs/react-dom.development.js:25789:22)
      at flushActQueue (node_modules/react/cjs/react.development.js:2667:24)
      at act (node_modules/react/cjs/react.development.js:2582:11)
      at node_modules/@testing-library/react/dist/act-compat.js:47:25
      at renderRoot (node_modules/@testing-library/react/dist/pure.js:180:26)
      at render (node_modules/@testing-library/react/dist/pure.js:271:10)
      at Object.<anonymous> (src/components/study/__tests__/AddModuleModal.test.tsx:172:11)

  ● AddModuleModal › shows load error when fetch fails

    No QueryClient set, use QueryClientProvider to set one

      12 |
      13 | export function useAddModule() {
    > 14 |   const queryClient = useQueryClient();
         |                                     ^
      15 |
      16 |   return useMutation<StudentModuleResponse, Error, AddPayload>({
      17 |     mutationFn: async (body) => {

      at useQueryClient (node_modules/@tanstack/react-query/src/QueryClientProvider.tsx:18:11)
      at useAddModule (src/hooks/queries/useAddModule.ts:14:37)
      at AddModuleModal (src/components/study/AddModuleModal.tsx:51:33)
      at renderWithHooks (node_modules/react-dom/cjs/react-dom.development.js:15486:18)
      at mountIndeterminateComponent (node_modules/react-dom/cjs/react-dom.development.js:20103:13)
      at beginWork (node_modules/react-dom/cjs/react-dom.development.js:21626:16)
      at beginWork$1 (node_modules/react-dom/cjs/react-dom.development.js:27465:14)
      at performUnitOfWork (node_modules/react-dom/cjs/react-dom.development.js:26599:12)
      at workLoopSync (node_modules/react-dom/cjs/react-dom.development.js:26505:5)
      at renderRootSync (node_modules/react-dom/cjs/react-dom.development.js:26473:7)
      at recoverFromConcurrentError (node_modules/react-dom/cjs/react-dom.development.js:25889:20)
      at performConcurrentWorkOnRoot (node_modules/react-dom/cjs/react-dom.development.js:25789:22)
      at flushActQueue (node_modules/react/cjs/react.development.js:2667:24)
      at act (node_modules/react/cjs/react.development.js:2582:11)
      at node_modules/@testing-library/react/dist/act-compat.js:47:25
      at renderRoot (node_modules/@testing-library/react/dist/pure.js:180:26)
      at render (node_modules/@testing-library/react/dist/pure.js:271:10)
      at Object.<anonymous> (src/components/study/__tests__/AddModuleModal.test.tsx:179:11)

FAIL src/components/study/__tests__/StatsCard.test.tsx
  ● Console

    console.error
      Error: Uncaught [Error: No QueryClient set, use QueryClientProvider to set one]
          at reportException (/Users/yusefbach/Projekte/studynexus/frontend/node_modules/jsdom/lib/jsdom/living/helpers/runtime-script-errors.js:66:24)
          at innerInvokeEventListeners (/Users/yusefbach/Projekte/studynexus/frontend/node_modules/jsdom/lib/jsdom/living/events/EventTarget-impl.js:353:9)
          at invokeEventListeners (/Users/yusefbach/Projekte/studynexus/frontend/node_modules/jsdom/lib/jsdom/living/events/EventTarget-impl.js:286:3)
          at HTMLUnknownElementImpl._dispatch (/Users/yusefbach/Projekte/studynexus/frontend/node_modules/jsdom/lib/jsdom/living/events/EventTarget-impl.js:233:9)
          at HTMLUnknownElementImpl.dispatchEvent (/Users/yusefbach/Projekte/studynexus/frontend/node_modules/jsdom/lib/jsdom/living/events/EventTarget-impl.js:104:17)
          at HTMLUnknownElement.dispatchEvent (/Users/yusefbach/Projekte/studynexus/frontend/node_modules/jsdom/lib/jsdom/living/generated/EventTarget.js:241:34)
          at Object.invokeGuardedCallbackDev (/Users/yusefbach/Projekte/studynexus/frontend/node_modules/react-dom/cjs/react-dom.development.js:4213:16)
          at invokeGuardedCallback (/Users/yusefbach/Projekte/studynexus/frontend/node_modules/react-dom/cjs/react-dom.development.js:4277:31)
          at beginWork$1 (/Users/yusefbach/Projekte/studynexus/frontend/node_modules/react-dom/cjs/react-dom.development.js:27490:7)
          at performUnitOfWork (/Users/yusefbach/Projekte/studynexus/frontend/node_modules/react-dom/cjs/react-dom.development.js:26599:12)
          at workLoopSync (/Users/yusefbach/Projekte/studynexus/frontend/node_modules/react-dom/cjs/react-dom.development.js:26505:5)
          at renderRootSync (/Users/yusefbach/Projekte/studynexus/frontend/node_modules/react-dom/cjs/react-dom.development.js:26473:7)
          at performConcurrentWorkOnRoot (/Users/yusefbach/Projekte/studynexus/frontend/node_modules/react-dom/cjs/react-dom.development.js:25777:74)
          at flushActQueue (/Users/yusefbach/Projekte/studynexus/frontend/node_modules/react/cjs/react.development.js:2667:24)
          at act (/Users/yusefbach/Projekte/studynexus/frontend/node_modules/react/cjs/react.development.js:2582:11)
          at /Users/yusefbach/Projekte/studynexus/frontend/node_modules/@testing-library/react/dist/act-compat.js:47:25
          at renderRoot (/Users/yusefbach/Projekte/studynexus/frontend/node_modules/@testing-library/react/dist/pure.js:180:26)
          at render (/Users/yusefbach/Projekte/studynexus/frontend/node_modules/@testing-library/react/dist/pure.js:271:10)
          at Object.<anonymous> (/Users/yusefbach/Projekte/studynexus/frontend/src/components/study/__tests__/StatsCard.test.tsx:30:11)
          at Promise.then.completed (/Users/yusefbach/Projekte/studynexus/frontend/node_modules/jest-circus/build/utils.js:298:28)
          at new Promise (<anonymous>)
          at callAsyncCircusFn (/Users/yusefbach/Projekte/studynexus/frontend/node_modules/jest-circus/build/utils.js:231:10)
          at _callCircusTest (/Users/yusefbach/Projekte/studynexus/frontend/node_modules/jest-circus/build/run.js:316:40)
          at processTicksAndRejections (node:internal/process/task_queues:104:5)
          at _runTest (/Users/yusefbach/Projekte/studynexus/frontend/node_modules/jest-circus/build/run.js:252:3)
          at _runTestsForDescribeBlock (/Users/yusefbach/Projekte/studynexus/frontend/node_modules/jest-circus/build/run.js:126:9)
          at _runTestsForDescribeBlock (/Users/yusefbach/Projekte/studynexus/frontend/node_modules/jest-circus/build/run.js:121:9)
          at run (/Users/yusefbach/Projekte/studynexus/frontend/node_modules/jest-circus/build/run.js:71:3)
          at runAndTransformResultsToJestFormat (/Users/yusefbach/Projekte/studynexus/frontend/node_modules/jest-circus/build/legacy-code-todo-rewrite/jestAdapterInit.js:122:21)
          at jestAdapter (/Users/yusefbach/Projekte/studynexus/frontend/node_modules/jest-circus/build/legacy-code-todo-rewrite/jestAdapter.js:79:19)
          at runTestInternal (/Users/yusefbach/Projekte/studynexus/frontend/node_modules/jest-runner/build/runTest.js:367:16)
          at runTest (/Users/yusefbach/Projekte/studynexus/frontend/node_modules/jest-runner/build/runTest.js:444:34)
          at Object.worker (/Users/yusefbach/Projekte/studynexus/frontend/node_modules/jest-runner/build/testWorker.js:106:12) {
        detail: Error: No QueryClient set, use QueryClientProvider to set one
            at useQueryClient (/Users/yusefbach/Projekte/studynexus/frontend/node_modules/@tanstack/react-query/src/QueryClientProvider.tsx:18:11)
            at useBaseQuery (/Users/yusefbach/Projekte/studynexus/frontend/node_modules/@tanstack/react-query/src/useBaseQuery.ts:54:18)
            at useQuery (/Users/yusefbach/Projekte/studynexus/frontend/node_modules/@tanstack/react-query/src/useQuery.ts:51:10)
            at useUserStats (/Users/yusefbach/Projekte/studynexus/frontend/src/hooks/queries/useUserStats.ts:7:18)
            at StatsCard (/Users/yusefbach/Projekte/studynexus/frontend/src/components/study/StatsCard.tsx:8:68)
            at renderWithHooks (/Users/yusefbach/Projekte/studynexus/frontend/node_modules/react-dom/cjs/react-dom.development.js:15486:18)
            at mountIndeterminateComponent (/Users/yusefbach/Projekte/studynexus/frontend/node_modules/react-dom/cjs/react-dom.development.js:20103:13)
            at beginWork (/Users/yusefbach/Projekte/studynexus/frontend/node_modules/react-dom/cjs/react-dom.development.js:21626:16)
            at HTMLUnknownElement.callCallback (/Users/yusefbach/Projekte/studynexus/frontend/node_modules/react-dom/cjs/react-dom.development.js:4164:14)
            at HTMLUnknownElement.callTheUserObjectsOperation (/Users/yusefbach/Projekte/studynexus/frontend/node_modules/jsdom/lib/jsdom/living/generated/EventListener.js:26:30)
            at innerInvokeEventListeners (/Users/yusefbach/Projekte/studynexus/frontend/node_modules/jsdom/lib/jsdom/living/events/EventTarget-impl.js:350:25)
            at invokeEventListeners (/Users/yusefbach/Projekte/studynexus/frontend/node_modules/jsdom/lib/jsdom/living/events/EventTarget-impl.js:286:3)
            at HTMLUnknownElementImpl._dispatch (/Users/yusefbach/Projekte/studynexus/frontend/node_modules/jsdom/lib/jsdom/living/events/EventTarget-impl.js:233:9)
            at HTMLUnknownElementImpl.dispatchEvent (/Users/yusefbach/Projekte/studynexus/frontend/node_modules/jsdom/lib/jsdom/living/events/EventTarget-impl.js:104:17)
            at HTMLUnknownElement.dispatchEvent (/Users/yusefbach/Projekte/studynexus/frontend/node_modules/jsdom/lib/jsdom/living/generated/EventTarget.js:241:34)
            at Object.invokeGuardedCallbackDev (/Users/yusefbach/Projekte/studynexus/frontend/node_modules/react-dom/cjs/react-dom.development.js:4213:16)
            at invokeGuardedCallback (/Users/yusefbach/Projekte/studynexus/frontend/node_modules/react-dom/cjs/react-dom.development.js:4277:31)
            at beginWork$1 (/Users/yusefbach/Projekte/studynexus/frontend/node_modules/react-dom/cjs/react-dom.development.js:27490:7)
            at performUnitOfWork (/Users/yusefbach/Projekte/studynexus/frontend/node_modules/react-dom/cjs/react-dom.development.js:26599:12)
            at workLoopSync (/Users/yusefbach/Projekte/studynexus/frontend/node_modules/react-dom/cjs/react-dom.development.js:26505:5)
            at renderRootSync (/Users/yusefbach/Projekte/studynexus/frontend/node_modules/react-dom/cjs/react-dom.development.js:26473:7)
            at performConcurrentWorkOnRoot (/Users/yusefbach/Projekte/studynexus/frontend/node_modules/react-dom/cjs/react-dom.development.js:25777:74)
            at flushActQueue (/Users/yusefbach/Projekte/studynexus/frontend/node_modules/react/cjs/react.development.js:2667:24)
            at act (/Users/yusefbach/Projekte/studynexus/frontend/node_modules/react/cjs/react.development.js:2582:11)
            at /Users/yusefbach/Projekte/studynexus/frontend/node_modules/@testing-library/react/dist/act-compat.js:47:25
            at renderRoot (/Users/yusefbach/Projekte/studynexus/frontend/node_modules/@testing-library/react/dist/pure.js:180:26)
            at render (/Users/yusefbach/Projekte/studynexus/frontend/node_modules/@testing-library/react/dist/pure.js:271:10)
            at Object.<anonymous> (/Users/yusefbach/Projekte/studynexus/frontend/src/components/study/__tests__/StatsCard.test.tsx:30:11)
            at Promise.then.completed (/Users/yusefbach/Projekte/studynexus/frontend/node_modules/jest-circus/build/utils.js:298:28)
            at new Promise (<anonymous>)
            at callAsyncCircusFn (/Users/yusefbach/Projekte/studynexus/frontend/node_modules/jest-circus/build/utils.js:231:10)
            at _callCircusTest (/Users/yusefbach/Projekte/studynexus/frontend/node_modules/jest-circus/build/run.js:316:40)
            at processTicksAndRejections (node:internal/process/task_queues:104:5)
            at _runTest (/Users/yusefbach/Projekte/studynexus/frontend/node_modules/jest-circus/build/run.js:252:3)
            at _runTestsForDescribeBlock (/Users/yusefbach/Projekte/studynexus/frontend/node_modules/jest-circus/build/run.js:126:9)
            at _runTestsForDescribeBlock (/Users/yusefbach/Projekte/studynexus/frontend/node_modules/jest-circus/build/run.js:121:9)
            at run (/Users/yusefbach/Projekte/studynexus/frontend/node_modules/jest-circus/build/run.js:71:3)
            at runAndTransformResultsToJestFormat (/Users/yusefbach/Projekte/studynexus/frontend/node_modules/jest-circus/build/legacy-code-todo-rewrite/jestAdapterInit.js:122:21)
            at jestAdapter (/Users/yusefbach/Projekte/studynexus/frontend/node_modules/jest-circus/build/legacy-code-todo-rewrite/jestAdapter.js:79:19)
            at runTestInternal (/Users/yusefbach/Projekte/studynexus/frontend/node_modules/jest-runner/build/runTest.js:367:16)
            at runTest (/Users/yusefbach/Projekte/studynexus/frontend/node_modules/jest-runner/build/runTest.js:444:34)
            at Object.worker (/Users/yusefbach/Projekte/studynexus/frontend/node_modules/jest-runner/build/testWorker.js:106:12),
        type: 'unhandled exception'
      }

      28 |   it("shows loading text initially", () => {
      29 |     mockFetch(mockStats);
    > 30 |     render(<StatsCard />);
         |           ^
      31 |     expect(screen.getByText("dashboard.stats.loading")).toBeInTheDocument();
      32 |   });
      33 |

      at VirtualConsole.<anonymous> (node_modules/jest-environment-jsdom/build/index.js:63:23)
      at reportException (node_modules/jsdom/lib/jsdom/living/helpers/runtime-script-errors.js:70:28)
      at innerInvokeEventListeners (node_modules/jsdom/lib/jsdom/living/events/EventTarget-impl.js:353:9)
      at invokeEventListeners (node_modules/jsdom/lib/jsdom/living/events/EventTarget-impl.js:286:3)
      at HTMLUnknownElementImpl._dispatch (node_modules/jsdom/lib/jsdom/living/events/EventTarget-impl.js:233:9)
      at HTMLUnknownElementImpl.dispatchEvent (node_modules/jsdom/lib/jsdom/living/events/EventTarget-impl.js:104:17)
      at HTMLUnknownElement.dispatchEvent (node_modules/jsdom/lib/jsdom/living/generated/EventTarget.js:241:34)
      at Object.invokeGuardedCallbackDev (node_modules/react-dom/cjs/react-dom.development.js:4213:16)
      at invokeGuardedCallback (node_modules/react-dom/cjs/react-dom.development.js:4277:31)
      at beginWork$1 (node_modules/react-dom/cjs/react-dom.development.js:27490:7)
      at performUnitOfWork (node_modules/react-dom/cjs/react-dom.development.js:26599:12)
      at workLoopSync (node_modules/react-dom/cjs/react-dom.development.js:26505:5)
      at renderRootSync (node_modules/react-dom/cjs/react-dom.development.js:26473:7)
      at performConcurrentWorkOnRoot (node_modules/react-dom/cjs/react-dom.development.js:25777:74)
      at flushActQueue (node_modules/react/cjs/react.development.js:2667:24)
      at act (node_modules/react/cjs/react.development.js:2582:11)
      at node_modules/@testing-library/react/dist/act-compat.js:47:25
      at renderRoot (node_modules/@testing-library/react/dist/pure.js:180:26)
      at render (node_modules/@testing-library/react/dist/pure.js:271:10)
      at Object.<anonymous> (src/components/study/__tests__/StatsCard.test.tsx:30:11)

    console.error
      Error: Uncaught [Error: No QueryClient set, use QueryClientProvider to set one]
          at reportException (/Users/yusefbach/Projekte/studynexus/frontend/node_modules/jsdom/lib/jsdom/living/helpers/runtime-script-errors.js:66:24)
          at innerInvokeEventListeners (/Users/yusefbach/Projekte/studynexus/frontend/node_modules/jsdom/lib/jsdom/living/events/EventTarget-impl.js:353:9)
          at invokeEventListeners (/Users/yusefbach/Projekte/studynexus/frontend/node_modules/jsdom/lib/jsdom/living/events/EventTarget-impl.js:286:3)
          at HTMLUnknownElementImpl._dispatch (/Users/yusefbach/Projekte/studynexus/frontend/node_modules/jsdom/lib/jsdom/living/events/EventTarget-impl.js:233:9)
          at HTMLUnknownElementImpl.dispatchEvent (/Users/yusefbach/Projekte/studynexus/frontend/node_modules/jsdom/lib/jsdom/living/events/EventTarget-impl.js:104:17)
          at HTMLUnknownElement.dispatchEvent (/Users/yusefbach/Projekte/studynexus/frontend/node_modules/jsdom/lib/jsdom/living/generated/EventTarget.js:241:34)
          at Object.invokeGuardedCallbackDev (/Users/yusefbach/Projekte/studynexus/frontend/node_modules/react-dom/cjs/react-dom.development.js:4213:16)
          at invokeGuardedCallback (/Users/yusefbach/Projekte/studynexus/frontend/node_modules/react-dom/cjs/react-dom.development.js:4277:31)
          at beginWork$1 (/Users/yusefbach/Projekte/studynexus/frontend/node_modules/react-dom/cjs/react-dom.development.js:27490:7)
          at performUnitOfWork (/Users/yusefbach/Projekte/studynexus/frontend/node_modules/react-dom/cjs/react-dom.development.js:26599:12)
          at workLoopSync (/Users/yusefbach/Projekte/studynexus/frontend/node_modules/react-dom/cjs/react-dom.development.js:26505:5)
          at renderRootSync (/Users/yusefbach/Projekte/studynexus/frontend/node_modules/react-dom/cjs/react-dom.development.js:26473:7)
          at recoverFromConcurrentError (/Users/yusefbach/Projekte/studynexus/frontend/node_modules/react-dom/cjs/react-dom.development.js:25889:20)
          at performConcurrentWorkOnRoot (/Users/yusefbach/Projekte/studynexus/frontend/node_modules/react-dom/cjs/react-dom.development.js:25789:22)
          at flushActQueue (/Users/yusefbach/Projekte/studynexus/frontend/node_modules/react/cjs/react.development.js:2667:24)
          at act (/Users/yusefbach/Projekte/studynexus/frontend/node_modules/react/cjs/react.development.js:2582:11)
          at /Users/yusefbach/Projekte/studynexus/frontend/node_modules/@testing-library/react/dist/act-compat.js:47:25
          at renderRoot (/Users/yusefbach/Projekte/studynexus/frontend/node_modules/@testing-library/react/dist/pure.js:180:26)
          at render (/Users/yusefbach/Projekte/studynexus/frontend/node_modules/@testing-library/react/dist/pure.js:271:10)
          at Object.<anonymous> (/Users/yusefbach/Projekte/studynexus/frontend/src/components/study/__tests__/StatsCard.test.tsx:30:11)
          at Promise.then.completed (/Users/yusefbach/Projekte/studynexus/frontend/node_modules/jest-circus/build/utils.js:298:28)
          at new Promise (<anonymous>)
          at callAsyncCircusFn (/Users/yusefbach/Projekte/studynexus/frontend/node_modules/jest-circus/build/utils.js:231:10)
          at _callCircusTest (/Users/yusefbach/Projekte/studynexus/frontend/node_modules/jest-circus/build/run.js:316:40)
          at processTicksAndRejections (node:internal/process/task_queues:104:5)
          at _runTest (/Users/yusefbach/Projekte/studynexus/frontend/node_modules/jest-circus/build/run.js:252:3)
          at _runTestsForDescribeBlock (/Users/yusefbach/Projekte/studynexus/frontend/node_modules/jest-circus/build/run.js:126:9)
          at _runTestsForDescribeBlock (/Users/yusefbach/Projekte/studynexus/frontend/node_modules/jest-circus/build/run.js:121:9)
          at run (/Users/yusefbach/Projekte/studynexus/frontend/node_modules/jest-circus/build/run.js:71:3)
          at runAndTransformResultsToJestFormat (/Users/yusefbach/Projekte/studynexus/frontend/node_modules/jest-circus/build/legacy-code-todo-rewrite/jestAdapterInit.js:122:21)
          at jestAdapter (/Users/yusefbach/Projekte/studynexus/frontend/node_modules/jest-circus/build/legacy-code-todo-rewrite/jestAdapter.js:79:19)
          at runTestInternal (/Users/yusefbach/Projekte/studynexus/frontend/node_modules/jest-runner/build/runTest.js:367:16)
          at runTest (/Users/yusefbach/Projekte/studynexus/frontend/node_modules/jest-runner/build/runTest.js:444:34)
          at Object.worker (/Users/yusefbach/Projekte/studynexus/frontend/node_modules/jest-runner/build/testWorker.js:106:12) {
        detail: Error: No QueryClient set, use QueryClientProvider to set one
            at useQueryClient (/Users/yusefbach/Projekte/studynexus/frontend/node_modules/@tanstack/react-query/src/QueryClientProvider.tsx:18:11)
            at useBaseQuery (/Users/yusefbach/Projekte/studynexus/frontend/node_modules/@tanstack/react-query/src/useBaseQuery.ts:54:18)
            at useQuery (/Users/yusefbach/Projekte/studynexus/frontend/node_modules/@tanstack/react-query/src/useQuery.ts:51:10)
            at useUserStats (/Users/yusefbach/Projekte/studynexus/frontend/src/hooks/queries/useUserStats.ts:7:18)
            at StatsCard (/Users/yusefbach/Projekte/studynexus/frontend/src/components/study/StatsCard.tsx:8:68)
            at renderWithHooks (/Users/yusefbach/Projekte/studynexus/frontend/node_modules/react-dom/cjs/react-dom.development.js:15486:18)
            at mountIndeterminateComponent (/Users/yusefbach/Projekte/studynexus/frontend/node_modules/react-dom/cjs/react-dom.development.js:20103:13)
            at beginWork (/Users/yusefbach/Projekte/studynexus/frontend/node_modules/react-dom/cjs/react-dom.development.js:21626:16)
            at HTMLUnknownElement.callCallback (/Users/yusefbach/Projekte/studynexus/frontend/node_modules/react-dom/cjs/react-dom.development.js:4164:14)
            at HTMLUnknownElement.callTheUserObjectsOperation (/Users/yusefbach/Projekte/studynexus/frontend/node_modules/jsdom/lib/jsdom/living/generated/EventListener.js:26:30)
            at innerInvokeEventListeners (/Users/yusefbach/Projekte/studynexus/frontend/node_modules/jsdom/lib/jsdom/living/events/EventTarget-impl.js:350:25)
            at invokeEventListeners (/Users/yusefbach/Projekte/studynexus/frontend/node_modules/jsdom/lib/jsdom/living/events/EventTarget-impl.js:286:3)
            at HTMLUnknownElementImpl._dispatch (/Users/yusefbach/Projekte/studynexus/frontend/node_modules/jsdom/lib/jsdom/living/events/EventTarget-impl.js:233:9)
            at HTMLUnknownElementImpl.dispatchEvent (/Users/yusefbach/Projekte/studynexus/frontend/node_modules/jsdom/lib/jsdom/living/events/EventTarget-impl.js:104:17)
            at HTMLUnknownElement.dispatchEvent (/Users/yusefbach/Projekte/studynexus/frontend/node_modules/jsdom/lib/jsdom/living/generated/EventTarget.js:241:34)
            at Object.invokeGuardedCallbackDev (/Users/yusefbach/Projekte/studynexus/frontend/node_modules/react-dom/cjs/react-dom.development.js:4213:16)
            at invokeGuardedCallback (/Users/yusefbach/Projekte/studynexus/frontend/node_modules/react-dom/cjs/react-dom.development.js:4277:31)
            at beginWork$1 (/Users/yusefbach/Projekte/studynexus/frontend/node_modules/react-dom/cjs/react-dom.development.js:27490:7)
            at performUnitOfWork (/Users/yusefbach/Projekte/studynexus/frontend/node_modules/react-dom/cjs/react-dom.development.js:26599:12)
            at workLoopSync (/Users/yusefbach/Projekte/studynexus/frontend/node_modules/react-dom/cjs/react-dom.development.js:26505:5)
            at renderRootSync (/Users/yusefbach/Projekte/studynexus/frontend/node_modules/react-dom/cjs/react-dom.development.js:26473:7)
            at recoverFromConcurrentError (/Users/yusefbach/Projekte/studynexus/frontend/node_modules/react-dom/cjs/react-dom.development.js:25889:20)
            at performConcurrentWorkOnRoot (/Users/yusefbach/Projekte/studynexus/frontend/node_modules/react-dom/cjs/react-dom.development.js:25789:22)
            at flushActQueue (/Users/yusefbach/Projekte/studynexus/frontend/node_modules/react/cjs/react.development.js:2667:24)
            at act (/Users/yusefbach/Projekte/studynexus/frontend/node_modules/react/cjs/react.development.js:2582:11)
            at /Users/yusefbach/Projekte/studynexus/frontend/node_modules/@testing-library/react/dist/act-compat.js:47:25
            at renderRoot (/Users/yusefbach/Projekte/studynexus/frontend/node_modules/@testing-library/react/dist/pure.js:180:26)
            at render (/Users/yusefbach/Projekte/studynexus/frontend/node_modules/@testing-library/react/dist/pure.js:271:10)
            at Object.<anonymous> (/Users/yusefbach/Projekte/studynexus/frontend/src/components/study/__tests__/StatsCard.test.tsx:30:11)
            at Promise.then.completed (/Users/yusefbach/Projekte/studynexus/frontend/node_modules/jest-circus/build/utils.js:298:28)
            at new Promise (<anonymous>)
            at callAsyncCircusFn (/Users/yusefbach/Projekte/studynexus/frontend/node_modules/jest-circus/build/utils.js:231:10)
            at _callCircusTest (/Users/yusefbach/Projekte/studynexus/frontend/node_modules/jest-circus/build/run.js:316:40)
            at processTicksAndRejections (node:internal/process/task_queues:104:5)
            at _runTest (/Users/yusefbach/Projekte/studynexus/frontend/node_modules/jest-circus/build/run.js:252:3)
            at _runTestsForDescribeBlock (/Users/yusefbach/Projekte/studynexus/frontend/node_modules/jest-circus/build/run.js:126:9)
            at _runTestsForDescribeBlock (/Users/yusefbach/Projekte/studynexus/frontend/node_modules/jest-circus/build/run.js:121:9)
            at run (/Users/yusefbach/Projekte/studynexus/frontend/node_modules/jest-circus/build/run.js:71:3)
            at runAndTransformResultsToJestFormat (/Users/yusefbach/Projekte/studynexus/frontend/node_modules/jest-circus/build/legacy-code-todo-rewrite/jestAdapterInit.js:122:21)
            at jestAdapter (/Users/yusefbach/Projekte/studynexus/frontend/node_modules/jest-circus/build/legacy-code-todo-rewrite/jestAdapter.js:79:19)
            at runTestInternal (/Users/yusefbach/Projekte/studynexus/frontend/node_modules/jest-runner/build/runTest.js:367:16)
            at runTest (/Users/yusefbach/Projekte/studynexus/frontend/node_modules/jest-runner/build/runTest.js:444:34)
            at Object.worker (/Users/yusefbach/Projekte/studynexus/frontend/node_modules/jest-runner/build/testWorker.js:106:12),
        type: 'unhandled exception'
      }

      28 |   it("shows loading text initially", () => {
      29 |     mockFetch(mockStats);
    > 30 |     render(<StatsCard />);
         |           ^
      31 |     expect(screen.getByText("dashboard.stats.loading")).toBeInTheDocument();
      32 |   });
      33 |

      at VirtualConsole.<anonymous> (node_modules/jest-environment-jsdom/build/index.js:63:23)
      at reportException (node_modules/jsdom/lib/jsdom/living/helpers/runtime-script-errors.js:70:28)
      at innerInvokeEventListeners (node_modules/jsdom/lib/jsdom/living/events/EventTarget-impl.js:353:9)
      at invokeEventListeners (node_modules/jsdom/lib/jsdom/living/events/EventTarget-impl.js:286:3)
      at HTMLUnknownElementImpl._dispatch (node_modules/jsdom/lib/jsdom/living/events/EventTarget-impl.js:233:9)
      at HTMLUnknownElementImpl.dispatchEvent (node_modules/jsdom/lib/jsdom/living/events/EventTarget-impl.js:104:17)
      at HTMLUnknownElement.dispatchEvent (node_modules/jsdom/lib/jsdom/living/generated/EventTarget.js:241:34)
      at Object.invokeGuardedCallbackDev (node_modules/react-dom/cjs/react-dom.development.js:4213:16)
      at invokeGuardedCallback (node_modules/react-dom/cjs/react-dom.development.js:4277:31)
      at beginWork$1 (node_modules/react-dom/cjs/react-dom.development.js:27490:7)
      at performUnitOfWork (node_modules/react-dom/cjs/react-dom.development.js:26599:12)
      at workLoopSync (node_modules/react-dom/cjs/react-dom.development.js:26505:5)
      at renderRootSync (node_modules/react-dom/cjs/react-dom.development.js:26473:7)
      at recoverFromConcurrentError (node_modules/react-dom/cjs/react-dom.development.js:25889:20)
      at performConcurrentWorkOnRoot (node_modules/react-dom/cjs/react-dom.development.js:25789:22)
      at flushActQueue (node_modules/react/cjs/react.development.js:2667:24)
      at act (node_modules/react/cjs/react.development.js:2582:11)
      at node_modules/@testing-library/react/dist/act-compat.js:47:25
      at renderRoot (node_modules/@testing-library/react/dist/pure.js:180:26)
      at render (node_modules/@testing-library/react/dist/pure.js:271:10)
      at Object.<anonymous> (src/components/study/__tests__/StatsCard.test.tsx:30:11)

    console.error
      The above error occurred in the <StatsCard> component:
      
          at StatsCard (/Users/yusefbach/Projekte/studynexus/frontend/src/components/study/StatsCard.tsx:8:68)
      
      Consider adding an error boundary to your tree to customize error handling behavior.
      Visit https://reactjs.org/link/error-boundaries to learn more about error boundaries.

      28 |   it("shows loading text initially", () => {
      29 |     mockFetch(mockStats);
    > 30 |     render(<StatsCard />);
         |           ^
      31 |     expect(screen.getByText("dashboard.stats.loading")).toBeInTheDocument();
      32 |   });
      33 |

      at logCapturedError (node_modules/react-dom/cjs/react-dom.development.js:18704:23)
      at update.callback (node_modules/react-dom/cjs/react-dom.development.js:18737:5)
      at callCallback (node_modules/react-dom/cjs/react-dom.development.js:15036:12)
      at commitUpdateQueue (node_modules/react-dom/cjs/react-dom.development.js:15057:9)
      at commitLayoutEffectOnFiber (node_modules/react-dom/cjs/react-dom.development.js:23430:13)
      at commitLayoutMountEffects_complete (node_modules/react-dom/cjs/react-dom.development.js:24727:9)
      at commitLayoutEffects_begin (node_modules/react-dom/cjs/react-dom.development.js:24713:7)
      at commitLayoutEffects (node_modules/react-dom/cjs/react-dom.development.js:24651:3)
      at commitRootImpl (node_modules/react-dom/cjs/react-dom.development.js:26862:5)
      at commitRoot (node_modules/react-dom/cjs/react-dom.development.js:26721:5)
      at finishConcurrentRender (node_modules/react-dom/cjs/react-dom.development.js:25931:9)
      at performConcurrentWorkOnRoot (node_modules/react-dom/cjs/react-dom.development.js:25848:7)
      at flushActQueue (node_modules/react/cjs/react.development.js:2667:24)
      at act (node_modules/react/cjs/react.development.js:2582:11)
      at node_modules/@testing-library/react/dist/act-compat.js:47:25
      at renderRoot (node_modules/@testing-library/react/dist/pure.js:180:26)
      at render (node_modules/@testing-library/react/dist/pure.js:271:10)
      at Object.<anonymous> (src/components/study/__tests__/StatsCard.test.tsx:30:11)

    console.error
      Error: Uncaught [Error: No QueryClient set, use QueryClientProvider to set one]
          at reportException (/Users/yusefbach/Projekte/studynexus/frontend/node_modules/jsdom/lib/jsdom/living/helpers/runtime-script-errors.js:66:24)
          at innerInvokeEventListeners (/Users/yusefbach/Projekte/studynexus/frontend/node_modules/jsdom/lib/jsdom/living/events/EventTarget-impl.js:353:9)
          at invokeEventListeners (/Users/yusefbach/Projekte/studynexus/frontend/node_modules/jsdom/lib/jsdom/living/events/EventTarget-impl.js:286:3)
          at HTMLUnknownElementImpl._dispatch (/Users/yusefbach/Projekte/studynexus/frontend/node_modules/jsdom/lib/jsdom/living/events/EventTarget-impl.js:233:9)
          at HTMLUnknownElementImpl.dispatchEvent (/Users/yusefbach/Projekte/studynexus/frontend/node_modules/jsdom/lib/jsdom/living/events/EventTarget-impl.js:104:17)
          at HTMLUnknownElement.dispatchEvent (/Users/yusefbach/Projekte/studynexus/frontend/node_modules/jsdom/lib/jsdom/living/generated/EventTarget.js:241:34)
          at Object.invokeGuardedCallbackDev (/Users/yusefbach/Projekte/studynexus/frontend/node_modules/react-dom/cjs/react-dom.development.js:4213:16)
          at invokeGuardedCallback (/Users/yusefbach/Projekte/studynexus/frontend/node_modules/react-dom/cjs/react-dom.development.js:4277:31)
          at beginWork$1 (/Users/yusefbach/Projekte/studynexus/frontend/node_modules/react-dom/cjs/react-dom.development.js:27490:7)
          at performUnitOfWork (/Users/yusefbach/Projekte/studynexus/frontend/node_modules/react-dom/cjs/react-dom.development.js:26599:12)
          at workLoopSync (/Users/yusefbach/Projekte/studynexus/frontend/node_modules/react-dom/cjs/react-dom.development.js:26505:5)
          at renderRootSync (/Users/yusefbach/Projekte/studynexus/frontend/node_modules/react-dom/cjs/react-dom.development.js:26473:7)
          at performConcurrentWorkOnRoot (/Users/yusefbach/Projekte/studynexus/frontend/node_modules/react-dom/cjs/react-dom.development.js:25777:74)
          at flushActQueue (/Users/yusefbach/Projekte/studynexus/frontend/node_modules/react/cjs/react.development.js:2667:24)
          at act (/Users/yusefbach/Projekte/studynexus/frontend/node_modules/react/cjs/react.development.js:2582:11)
          at /Users/yusefbach/Projekte/studynexus/frontend/node_modules/@testing-library/react/dist/act-compat.js:47:25
          at renderRoot (/Users/yusefbach/Projekte/studynexus/frontend/node_modules/@testing-library/react/dist/pure.js:180:26)
          at render (/Users/yusefbach/Projekte/studynexus/frontend/node_modules/@testing-library/react/dist/pure.js:271:10)
          at Object.<anonymous> (/Users/yusefbach/Projekte/studynexus/frontend/src/components/study/__tests__/StatsCard.test.tsx:36:11)
          at Promise.then.completed (/Users/yusefbach/Projekte/studynexus/frontend/node_modules/jest-circus/build/utils.js:298:28)
          at new Promise (<anonymous>)
          at callAsyncCircusFn (/Users/yusefbach/Projekte/studynexus/frontend/node_modules/jest-circus/build/utils.js:231:10)
          at _callCircusTest (/Users/yusefbach/Projekte/studynexus/frontend/node_modules/jest-circus/build/run.js:316:40)
          at processTicksAndRejections (node:internal/process/task_queues:104:5)
          at _runTest (/Users/yusefbach/Projekte/studynexus/frontend/node_modules/jest-circus/build/run.js:252:3)
          at _runTestsForDescribeBlock (/Users/yusefbach/Projekte/studynexus/frontend/node_modules/jest-circus/build/run.js:126:9)
          at _runTestsForDescribeBlock (/Users/yusefbach/Projekte/studynexus/frontend/node_modules/jest-circus/build/run.js:121:9)
          at run (/Users/yusefbach/Projekte/studynexus/frontend/node_modules/jest-circus/build/run.js:71:3)
          at runAndTransformResultsToJestFormat (/Users/yusefbach/Projekte/studynexus/frontend/node_modules/jest-circus/build/legacy-code-todo-rewrite/jestAdapterInit.js:122:21)
          at jestAdapter (/Users/yusefbach/Projekte/studynexus/frontend/node_modules/jest-circus/build/legacy-code-todo-rewrite/jestAdapter.js:79:19)
          at runTestInternal (/Users/yusefbach/Projekte/studynexus/frontend/node_modules/jest-runner/build/runTest.js:367:16)
          at runTest (/Users/yusefbach/Projekte/studynexus/frontend/node_modules/jest-runner/build/runTest.js:444:34)
          at Object.worker (/Users/yusefbach/Projekte/studynexus/frontend/node_modules/jest-runner/build/testWorker.js:106:12) {
        detail: Error: No QueryClient set, use QueryClientProvider to set one
            at useQueryClient (/Users/yusefbach/Projekte/studynexus/frontend/node_modules/@tanstack/react-query/src/QueryClientProvider.tsx:18:11)
            at useBaseQuery (/Users/yusefbach/Projekte/studynexus/frontend/node_modules/@tanstack/react-query/src/useBaseQuery.ts:54:18)
            at useQuery (/Users/yusefbach/Projekte/studynexus/frontend/node_modules/@tanstack/react-query/src/useQuery.ts:51:10)
            at useUserStats (/Users/yusefbach/Projekte/studynexus/frontend/src/hooks/queries/useUserStats.ts:7:18)
            at StatsCard (/Users/yusefbach/Projekte/studynexus/frontend/src/components/study/StatsCard.tsx:8:68)
            at renderWithHooks (/Users/yusefbach/Projekte/studynexus/frontend/node_modules/react-dom/cjs/react-dom.development.js:15486:18)
            at mountIndeterminateComponent (/Users/yusefbach/Projekte/studynexus/frontend/node_modules/react-dom/cjs/react-dom.development.js:20103:13)
            at beginWork (/Users/yusefbach/Projekte/studynexus/frontend/node_modules/react-dom/cjs/react-dom.development.js:21626:16)
            at HTMLUnknownElement.callCallback (/Users/yusefbach/Projekte/studynexus/frontend/node_modules/react-dom/cjs/react-dom.development.js:4164:14)
            at HTMLUnknownElement.callTheUserObjectsOperation (/Users/yusefbach/Projekte/studynexus/frontend/node_modules/jsdom/lib/jsdom/living/generated/EventListener.js:26:30)
            at innerInvokeEventListeners (/Users/yusefbach/Projekte/studynexus/frontend/node_modules/jsdom/lib/jsdom/living/events/EventTarget-impl.js:350:25)
            at invokeEventListeners (/Users/yusefbach/Projekte/studynexus/frontend/node_modules/jsdom/lib/jsdom/living/events/EventTarget-impl.js:286:3)
            at HTMLUnknownElementImpl._dispatch (/Users/yusefbach/Projekte/studynexus/frontend/node_modules/jsdom/lib/jsdom/living/events/EventTarget-impl.js:233:9)
            at HTMLUnknownElementImpl.dispatchEvent (/Users/yusefbach/Projekte/studynexus/frontend/node_modules/jsdom/lib/jsdom/living/events/EventTarget-impl.js:104:17)
            at HTMLUnknownElement.dispatchEvent (/Users/yusefbach/Projekte/studynexus/frontend/node_modules/jsdom/lib/jsdom/living/generated/EventTarget.js:241:34)
            at Object.invokeGuardedCallbackDev (/Users/yusefbach/Projekte/studynexus/frontend/node_modules/react-dom/cjs/react-dom.development.js:4213:16)
            at invokeGuardedCallback (/Users/yusefbach/Projekte/studynexus/frontend/node_modules/react-dom/cjs/react-dom.development.js:4277:31)
            at beginWork$1 (/Users/yusefbach/Projekte/studynexus/frontend/node_modules/react-dom/cjs/react-dom.development.js:27490:7)
            at performUnitOfWork (/Users/yusefbach/Projekte/studynexus/frontend/node_modules/react-dom/cjs/react-dom.development.js:26599:12)
            at workLoopSync (/Users/yusefbach/Projekte/studynexus/frontend/node_modules/react-dom/cjs/react-dom.development.js:26505:5)
            at renderRootSync (/Users/yusefbach/Projekte/studynexus/frontend/node_modules/react-dom/cjs/react-dom.development.js:26473:7)
            at performConcurrentWorkOnRoot (/Users/yusefbach/Projekte/studynexus/frontend/node_modules/react-dom/cjs/react-dom.development.js:25777:74)
            at flushActQueue (/Users/yusefbach/Projekte/studynexus/frontend/node_modules/react/cjs/react.development.js:2667:24)
            at act (/Users/yusefbach/Projekte/studynexus/frontend/node_modules/react/cjs/react.development.js:2582:11)
            at /Users/yusefbach/Projekte/studynexus/frontend/node_modules/@testing-library/react/dist/act-compat.js:47:25
            at renderRoot (/Users/yusefbach/Projekte/studynexus/frontend/node_modules/@testing-library/react/dist/pure.js:180:26)
            at render (/Users/yusefbach/Projekte/studynexus/frontend/node_modules/@testing-library/react/dist/pure.js:271:10)
            at Object.<anonymous> (/Users/yusefbach/Projekte/studynexus/frontend/src/components/study/__tests__/StatsCard.test.tsx:36:11)
            at Promise.then.completed (/Users/yusefbach/Projekte/studynexus/frontend/node_modules/jest-circus/build/utils.js:298:28)
            at new Promise (<anonymous>)
            at callAsyncCircusFn (/Users/yusefbach/Projekte/studynexus/frontend/node_modules/jest-circus/build/utils.js:231:10)
            at _callCircusTest (/Users/yusefbach/Projekte/studynexus/frontend/node_modules/jest-circus/build/run.js:316:40)
            at processTicksAndRejections (node:internal/process/task_queues:104:5)
            at _runTest (/Users/yusefbach/Projekte/studynexus/frontend/node_modules/jest-circus/build/run.js:252:3)
            at _runTestsForDescribeBlock (/Users/yusefbach/Projekte/studynexus/frontend/node_modules/jest-circus/build/run.js:126:9)
            at _runTestsForDescribeBlock (/Users/yusefbach/Projekte/studynexus/frontend/node_modules/jest-circus/build/run.js:121:9)
            at run (/Users/yusefbach/Projekte/studynexus/frontend/node_modules/jest-circus/build/run.js:71:3)
            at runAndTransformResultsToJestFormat (/Users/yusefbach/Projekte/studynexus/frontend/node_modules/jest-circus/build/legacy-code-todo-rewrite/jestAdapterInit.js:122:21)
            at jestAdapter (/Users/yusefbach/Projekte/studynexus/frontend/node_modules/jest-circus/build/legacy-code-todo-rewrite/jestAdapter.js:79:19)
            at runTestInternal (/Users/yusefbach/Projekte/studynexus/frontend/node_modules/jest-runner/build/runTest.js:367:16)
            at runTest (/Users/yusefbach/Projekte/studynexus/frontend/node_modules/jest-runner/build/runTest.js:444:34)
            at Object.worker (/Users/yusefbach/Projekte/studynexus/frontend/node_modules/jest-runner/build/testWorker.js:106:12),
        type: 'unhandled exception'
      }

      34 |   it("renders GPA after load", async () => {
      35 |     mockFetch(mockStats);
    > 36 |     render(<StatsCard />);
         |           ^
      37 |     await waitFor(() => {
      38 |       expect(screen.getByText("2,3")).toBeInTheDocument();
      39 |     });

      at VirtualConsole.<anonymous> (node_modules/jest-environment-jsdom/build/index.js:63:23)
      at reportException (node_modules/jsdom/lib/jsdom/living/helpers/runtime-script-errors.js:70:28)
      at innerInvokeEventListeners (node_modules/jsdom/lib/jsdom/living/events/EventTarget-impl.js:353:9)
      at invokeEventListeners (node_modules/jsdom/lib/jsdom/living/events/EventTarget-impl.js:286:3)
      at HTMLUnknownElementImpl._dispatch (node_modules/jsdom/lib/jsdom/living/events/EventTarget-impl.js:233:9)
      at HTMLUnknownElementImpl.dispatchEvent (node_modules/jsdom/lib/jsdom/living/events/EventTarget-impl.js:104:17)
      at HTMLUnknownElement.dispatchEvent (node_modules/jsdom/lib/jsdom/living/generated/EventTarget.js:241:34)
      at Object.invokeGuardedCallbackDev (node_modules/react-dom/cjs/react-dom.development.js:4213:16)
      at invokeGuardedCallback (node_modules/react-dom/cjs/react-dom.development.js:4277:31)
      at beginWork$1 (node_modules/react-dom/cjs/react-dom.development.js:27490:7)
      at performUnitOfWork (node_modules/react-dom/cjs/react-dom.development.js:26599:12)
      at workLoopSync (node_modules/react-dom/cjs/react-dom.development.js:26505:5)
      at renderRootSync (node_modules/react-dom/cjs/react-dom.development.js:26473:7)
      at performConcurrentWorkOnRoot (node_modules/react-dom/cjs/react-dom.development.js:25777:74)
      at flushActQueue (node_modules/react/cjs/react.development.js:2667:24)
      at act (node_modules/react/cjs/react.development.js:2582:11)
      at node_modules/@testing-library/react/dist/act-compat.js:47:25
      at renderRoot (node_modules/@testing-library/react/dist/pure.js:180:26)
      at render (node_modules/@testing-library/react/dist/pure.js:271:10)
      at Object.<anonymous> (src/components/study/__tests__/StatsCard.test.tsx:36:11)

    console.error
      Error: Uncaught [Error: No QueryClient set, use QueryClientProvider to set one]
          at reportException (/Users/yusefbach/Projekte/studynexus/frontend/node_modules/jsdom/lib/jsdom/living/helpers/runtime-script-errors.js:66:24)
          at innerInvokeEventListeners (/Users/yusefbach/Projekte/studynexus/frontend/node_modules/jsdom/lib/jsdom/living/events/EventTarget-impl.js:353:9)
          at invokeEventListeners (/Users/yusefbach/Projekte/studynexus/frontend/node_modules/jsdom/lib/jsdom/living/events/EventTarget-impl.js:286:3)
          at HTMLUnknownElementImpl._dispatch (/Users/yusefbach/Projekte/studynexus/frontend/node_modules/jsdom/lib/jsdom/living/events/EventTarget-impl.js:233:9)
          at HTMLUnknownElementImpl.dispatchEvent (/Users/yusefbach/Projekte/studynexus/frontend/node_modules/jsdom/lib/jsdom/living/events/EventTarget-impl.js:104:17)
          at HTMLUnknownElement.dispatchEvent (/Users/yusefbach/Projekte/studynexus/frontend/node_modules/jsdom/lib/jsdom/living/generated/EventTarget.js:241:34)
          at Object.invokeGuardedCallbackDev (/Users/yusefbach/Projekte/studynexus/frontend/node_modules/react-dom/cjs/react-dom.development.js:4213:16)
          at invokeGuardedCallback (/Users/yusefbach/Projekte/studynexus/frontend/node_modules/react-dom/cjs/react-dom.development.js:4277:31)
          at beginWork$1 (/Users/yusefbach/Projekte/studynexus/frontend/node_modules/react-dom/cjs/react-dom.development.js:27490:7)
          at performUnitOfWork (/Users/yusefbach/Projekte/studynexus/frontend/node_modules/react-dom/cjs/react-dom.development.js:26599:12)
          at workLoopSync (/Users/yusefbach/Projekte/studynexus/frontend/node_modules/react-dom/cjs/react-dom.development.js:26505:5)
          at renderRootSync (/Users/yusefbach/Projekte/studynexus/frontend/node_modules/react-dom/cjs/react-dom.development.js:26473:7)
          at recoverFromConcurrentError (/Users/yusefbach/Projekte/studynexus/frontend/node_modules/react-dom/cjs/react-dom.development.js:25889:20)
          at performConcurrentWorkOnRoot (/Users/yusefbach/Projekte/studynexus/frontend/node_modules/react-dom/cjs/react-dom.development.js:25789:22)
          at flushActQueue (/Users/yusefbach/Projekte/studynexus/frontend/node_modules/react/cjs/react.development.js:2667:24)
          at act (/Users/yusefbach/Projekte/studynexus/frontend/node_modules/react/cjs/react.development.js:2582:11)
          at /Users/yusefbach/Projekte/studynexus/frontend/node_modules/@testing-library/react/dist/act-compat.js:47:25
          at renderRoot (/Users/yusefbach/Projekte/studynexus/frontend/node_modules/@testing-library/react/dist/pure.js:180:26)
          at render (/Users/yusefbach/Projekte/studynexus/frontend/node_modules/@testing-library/react/dist/pure.js:271:10)
          at Object.<anonymous> (/Users/yusefbach/Projekte/studynexus/frontend/src/components/study/__tests__/StatsCard.test.tsx:36:11)
          at Promise.then.completed (/Users/yusefbach/Projekte/studynexus/frontend/node_modules/jest-circus/build/utils.js:298:28)
          at new Promise (<anonymous>)
          at callAsyncCircusFn (/Users/yusefbach/Projekte/studynexus/frontend/node_modules/jest-circus/build/utils.js:231:10)
          at _callCircusTest (/Users/yusefbach/Projekte/studynexus/frontend/node_modules/jest-circus/build/run.js:316:40)
          at processTicksAndRejections (node:internal/process/task_queues:104:5)
          at _runTest (/Users/yusefbach/Projekte/studynexus/frontend/node_modules/jest-circus/build/run.js:252:3)
          at _runTestsForDescribeBlock (/Users/yusefbach/Projekte/studynexus/frontend/node_modules/jest-circus/build/run.js:126:9)
          at _runTestsForDescribeBlock (/Users/yusefbach/Projekte/studynexus/frontend/node_modules/jest-circus/build/run.js:121:9)
          at run (/Users/yusefbach/Projekte/studynexus/frontend/node_modules/jest-circus/build/run.js:71:3)
          at runAndTransformResultsToJestFormat (/Users/yusefbach/Projekte/studynexus/frontend/node_modules/jest-circus/build/legacy-code-todo-rewrite/jestAdapterInit.js:122:21)
          at jestAdapter (/Users/yusefbach/Projekte/studynexus/frontend/node_modules/jest-circus/build/legacy-code-todo-rewrite/jestAdapter.js:79:19)
          at runTestInternal (/Users/yusefbach/Projekte/studynexus/frontend/node_modules/jest-runner/build/runTest.js:367:16)
          at runTest (/Users/yusefbach/Projekte/studynexus/frontend/node_modules/jest-runner/build/runTest.js:444:34)
          at Object.worker (/Users/yusefbach/Projekte/studynexus/frontend/node_modules/jest-runner/build/testWorker.js:106:12) {
        detail: Error: No QueryClient set, use QueryClientProvider to set one
            at useQueryClient (/Users/yusefbach/Projekte/studynexus/frontend/node_modules/@tanstack/react-query/src/QueryClientProvider.tsx:18:11)
            at useBaseQuery (/Users/yusefbach/Projekte/studynexus/frontend/node_modules/@tanstack/react-query/src/useBaseQuery.ts:54:18)
            at useQuery (/Users/yusefbach/Projekte/studynexus/frontend/node_modules/@tanstack/react-query/src/useQuery.ts:51:10)
            at useUserStats (/Users/yusefbach/Projekte/studynexus/frontend/src/hooks/queries/useUserStats.ts:7:18)
            at StatsCard (/Users/yusefbach/Projekte/studynexus/frontend/src/components/study/StatsCard.tsx:8:68)
            at renderWithHooks (/Users/yusefbach/Projekte/studynexus/frontend/node_modules/react-dom/cjs/react-dom.development.js:15486:18)
            at mountIndeterminateComponent (/Users/yusefbach/Projekte/studynexus/frontend/node_modules/react-dom/cjs/react-dom.development.js:20103:13)
            at beginWork (/Users/yusefbach/Projekte/studynexus/frontend/node_modules/react-dom/cjs/react-dom.development.js:21626:16)
            at HTMLUnknownElement.callCallback (/Users/yusefbach/Projekte/studynexus/frontend/node_modules/react-dom/cjs/react-dom.development.js:4164:14)
            at HTMLUnknownElement.callTheUserObjectsOperation (/Users/yusefbach/Projekte/studynexus/frontend/node_modules/jsdom/lib/jsdom/living/generated/EventListener.js:26:30)
            at innerInvokeEventListeners (/Users/yusefbach/Projekte/studynexus/frontend/node_modules/jsdom/lib/jsdom/living/events/EventTarget-impl.js:350:25)
            at invokeEventListeners (/Users/yusefbach/Projekte/studynexus/frontend/node_modules/jsdom/lib/jsdom/living/events/EventTarget-impl.js:286:3)
            at HTMLUnknownElementImpl._dispatch (/Users/yusefbach/Projekte/studynexus/frontend/node_modules/jsdom/lib/jsdom/living/events/EventTarget-impl.js:233:9)
            at HTMLUnknownElementImpl.dispatchEvent (/Users/yusefbach/Projekte/studynexus/frontend/node_modules/jsdom/lib/jsdom/living/events/EventTarget-impl.js:104:17)
            at HTMLUnknownElement.dispatchEvent (/Users/yusefbach/Projekte/studynexus/frontend/node_modules/jsdom/lib/jsdom/living/generated/EventTarget.js:241:34)
            at Object.invokeGuardedCallbackDev (/Users/yusefbach/Projekte/studynexus/frontend/node_modules/react-dom/cjs/react-dom.development.js:4213:16)
            at invokeGuardedCallback (/Users/yusefbach/Projekte/studynexus/frontend/node_modules/react-dom/cjs/react-dom.development.js:4277:31)
            at beginWork$1 (/Users/yusefbach/Projekte/studynexus/frontend/node_modules/react-dom/cjs/react-dom.development.js:27490:7)
            at performUnitOfWork (/Users/yusefbach/Projekte/studynexus/frontend/node_modules/react-dom/cjs/react-dom.development.js:26599:12)
            at workLoopSync (/Users/yusefbach/Projekte/studynexus/frontend/node_modules/react-dom/cjs/react-dom.development.js:26505:5)
            at renderRootSync (/Users/yusefbach/Projekte/studynexus/frontend/node_modules/react-dom/cjs/react-dom.development.js:26473:7)
            at recoverFromConcurrentError (/Users/yusefbach/Projekte/studynexus/frontend/node_modules/react-dom/cjs/react-dom.development.js:25889:20)
            at performConcurrentWorkOnRoot (/Users/yusefbach/Projekte/studynexus/frontend/node_modules/react-dom/cjs/react-dom.development.js:25789:22)
            at flushActQueue (/Users/yusefbach/Projekte/studynexus/frontend/node_modules/react/cjs/react.development.js:2667:24)
            at act (/Users/yusefbach/Projekte/studynexus/frontend/node_modules/react/cjs/react.development.js:2582:11)
            at /Users/yusefbach/Projekte/studynexus/frontend/node_modules/@testing-library/react/dist/act-compat.js:47:25
            at renderRoot (/Users/yusefbach/Projekte/studynexus/frontend/node_modules/@testing-library/react/dist/pure.js:180:26)
            at render (/Users/yusefbach/Projekte/studynexus/frontend/node_modules/@testing-library/react/dist/pure.js:271:10)
            at Object.<anonymous> (/Users/yusefbach/Projekte/studynexus/frontend/src/components/study/__tests__/StatsCard.test.tsx:36:11)
            at Promise.then.completed (/Users/yusefbach/Projekte/studynexus/frontend/node_modules/jest-circus/build/utils.js:298:28)
            at new Promise (<anonymous>)
            at callAsyncCircusFn (/Users/yusefbach/Projekte/studynexus/frontend/node_modules/jest-circus/build/utils.js:231:10)
            at _callCircusTest (/Users/yusefbach/Projekte/studynexus/frontend/node_modules/jest-circus/build/run.js:316:40)
            at processTicksAndRejections (node:internal/process/task_queues:104:5)
            at _runTest (/Users/yusefbach/Projekte/studynexus/frontend/node_modules/jest-circus/build/run.js:252:3)
            at _runTestsForDescribeBlock (/Users/yusefbach/Projekte/studynexus/frontend/node_modules/jest-circus/build/run.js:126:9)
            at _runTestsForDescribeBlock (/Users/yusefbach/Projekte/studynexus/frontend/node_modules/jest-circus/build/run.js:121:9)
            at run (/Users/yusefbach/Projekte/studynexus/frontend/node_modules/jest-circus/build/run.js:71:3)
            at runAndTransformResultsToJestFormat (/Users/yusefbach/Projekte/studynexus/frontend/node_modules/jest-circus/build/legacy-code-todo-rewrite/jestAdapterInit.js:122:21)
            at jestAdapter (/Users/yusefbach/Projekte/studynexus/frontend/node_modules/jest-circus/build/legacy-code-todo-rewrite/jestAdapter.js:79:19)
            at runTestInternal (/Users/yusefbach/Projekte/studynexus/frontend/node_modules/jest-runner/build/runTest.js:367:16)
            at runTest (/Users/yusefbach/Projekte/studynexus/frontend/node_modules/jest-runner/build/runTest.js:444:34)
            at Object.worker (/Users/yusefbach/Projekte/studynexus/frontend/node_modules/jest-runner/build/testWorker.js:106:12),
        type: 'unhandled exception'
      }

      34 |   it("renders GPA after load", async () => {
      35 |     mockFetch(mockStats);
    > 36 |     render(<StatsCard />);
         |           ^
      37 |     await waitFor(() => {
      38 |       expect(screen.getByText("2,3")).toBeInTheDocument();
      39 |     });

      at VirtualConsole.<anonymous> (node_modules/jest-environment-jsdom/build/index.js:63:23)
      at reportException (node_modules/jsdom/lib/jsdom/living/helpers/runtime-script-errors.js:70:28)
      at innerInvokeEventListeners (node_modules/jsdom/lib/jsdom/living/events/EventTarget-impl.js:353:9)
      at invokeEventListeners (node_modules/jsdom/lib/jsdom/living/events/EventTarget-impl.js:286:3)
      at HTMLUnknownElementImpl._dispatch (node_modules/jsdom/lib/jsdom/living/events/EventTarget-impl.js:233:9)
      at HTMLUnknownElementImpl.dispatchEvent (node_modules/jsdom/lib/jsdom/living/events/EventTarget-impl.js:104:17)
      at HTMLUnknownElement.dispatchEvent (node_modules/jsdom/lib/jsdom/living/generated/EventTarget.js:241:34)
      at Object.invokeGuardedCallbackDev (node_modules/react-dom/cjs/react-dom.development.js:4213:16)
      at invokeGuardedCallback (node_modules/react-dom/cjs/react-dom.development.js:4277:31)
      at beginWork$1 (node_modules/react-dom/cjs/react-dom.development.js:27490:7)
      at performUnitOfWork (node_modules/react-dom/cjs/react-dom.development.js:26599:12)
      at workLoopSync (node_modules/react-dom/cjs/react-dom.development.js:26505:5)
      at renderRootSync (node_modules/react-dom/cjs/react-dom.development.js:26473:7)
      at recoverFromConcurrentError (node_modules/react-dom/cjs/react-dom.development.js:25889:20)
      at performConcurrentWorkOnRoot (node_modules/react-dom/cjs/react-dom.development.js:25789:22)
      at flushActQueue (node_modules/react/cjs/react.development.js:2667:24)
      at act (node_modules/react/cjs/react.development.js:2582:11)
      at node_modules/@testing-library/react/dist/act-compat.js:47:25
      at renderRoot (node_modules/@testing-library/react/dist/pure.js:180:26)
      at render (node_modules/@testing-library/react/dist/pure.js:271:10)
      at Object.<anonymous> (src/components/study/__tests__/StatsCard.test.tsx:36:11)

    console.error
      The above error occurred in the <StatsCard> component:
      
          at StatsCard (/Users/yusefbach/Projekte/studynexus/frontend/src/components/study/StatsCard.tsx:8:68)
      
      Consider adding an error boundary to your tree to customize error handling behavior.
      Visit https://reactjs.org/link/error-boundaries to learn more about error boundaries.

      34 |   it("renders GPA after load", async () => {
      35 |     mockFetch(mockStats);
    > 36 |     render(<StatsCard />);
         |           ^
      37 |     await waitFor(() => {
      38 |       expect(screen.getByText("2,3")).toBeInTheDocument();
      39 |     });

      at logCapturedError (node_modules/react-dom/cjs/react-dom.development.js:18704:23)
      at update.callback (node_modules/react-dom/cjs/react-dom.development.js:18737:5)
      at callCallback (node_modules/react-dom/cjs/react-dom.development.js:15036:12)
      at commitUpdateQueue (node_modules/react-dom/cjs/react-dom.development.js:15057:9)
      at commitLayoutEffectOnFiber (node_modules/react-dom/cjs/react-dom.development.js:23430:13)
      at commitLayoutMountEffects_complete (node_modules/react-dom/cjs/react-dom.development.js:24727:9)
      at commitLayoutEffects_begin (node_modules/react-dom/cjs/react-dom.development.js:24713:7)
      at commitLayoutEffects (node_modules/react-dom/cjs/react-dom.development.js:24651:3)
      at commitRootImpl (node_modules/react-dom/cjs/react-dom.development.js:26862:5)
      at commitRoot (node_modules/react-dom/cjs/react-dom.development.js:26721:5)
      at finishConcurrentRender (node_modules/react-dom/cjs/react-dom.development.js:25931:9)
      at performConcurrentWorkOnRoot (node_modules/react-dom/cjs/react-dom.development.js:25848:7)
      at flushActQueue (node_modules/react/cjs/react.development.js:2667:24)
      at act (node_modules/react/cjs/react.development.js:2582:11)
      at node_modules/@testing-library/react/dist/act-compat.js:47:25
      at renderRoot (node_modules/@testing-library/react/dist/pure.js:180:26)
      at render (node_modules/@testing-library/react/dist/pure.js:271:10)
      at Object.<anonymous> (src/components/study/__tests__/StatsCard.test.tsx:36:11)

    console.error
      Error: Uncaught [Error: No QueryClient set, use QueryClientProvider to set one]
          at reportException (/Users/yusefbach/Projekte/studynexus/frontend/node_modules/jsdom/lib/jsdom/living/helpers/runtime-script-errors.js:66:24)
          at innerInvokeEventListeners (/Users/yusefbach/Projekte/studynexus/frontend/node_modules/jsdom/lib/jsdom/living/events/EventTarget-impl.js:353:9)
          at invokeEventListeners (/Users/yusefbach/Projekte/studynexus/frontend/node_modules/jsdom/lib/jsdom/living/events/EventTarget-impl.js:286:3)
          at HTMLUnknownElementImpl._dispatch (/Users/yusefbach/Projekte/studynexus/frontend/node_modules/jsdom/lib/jsdom/living/events/EventTarget-impl.js:233:9)
          at HTMLUnknownElementImpl.dispatchEvent (/Users/yusefbach/Projekte/studynexus/frontend/node_modules/jsdom/lib/jsdom/living/events/EventTarget-impl.js:104:17)
          at HTMLUnknownElement.dispatchEvent (/Users/yusefbach/Projekte/studynexus/frontend/node_modules/jsdom/lib/jsdom/living/generated/EventTarget.js:241:34)
          at Object.invokeGuardedCallbackDev (/Users/yusefbach/Projekte/studynexus/frontend/node_modules/react-dom/cjs/react-dom.development.js:4213:16)
          at invokeGuardedCallback (/Users/yusefbach/Projekte/studynexus/frontend/node_modules/react-dom/cjs/react-dom.development.js:4277:31)
          at beginWork$1 (/Users/yusefbach/Projekte/studynexus/frontend/node_modules/react-dom/cjs/react-dom.development.js:27490:7)
          at performUnitOfWork (/Users/yusefbach/Projekte/studynexus/frontend/node_modules/react-dom/cjs/react-dom.development.js:26599:12)
          at workLoopSync (/Users/yusefbach/Projekte/studynexus/frontend/node_modules/react-dom/cjs/react-dom.development.js:26505:5)
          at renderRootSync (/Users/yusefbach/Projekte/studynexus/frontend/node_modules/react-dom/cjs/react-dom.development.js:26473:7)
          at performConcurrentWorkOnRoot (/Users/yusefbach/Projekte/studynexus/frontend/node_modules/react-dom/cjs/react-dom.development.js:25777:74)
          at flushActQueue (/Users/yusefbach/Projekte/studynexus/frontend/node_modules/react/cjs/react.development.js:2667:24)
          at act (/Users/yusefbach/Projekte/studynexus/frontend/node_modules/react/cjs/react.development.js:2582:11)
          at /Users/yusefbach/Projekte/studynexus/frontend/node_modules/@testing-library/react/dist/act-compat.js:47:25
          at renderRoot (/Users/yusefbach/Projekte/studynexus/frontend/node_modules/@testing-library/react/dist/pure.js:180:26)
          at render (/Users/yusefbach/Projekte/studynexus/frontend/node_modules/@testing-library/react/dist/pure.js:271:10)
          at Object.<anonymous> (/Users/yusefbach/Projekte/studynexus/frontend/src/components/study/__tests__/StatsCard.test.tsx:44:11)
          at Promise.then.completed (/Users/yusefbach/Projekte/studynexus/frontend/node_modules/jest-circus/build/utils.js:298:28)
          at new Promise (<anonymous>)
          at callAsyncCircusFn (/Users/yusefbach/Projekte/studynexus/frontend/node_modules/jest-circus/build/utils.js:231:10)
          at _callCircusTest (/Users/yusefbach/Projekte/studynexus/frontend/node_modules/jest-circus/build/run.js:316:40)
          at processTicksAndRejections (node:internal/process/task_queues:104:5)
          at _runTest (/Users/yusefbach/Projekte/studynexus/frontend/node_modules/jest-circus/build/run.js:252:3)
          at _runTestsForDescribeBlock (/Users/yusefbach/Projekte/studynexus/frontend/node_modules/jest-circus/build/run.js:126:9)
          at _runTestsForDescribeBlock (/Users/yusefbach/Projekte/studynexus/frontend/node_modules/jest-circus/build/run.js:121:9)
          at run (/Users/yusefbach/Projekte/studynexus/frontend/node_modules/jest-circus/build/run.js:71:3)
          at runAndTransformResultsToJestFormat (/Users/yusefbach/Projekte/studynexus/frontend/node_modules/jest-circus/build/legacy-code-todo-rewrite/jestAdapterInit.js:122:21)
          at jestAdapter (/Users/yusefbach/Projekte/studynexus/frontend/node_modules/jest-circus/build/legacy-code-todo-rewrite/jestAdapter.js:79:19)
          at runTestInternal (/Users/yusefbach/Projekte/studynexus/frontend/node_modules/jest-runner/build/runTest.js:367:16)
          at runTest (/Users/yusefbach/Projekte/studynexus/frontend/node_modules/jest-runner/build/runTest.js:444:34)
          at Object.worker (/Users/yusefbach/Projekte/studynexus/frontend/node_modules/jest-runner/build/testWorker.js:106:12) {
        detail: Error: No QueryClient set, use QueryClientProvider to set one
            at useQueryClient (/Users/yusefbach/Projekte/studynexus/frontend/node_modules/@tanstack/react-query/src/QueryClientProvider.tsx:18:11)
            at useBaseQuery (/Users/yusefbach/Projekte/studynexus/frontend/node_modules/@tanstack/react-query/src/useBaseQuery.ts:54:18)
            at useQuery (/Users/yusefbach/Projekte/studynexus/frontend/node_modules/@tanstack/react-query/src/useQuery.ts:51:10)
            at useUserStats (/Users/yusefbach/Projekte/studynexus/frontend/src/hooks/queries/useUserStats.ts:7:18)
            at StatsCard (/Users/yusefbach/Projekte/studynexus/frontend/src/components/study/StatsCard.tsx:8:68)
            at renderWithHooks (/Users/yusefbach/Projekte/studynexus/frontend/node_modules/react-dom/cjs/react-dom.development.js:15486:18)
            at mountIndeterminateComponent (/Users/yusefbach/Projekte/studynexus/frontend/node_modules/react-dom/cjs/react-dom.development.js:20103:13)
            at beginWork (/Users/yusefbach/Projekte/studynexus/frontend/node_modules/react-dom/cjs/react-dom.development.js:21626:16)
            at HTMLUnknownElement.callCallback (/Users/yusefbach/Projekte/studynexus/frontend/node_modules/react-dom/cjs/react-dom.development.js:4164:14)
            at HTMLUnknownElement.callTheUserObjectsOperation (/Users/yusefbach/Projekte/studynexus/frontend/node_modules/jsdom/lib/jsdom/living/generated/EventListener.js:26:30)
            at innerInvokeEventListeners (/Users/yusefbach/Projekte/studynexus/frontend/node_modules/jsdom/lib/jsdom/living/events/EventTarget-impl.js:350:25)
            at invokeEventListeners (/Users/yusefbach/Projekte/studynexus/frontend/node_modules/jsdom/lib/jsdom/living/events/EventTarget-impl.js:286:3)
            at HTMLUnknownElementImpl._dispatch (/Users/yusefbach/Projekte/studynexus/frontend/node_modules/jsdom/lib/jsdom/living/events/EventTarget-impl.js:233:9)
            at HTMLUnknownElementImpl.dispatchEvent (/Users/yusefbach/Projekte/studynexus/frontend/node_modules/jsdom/lib/jsdom/living/events/EventTarget-impl.js:104:17)
            at HTMLUnknownElement.dispatchEvent (/Users/yusefbach/Projekte/studynexus/frontend/node_modules/jsdom/lib/jsdom/living/generated/EventTarget.js:241:34)
            at Object.invokeGuardedCallbackDev (/Users/yusefbach/Projekte/studynexus/frontend/node_modules/react-dom/cjs/react-dom.development.js:4213:16)
            at invokeGuardedCallback (/Users/yusefbach/Projekte/studynexus/frontend/node_modules/react-dom/cjs/react-dom.development.js:4277:31)
            at beginWork$1 (/Users/yusefbach/Projekte/studynexus/frontend/node_modules/react-dom/cjs/react-dom.development.js:27490:7)
            at performUnitOfWork (/Users/yusefbach/Projekte/studynexus/frontend/node_modules/react-dom/cjs/react-dom.development.js:26599:12)
            at workLoopSync (/Users/yusefbach/Projekte/studynexus/frontend/node_modules/react-dom/cjs/react-dom.development.js:26505:5)
            at renderRootSync (/Users/yusefbach/Projekte/studynexus/frontend/node_modules/react-dom/cjs/react-dom.development.js:26473:7)
            at performConcurrentWorkOnRoot (/Users/yusefbach/Projekte/studynexus/frontend/node_modules/react-dom/cjs/react-dom.development.js:25777:74)
            at flushActQueue (/Users/yusefbach/Projekte/studynexus/frontend/node_modules/react/cjs/react.development.js:2667:24)
            at act (/Users/yusefbach/Projekte/studynexus/frontend/node_modules/react/cjs/react.development.js:2582:11)
            at /Users/yusefbach/Projekte/studynexus/frontend/node_modules/@testing-library/react/dist/act-compat.js:47:25
            at renderRoot (/Users/yusefbach/Projekte/studynexus/frontend/node_modules/@testing-library/react/dist/pure.js:180:26)
            at render (/Users/yusefbach/Projekte/studynexus/frontend/node_modules/@testing-library/react/dist/pure.js:271:10)
            at Object.<anonymous> (/Users/yusefbach/Projekte/studynexus/frontend/src/components/study/__tests__/StatsCard.test.tsx:44:11)
            at Promise.then.completed (/Users/yusefbach/Projekte/studynexus/frontend/node_modules/jest-circus/build/utils.js:298:28)
            at new Promise (<anonymous>)
            at callAsyncCircusFn (/Users/yusefbach/Projekte/studynexus/frontend/node_modules/jest-circus/build/utils.js:231:10)
            at _callCircusTest (/Users/yusefbach/Projekte/studynexus/frontend/node_modules/jest-circus/build/run.js:316:40)
            at processTicksAndRejections (node:internal/process/task_queues:104:5)
            at _runTest (/Users/yusefbach/Projekte/studynexus/frontend/node_modules/jest-circus/build/run.js:252:3)
            at _runTestsForDescribeBlock (/Users/yusefbach/Projekte/studynexus/frontend/node_modules/jest-circus/build/run.js:126:9)
            at _runTestsForDescribeBlock (/Users/yusefbach/Projekte/studynexus/frontend/node_modules/jest-circus/build/run.js:121:9)
            at run (/Users/yusefbach/Projekte/studynexus/frontend/node_modules/jest-circus/build/run.js:71:3)
            at runAndTransformResultsToJestFormat (/Users/yusefbach/Projekte/studynexus/frontend/node_modules/jest-circus/build/legacy-code-todo-rewrite/jestAdapterInit.js:122:21)
            at jestAdapter (/Users/yusefbach/Projekte/studynexus/frontend/node_modules/jest-circus/build/legacy-code-todo-rewrite/jestAdapter.js:79:19)
            at runTestInternal (/Users/yusefbach/Projekte/studynexus/frontend/node_modules/jest-runner/build/runTest.js:367:16)
            at runTest (/Users/yusefbach/Projekte/studynexus/frontend/node_modules/jest-runner/build/runTest.js:444:34)
            at Object.worker (/Users/yusefbach/Projekte/studynexus/frontend/node_modules/jest-runner/build/testWorker.js:106:12),
        type: 'unhandled exception'
      }

      42 |   it("renders — when GPA is null", async () => {
      43 |     mockFetch({ ...mockStats, gpa: null });
    > 44 |     render(<StatsCard />);
         |           ^
      45 |     await waitFor(() => {
      46 |       expect(screen.getByText("dashboard.stats.noGpa")).toBeInTheDocument();
      47 |     });

      at VirtualConsole.<anonymous> (node_modules/jest-environment-jsdom/build/index.js:63:23)
      at reportException (node_modules/jsdom/lib/jsdom/living/helpers/runtime-script-errors.js:70:28)
      at innerInvokeEventListeners (node_modules/jsdom/lib/jsdom/living/events/EventTarget-impl.js:353:9)
      at invokeEventListeners (node_modules/jsdom/lib/jsdom/living/events/EventTarget-impl.js:286:3)
      at HTMLUnknownElementImpl._dispatch (node_modules/jsdom/lib/jsdom/living/events/EventTarget-impl.js:233:9)
      at HTMLUnknownElementImpl.dispatchEvent (node_modules/jsdom/lib/jsdom/living/events/EventTarget-impl.js:104:17)
      at HTMLUnknownElement.dispatchEvent (node_modules/jsdom/lib/jsdom/living/generated/EventTarget.js:241:34)
      at Object.invokeGuardedCallbackDev (node_modules/react-dom/cjs/react-dom.development.js:4213:16)
      at invokeGuardedCallback (node_modules/react-dom/cjs/react-dom.development.js:4277:31)
      at beginWork$1 (node_modules/react-dom/cjs/react-dom.development.js:27490:7)
      at performUnitOfWork (node_modules/react-dom/cjs/react-dom.development.js:26599:12)
      at workLoopSync (node_modules/react-dom/cjs/react-dom.development.js:26505:5)
      at renderRootSync (node_modules/react-dom/cjs/react-dom.development.js:26473:7)
      at performConcurrentWorkOnRoot (node_modules/react-dom/cjs/react-dom.development.js:25777:74)
      at flushActQueue (node_modules/react/cjs/react.development.js:2667:24)
      at act (node_modules/react/cjs/react.development.js:2582:11)
      at node_modules/@testing-library/react/dist/act-compat.js:47:25
      at renderRoot (node_modules/@testing-library/react/dist/pure.js:180:26)
      at render (node_modules/@testing-library/react/dist/pure.js:271:10)
      at Object.<anonymous> (src/components/study/__tests__/StatsCard.test.tsx:44:11)

    console.error
      Error: Uncaught [Error: No QueryClient set, use QueryClientProvider to set one]
          at reportException (/Users/yusefbach/Projekte/studynexus/frontend/node_modules/jsdom/lib/jsdom/living/helpers/runtime-script-errors.js:66:24)
          at innerInvokeEventListeners (/Users/yusefbach/Projekte/studynexus/frontend/node_modules/jsdom/lib/jsdom/living/events/EventTarget-impl.js:353:9)
          at invokeEventListeners (/Users/yusefbach/Projekte/studynexus/frontend/node_modules/jsdom/lib/jsdom/living/events/EventTarget-impl.js:286:3)
          at HTMLUnknownElementImpl._dispatch (/Users/yusefbach/Projekte/studynexus/frontend/node_modules/jsdom/lib/jsdom/living/events/EventTarget-impl.js:233:9)
          at HTMLUnknownElementImpl.dispatchEvent (/Users/yusefbach/Projekte/studynexus/frontend/node_modules/jsdom/lib/jsdom/living/events/EventTarget-impl.js:104:17)
          at HTMLUnknownElement.dispatchEvent (/Users/yusefbach/Projekte/studynexus/frontend/node_modules/jsdom/lib/jsdom/living/generated/EventTarget.js:241:34)
          at Object.invokeGuardedCallbackDev (/Users/yusefbach/Projekte/studynexus/frontend/node_modules/react-dom/cjs/react-dom.development.js:4213:16)
          at invokeGuardedCallback (/Users/yusefbach/Projekte/studynexus/frontend/node_modules/react-dom/cjs/react-dom.development.js:4277:31)
          at beginWork$1 (/Users/yusefbach/Projekte/studynexus/frontend/node_modules/react-dom/cjs/react-dom.development.js:27490:7)
          at performUnitOfWork (/Users/yusefbach/Projekte/studynexus/frontend/node_modules/react-dom/cjs/react-dom.development.js:26599:12)
          at workLoopSync (/Users/yusefbach/Projekte/studynexus/frontend/node_modules/react-dom/cjs/react-dom.development.js:26505:5)
          at renderRootSync (/Users/yusefbach/Projekte/studynexus/frontend/node_modules/react-dom/cjs/react-dom.development.js:26473:7)
          at recoverFromConcurrentError (/Users/yusefbach/Projekte/studynexus/frontend/node_modules/react-dom/cjs/react-dom.development.js:25889:20)
          at performConcurrentWorkOnRoot (/Users/yusefbach/Projekte/studynexus/frontend/node_modules/react-dom/cjs/react-dom.development.js:25789:22)
          at flushActQueue (/Users/yusefbach/Projekte/studynexus/frontend/node_modules/react/cjs/react.development.js:2667:24)
          at act (/Users/yusefbach/Projekte/studynexus/frontend/node_modules/react/cjs/react.development.js:2582:11)
          at /Users/yusefbach/Projekte/studynexus/frontend/node_modules/@testing-library/react/dist/act-compat.js:47:25
          at renderRoot (/Users/yusefbach/Projekte/studynexus/frontend/node_modules/@testing-library/react/dist/pure.js:180:26)
          at render (/Users/yusefbach/Projekte/studynexus/frontend/node_modules/@testing-library/react/dist/pure.js:271:10)
          at Object.<anonymous> (/Users/yusefbach/Projekte/studynexus/frontend/src/components/study/__tests__/StatsCard.test.tsx:44:11)
          at Promise.then.completed (/Users/yusefbach/Projekte/studynexus/frontend/node_modules/jest-circus/build/utils.js:298:28)
          at new Promise (<anonymous>)
          at callAsyncCircusFn (/Users/yusefbach/Projekte/studynexus/frontend/node_modules/jest-circus/build/utils.js:231:10)
          at _callCircusTest (/Users/yusefbach/Projekte/studynexus/frontend/node_modules/jest-circus/build/run.js:316:40)
          at processTicksAndRejections (node:internal/process/task_queues:104:5)
          at _runTest (/Users/yusefbach/Projekte/studynexus/frontend/node_modules/jest-circus/build/run.js:252:3)
          at _runTestsForDescribeBlock (/Users/yusefbach/Projekte/studynexus/frontend/node_modules/jest-circus/build/run.js:126:9)
          at _runTestsForDescribeBlock (/Users/yusefbach/Projekte/studynexus/frontend/node_modules/jest-circus/build/run.js:121:9)
          at run (/Users/yusefbach/Projekte/studynexus/frontend/node_modules/jest-circus/build/run.js:71:3)
          at runAndTransformResultsToJestFormat (/Users/yusefbach/Projekte/studynexus/frontend/node_modules/jest-circus/build/legacy-code-todo-rewrite/jestAdapterInit.js:122:21)
          at jestAdapter (/Users/yusefbach/Projekte/studynexus/frontend/node_modules/jest-circus/build/legacy-code-todo-rewrite/jestAdapter.js:79:19)
          at runTestInternal (/Users/yusefbach/Projekte/studynexus/frontend/node_modules/jest-runner/build/runTest.js:367:16)
          at runTest (/Users/yusefbach/Projekte/studynexus/frontend/node_modules/jest-runner/build/runTest.js:444:34)
          at Object.worker (/Users/yusefbach/Projekte/studynexus/frontend/node_modules/jest-runner/build/testWorker.js:106:12) {
        detail: Error: No QueryClient set, use QueryClientProvider to set one
            at useQueryClient (/Users/yusefbach/Projekte/studynexus/frontend/node_modules/@tanstack/react-query/src/QueryClientProvider.tsx:18:11)
            at useBaseQuery (/Users/yusefbach/Projekte/studynexus/frontend/node_modules/@tanstack/react-query/src/useBaseQuery.ts:54:18)
            at useQuery (/Users/yusefbach/Projekte/studynexus/frontend/node_modules/@tanstack/react-query/src/useQuery.ts:51:10)
            at useUserStats (/Users/yusefbach/Projekte/studynexus/frontend/src/hooks/queries/useUserStats.ts:7:18)
            at StatsCard (/Users/yusefbach/Projekte/studynexus/frontend/src/components/study/StatsCard.tsx:8:68)
            at renderWithHooks (/Users/yusefbach/Projekte/studynexus/frontend/node_modules/react-dom/cjs/react-dom.development.js:15486:18)
            at mountIndeterminateComponent (/Users/yusefbach/Projekte/studynexus/frontend/node_modules/react-dom/cjs/react-dom.development.js:20103:13)
            at beginWork (/Users/yusefbach/Projekte/studynexus/frontend/node_modules/react-dom/cjs/react-dom.development.js:21626:16)
            at HTMLUnknownElement.callCallback (/Users/yusefbach/Projekte/studynexus/frontend/node_modules/react-dom/cjs/react-dom.development.js:4164:14)
            at HTMLUnknownElement.callTheUserObjectsOperation (/Users/yusefbach/Projekte/studynexus/frontend/node_modules/jsdom/lib/jsdom/living/generated/EventListener.js:26:30)
            at innerInvokeEventListeners (/Users/yusefbach/Projekte/studynexus/frontend/node_modules/jsdom/lib/jsdom/living/events/EventTarget-impl.js:350:25)
            at invokeEventListeners (/Users/yusefbach/Projekte/studynexus/frontend/node_modules/jsdom/lib/jsdom/living/events/EventTarget-impl.js:286:3)
            at HTMLUnknownElementImpl._dispatch (/Users/yusefbach/Projekte/studynexus/frontend/node_modules/jsdom/lib/jsdom/living/events/EventTarget-impl.js:233:9)
            at HTMLUnknownElementImpl.dispatchEvent (/Users/yusefbach/Projekte/studynexus/frontend/node_modules/jsdom/lib/jsdom/living/events/EventTarget-impl.js:104:17)
            at HTMLUnknownElement.dispatchEvent (/Users/yusefbach/Projekte/studynexus/frontend/node_modules/jsdom/lib/jsdom/living/generated/EventTarget.js:241:34)
            at Object.invokeGuardedCallbackDev (/Users/yusefbach/Projekte/studynexus/frontend/node_modules/react-dom/cjs/react-dom.development.js:4213:16)
            at invokeGuardedCallback (/Users/yusefbach/Projekte/studynexus/frontend/node_modules/react-dom/cjs/react-dom.development.js:4277:31)
            at beginWork$1 (/Users/yusefbach/Projekte/studynexus/frontend/node_modules/react-dom/cjs/react-dom.development.js:27490:7)
            at performUnitOfWork (/Users/yusefbach/Projekte/studynexus/frontend/node_modules/react-dom/cjs/react-dom.development.js:26599:12)
            at workLoopSync (/Users/yusefbach/Projekte/studynexus/frontend/node_modules/react-dom/cjs/react-dom.development.js:26505:5)
            at renderRootSync (/Users/yusefbach/Projekte/studynexus/frontend/node_modules/react-dom/cjs/react-dom.development.js:26473:7)
            at recoverFromConcurrentError (/Users/yusefbach/Projekte/studynexus/frontend/node_modules/react-dom/cjs/react-dom.development.js:25889:20)
            at performConcurrentWorkOnRoot (/Users/yusefbach/Projekte/studynexus/frontend/node_modules/react-dom/cjs/react-dom.development.js:25789:22)
            at flushActQueue (/Users/yusefbach/Projekte/studynexus/frontend/node_modules/react/cjs/react.development.js:2667:24)
            at act (/Users/yusefbach/Projekte/studynexus/frontend/node_modules/react/cjs/react.development.js:2582:11)
            at /Users/yusefbach/Projekte/studynexus/frontend/node_modules/@testing-library/react/dist/act-compat.js:47:25
            at renderRoot (/Users/yusefbach/Projekte/studynexus/frontend/node_modules/@testing-library/react/dist/pure.js:180:26)
            at render (/Users/yusefbach/Projekte/studynexus/frontend/node_modules/@testing-library/react/dist/pure.js:271:10)
            at Object.<anonymous> (/Users/yusefbach/Projekte/studynexus/frontend/src/components/study/__tests__/StatsCard.test.tsx:44:11)
            at Promise.then.completed (/Users/yusefbach/Projekte/studynexus/frontend/node_modules/jest-circus/build/utils.js:298:28)
            at new Promise (<anonymous>)
            at callAsyncCircusFn (/Users/yusefbach/Projekte/studynexus/frontend/node_modules/jest-circus/build/utils.js:231:10)
            at _callCircusTest (/Users/yusefbach/Projekte/studynexus/frontend/node_modules/jest-circus/build/run.js:316:40)
            at processTicksAndRejections (node:internal/process/task_queues:104:5)
            at _runTest (/Users/yusefbach/Projekte/studynexus/frontend/node_modules/jest-circus/build/run.js:252:3)
            at _runTestsForDescribeBlock (/Users/yusefbach/Projekte/studynexus/frontend/node_modules/jest-circus/build/run.js:126:9)
            at _runTestsForDescribeBlock (/Users/yusefbach/Projekte/studynexus/frontend/node_modules/jest-circus/build/run.js:121:9)
            at run (/Users/yusefbach/Projekte/studynexus/frontend/node_modules/jest-circus/build/run.js:71:3)
            at runAndTransformResultsToJestFormat (/Users/yusefbach/Projekte/studynexus/frontend/node_modules/jest-circus/build/legacy-code-todo-rewrite/jestAdapterInit.js:122:21)
            at jestAdapter (/Users/yusefbach/Projekte/studynexus/frontend/node_modules/jest-circus/build/legacy-code-todo-rewrite/jestAdapter.js:79:19)
            at runTestInternal (/Users/yusefbach/Projekte/studynexus/frontend/node_modules/jest-runner/build/runTest.js:367:16)
            at runTest (/Users/yusefbach/Projekte/studynexus/frontend/node_modules/jest-runner/build/runTest.js:444:34)
            at Object.worker (/Users/yusefbach/Projekte/studynexus/frontend/node_modules/jest-runner/build/testWorker.js:106:12),
        type: 'unhandled exception'
      }

      42 |   it("renders — when GPA is null", async () => {
      43 |     mockFetch({ ...mockStats, gpa: null });
    > 44 |     render(<StatsCard />);
         |           ^
      45 |     await waitFor(() => {
      46 |       expect(screen.getByText("dashboard.stats.noGpa")).toBeInTheDocument();
      47 |     });

      at VirtualConsole.<anonymous> (node_modules/jest-environment-jsdom/build/index.js:63:23)
      at reportException (node_modules/jsdom/lib/jsdom/living/helpers/runtime-script-errors.js:70:28)
      at innerInvokeEventListeners (node_modules/jsdom/lib/jsdom/living/events/EventTarget-impl.js:353:9)
      at invokeEventListeners (node_modules/jsdom/lib/jsdom/living/events/EventTarget-impl.js:286:3)
      at HTMLUnknownElementImpl._dispatch (node_modules/jsdom/lib/jsdom/living/events/EventTarget-impl.js:233:9)
      at HTMLUnknownElementImpl.dispatchEvent (node_modules/jsdom/lib/jsdom/living/events/EventTarget-impl.js:104:17)
      at HTMLUnknownElement.dispatchEvent (node_modules/jsdom/lib/jsdom/living/generated/EventTarget.js:241:34)
      at Object.invokeGuardedCallbackDev (node_modules/react-dom/cjs/react-dom.development.js:4213:16)
      at invokeGuardedCallback (node_modules/react-dom/cjs/react-dom.development.js:4277:31)
      at beginWork$1 (node_modules/react-dom/cjs/react-dom.development.js:27490:7)
      at performUnitOfWork (node_modules/react-dom/cjs/react-dom.development.js:26599:12)
      at workLoopSync (node_modules/react-dom/cjs/react-dom.development.js:26505:5)
      at renderRootSync (node_modules/react-dom/cjs/react-dom.development.js:26473:7)
      at recoverFromConcurrentError (node_modules/react-dom/cjs/react-dom.development.js:25889:20)
      at performConcurrentWorkOnRoot (node_modules/react-dom/cjs/react-dom.development.js:25789:22)
      at flushActQueue (node_modules/react/cjs/react.development.js:2667:24)
      at act (node_modules/react/cjs/react.development.js:2582:11)
      at node_modules/@testing-library/react/dist/act-compat.js:47:25
      at renderRoot (node_modules/@testing-library/react/dist/pure.js:180:26)
      at render (node_modules/@testing-library/react/dist/pure.js:271:10)
      at Object.<anonymous> (src/components/study/__tests__/StatsCard.test.tsx:44:11)

    console.error
      The above error occurred in the <StatsCard> component:
      
          at StatsCard (/Users/yusefbach/Projekte/studynexus/frontend/src/components/study/StatsCard.tsx:8:68)
      
      Consider adding an error boundary to your tree to customize error handling behavior.
      Visit https://reactjs.org/link/error-boundaries to learn more about error boundaries.

      42 |   it("renders — when GPA is null", async () => {
      43 |     mockFetch({ ...mockStats, gpa: null });
    > 44 |     render(<StatsCard />);
         |           ^
      45 |     await waitFor(() => {
      46 |       expect(screen.getByText("dashboard.stats.noGpa")).toBeInTheDocument();
      47 |     });

      at logCapturedError (node_modules/react-dom/cjs/react-dom.development.js:18704:23)
      at update.callback (node_modules/react-dom/cjs/react-dom.development.js:18737:5)
      at callCallback (node_modules/react-dom/cjs/react-dom.development.js:15036:12)
      at commitUpdateQueue (node_modules/react-dom/cjs/react-dom.development.js:15057:9)
      at commitLayoutEffectOnFiber (node_modules/react-dom/cjs/react-dom.development.js:23430:13)
      at commitLayoutMountEffects_complete (node_modules/react-dom/cjs/react-dom.development.js:24727:9)
      at commitLayoutEffects_begin (node_modules/react-dom/cjs/react-dom.development.js:24713:7)
      at commitLayoutEffects (node_modules/react-dom/cjs/react-dom.development.js:24651:3)
      at commitRootImpl (node_modules/react-dom/cjs/react-dom.development.js:26862:5)
      at commitRoot (node_modules/react-dom/cjs/react-dom.development.js:26721:5)
      at finishConcurrentRender (node_modules/react-dom/cjs/react-dom.development.js:25931:9)
      at performConcurrentWorkOnRoot (node_modules/react-dom/cjs/react-dom.development.js:25848:7)
      at flushActQueue (node_modules/react/cjs/react.development.js:2667:24)
      at act (node_modules/react/cjs/react.development.js:2582:11)
      at node_modules/@testing-library/react/dist/act-compat.js:47:25
      at renderRoot (node_modules/@testing-library/react/dist/pure.js:180:26)
      at render (node_modules/@testing-library/react/dist/pure.js:271:10)
      at Object.<anonymous> (src/components/study/__tests__/StatsCard.test.tsx:44:11)

    console.error
      Error: Uncaught [Error: No QueryClient set, use QueryClientProvider to set one]
          at reportException (/Users/yusefbach/Projekte/studynexus/frontend/node_modules/jsdom/lib/jsdom/living/helpers/runtime-script-errors.js:66:24)
          at innerInvokeEventListeners (/Users/yusefbach/Projekte/studynexus/frontend/node_modules/jsdom/lib/jsdom/living/events/EventTarget-impl.js:353:9)
          at invokeEventListeners (/Users/yusefbach/Projekte/studynexus/frontend/node_modules/jsdom/lib/jsdom/living/events/EventTarget-impl.js:286:3)
          at HTMLUnknownElementImpl._dispatch (/Users/yusefbach/Projekte/studynexus/frontend/node_modules/jsdom/lib/jsdom/living/events/EventTarget-impl.js:233:9)
          at HTMLUnknownElementImpl.dispatchEvent (/Users/yusefbach/Projekte/studynexus/frontend/node_modules/jsdom/lib/jsdom/living/events/EventTarget-impl.js:104:17)
          at HTMLUnknownElement.dispatchEvent (/Users/yusefbach/Projekte/studynexus/frontend/node_modules/jsdom/lib/jsdom/living/generated/EventTarget.js:241:34)
          at Object.invokeGuardedCallbackDev (/Users/yusefbach/Projekte/studynexus/frontend/node_modules/react-dom/cjs/react-dom.development.js:4213:16)
          at invokeGuardedCallback (/Users/yusefbach/Projekte/studynexus/frontend/node_modules/react-dom/cjs/react-dom.development.js:4277:31)
          at beginWork$1 (/Users/yusefbach/Projekte/studynexus/frontend/node_modules/react-dom/cjs/react-dom.development.js:27490:7)
          at performUnitOfWork (/Users/yusefbach/Projekte/studynexus/frontend/node_modules/react-dom/cjs/react-dom.development.js:26599:12)
          at workLoopSync (/Users/yusefbach/Projekte/studynexus/frontend/node_modules/react-dom/cjs/react-dom.development.js:26505:5)
          at renderRootSync (/Users/yusefbach/Projekte/studynexus/frontend/node_modules/react-dom/cjs/react-dom.development.js:26473:7)
          at performConcurrentWorkOnRoot (/Users/yusefbach/Projekte/studynexus/frontend/node_modules/react-dom/cjs/react-dom.development.js:25777:74)
          at flushActQueue (/Users/yusefbach/Projekte/studynexus/frontend/node_modules/react/cjs/react.development.js:2667:24)
          at act (/Users/yusefbach/Projekte/studynexus/frontend/node_modules/react/cjs/react.development.js:2582:11)
          at /Users/yusefbach/Projekte/studynexus/frontend/node_modules/@testing-library/react/dist/act-compat.js:47:25
          at renderRoot (/Users/yusefbach/Projekte/studynexus/frontend/node_modules/@testing-library/react/dist/pure.js:180:26)
          at render (/Users/yusefbach/Projekte/studynexus/frontend/node_modules/@testing-library/react/dist/pure.js:271:10)
          at Object.<anonymous> (/Users/yusefbach/Projekte/studynexus/frontend/src/components/study/__tests__/StatsCard.test.tsx:52:11)
          at Promise.then.completed (/Users/yusefbach/Projekte/studynexus/frontend/node_modules/jest-circus/build/utils.js:298:28)
          at new Promise (<anonymous>)
          at callAsyncCircusFn (/Users/yusefbach/Projekte/studynexus/frontend/node_modules/jest-circus/build/utils.js:231:10)
          at _callCircusTest (/Users/yusefbach/Projekte/studynexus/frontend/node_modules/jest-circus/build/run.js:316:40)
          at processTicksAndRejections (node:internal/process/task_queues:104:5)
          at _runTest (/Users/yusefbach/Projekte/studynexus/frontend/node_modules/jest-circus/build/run.js:252:3)
          at _runTestsForDescribeBlock (/Users/yusefbach/Projekte/studynexus/frontend/node_modules/jest-circus/build/run.js:126:9)
          at _runTestsForDescribeBlock (/Users/yusefbach/Projekte/studynexus/frontend/node_modules/jest-circus/build/run.js:121:9)
          at run (/Users/yusefbach/Projekte/studynexus/frontend/node_modules/jest-circus/build/run.js:71:3)
          at runAndTransformResultsToJestFormat (/Users/yusefbach/Projekte/studynexus/frontend/node_modules/jest-circus/build/legacy-code-todo-rewrite/jestAdapterInit.js:122:21)
          at jestAdapter (/Users/yusefbach/Projekte/studynexus/frontend/node_modules/jest-circus/build/legacy-code-todo-rewrite/jestAdapter.js:79:19)
          at runTestInternal (/Users/yusefbach/Projekte/studynexus/frontend/node_modules/jest-runner/build/runTest.js:367:16)
          at runTest (/Users/yusefbach/Projekte/studynexus/frontend/node_modules/jest-runner/build/runTest.js:444:34)
          at Object.worker (/Users/yusefbach/Projekte/studynexus/frontend/node_modules/jest-runner/build/testWorker.js:106:12) {
        detail: Error: No QueryClient set, use QueryClientProvider to set one
            at useQueryClient (/Users/yusefbach/Projekte/studynexus/frontend/node_modules/@tanstack/react-query/src/QueryClientProvider.tsx:18:11)
            at useBaseQuery (/Users/yusefbach/Projekte/studynexus/frontend/node_modules/@tanstack/react-query/src/useBaseQuery.ts:54:18)
            at useQuery (/Users/yusefbach/Projekte/studynexus/frontend/node_modules/@tanstack/react-query/src/useQuery.ts:51:10)
            at useUserStats (/Users/yusefbach/Projekte/studynexus/frontend/src/hooks/queries/useUserStats.ts:7:18)
            at StatsCard (/Users/yusefbach/Projekte/studynexus/frontend/src/components/study/StatsCard.tsx:8:68)
            at renderWithHooks (/Users/yusefbach/Projekte/studynexus/frontend/node_modules/react-dom/cjs/react-dom.development.js:15486:18)
            at mountIndeterminateComponent (/Users/yusefbach/Projekte/studynexus/frontend/node_modules/react-dom/cjs/react-dom.development.js:20103:13)
            at beginWork (/Users/yusefbach/Projekte/studynexus/frontend/node_modules/react-dom/cjs/react-dom.development.js:21626:16)
            at HTMLUnknownElement.callCallback (/Users/yusefbach/Projekte/studynexus/frontend/node_modules/react-dom/cjs/react-dom.development.js:4164:14)
            at HTMLUnknownElement.callTheUserObjectsOperation (/Users/yusefbach/Projekte/studynexus/frontend/node_modules/jsdom/lib/jsdom/living/generated/EventListener.js:26:30)
            at innerInvokeEventListeners (/Users/yusefbach/Projekte/studynexus/frontend/node_modules/jsdom/lib/jsdom/living/events/EventTarget-impl.js:350:25)
            at invokeEventListeners (/Users/yusefbach/Projekte/studynexus/frontend/node_modules/jsdom/lib/jsdom/living/events/EventTarget-impl.js:286:3)
            at HTMLUnknownElementImpl._dispatch (/Users/yusefbach/Projekte/studynexus/frontend/node_modules/jsdom/lib/jsdom/living/events/EventTarget-impl.js:233:9)
            at HTMLUnknownElementImpl.dispatchEvent (/Users/yusefbach/Projekte/studynexus/frontend/node_modules/jsdom/lib/jsdom/living/events/EventTarget-impl.js:104:17)
            at HTMLUnknownElement.dispatchEvent (/Users/yusefbach/Projekte/studynexus/frontend/node_modules/jsdom/lib/jsdom/living/generated/EventTarget.js:241:34)
            at Object.invokeGuardedCallbackDev (/Users/yusefbach/Projekte/studynexus/frontend/node_modules/react-dom/cjs/react-dom.development.js:4213:16)
            at invokeGuardedCallback (/Users/yusefbach/Projekte/studynexus/frontend/node_modules/react-dom/cjs/react-dom.development.js:4277:31)
            at beginWork$1 (/Users/yusefbach/Projekte/studynexus/frontend/node_modules/react-dom/cjs/react-dom.development.js:27490:7)
            at performUnitOfWork (/Users/yusefbach/Projekte/studynexus/frontend/node_modules/react-dom/cjs/react-dom.development.js:26599:12)
            at workLoopSync (/Users/yusefbach/Projekte/studynexus/frontend/node_modules/react-dom/cjs/react-dom.development.js:26505:5)
            at renderRootSync (/Users/yusefbach/Projekte/studynexus/frontend/node_modules/react-dom/cjs/react-dom.development.js:26473:7)
            at performConcurrentWorkOnRoot (/Users/yusefbach/Projekte/studynexus/frontend/node_modules/react-dom/cjs/react-dom.development.js:25777:74)
            at flushActQueue (/Users/yusefbach/Projekte/studynexus/frontend/node_modules/react/cjs/react.development.js:2667:24)
            at act (/Users/yusefbach/Projekte/studynexus/frontend/node_modules/react/cjs/react.development.js:2582:11)
            at /Users/yusefbach/Projekte/studynexus/frontend/node_modules/@testing-library/react/dist/act-compat.js:47:25
            at renderRoot (/Users/yusefbach/Projekte/studynexus/frontend/node_modules/@testing-library/react/dist/pure.js:180:26)
            at render (/Users/yusefbach/Projekte/studynexus/frontend/node_modules/@testing-library/react/dist/pure.js:271:10)
            at Object.<anonymous> (/Users/yusefbach/Projekte/studynexus/frontend/src/components/study/__tests__/StatsCard.test.tsx:52:11)
            at Promise.then.completed (/Users/yusefbach/Projekte/studynexus/frontend/node_modules/jest-circus/build/utils.js:298:28)
            at new Promise (<anonymous>)
            at callAsyncCircusFn (/Users/yusefbach/Projekte/studynexus/frontend/node_modules/jest-circus/build/utils.js:231:10)
            at _callCircusTest (/Users/yusefbach/Projekte/studynexus/frontend/node_modules/jest-circus/build/run.js:316:40)
            at processTicksAndRejections (node:internal/process/task_queues:104:5)
            at _runTest (/Users/yusefbach/Projekte/studynexus/frontend/node_modules/jest-circus/build/run.js:252:3)
            at _runTestsForDescribeBlock (/Users/yusefbach/Projekte/studynexus/frontend/node_modules/jest-circus/build/run.js:126:9)
            at _runTestsForDescribeBlock (/Users/yusefbach/Projekte/studynexus/frontend/node_modules/jest-circus/build/run.js:121:9)
            at run (/Users/yusefbach/Projekte/studynexus/frontend/node_modules/jest-circus/build/run.js:71:3)
            at runAndTransformResultsToJestFormat (/Users/yusefbach/Projekte/studynexus/frontend/node_modules/jest-circus/build/legacy-code-todo-rewrite/jestAdapterInit.js:122:21)
            at jestAdapter (/Users/yusefbach/Projekte/studynexus/frontend/node_modules/jest-circus/build/legacy-code-todo-rewrite/jestAdapter.js:79:19)
            at runTestInternal (/Users/yusefbach/Projekte/studynexus/frontend/node_modules/jest-runner/build/runTest.js:367:16)
            at runTest (/Users/yusefbach/Projekte/studynexus/frontend/node_modules/jest-runner/build/runTest.js:444:34)
            at Object.worker (/Users/yusefbach/Projekte/studynexus/frontend/node_modules/jest-runner/build/testWorker.js:106:12),
        type: 'unhandled exception'
      }

      50 |   it("renders ECTS progress", async () => {
      51 |     mockFetch(mockStats);
    > 52 |     render(<StatsCard />);
         |           ^
      53 |     await waitFor(() => {
      54 |       expect(screen.getByText("42")).toBeInTheDocument();
      55 |       expect(screen.getByText(/180/)).toBeInTheDocument();

      at VirtualConsole.<anonymous> (node_modules/jest-environment-jsdom/build/index.js:63:23)
      at reportException (node_modules/jsdom/lib/jsdom/living/helpers/runtime-script-errors.js:70:28)
      at innerInvokeEventListeners (node_modules/jsdom/lib/jsdom/living/events/EventTarget-impl.js:353:9)
      at invokeEventListeners (node_modules/jsdom/lib/jsdom/living/events/EventTarget-impl.js:286:3)
      at HTMLUnknownElementImpl._dispatch (node_modules/jsdom/lib/jsdom/living/events/EventTarget-impl.js:233:9)
      at HTMLUnknownElementImpl.dispatchEvent (node_modules/jsdom/lib/jsdom/living/events/EventTarget-impl.js:104:17)
      at HTMLUnknownElement.dispatchEvent (node_modules/jsdom/lib/jsdom/living/generated/EventTarget.js:241:34)
      at Object.invokeGuardedCallbackDev (node_modules/react-dom/cjs/react-dom.development.js:4213:16)
      at invokeGuardedCallback (node_modules/react-dom/cjs/react-dom.development.js:4277:31)
      at beginWork$1 (node_modules/react-dom/cjs/react-dom.development.js:27490:7)
      at performUnitOfWork (node_modules/react-dom/cjs/react-dom.development.js:26599:12)
      at workLoopSync (node_modules/react-dom/cjs/react-dom.development.js:26505:5)
      at renderRootSync (node_modules/react-dom/cjs/react-dom.development.js:26473:7)
      at performConcurrentWorkOnRoot (node_modules/react-dom/cjs/react-dom.development.js:25777:74)
      at flushActQueue (node_modules/react/cjs/react.development.js:2667:24)
      at act (node_modules/react/cjs/react.development.js:2582:11)
      at node_modules/@testing-library/react/dist/act-compat.js:47:25
      at renderRoot (node_modules/@testing-library/react/dist/pure.js:180:26)
      at render (node_modules/@testing-library/react/dist/pure.js:271:10)
      at Object.<anonymous> (src/components/study/__tests__/StatsCard.test.tsx:52:11)

    console.error
      Error: Uncaught [Error: No QueryClient set, use QueryClientProvider to set one]
          at reportException (/Users/yusefbach/Projekte/studynexus/frontend/node_modules/jsdom/lib/jsdom/living/helpers/runtime-script-errors.js:66:24)
          at innerInvokeEventListeners (/Users/yusefbach/Projekte/studynexus/frontend/node_modules/jsdom/lib/jsdom/living/events/EventTarget-impl.js:353:9)
          at invokeEventListeners (/Users/yusefbach/Projekte/studynexus/frontend/node_modules/jsdom/lib/jsdom/living/events/EventTarget-impl.js:286:3)
          at HTMLUnknownElementImpl._dispatch (/Users/yusefbach/Projekte/studynexus/frontend/node_modules/jsdom/lib/jsdom/living/events/EventTarget-impl.js:233:9)
          at HTMLUnknownElementImpl.dispatchEvent (/Users/yusefbach/Projekte/studynexus/frontend/node_modules/jsdom/lib/jsdom/living/events/EventTarget-impl.js:104:17)
          at HTMLUnknownElement.dispatchEvent (/Users/yusefbach/Projekte/studynexus/frontend/node_modules/jsdom/lib/jsdom/living/generated/EventTarget.js:241:34)
          at Object.invokeGuardedCallbackDev (/Users/yusefbach/Projekte/studynexus/frontend/node_modules/react-dom/cjs/react-dom.development.js:4213:16)
          at invokeGuardedCallback (/Users/yusefbach/Projekte/studynexus/frontend/node_modules/react-dom/cjs/react-dom.development.js:4277:31)
          at beginWork$1 (/Users/yusefbach/Projekte/studynexus/frontend/node_modules/react-dom/cjs/react-dom.development.js:27490:7)
          at performUnitOfWork (/Users/yusefbach/Projekte/studynexus/frontend/node_modules/react-dom/cjs/react-dom.development.js:26599:12)
          at workLoopSync (/Users/yusefbach/Projekte/studynexus/frontend/node_modules/react-dom/cjs/react-dom.development.js:26505:5)
          at renderRootSync (/Users/yusefbach/Projekte/studynexus/frontend/node_modules/react-dom/cjs/react-dom.development.js:26473:7)
          at recoverFromConcurrentError (/Users/yusefbach/Projekte/studynexus/frontend/node_modules/react-dom/cjs/react-dom.development.js:25889:20)
          at performConcurrentWorkOnRoot (/Users/yusefbach/Projekte/studynexus/frontend/node_modules/react-dom/cjs/react-dom.development.js:25789:22)
          at flushActQueue (/Users/yusefbach/Projekte/studynexus/frontend/node_modules/react/cjs/react.development.js:2667:24)
          at act (/Users/yusefbach/Projekte/studynexus/frontend/node_modules/react/cjs/react.development.js:2582:11)
          at /Users/yusefbach/Projekte/studynexus/frontend/node_modules/@testing-library/react/dist/act-compat.js:47:25
          at renderRoot (/Users/yusefbach/Projekte/studynexus/frontend/node_modules/@testing-library/react/dist/pure.js:180:26)
          at render (/Users/yusefbach/Projekte/studynexus/frontend/node_modules/@testing-library/react/dist/pure.js:271:10)
          at Object.<anonymous> (/Users/yusefbach/Projekte/studynexus/frontend/src/components/study/__tests__/StatsCard.test.tsx:52:11)
          at Promise.then.completed (/Users/yusefbach/Projekte/studynexus/frontend/node_modules/jest-circus/build/utils.js:298:28)
          at new Promise (<anonymous>)
          at callAsyncCircusFn (/Users/yusefbach/Projekte/studynexus/frontend/node_modules/jest-circus/build/utils.js:231:10)
          at _callCircusTest (/Users/yusefbach/Projekte/studynexus/frontend/node_modules/jest-circus/build/run.js:316:40)
          at processTicksAndRejections (node:internal/process/task_queues:104:5)
          at _runTest (/Users/yusefbach/Projekte/studynexus/frontend/node_modules/jest-circus/build/run.js:252:3)
          at _runTestsForDescribeBlock (/Users/yusefbach/Projekte/studynexus/frontend/node_modules/jest-circus/build/run.js:126:9)
          at _runTestsForDescribeBlock (/Users/yusefbach/Projekte/studynexus/frontend/node_modules/jest-circus/build/run.js:121:9)
          at run (/Users/yusefbach/Projekte/studynexus/frontend/node_modules/jest-circus/build/run.js:71:3)
          at runAndTransformResultsToJestFormat (/Users/yusefbach/Projekte/studynexus/frontend/node_modules/jest-circus/build/legacy-code-todo-rewrite/jestAdapterInit.js:122:21)
          at jestAdapter (/Users/yusefbach/Projekte/studynexus/frontend/node_modules/jest-circus/build/legacy-code-todo-rewrite/jestAdapter.js:79:19)
          at runTestInternal (/Users/yusefbach/Projekte/studynexus/frontend/node_modules/jest-runner/build/runTest.js:367:16)
          at runTest (/Users/yusefbach/Projekte/studynexus/frontend/node_modules/jest-runner/build/runTest.js:444:34)
          at Object.worker (/Users/yusefbach/Projekte/studynexus/frontend/node_modules/jest-runner/build/testWorker.js:106:12) {
        detail: Error: No QueryClient set, use QueryClientProvider to set one
            at useQueryClient (/Users/yusefbach/Projekte/studynexus/frontend/node_modules/@tanstack/react-query/src/QueryClientProvider.tsx:18:11)
            at useBaseQuery (/Users/yusefbach/Projekte/studynexus/frontend/node_modules/@tanstack/react-query/src/useBaseQuery.ts:54:18)
            at useQuery (/Users/yusefbach/Projekte/studynexus/frontend/node_modules/@tanstack/react-query/src/useQuery.ts:51:10)
            at useUserStats (/Users/yusefbach/Projekte/studynexus/frontend/src/hooks/queries/useUserStats.ts:7:18)
            at StatsCard (/Users/yusefbach/Projekte/studynexus/frontend/src/components/study/StatsCard.tsx:8:68)
            at renderWithHooks (/Users/yusefbach/Projekte/studynexus/frontend/node_modules/react-dom/cjs/react-dom.development.js:15486:18)
            at mountIndeterminateComponent (/Users/yusefbach/Projekte/studynexus/frontend/node_modules/react-dom/cjs/react-dom.development.js:20103:13)
            at beginWork (/Users/yusefbach/Projekte/studynexus/frontend/node_modules/react-dom/cjs/react-dom.development.js:21626:16)
            at HTMLUnknownElement.callCallback (/Users/yusefbach/Projekte/studynexus/frontend/node_modules/react-dom/cjs/react-dom.development.js:4164:14)
            at HTMLUnknownElement.callTheUserObjectsOperation (/Users/yusefbach/Projekte/studynexus/frontend/node_modules/jsdom/lib/jsdom/living/generated/EventListener.js:26:30)
            at innerInvokeEventListeners (/Users/yusefbach/Projekte/studynexus/frontend/node_modules/jsdom/lib/jsdom/living/events/EventTarget-impl.js:350:25)
            at invokeEventListeners (/Users/yusefbach/Projekte/studynexus/frontend/node_modules/jsdom/lib/jsdom/living/events/EventTarget-impl.js:286:3)
            at HTMLUnknownElementImpl._dispatch (/Users/yusefbach/Projekte/studynexus/frontend/node_modules/jsdom/lib/jsdom/living/events/EventTarget-impl.js:233:9)
            at HTMLUnknownElementImpl.dispatchEvent (/Users/yusefbach/Projekte/studynexus/frontend/node_modules/jsdom/lib/jsdom/living/events/EventTarget-impl.js:104:17)
            at HTMLUnknownElement.dispatchEvent (/Users/yusefbach/Projekte/studynexus/frontend/node_modules/jsdom/lib/jsdom/living/generated/EventTarget.js:241:34)
            at Object.invokeGuardedCallbackDev (/Users/yusefbach/Projekte/studynexus/frontend/node_modules/react-dom/cjs/react-dom.development.js:4213:16)
            at invokeGuardedCallback (/Users/yusefbach/Projekte/studynexus/frontend/node_modules/react-dom/cjs/react-dom.development.js:4277:31)
            at beginWork$1 (/Users/yusefbach/Projekte/studynexus/frontend/node_modules/react-dom/cjs/react-dom.development.js:27490:7)
            at performUnitOfWork (/Users/yusefbach/Projekte/studynexus/frontend/node_modules/react-dom/cjs/react-dom.development.js:26599:12)
            at workLoopSync (/Users/yusefbach/Projekte/studynexus/frontend/node_modules/react-dom/cjs/react-dom.development.js:26505:5)
            at renderRootSync (/Users/yusefbach/Projekte/studynexus/frontend/node_modules/react-dom/cjs/react-dom.development.js:26473:7)
            at recoverFromConcurrentError (/Users/yusefbach/Projekte/studynexus/frontend/node_modules/react-dom/cjs/react-dom.development.js:25889:20)
            at performConcurrentWorkOnRoot (/Users/yusefbach/Projekte/studynexus/frontend/node_modules/react-dom/cjs/react-dom.development.js:25789:22)
            at flushActQueue (/Users/yusefbach/Projekte/studynexus/frontend/node_modules/react/cjs/react.development.js:2667:24)
            at act (/Users/yusefbach/Projekte/studynexus/frontend/node_modules/react/cjs/react.development.js:2582:11)
            at /Users/yusefbach/Projekte/studynexus/frontend/node_modules/@testing-library/react/dist/act-compat.js:47:25
            at renderRoot (/Users/yusefbach/Projekte/studynexus/frontend/node_modules/@testing-library/react/dist/pure.js:180:26)
            at render (/Users/yusefbach/Projekte/studynexus/frontend/node_modules/@testing-library/react/dist/pure.js:271:10)
            at Object.<anonymous> (/Users/yusefbach/Projekte/studynexus/frontend/src/components/study/__tests__/StatsCard.test.tsx:52:11)
            at Promise.then.completed (/Users/yusefbach/Projekte/studynexus/frontend/node_modules/jest-circus/build/utils.js:298:28)
            at new Promise (<anonymous>)
            at callAsyncCircusFn (/Users/yusefbach/Projekte/studynexus/frontend/node_modules/jest-circus/build/utils.js:231:10)
            at _callCircusTest (/Users/yusefbach/Projekte/studynexus/frontend/node_modules/jest-circus/build/run.js:316:40)
            at processTicksAndRejections (node:internal/process/task_queues:104:5)
            at _runTest (/Users/yusefbach/Projekte/studynexus/frontend/node_modules/jest-circus/build/run.js:252:3)
            at _runTestsForDescribeBlock (/Users/yusefbach/Projekte/studynexus/frontend/node_modules/jest-circus/build/run.js:126:9)
            at _runTestsForDescribeBlock (/Users/yusefbach/Projekte/studynexus/frontend/node_modules/jest-circus/build/run.js:121:9)
            at run (/Users/yusefbach/Projekte/studynexus/frontend/node_modules/jest-circus/build/run.js:71:3)
            at runAndTransformResultsToJestFormat (/Users/yusefbach/Projekte/studynexus/frontend/node_modules/jest-circus/build/legacy-code-todo-rewrite/jestAdapterInit.js:122:21)
            at jestAdapter (/Users/yusefbach/Projekte/studynexus/frontend/node_modules/jest-circus/build/legacy-code-todo-rewrite/jestAdapter.js:79:19)
            at runTestInternal (/Users/yusefbach/Projekte/studynexus/frontend/node_modules/jest-runner/build/runTest.js:367:16)
            at runTest (/Users/yusefbach/Projekte/studynexus/frontend/node_modules/jest-runner/build/runTest.js:444:34)
            at Object.worker (/Users/yusefbach/Projekte/studynexus/frontend/node_modules/jest-runner/build/testWorker.js:106:12),
        type: 'unhandled exception'
      }

      50 |   it("renders ECTS progress", async () => {
      51 |     mockFetch(mockStats);
    > 52 |     render(<StatsCard />);
         |           ^
      53 |     await waitFor(() => {
      54 |       expect(screen.getByText("42")).toBeInTheDocument();
      55 |       expect(screen.getByText(/180/)).toBeInTheDocument();

      at VirtualConsole.<anonymous> (node_modules/jest-environment-jsdom/build/index.js:63:23)
      at reportException (node_modules/jsdom/lib/jsdom/living/helpers/runtime-script-errors.js:70:28)
      at innerInvokeEventListeners (node_modules/jsdom/lib/jsdom/living/events/EventTarget-impl.js:353:9)
      at invokeEventListeners (node_modules/jsdom/lib/jsdom/living/events/EventTarget-impl.js:286:3)
      at HTMLUnknownElementImpl._dispatch (node_modules/jsdom/lib/jsdom/living/events/EventTarget-impl.js:233:9)
      at HTMLUnknownElementImpl.dispatchEvent (node_modules/jsdom/lib/jsdom/living/events/EventTarget-impl.js:104:17)
      at HTMLUnknownElement.dispatchEvent (node_modules/jsdom/lib/jsdom/living/generated/EventTarget.js:241:34)
      at Object.invokeGuardedCallbackDev (node_modules/react-dom/cjs/react-dom.development.js:4213:16)
      at invokeGuardedCallback (node_modules/react-dom/cjs/react-dom.development.js:4277:31)
      at beginWork$1 (node_modules/react-dom/cjs/react-dom.development.js:27490:7)
      at performUnitOfWork (node_modules/react-dom/cjs/react-dom.development.js:26599:12)
      at workLoopSync (node_modules/react-dom/cjs/react-dom.development.js:26505:5)
      at renderRootSync (node_modules/react-dom/cjs/react-dom.development.js:26473:7)
      at recoverFromConcurrentError (node_modules/react-dom/cjs/react-dom.development.js:25889:20)
      at performConcurrentWorkOnRoot (node_modules/react-dom/cjs/react-dom.development.js:25789:22)
      at flushActQueue (node_modules/react/cjs/react.development.js:2667:24)
      at act (node_modules/react/cjs/react.development.js:2582:11)
      at node_modules/@testing-library/react/dist/act-compat.js:47:25
      at renderRoot (node_modules/@testing-library/react/dist/pure.js:180:26)
      at render (node_modules/@testing-library/react/dist/pure.js:271:10)
      at Object.<anonymous> (src/components/study/__tests__/StatsCard.test.tsx:52:11)

    console.error
      The above error occurred in the <StatsCard> component:
      
          at StatsCard (/Users/yusefbach/Projekte/studynexus/frontend/src/components/study/StatsCard.tsx:8:68)
      
      Consider adding an error boundary to your tree to customize error handling behavior.
      Visit https://reactjs.org/link/error-boundaries to learn more about error boundaries.

      50 |   it("renders ECTS progress", async () => {
      51 |     mockFetch(mockStats);
    > 52 |     render(<StatsCard />);
         |           ^
      53 |     await waitFor(() => {
      54 |       expect(screen.getByText("42")).toBeInTheDocument();
      55 |       expect(screen.getByText(/180/)).toBeInTheDocument();

      at logCapturedError (node_modules/react-dom/cjs/react-dom.development.js:18704:23)
      at update.callback (node_modules/react-dom/cjs/react-dom.development.js:18737:5)
      at callCallback (node_modules/react-dom/cjs/react-dom.development.js:15036:12)
      at commitUpdateQueue (node_modules/react-dom/cjs/react-dom.development.js:15057:9)
      at commitLayoutEffectOnFiber (node_modules/react-dom/cjs/react-dom.development.js:23430:13)
      at commitLayoutMountEffects_complete (node_modules/react-dom/cjs/react-dom.development.js:24727:9)
      at commitLayoutEffects_begin (node_modules/react-dom/cjs/react-dom.development.js:24713:7)
      at commitLayoutEffects (node_modules/react-dom/cjs/react-dom.development.js:24651:3)
      at commitRootImpl (node_modules/react-dom/cjs/react-dom.development.js:26862:5)
      at commitRoot (node_modules/react-dom/cjs/react-dom.development.js:26721:5)
      at finishConcurrentRender (node_modules/react-dom/cjs/react-dom.development.js:25931:9)
      at performConcurrentWorkOnRoot (node_modules/react-dom/cjs/react-dom.development.js:25848:7)
      at flushActQueue (node_modules/react/cjs/react.development.js:2667:24)
      at act (node_modules/react/cjs/react.development.js:2582:11)
      at node_modules/@testing-library/react/dist/act-compat.js:47:25
      at renderRoot (node_modules/@testing-library/react/dist/pure.js:180:26)
      at render (node_modules/@testing-library/react/dist/pure.js:271:10)
      at Object.<anonymous> (src/components/study/__tests__/StatsCard.test.tsx:52:11)

    console.error
      Error: Uncaught [Error: No QueryClient set, use QueryClientProvider to set one]
          at reportException (/Users/yusefbach/Projekte/studynexus/frontend/node_modules/jsdom/lib/jsdom/living/helpers/runtime-script-errors.js:66:24)
          at innerInvokeEventListeners (/Users/yusefbach/Projekte/studynexus/frontend/node_modules/jsdom/lib/jsdom/living/events/EventTarget-impl.js:353:9)
          at invokeEventListeners (/Users/yusefbach/Projekte/studynexus/frontend/node_modules/jsdom/lib/jsdom/living/events/EventTarget-impl.js:286:3)
          at HTMLUnknownElementImpl._dispatch (/Users/yusefbach/Projekte/studynexus/frontend/node_modules/jsdom/lib/jsdom/living/events/EventTarget-impl.js:233:9)
          at HTMLUnknownElementImpl.dispatchEvent (/Users/yusefbach/Projekte/studynexus/frontend/node_modules/jsdom/lib/jsdom/living/events/EventTarget-impl.js:104:17)
          at HTMLUnknownElement.dispatchEvent (/Users/yusefbach/Projekte/studynexus/frontend/node_modules/jsdom/lib/jsdom/living/generated/EventTarget.js:241:34)
          at Object.invokeGuardedCallbackDev (/Users/yusefbach/Projekte/studynexus/frontend/node_modules/react-dom/cjs/react-dom.development.js:4213:16)
          at invokeGuardedCallback (/Users/yusefbach/Projekte/studynexus/frontend/node_modules/react-dom/cjs/react-dom.development.js:4277:31)
          at beginWork$1 (/Users/yusefbach/Projekte/studynexus/frontend/node_modules/react-dom/cjs/react-dom.development.js:27490:7)
          at performUnitOfWork (/Users/yusefbach/Projekte/studynexus/frontend/node_modules/react-dom/cjs/react-dom.development.js:26599:12)
          at workLoopSync (/Users/yusefbach/Projekte/studynexus/frontend/node_modules/react-dom/cjs/react-dom.development.js:26505:5)
          at renderRootSync (/Users/yusefbach/Projekte/studynexus/frontend/node_modules/react-dom/cjs/react-dom.development.js:26473:7)
          at performConcurrentWorkOnRoot (/Users/yusefbach/Projekte/studynexus/frontend/node_modules/react-dom/cjs/react-dom.development.js:25777:74)
          at flushActQueue (/Users/yusefbach/Projekte/studynexus/frontend/node_modules/react/cjs/react.development.js:2667:24)
          at act (/Users/yusefbach/Projekte/studynexus/frontend/node_modules/react/cjs/react.development.js:2582:11)
          at /Users/yusefbach/Projekte/studynexus/frontend/node_modules/@testing-library/react/dist/act-compat.js:47:25
          at renderRoot (/Users/yusefbach/Projekte/studynexus/frontend/node_modules/@testing-library/react/dist/pure.js:180:26)
          at render (/Users/yusefbach/Projekte/studynexus/frontend/node_modules/@testing-library/react/dist/pure.js:271:10)
          at Object.<anonymous> (/Users/yusefbach/Projekte/studynexus/frontend/src/components/study/__tests__/StatsCard.test.tsx:61:11)
          at Promise.then.completed (/Users/yusefbach/Projekte/studynexus/frontend/node_modules/jest-circus/build/utils.js:298:28)
          at new Promise (<anonymous>)
          at callAsyncCircusFn (/Users/yusefbach/Projekte/studynexus/frontend/node_modules/jest-circus/build/utils.js:231:10)
          at _callCircusTest (/Users/yusefbach/Projekte/studynexus/frontend/node_modules/jest-circus/build/run.js:316:40)
          at processTicksAndRejections (node:internal/process/task_queues:104:5)
          at _runTest (/Users/yusefbach/Projekte/studynexus/frontend/node_modules/jest-circus/build/run.js:252:3)
          at _runTestsForDescribeBlock (/Users/yusefbach/Projekte/studynexus/frontend/node_modules/jest-circus/build/run.js:126:9)
          at _runTestsForDescribeBlock (/Users/yusefbach/Projekte/studynexus/frontend/node_modules/jest-circus/build/run.js:121:9)
          at run (/Users/yusefbach/Projekte/studynexus/frontend/node_modules/jest-circus/build/run.js:71:3)
          at runAndTransformResultsToJestFormat (/Users/yusefbach/Projekte/studynexus/frontend/node_modules/jest-circus/build/legacy-code-todo-rewrite/jestAdapterInit.js:122:21)
          at jestAdapter (/Users/yusefbach/Projekte/studynexus/frontend/node_modules/jest-circus/build/legacy-code-todo-rewrite/jestAdapter.js:79:19)
          at runTestInternal (/Users/yusefbach/Projekte/studynexus/frontend/node_modules/jest-runner/build/runTest.js:367:16)
          at runTest (/Users/yusefbach/Projekte/studynexus/frontend/node_modules/jest-runner/build/runTest.js:444:34)
          at Object.worker (/Users/yusefbach/Projekte/studynexus/frontend/node_modules/jest-runner/build/testWorker.js:106:12) {
        detail: Error: No QueryClient set, use QueryClientProvider to set one
            at useQueryClient (/Users/yusefbach/Projekte/studynexus/frontend/node_modules/@tanstack/react-query/src/QueryClientProvider.tsx:18:11)
            at useBaseQuery (/Users/yusefbach/Projekte/studynexus/frontend/node_modules/@tanstack/react-query/src/useBaseQuery.ts:54:18)
            at useQuery (/Users/yusefbach/Projekte/studynexus/frontend/node_modules/@tanstack/react-query/src/useQuery.ts:51:10)
            at useUserStats (/Users/yusefbach/Projekte/studynexus/frontend/src/hooks/queries/useUserStats.ts:7:18)
            at StatsCard (/Users/yusefbach/Projekte/studynexus/frontend/src/components/study/StatsCard.tsx:8:68)
            at renderWithHooks (/Users/yusefbach/Projekte/studynexus/frontend/node_modules/react-dom/cjs/react-dom.development.js:15486:18)
            at mountIndeterminateComponent (/Users/yusefbach/Projekte/studynexus/frontend/node_modules/react-dom/cjs/react-dom.development.js:20103:13)
            at beginWork (/Users/yusefbach/Projekte/studynexus/frontend/node_modules/react-dom/cjs/react-dom.development.js:21626:16)
            at HTMLUnknownElement.callCallback (/Users/yusefbach/Projekte/studynexus/frontend/node_modules/react-dom/cjs/react-dom.development.js:4164:14)
            at HTMLUnknownElement.callTheUserObjectsOperation (/Users/yusefbach/Projekte/studynexus/frontend/node_modules/jsdom/lib/jsdom/living/generated/EventListener.js:26:30)
            at innerInvokeEventListeners (/Users/yusefbach/Projekte/studynexus/frontend/node_modules/jsdom/lib/jsdom/living/events/EventTarget-impl.js:350:25)
            at invokeEventListeners (/Users/yusefbach/Projekte/studynexus/frontend/node_modules/jsdom/lib/jsdom/living/events/EventTarget-impl.js:286:3)
            at HTMLUnknownElementImpl._dispatch (/Users/yusefbach/Projekte/studynexus/frontend/node_modules/jsdom/lib/jsdom/living/events/EventTarget-impl.js:233:9)
            at HTMLUnknownElementImpl.dispatchEvent (/Users/yusefbach/Projekte/studynexus/frontend/node_modules/jsdom/lib/jsdom/living/events/EventTarget-impl.js:104:17)
            at HTMLUnknownElement.dispatchEvent (/Users/yusefbach/Projekte/studynexus/frontend/node_modules/jsdom/lib/jsdom/living/generated/EventTarget.js:241:34)
            at Object.invokeGuardedCallbackDev (/Users/yusefbach/Projekte/studynexus/frontend/node_modules/react-dom/cjs/react-dom.development.js:4213:16)
            at invokeGuardedCallback (/Users/yusefbach/Projekte/studynexus/frontend/node_modules/react-dom/cjs/react-dom.development.js:4277:31)
            at beginWork$1 (/Users/yusefbach/Projekte/studynexus/frontend/node_modules/react-dom/cjs/react-dom.development.js:27490:7)
            at performUnitOfWork (/Users/yusefbach/Projekte/studynexus/frontend/node_modules/react-dom/cjs/react-dom.development.js:26599:12)
            at workLoopSync (/Users/yusefbach/Projekte/studynexus/frontend/node_modules/react-dom/cjs/react-dom.development.js:26505:5)
            at renderRootSync (/Users/yusefbach/Projekte/studynexus/frontend/node_modules/react-dom/cjs/react-dom.development.js:26473:7)
            at performConcurrentWorkOnRoot (/Users/yusefbach/Projekte/studynexus/frontend/node_modules/react-dom/cjs/react-dom.development.js:25777:74)
            at flushActQueue (/Users/yusefbach/Projekte/studynexus/frontend/node_modules/react/cjs/react.development.js:2667:24)
            at act (/Users/yusefbach/Projekte/studynexus/frontend/node_modules/react/cjs/react.development.js:2582:11)
            at /Users/yusefbach/Projekte/studynexus/frontend/node_modules/@testing-library/react/dist/act-compat.js:47:25
            at renderRoot (/Users/yusefbach/Projekte/studynexus/frontend/node_modules/@testing-library/react/dist/pure.js:180:26)
            at render (/Users/yusefbach/Projekte/studynexus/frontend/node_modules/@testing-library/react/dist/pure.js:271:10)
            at Object.<anonymous> (/Users/yusefbach/Projekte/studynexus/frontend/src/components/study/__tests__/StatsCard.test.tsx:61:11)
            at Promise.then.completed (/Users/yusefbach/Projekte/studynexus/frontend/node_modules/jest-circus/build/utils.js:298:28)
            at new Promise (<anonymous>)
            at callAsyncCircusFn (/Users/yusefbach/Projekte/studynexus/frontend/node_modules/jest-circus/build/utils.js:231:10)
            at _callCircusTest (/Users/yusefbach/Projekte/studynexus/frontend/node_modules/jest-circus/build/run.js:316:40)
            at processTicksAndRejections (node:internal/process/task_queues:104:5)
            at _runTest (/Users/yusefbach/Projekte/studynexus/frontend/node_modules/jest-circus/build/run.js:252:3)
            at _runTestsForDescribeBlock (/Users/yusefbach/Projekte/studynexus/frontend/node_modules/jest-circus/build/run.js:126:9)
            at _runTestsForDescribeBlock (/Users/yusefbach/Projekte/studynexus/frontend/node_modules/jest-circus/build/run.js:121:9)
            at run (/Users/yusefbach/Projekte/studynexus/frontend/node_modules/jest-circus/build/run.js:71:3)
            at runAndTransformResultsToJestFormat (/Users/yusefbach/Projekte/studynexus/frontend/node_modules/jest-circus/build/legacy-code-todo-rewrite/jestAdapterInit.js:122:21)
            at jestAdapter (/Users/yusefbach/Projekte/studynexus/frontend/node_modules/jest-circus/build/legacy-code-todo-rewrite/jestAdapter.js:79:19)
            at runTestInternal (/Users/yusefbach/Projekte/studynexus/frontend/node_modules/jest-runner/build/runTest.js:367:16)
            at runTest (/Users/yusefbach/Projekte/studynexus/frontend/node_modules/jest-runner/build/runTest.js:444:34)
            at Object.worker (/Users/yusefbach/Projekte/studynexus/frontend/node_modules/jest-runner/build/testWorker.js:106:12),
        type: 'unhandled exception'
      }

      59 |   it("renders progress bar with correct aria values", async () => {
      60 |     mockFetch(mockStats);
    > 61 |     render(<StatsCard />);
         |           ^
      62 |     await waitFor(() => {
      63 |       const bar = screen.getByRole("progressbar");
      64 |       expect(bar).toHaveAttribute("aria-valuenow", String(mockStats.fortschritt_prozent));

      at VirtualConsole.<anonymous> (node_modules/jest-environment-jsdom/build/index.js:63:23)
      at reportException (node_modules/jsdom/lib/jsdom/living/helpers/runtime-script-errors.js:70:28)
      at innerInvokeEventListeners (node_modules/jsdom/lib/jsdom/living/events/EventTarget-impl.js:353:9)
      at invokeEventListeners (node_modules/jsdom/lib/jsdom/living/events/EventTarget-impl.js:286:3)
      at HTMLUnknownElementImpl._dispatch (node_modules/jsdom/lib/jsdom/living/events/EventTarget-impl.js:233:9)
      at HTMLUnknownElementImpl.dispatchEvent (node_modules/jsdom/lib/jsdom/living/events/EventTarget-impl.js:104:17)
      at HTMLUnknownElement.dispatchEvent (node_modules/jsdom/lib/jsdom/living/generated/EventTarget.js:241:34)
      at Object.invokeGuardedCallbackDev (node_modules/react-dom/cjs/react-dom.development.js:4213:16)
      at invokeGuardedCallback (node_modules/react-dom/cjs/react-dom.development.js:4277:31)
      at beginWork$1 (node_modules/react-dom/cjs/react-dom.development.js:27490:7)
      at performUnitOfWork (node_modules/react-dom/cjs/react-dom.development.js:26599:12)
      at workLoopSync (node_modules/react-dom/cjs/react-dom.development.js:26505:5)
      at renderRootSync (node_modules/react-dom/cjs/react-dom.development.js:26473:7)
      at performConcurrentWorkOnRoot (node_modules/react-dom/cjs/react-dom.development.js:25777:74)
      at flushActQueue (node_modules/react/cjs/react.development.js:2667:24)
      at act (node_modules/react/cjs/react.development.js:2582:11)
      at node_modules/@testing-library/react/dist/act-compat.js:47:25
      at renderRoot (node_modules/@testing-library/react/dist/pure.js:180:26)
      at render (node_modules/@testing-library/react/dist/pure.js:271:10)
      at Object.<anonymous> (src/components/study/__tests__/StatsCard.test.tsx:61:11)

    console.error
      Error: Uncaught [Error: No QueryClient set, use QueryClientProvider to set one]
          at reportException (/Users/yusefbach/Projekte/studynexus/frontend/node_modules/jsdom/lib/jsdom/living/helpers/runtime-script-errors.js:66:24)
          at innerInvokeEventListeners (/Users/yusefbach/Projekte/studynexus/frontend/node_modules/jsdom/lib/jsdom/living/events/EventTarget-impl.js:353:9)
          at invokeEventListeners (/Users/yusefbach/Projekte/studynexus/frontend/node_modules/jsdom/lib/jsdom/living/events/EventTarget-impl.js:286:3)
          at HTMLUnknownElementImpl._dispatch (/Users/yusefbach/Projekte/studynexus/frontend/node_modules/jsdom/lib/jsdom/living/events/EventTarget-impl.js:233:9)
          at HTMLUnknownElementImpl.dispatchEvent (/Users/yusefbach/Projekte/studynexus/frontend/node_modules/jsdom/lib/jsdom/living/events/EventTarget-impl.js:104:17)
          at HTMLUnknownElement.dispatchEvent (/Users/yusefbach/Projekte/studynexus/frontend/node_modules/jsdom/lib/jsdom/living/generated/EventTarget.js:241:34)
          at Object.invokeGuardedCallbackDev (/Users/yusefbach/Projekte/studynexus/frontend/node_modules/react-dom/cjs/react-dom.development.js:4213:16)
          at invokeGuardedCallback (/Users/yusefbach/Projekte/studynexus/frontend/node_modules/react-dom/cjs/react-dom.development.js:4277:31)
          at beginWork$1 (/Users/yusefbach/Projekte/studynexus/frontend/node_modules/react-dom/cjs/react-dom.development.js:27490:7)
          at performUnitOfWork (/Users/yusefbach/Projekte/studynexus/frontend/node_modules/react-dom/cjs/react-dom.development.js:26599:12)
          at workLoopSync (/Users/yusefbach/Projekte/studynexus/frontend/node_modules/react-dom/cjs/react-dom.development.js:26505:5)
          at renderRootSync (/Users/yusefbach/Projekte/studynexus/frontend/node_modules/react-dom/cjs/react-dom.development.js:26473:7)
          at recoverFromConcurrentError (/Users/yusefbach/Projekte/studynexus/frontend/node_modules/react-dom/cjs/react-dom.development.js:25889:20)
          at performConcurrentWorkOnRoot (/Users/yusefbach/Projekte/studynexus/frontend/node_modules/react-dom/cjs/react-dom.development.js:25789:22)
          at flushActQueue (/Users/yusefbach/Projekte/studynexus/frontend/node_modules/react/cjs/react.development.js:2667:24)
          at act (/Users/yusefbach/Projekte/studynexus/frontend/node_modules/react/cjs/react.development.js:2582:11)
          at /Users/yusefbach/Projekte/studynexus/frontend/node_modules/@testing-library/react/dist/act-compat.js:47:25
          at renderRoot (/Users/yusefbach/Projekte/studynexus/frontend/node_modules/@testing-library/react/dist/pure.js:180:26)
          at render (/Users/yusefbach/Projekte/studynexus/frontend/node_modules/@testing-library/react/dist/pure.js:271:10)
          at Object.<anonymous> (/Users/yusefbach/Projekte/studynexus/frontend/src/components/study/__tests__/StatsCard.test.tsx:61:11)
          at Promise.then.completed (/Users/yusefbach/Projekte/studynexus/frontend/node_modules/jest-circus/build/utils.js:298:28)
          at new Promise (<anonymous>)
          at callAsyncCircusFn (/Users/yusefbach/Projekte/studynexus/frontend/node_modules/jest-circus/build/utils.js:231:10)
          at _callCircusTest (/Users/yusefbach/Projekte/studynexus/frontend/node_modules/jest-circus/build/run.js:316:40)
          at processTicksAndRejections (node:internal/process/task_queues:104:5)
          at _runTest (/Users/yusefbach/Projekte/studynexus/frontend/node_modules/jest-circus/build/run.js:252:3)
          at _runTestsForDescribeBlock (/Users/yusefbach/Projekte/studynexus/frontend/node_modules/jest-circus/build/run.js:126:9)
          at _runTestsForDescribeBlock (/Users/yusefbach/Projekte/studynexus/frontend/node_modules/jest-circus/build/run.js:121:9)
          at run (/Users/yusefbach/Projekte/studynexus/frontend/node_modules/jest-circus/build/run.js:71:3)
          at runAndTransformResultsToJestFormat (/Users/yusefbach/Projekte/studynexus/frontend/node_modules/jest-circus/build/legacy-code-todo-rewrite/jestAdapterInit.js:122:21)
          at jestAdapter (/Users/yusefbach/Projekte/studynexus/frontend/node_modules/jest-circus/build/legacy-code-todo-rewrite/jestAdapter.js:79:19)
          at runTestInternal (/Users/yusefbach/Projekte/studynexus/frontend/node_modules/jest-runner/build/runTest.js:367:16)
          at runTest (/Users/yusefbach/Projekte/studynexus/frontend/node_modules/jest-runner/build/runTest.js:444:34)
          at Object.worker (/Users/yusefbach/Projekte/studynexus/frontend/node_modules/jest-runner/build/testWorker.js:106:12) {
        detail: Error: No QueryClient set, use QueryClientProvider to set one
            at useQueryClient (/Users/yusefbach/Projekte/studynexus/frontend/node_modules/@tanstack/react-query/src/QueryClientProvider.tsx:18:11)
            at useBaseQuery (/Users/yusefbach/Projekte/studynexus/frontend/node_modules/@tanstack/react-query/src/useBaseQuery.ts:54:18)
            at useQuery (/Users/yusefbach/Projekte/studynexus/frontend/node_modules/@tanstack/react-query/src/useQuery.ts:51:10)
            at useUserStats (/Users/yusefbach/Projekte/studynexus/frontend/src/hooks/queries/useUserStats.ts:7:18)
            at StatsCard (/Users/yusefbach/Projekte/studynexus/frontend/src/components/study/StatsCard.tsx:8:68)
            at renderWithHooks (/Users/yusefbach/Projekte/studynexus/frontend/node_modules/react-dom/cjs/react-dom.development.js:15486:18)
            at mountIndeterminateComponent (/Users/yusefbach/Projekte/studynexus/frontend/node_modules/react-dom/cjs/react-dom.development.js:20103:13)
            at beginWork (/Users/yusefbach/Projekte/studynexus/frontend/node_modules/react-dom/cjs/react-dom.development.js:21626:16)
            at HTMLUnknownElement.callCallback (/Users/yusefbach/Projekte/studynexus/frontend/node_modules/react-dom/cjs/react-dom.development.js:4164:14)
            at HTMLUnknownElement.callTheUserObjectsOperation (/Users/yusefbach/Projekte/studynexus/frontend/node_modules/jsdom/lib/jsdom/living/generated/EventListener.js:26:30)
            at innerInvokeEventListeners (/Users/yusefbach/Projekte/studynexus/frontend/node_modules/jsdom/lib/jsdom/living/events/EventTarget-impl.js:350:25)
            at invokeEventListeners (/Users/yusefbach/Projekte/studynexus/frontend/node_modules/jsdom/lib/jsdom/living/events/EventTarget-impl.js:286:3)
            at HTMLUnknownElementImpl._dispatch (/Users/yusefbach/Projekte/studynexus/frontend/node_modules/jsdom/lib/jsdom/living/events/EventTarget-impl.js:233:9)
            at HTMLUnknownElementImpl.dispatchEvent (/Users/yusefbach/Projekte/studynexus/frontend/node_modules/jsdom/lib/jsdom/living/events/EventTarget-impl.js:104:17)
            at HTMLUnknownElement.dispatchEvent (/Users/yusefbach/Projekte/studynexus/frontend/node_modules/jsdom/lib/jsdom/living/generated/EventTarget.js:241:34)
            at Object.invokeGuardedCallbackDev (/Users/yusefbach/Projekte/studynexus/frontend/node_modules/react-dom/cjs/react-dom.development.js:4213:16)
            at invokeGuardedCallback (/Users/yusefbach/Projekte/studynexus/frontend/node_modules/react-dom/cjs/react-dom.development.js:4277:31)
            at beginWork$1 (/Users/yusefbach/Projekte/studynexus/frontend/node_modules/react-dom/cjs/react-dom.development.js:27490:7)
            at performUnitOfWork (/Users/yusefbach/Projekte/studynexus/frontend/node_modules/react-dom/cjs/react-dom.development.js:26599:12)
            at workLoopSync (/Users/yusefbach/Projekte/studynexus/frontend/node_modules/react-dom/cjs/react-dom.development.js:26505:5)
            at renderRootSync (/Users/yusefbach/Projekte/studynexus/frontend/node_modules/react-dom/cjs/react-dom.development.js:26473:7)
            at recoverFromConcurrentError (/Users/yusefbach/Projekte/studynexus/frontend/node_modules/react-dom/cjs/react-dom.development.js:25889:20)
            at performConcurrentWorkOnRoot (/Users/yusefbach/Projekte/studynexus/frontend/node_modules/react-dom/cjs/react-dom.development.js:25789:22)
            at flushActQueue (/Users/yusefbach/Projekte/studynexus/frontend/node_modules/react/cjs/react.development.js:2667:24)
            at act (/Users/yusefbach/Projekte/studynexus/frontend/node_modules/react/cjs/react.development.js:2582:11)
            at /Users/yusefbach/Projekte/studynexus/frontend/node_modules/@testing-library/react/dist/act-compat.js:47:25
            at renderRoot (/Users/yusefbach/Projekte/studynexus/frontend/node_modules/@testing-library/react/dist/pure.js:180:26)
            at render (/Users/yusefbach/Projekte/studynexus/frontend/node_modules/@testing-library/react/dist/pure.js:271:10)
            at Object.<anonymous> (/Users/yusefbach/Projekte/studynexus/frontend/src/components/study/__tests__/StatsCard.test.tsx:61:11)
            at Promise.then.completed (/Users/yusefbach/Projekte/studynexus/frontend/node_modules/jest-circus/build/utils.js:298:28)
            at new Promise (<anonymous>)
            at callAsyncCircusFn (/Users/yusefbach/Projekte/studynexus/frontend/node_modules/jest-circus/build/utils.js:231:10)
            at _callCircusTest (/Users/yusefbach/Projekte/studynexus/frontend/node_modules/jest-circus/build/run.js:316:40)
            at processTicksAndRejections (node:internal/process/task_queues:104:5)
            at _runTest (/Users/yusefbach/Projekte/studynexus/frontend/node_modules/jest-circus/build/run.js:252:3)
            at _runTestsForDescribeBlock (/Users/yusefbach/Projekte/studynexus/frontend/node_modules/jest-circus/build/run.js:126:9)
            at _runTestsForDescribeBlock (/Users/yusefbach/Projekte/studynexus/frontend/node_modules/jest-circus/build/run.js:121:9)
            at run (/Users/yusefbach/Projekte/studynexus/frontend/node_modules/jest-circus/build/run.js:71:3)
            at runAndTransformResultsToJestFormat (/Users/yusefbach/Projekte/studynexus/frontend/node_modules/jest-circus/build/legacy-code-todo-rewrite/jestAdapterInit.js:122:21)
            at jestAdapter (/Users/yusefbach/Projekte/studynexus/frontend/node_modules/jest-circus/build/legacy-code-todo-rewrite/jestAdapter.js:79:19)
            at runTestInternal (/Users/yusefbach/Projekte/studynexus/frontend/node_modules/jest-runner/build/runTest.js:367:16)
            at runTest (/Users/yusefbach/Projekte/studynexus/frontend/node_modules/jest-runner/build/runTest.js:444:34)
            at Object.worker (/Users/yusefbach/Projekte/studynexus/frontend/node_modules/jest-runner/build/testWorker.js:106:12),
        type: 'unhandled exception'
      }

      59 |   it("renders progress bar with correct aria values", async () => {
      60 |     mockFetch(mockStats);
    > 61 |     render(<StatsCard />);
         |           ^
      62 |     await waitFor(() => {
      63 |       const bar = screen.getByRole("progressbar");
      64 |       expect(bar).toHaveAttribute("aria-valuenow", String(mockStats.fortschritt_prozent));

      at VirtualConsole.<anonymous> (node_modules/jest-environment-jsdom/build/index.js:63:23)
      at reportException (node_modules/jsdom/lib/jsdom/living/helpers/runtime-script-errors.js:70:28)
      at innerInvokeEventListeners (node_modules/jsdom/lib/jsdom/living/events/EventTarget-impl.js:353:9)
      at invokeEventListeners (node_modules/jsdom/lib/jsdom/living/events/EventTarget-impl.js:286:3)
      at HTMLUnknownElementImpl._dispatch (node_modules/jsdom/lib/jsdom/living/events/EventTarget-impl.js:233:9)
      at HTMLUnknownElementImpl.dispatchEvent (node_modules/jsdom/lib/jsdom/living/events/EventTarget-impl.js:104:17)
      at HTMLUnknownElement.dispatchEvent (node_modules/jsdom/lib/jsdom/living/generated/EventTarget.js:241:34)
      at Object.invokeGuardedCallbackDev (node_modules/react-dom/cjs/react-dom.development.js:4213:16)
      at invokeGuardedCallback (node_modules/react-dom/cjs/react-dom.development.js:4277:31)
      at beginWork$1 (node_modules/react-dom/cjs/react-dom.development.js:27490:7)
      at performUnitOfWork (node_modules/react-dom/cjs/react-dom.development.js:26599:12)
      at workLoopSync (node_modules/react-dom/cjs/react-dom.development.js:26505:5)
      at renderRootSync (node_modules/react-dom/cjs/react-dom.development.js:26473:7)
      at recoverFromConcurrentError (node_modules/react-dom/cjs/react-dom.development.js:25889:20)
      at performConcurrentWorkOnRoot (node_modules/react-dom/cjs/react-dom.development.js:25789:22)
      at flushActQueue (node_modules/react/cjs/react.development.js:2667:24)
      at act (node_modules/react/cjs/react.development.js:2582:11)
      at node_modules/@testing-library/react/dist/act-compat.js:47:25
      at renderRoot (node_modules/@testing-library/react/dist/pure.js:180:26)
      at render (node_modules/@testing-library/react/dist/pure.js:271:10)
      at Object.<anonymous> (src/components/study/__tests__/StatsCard.test.tsx:61:11)

    console.error
      The above error occurred in the <StatsCard> component:
      
          at StatsCard (/Users/yusefbach/Projekte/studynexus/frontend/src/components/study/StatsCard.tsx:8:68)
      
      Consider adding an error boundary to your tree to customize error handling behavior.
      Visit https://reactjs.org/link/error-boundaries to learn more about error boundaries.

      59 |   it("renders progress bar with correct aria values", async () => {
      60 |     mockFetch(mockStats);
    > 61 |     render(<StatsCard />);
         |           ^
      62 |     await waitFor(() => {
      63 |       const bar = screen.getByRole("progressbar");
      64 |       expect(bar).toHaveAttribute("aria-valuenow", String(mockStats.fortschritt_prozent));

      at logCapturedError (node_modules/react-dom/cjs/react-dom.development.js:18704:23)
      at update.callback (node_modules/react-dom/cjs/react-dom.development.js:18737:5)
      at callCallback (node_modules/react-dom/cjs/react-dom.development.js:15036:12)
      at commitUpdateQueue (node_modules/react-dom/cjs/react-dom.development.js:15057:9)
      at commitLayoutEffectOnFiber (node_modules/react-dom/cjs/react-dom.development.js:23430:13)
      at commitLayoutMountEffects_complete (node_modules/react-dom/cjs/react-dom.development.js:24727:9)
      at commitLayoutEffects_begin (node_modules/react-dom/cjs/react-dom.development.js:24713:7)
      at commitLayoutEffects (node_modules/react-dom/cjs/react-dom.development.js:24651:3)
      at commitRootImpl (node_modules/react-dom/cjs/react-dom.development.js:26862:5)
      at commitRoot (node_modules/react-dom/cjs/react-dom.development.js:26721:5)
      at finishConcurrentRender (node_modules/react-dom/cjs/react-dom.development.js:25931:9)
      at performConcurrentWorkOnRoot (node_modules/react-dom/cjs/react-dom.development.js:25848:7)
      at flushActQueue (node_modules/react/cjs/react.development.js:2667:24)
      at act (node_modules/react/cjs/react.development.js:2582:11)
      at node_modules/@testing-library/react/dist/act-compat.js:47:25
      at renderRoot (node_modules/@testing-library/react/dist/pure.js:180:26)
      at render (node_modules/@testing-library/react/dist/pure.js:271:10)
      at Object.<anonymous> (src/components/study/__tests__/StatsCard.test.tsx:61:11)

    console.error
      Error: Uncaught [Error: No QueryClient set, use QueryClientProvider to set one]
          at reportException (/Users/yusefbach/Projekte/studynexus/frontend/node_modules/jsdom/lib/jsdom/living/helpers/runtime-script-errors.js:66:24)
          at innerInvokeEventListeners (/Users/yusefbach/Projekte/studynexus/frontend/node_modules/jsdom/lib/jsdom/living/events/EventTarget-impl.js:353:9)
          at invokeEventListeners (/Users/yusefbach/Projekte/studynexus/frontend/node_modules/jsdom/lib/jsdom/living/events/EventTarget-impl.js:286:3)
          at HTMLUnknownElementImpl._dispatch (/Users/yusefbach/Projekte/studynexus/frontend/node_modules/jsdom/lib/jsdom/living/events/EventTarget-impl.js:233:9)
          at HTMLUnknownElementImpl.dispatchEvent (/Users/yusefbach/Projekte/studynexus/frontend/node_modules/jsdom/lib/jsdom/living/events/EventTarget-impl.js:104:17)
          at HTMLUnknownElement.dispatchEvent (/Users/yusefbach/Projekte/studynexus/frontend/node_modules/jsdom/lib/jsdom/living/generated/EventTarget.js:241:34)
          at Object.invokeGuardedCallbackDev (/Users/yusefbach/Projekte/studynexus/frontend/node_modules/react-dom/cjs/react-dom.development.js:4213:16)
          at invokeGuardedCallback (/Users/yusefbach/Projekte/studynexus/frontend/node_modules/react-dom/cjs/react-dom.development.js:4277:31)
          at beginWork$1 (/Users/yusefbach/Projekte/studynexus/frontend/node_modules/react-dom/cjs/react-dom.development.js:27490:7)
          at performUnitOfWork (/Users/yusefbach/Projekte/studynexus/frontend/node_modules/react-dom/cjs/react-dom.development.js:26599:12)
          at workLoopSync (/Users/yusefbach/Projekte/studynexus/frontend/node_modules/react-dom/cjs/react-dom.development.js:26505:5)
          at renderRootSync (/Users/yusefbach/Projekte/studynexus/frontend/node_modules/react-dom/cjs/react-dom.development.js:26473:7)
          at performConcurrentWorkOnRoot (/Users/yusefbach/Projekte/studynexus/frontend/node_modules/react-dom/cjs/react-dom.development.js:25777:74)
          at flushActQueue (/Users/yusefbach/Projekte/studynexus/frontend/node_modules/react/cjs/react.development.js:2667:24)
          at act (/Users/yusefbach/Projekte/studynexus/frontend/node_modules/react/cjs/react.development.js:2582:11)
          at /Users/yusefbach/Projekte/studynexus/frontend/node_modules/@testing-library/react/dist/act-compat.js:47:25
          at renderRoot (/Users/yusefbach/Projekte/studynexus/frontend/node_modules/@testing-library/react/dist/pure.js:180:26)
          at render (/Users/yusefbach/Projekte/studynexus/frontend/node_modules/@testing-library/react/dist/pure.js:271:10)
          at Object.<anonymous> (/Users/yusefbach/Projekte/studynexus/frontend/src/components/study/__tests__/StatsCard.test.tsx:70:11)
          at Promise.then.completed (/Users/yusefbach/Projekte/studynexus/frontend/node_modules/jest-circus/build/utils.js:298:28)
          at new Promise (<anonymous>)
          at callAsyncCircusFn (/Users/yusefbach/Projekte/studynexus/frontend/node_modules/jest-circus/build/utils.js:231:10)
          at _callCircusTest (/Users/yusefbach/Projekte/studynexus/frontend/node_modules/jest-circus/build/run.js:316:40)
          at processTicksAndRejections (node:internal/process/task_queues:104:5)
          at _runTest (/Users/yusefbach/Projekte/studynexus/frontend/node_modules/jest-circus/build/run.js:252:3)
          at _runTestsForDescribeBlock (/Users/yusefbach/Projekte/studynexus/frontend/node_modules/jest-circus/build/run.js:126:9)
          at _runTestsForDescribeBlock (/Users/yusefbach/Projekte/studynexus/frontend/node_modules/jest-circus/build/run.js:121:9)
          at run (/Users/yusefbach/Projekte/studynexus/frontend/node_modules/jest-circus/build/run.js:71:3)
          at runAndTransformResultsToJestFormat (/Users/yusefbach/Projekte/studynexus/frontend/node_modules/jest-circus/build/legacy-code-todo-rewrite/jestAdapterInit.js:122:21)
          at jestAdapter (/Users/yusefbach/Projekte/studynexus/frontend/node_modules/jest-circus/build/legacy-code-todo-rewrite/jestAdapter.js:79:19)
          at runTestInternal (/Users/yusefbach/Projekte/studynexus/frontend/node_modules/jest-runner/build/runTest.js:367:16)
          at runTest (/Users/yusefbach/Projekte/studynexus/frontend/node_modules/jest-runner/build/runTest.js:444:34)
          at Object.worker (/Users/yusefbach/Projekte/studynexus/frontend/node_modules/jest-runner/build/testWorker.js:106:12) {
        detail: Error: No QueryClient set, use QueryClientProvider to set one
            at useQueryClient (/Users/yusefbach/Projekte/studynexus/frontend/node_modules/@tanstack/react-query/src/QueryClientProvider.tsx:18:11)
            at useBaseQuery (/Users/yusefbach/Projekte/studynexus/frontend/node_modules/@tanstack/react-query/src/useBaseQuery.ts:54:18)
            at useQuery (/Users/yusefbach/Projekte/studynexus/frontend/node_modules/@tanstack/react-query/src/useQuery.ts:51:10)
            at useUserStats (/Users/yusefbach/Projekte/studynexus/frontend/src/hooks/queries/useUserStats.ts:7:18)
            at StatsCard (/Users/yusefbach/Projekte/studynexus/frontend/src/components/study/StatsCard.tsx:8:68)
            at renderWithHooks (/Users/yusefbach/Projekte/studynexus/frontend/node_modules/react-dom/cjs/react-dom.development.js:15486:18)
            at mountIndeterminateComponent (/Users/yusefbach/Projekte/studynexus/frontend/node_modules/react-dom/cjs/react-dom.development.js:20103:13)
            at beginWork (/Users/yusefbach/Projekte/studynexus/frontend/node_modules/react-dom/cjs/react-dom.development.js:21626:16)
            at HTMLUnknownElement.callCallback (/Users/yusefbach/Projekte/studynexus/frontend/node_modules/react-dom/cjs/react-dom.development.js:4164:14)
            at HTMLUnknownElement.callTheUserObjectsOperation (/Users/yusefbach/Projekte/studynexus/frontend/node_modules/jsdom/lib/jsdom/living/generated/EventListener.js:26:30)
            at innerInvokeEventListeners (/Users/yusefbach/Projekte/studynexus/frontend/node_modules/jsdom/lib/jsdom/living/events/EventTarget-impl.js:350:25)
            at invokeEventListeners (/Users/yusefbach/Projekte/studynexus/frontend/node_modules/jsdom/lib/jsdom/living/events/EventTarget-impl.js:286:3)
            at HTMLUnknownElementImpl._dispatch (/Users/yusefbach/Projekte/studynexus/frontend/node_modules/jsdom/lib/jsdom/living/events/EventTarget-impl.js:233:9)
            at HTMLUnknownElementImpl.dispatchEvent (/Users/yusefbach/Projekte/studynexus/frontend/node_modules/jsdom/lib/jsdom/living/events/EventTarget-impl.js:104:17)
            at HTMLUnknownElement.dispatchEvent (/Users/yusefbach/Projekte/studynexus/frontend/node_modules/jsdom/lib/jsdom/living/generated/EventTarget.js:241:34)
            at Object.invokeGuardedCallbackDev (/Users/yusefbach/Projekte/studynexus/frontend/node_modules/react-dom/cjs/react-dom.development.js:4213:16)
            at invokeGuardedCallback (/Users/yusefbach/Projekte/studynexus/frontend/node_modules/react-dom/cjs/react-dom.development.js:4277:31)
            at beginWork$1 (/Users/yusefbach/Projekte/studynexus/frontend/node_modules/react-dom/cjs/react-dom.development.js:27490:7)
            at performUnitOfWork (/Users/yusefbach/Projekte/studynexus/frontend/node_modules/react-dom/cjs/react-dom.development.js:26599:12)
            at workLoopSync (/Users/yusefbach/Projekte/studynexus/frontend/node_modules/react-dom/cjs/react-dom.development.js:26505:5)
            at renderRootSync (/Users/yusefbach/Projekte/studynexus/frontend/node_modules/react-dom/cjs/react-dom.development.js:26473:7)
            at performConcurrentWorkOnRoot (/Users/yusefbach/Projekte/studynexus/frontend/node_modules/react-dom/cjs/react-dom.development.js:25777:74)
            at flushActQueue (/Users/yusefbach/Projekte/studynexus/frontend/node_modules/react/cjs/react.development.js:2667:24)
            at act (/Users/yusefbach/Projekte/studynexus/frontend/node_modules/react/cjs/react.development.js:2582:11)
            at /Users/yusefbach/Projekte/studynexus/frontend/node_modules/@testing-library/react/dist/act-compat.js:47:25
            at renderRoot (/Users/yusefbach/Projekte/studynexus/frontend/node_modules/@testing-library/react/dist/pure.js:180:26)
            at render (/Users/yusefbach/Projekte/studynexus/frontend/node_modules/@testing-library/react/dist/pure.js:271:10)
            at Object.<anonymous> (/Users/yusefbach/Projekte/studynexus/frontend/src/components/study/__tests__/StatsCard.test.tsx:70:11)
            at Promise.then.completed (/Users/yusefbach/Projekte/studynexus/frontend/node_modules/jest-circus/build/utils.js:298:28)
            at new Promise (<anonymous>)
            at callAsyncCircusFn (/Users/yusefbach/Projekte/studynexus/frontend/node_modules/jest-circus/build/utils.js:231:10)
            at _callCircusTest (/Users/yusefbach/Projekte/studynexus/frontend/node_modules/jest-circus/build/run.js:316:40)
            at processTicksAndRejections (node:internal/process/task_queues:104:5)
            at _runTest (/Users/yusefbach/Projekte/studynexus/frontend/node_modules/jest-circus/build/run.js:252:3)
            at _runTestsForDescribeBlock (/Users/yusefbach/Projekte/studynexus/frontend/node_modules/jest-circus/build/run.js:126:9)
            at _runTestsForDescribeBlock (/Users/yusefbach/Projekte/studynexus/frontend/node_modules/jest-circus/build/run.js:121:9)
            at run (/Users/yusefbach/Projekte/studynexus/frontend/node_modules/jest-circus/build/run.js:71:3)
            at runAndTransformResultsToJestFormat (/Users/yusefbach/Projekte/studynexus/frontend/node_modules/jest-circus/build/legacy-code-todo-rewrite/jestAdapterInit.js:122:21)
            at jestAdapter (/Users/yusefbach/Projekte/studynexus/frontend/node_modules/jest-circus/build/legacy-code-todo-rewrite/jestAdapter.js:79:19)
            at runTestInternal (/Users/yusefbach/Projekte/studynexus/frontend/node_modules/jest-runner/build/runTest.js:367:16)
            at runTest (/Users/yusefbach/Projekte/studynexus/frontend/node_modules/jest-runner/build/runTest.js:444:34)
            at Object.worker (/Users/yusefbach/Projekte/studynexus/frontend/node_modules/jest-runner/build/testWorker.js:106:12),
        type: 'unhandled exception'
      }

      68 |   it("shows error message on fetch failure", async () => {
      69 |     mockFetch({}, false);
    > 70 |     render(<StatsCard />);
         |           ^
      71 |     await waitFor(() => {
      72 |       expect(screen.getByText("dashboard.stats.loadError")).toBeInTheDocument();
      73 |     });

      at VirtualConsole.<anonymous> (node_modules/jest-environment-jsdom/build/index.js:63:23)
      at reportException (node_modules/jsdom/lib/jsdom/living/helpers/runtime-script-errors.js:70:28)
      at innerInvokeEventListeners (node_modules/jsdom/lib/jsdom/living/events/EventTarget-impl.js:353:9)
      at invokeEventListeners (node_modules/jsdom/lib/jsdom/living/events/EventTarget-impl.js:286:3)
      at HTMLUnknownElementImpl._dispatch (node_modules/jsdom/lib/jsdom/living/events/EventTarget-impl.js:233:9)
      at HTMLUnknownElementImpl.dispatchEvent (node_modules/jsdom/lib/jsdom/living/events/EventTarget-impl.js:104:17)
      at HTMLUnknownElement.dispatchEvent (node_modules/jsdom/lib/jsdom/living/generated/EventTarget.js:241:34)
      at Object.invokeGuardedCallbackDev (node_modules/react-dom/cjs/react-dom.development.js:4213:16)
      at invokeGuardedCallback (node_modules/react-dom/cjs/react-dom.development.js:4277:31)
      at beginWork$1 (node_modules/react-dom/cjs/react-dom.development.js:27490:7)
      at performUnitOfWork (node_modules/react-dom/cjs/react-dom.development.js:26599:12)
      at workLoopSync (node_modules/react-dom/cjs/react-dom.development.js:26505:5)
      at renderRootSync (node_modules/react-dom/cjs/react-dom.development.js:26473:7)
      at performConcurrentWorkOnRoot (node_modules/react-dom/cjs/react-dom.development.js:25777:74)
      at flushActQueue (node_modules/react/cjs/react.development.js:2667:24)
      at act (node_modules/react/cjs/react.development.js:2582:11)
      at node_modules/@testing-library/react/dist/act-compat.js:47:25
      at renderRoot (node_modules/@testing-library/react/dist/pure.js:180:26)
      at render (node_modules/@testing-library/react/dist/pure.js:271:10)
      at Object.<anonymous> (src/components/study/__tests__/StatsCard.test.tsx:70:11)

    console.error
      Error: Uncaught [Error: No QueryClient set, use QueryClientProvider to set one]
          at reportException (/Users/yusefbach/Projekte/studynexus/frontend/node_modules/jsdom/lib/jsdom/living/helpers/runtime-script-errors.js:66:24)
          at innerInvokeEventListeners (/Users/yusefbach/Projekte/studynexus/frontend/node_modules/jsdom/lib/jsdom/living/events/EventTarget-impl.js:353:9)
          at invokeEventListeners (/Users/yusefbach/Projekte/studynexus/frontend/node_modules/jsdom/lib/jsdom/living/events/EventTarget-impl.js:286:3)
          at HTMLUnknownElementImpl._dispatch (/Users/yusefbach/Projekte/studynexus/frontend/node_modules/jsdom/lib/jsdom/living/events/EventTarget-impl.js:233:9)
          at HTMLUnknownElementImpl.dispatchEvent (/Users/yusefbach/Projekte/studynexus/frontend/node_modules/jsdom/lib/jsdom/living/events/EventTarget-impl.js:104:17)
          at HTMLUnknownElement.dispatchEvent (/Users/yusefbach/Projekte/studynexus/frontend/node_modules/jsdom/lib/jsdom/living/generated/EventTarget.js:241:34)
          at Object.invokeGuardedCallbackDev (/Users/yusefbach/Projekte/studynexus/frontend/node_modules/react-dom/cjs/react-dom.development.js:4213:16)
          at invokeGuardedCallback (/Users/yusefbach/Projekte/studynexus/frontend/node_modules/react-dom/cjs/react-dom.development.js:4277:31)
          at beginWork$1 (/Users/yusefbach/Projekte/studynexus/frontend/node_modules/react-dom/cjs/react-dom.development.js:27490:7)
          at performUnitOfWork (/Users/yusefbach/Projekte/studynexus/frontend/node_modules/react-dom/cjs/react-dom.development.js:26599:12)
          at workLoopSync (/Users/yusefbach/Projekte/studynexus/frontend/node_modules/react-dom/cjs/react-dom.development.js:26505:5)
          at renderRootSync (/Users/yusefbach/Projekte/studynexus/frontend/node_modules/react-dom/cjs/react-dom.development.js:26473:7)
          at recoverFromConcurrentError (/Users/yusefbach/Projekte/studynexus/frontend/node_modules/react-dom/cjs/react-dom.development.js:25889:20)
          at performConcurrentWorkOnRoot (/Users/yusefbach/Projekte/studynexus/frontend/node_modules/react-dom/cjs/react-dom.development.js:25789:22)
          at flushActQueue (/Users/yusefbach/Projekte/studynexus/frontend/node_modules/react/cjs/react.development.js:2667:24)
          at act (/Users/yusefbach/Projekte/studynexus/frontend/node_modules/react/cjs/react.development.js:2582:11)
          at /Users/yusefbach/Projekte/studynexus/frontend/node_modules/@testing-library/react/dist/act-compat.js:47:25
          at renderRoot (/Users/yusefbach/Projekte/studynexus/frontend/node_modules/@testing-library/react/dist/pure.js:180:26)
          at render (/Users/yusefbach/Projekte/studynexus/frontend/node_modules/@testing-library/react/dist/pure.js:271:10)
          at Object.<anonymous> (/Users/yusefbach/Projekte/studynexus/frontend/src/components/study/__tests__/StatsCard.test.tsx:70:11)
          at Promise.then.completed (/Users/yusefbach/Projekte/studynexus/frontend/node_modules/jest-circus/build/utils.js:298:28)
          at new Promise (<anonymous>)
          at callAsyncCircusFn (/Users/yusefbach/Projekte/studynexus/frontend/node_modules/jest-circus/build/utils.js:231:10)
          at _callCircusTest (/Users/yusefbach/Projekte/studynexus/frontend/node_modules/jest-circus/build/run.js:316:40)
          at processTicksAndRejections (node:internal/process/task_queues:104:5)
          at _runTest (/Users/yusefbach/Projekte/studynexus/frontend/node_modules/jest-circus/build/run.js:252:3)
          at _runTestsForDescribeBlock (/Users/yusefbach/Projekte/studynexus/frontend/node_modules/jest-circus/build/run.js:126:9)
          at _runTestsForDescribeBlock (/Users/yusefbach/Projekte/studynexus/frontend/node_modules/jest-circus/build/run.js:121:9)
          at run (/Users/yusefbach/Projekte/studynexus/frontend/node_modules/jest-circus/build/run.js:71:3)
          at runAndTransformResultsToJestFormat (/Users/yusefbach/Projekte/studynexus/frontend/node_modules/jest-circus/build/legacy-code-todo-rewrite/jestAdapterInit.js:122:21)
          at jestAdapter (/Users/yusefbach/Projekte/studynexus/frontend/node_modules/jest-circus/build/legacy-code-todo-rewrite/jestAdapter.js:79:19)
          at runTestInternal (/Users/yusefbach/Projekte/studynexus/frontend/node_modules/jest-runner/build/runTest.js:367:16)
          at runTest (/Users/yusefbach/Projekte/studynexus/frontend/node_modules/jest-runner/build/runTest.js:444:34)
          at Object.worker (/Users/yusefbach/Projekte/studynexus/frontend/node_modules/jest-runner/build/testWorker.js:106:12) {
        detail: Error: No QueryClient set, use QueryClientProvider to set one
            at useQueryClient (/Users/yusefbach/Projekte/studynexus/frontend/node_modules/@tanstack/react-query/src/QueryClientProvider.tsx:18:11)
            at useBaseQuery (/Users/yusefbach/Projekte/studynexus/frontend/node_modules/@tanstack/react-query/src/useBaseQuery.ts:54:18)
            at useQuery (/Users/yusefbach/Projekte/studynexus/frontend/node_modules/@tanstack/react-query/src/useQuery.ts:51:10)
            at useUserStats (/Users/yusefbach/Projekte/studynexus/frontend/src/hooks/queries/useUserStats.ts:7:18)
            at StatsCard (/Users/yusefbach/Projekte/studynexus/frontend/src/components/study/StatsCard.tsx:8:68)
            at renderWithHooks (/Users/yusefbach/Projekte/studynexus/frontend/node_modules/react-dom/cjs/react-dom.development.js:15486:18)
            at mountIndeterminateComponent (/Users/yusefbach/Projekte/studynexus/frontend/node_modules/react-dom/cjs/react-dom.development.js:20103:13)
            at beginWork (/Users/yusefbach/Projekte/studynexus/frontend/node_modules/react-dom/cjs/react-dom.development.js:21626:16)
            at HTMLUnknownElement.callCallback (/Users/yusefbach/Projekte/studynexus/frontend/node_modules/react-dom/cjs/react-dom.development.js:4164:14)
            at HTMLUnknownElement.callTheUserObjectsOperation (/Users/yusefbach/Projekte/studynexus/frontend/node_modules/jsdom/lib/jsdom/living/generated/EventListener.js:26:30)
            at innerInvokeEventListeners (/Users/yusefbach/Projekte/studynexus/frontend/node_modules/jsdom/lib/jsdom/living/events/EventTarget-impl.js:350:25)
            at invokeEventListeners (/Users/yusefbach/Projekte/studynexus/frontend/node_modules/jsdom/lib/jsdom/living/events/EventTarget-impl.js:286:3)
            at HTMLUnknownElementImpl._dispatch (/Users/yusefbach/Projekte/studynexus/frontend/node_modules/jsdom/lib/jsdom/living/events/EventTarget-impl.js:233:9)
            at HTMLUnknownElementImpl.dispatchEvent (/Users/yusefbach/Projekte/studynexus/frontend/node_modules/jsdom/lib/jsdom/living/events/EventTarget-impl.js:104:17)
            at HTMLUnknownElement.dispatchEvent (/Users/yusefbach/Projekte/studynexus/frontend/node_modules/jsdom/lib/jsdom/living/generated/EventTarget.js:241:34)
            at Object.invokeGuardedCallbackDev (/Users/yusefbach/Projekte/studynexus/frontend/node_modules/react-dom/cjs/react-dom.development.js:4213:16)
            at invokeGuardedCallback (/Users/yusefbach/Projekte/studynexus/frontend/node_modules/react-dom/cjs/react-dom.development.js:4277:31)
            at beginWork$1 (/Users/yusefbach/Projekte/studynexus/frontend/node_modules/react-dom/cjs/react-dom.development.js:27490:7)
            at performUnitOfWork (/Users/yusefbach/Projekte/studynexus/frontend/node_modules/react-dom/cjs/react-dom.development.js:26599:12)
            at workLoopSync (/Users/yusefbach/Projekte/studynexus/frontend/node_modules/react-dom/cjs/react-dom.development.js:26505:5)
            at renderRootSync (/Users/yusefbach/Projekte/studynexus/frontend/node_modules/react-dom/cjs/react-dom.development.js:26473:7)
            at recoverFromConcurrentError (/Users/yusefbach/Projekte/studynexus/frontend/node_modules/react-dom/cjs/react-dom.development.js:25889:20)
            at performConcurrentWorkOnRoot (/Users/yusefbach/Projekte/studynexus/frontend/node_modules/react-dom/cjs/react-dom.development.js:25789:22)
            at flushActQueue (/Users/yusefbach/Projekte/studynexus/frontend/node_modules/react/cjs/react.development.js:2667:24)
            at act (/Users/yusefbach/Projekte/studynexus/frontend/node_modules/react/cjs/react.development.js:2582:11)
            at /Users/yusefbach/Projekte/studynexus/frontend/node_modules/@testing-library/react/dist/act-compat.js:47:25
            at renderRoot (/Users/yusefbach/Projekte/studynexus/frontend/node_modules/@testing-library/react/dist/pure.js:180:26)
            at render (/Users/yusefbach/Projekte/studynexus/frontend/node_modules/@testing-library/react/dist/pure.js:271:10)
            at Object.<anonymous> (/Users/yusefbach/Projekte/studynexus/frontend/src/components/study/__tests__/StatsCard.test.tsx:70:11)
            at Promise.then.completed (/Users/yusefbach/Projekte/studynexus/frontend/node_modules/jest-circus/build/utils.js:298:28)
            at new Promise (<anonymous>)
            at callAsyncCircusFn (/Users/yusefbach/Projekte/studynexus/frontend/node_modules/jest-circus/build/utils.js:231:10)
            at _callCircusTest (/Users/yusefbach/Projekte/studynexus/frontend/node_modules/jest-circus/build/run.js:316:40)
            at processTicksAndRejections (node:internal/process/task_queues:104:5)
            at _runTest (/Users/yusefbach/Projekte/studynexus/frontend/node_modules/jest-circus/build/run.js:252:3)
            at _runTestsForDescribeBlock (/Users/yusefbach/Projekte/studynexus/frontend/node_modules/jest-circus/build/run.js:126:9)
            at _runTestsForDescribeBlock (/Users/yusefbach/Projekte/studynexus/frontend/node_modules/jest-circus/build/run.js:121:9)
            at run (/Users/yusefbach/Projekte/studynexus/frontend/node_modules/jest-circus/build/run.js:71:3)
            at runAndTransformResultsToJestFormat (/Users/yusefbach/Projekte/studynexus/frontend/node_modules/jest-circus/build/legacy-code-todo-rewrite/jestAdapterInit.js:122:21)
            at jestAdapter (/Users/yusefbach/Projekte/studynexus/frontend/node_modules/jest-circus/build/legacy-code-todo-rewrite/jestAdapter.js:79:19)
            at runTestInternal (/Users/yusefbach/Projekte/studynexus/frontend/node_modules/jest-runner/build/runTest.js:367:16)
            at runTest (/Users/yusefbach/Projekte/studynexus/frontend/node_modules/jest-runner/build/runTest.js:444:34)
            at Object.worker (/Users/yusefbach/Projekte/studynexus/frontend/node_modules/jest-runner/build/testWorker.js:106:12),
        type: 'unhandled exception'
      }

      68 |   it("shows error message on fetch failure", async () => {
      69 |     mockFetch({}, false);
    > 70 |     render(<StatsCard />);
         |           ^
      71 |     await waitFor(() => {
      72 |       expect(screen.getByText("dashboard.stats.loadError")).toBeInTheDocument();
      73 |     });

      at VirtualConsole.<anonymous> (node_modules/jest-environment-jsdom/build/index.js:63:23)
      at reportException (node_modules/jsdom/lib/jsdom/living/helpers/runtime-script-errors.js:70:28)
      at innerInvokeEventListeners (node_modules/jsdom/lib/jsdom/living/events/EventTarget-impl.js:353:9)
      at invokeEventListeners (node_modules/jsdom/lib/jsdom/living/events/EventTarget-impl.js:286:3)
      at HTMLUnknownElementImpl._dispatch (node_modules/jsdom/lib/jsdom/living/events/EventTarget-impl.js:233:9)
      at HTMLUnknownElementImpl.dispatchEvent (node_modules/jsdom/lib/jsdom/living/events/EventTarget-impl.js:104:17)
      at HTMLUnknownElement.dispatchEvent (node_modules/jsdom/lib/jsdom/living/generated/EventTarget.js:241:34)
      at Object.invokeGuardedCallbackDev (node_modules/react-dom/cjs/react-dom.development.js:4213:16)
      at invokeGuardedCallback (node_modules/react-dom/cjs/react-dom.development.js:4277:31)
      at beginWork$1 (node_modules/react-dom/cjs/react-dom.development.js:27490:7)
      at performUnitOfWork (node_modules/react-dom/cjs/react-dom.development.js:26599:12)
      at workLoopSync (node_modules/react-dom/cjs/react-dom.development.js:26505:5)
      at renderRootSync (node_modules/react-dom/cjs/react-dom.development.js:26473:7)
      at recoverFromConcurrentError (node_modules/react-dom/cjs/react-dom.development.js:25889:20)
      at performConcurrentWorkOnRoot (node_modules/react-dom/cjs/react-dom.development.js:25789:22)
      at flushActQueue (node_modules/react/cjs/react.development.js:2667:24)
      at act (node_modules/react/cjs/react.development.js:2582:11)
      at node_modules/@testing-library/react/dist/act-compat.js:47:25
      at renderRoot (node_modules/@testing-library/react/dist/pure.js:180:26)
      at render (node_modules/@testing-library/react/dist/pure.js:271:10)
      at Object.<anonymous> (src/components/study/__tests__/StatsCard.test.tsx:70:11)

    console.error
      The above error occurred in the <StatsCard> component:
      
          at StatsCard (/Users/yusefbach/Projekte/studynexus/frontend/src/components/study/StatsCard.tsx:8:68)
      
      Consider adding an error boundary to your tree to customize error handling behavior.
      Visit https://reactjs.org/link/error-boundaries to learn more about error boundaries.

      68 |   it("shows error message on fetch failure", async () => {
      69 |     mockFetch({}, false);
    > 70 |     render(<StatsCard />);
         |           ^
      71 |     await waitFor(() => {
      72 |       expect(screen.getByText("dashboard.stats.loadError")).toBeInTheDocument();
      73 |     });

      at logCapturedError (node_modules/react-dom/cjs/react-dom.development.js:18704:23)
      at update.callback (node_modules/react-dom/cjs/react-dom.development.js:18737:5)
      at callCallback (node_modules/react-dom/cjs/react-dom.development.js:15036:12)
      at commitUpdateQueue (node_modules/react-dom/cjs/react-dom.development.js:15057:9)
      at commitLayoutEffectOnFiber (node_modules/react-dom/cjs/react-dom.development.js:23430:13)
      at commitLayoutMountEffects_complete (node_modules/react-dom/cjs/react-dom.development.js:24727:9)
      at commitLayoutEffects_begin (node_modules/react-dom/cjs/react-dom.development.js:24713:7)
      at commitLayoutEffects (node_modules/react-dom/cjs/react-dom.development.js:24651:3)
      at commitRootImpl (node_modules/react-dom/cjs/react-dom.development.js:26862:5)
      at commitRoot (node_modules/react-dom/cjs/react-dom.development.js:26721:5)
      at finishConcurrentRender (node_modules/react-dom/cjs/react-dom.development.js:25931:9)
      at performConcurrentWorkOnRoot (node_modules/react-dom/cjs/react-dom.development.js:25848:7)
      at flushActQueue (node_modules/react/cjs/react.development.js:2667:24)
      at act (node_modules/react/cjs/react.development.js:2582:11)
      at node_modules/@testing-library/react/dist/act-compat.js:47:25
      at renderRoot (node_modules/@testing-library/react/dist/pure.js:180:26)
      at render (node_modules/@testing-library/react/dist/pure.js:271:10)
      at Object.<anonymous> (src/components/study/__tests__/StatsCard.test.tsx:70:11)

    console.error
      Error: Uncaught [Error: No QueryClient set, use QueryClientProvider to set one]
          at reportException (/Users/yusefbach/Projekte/studynexus/frontend/node_modules/jsdom/lib/jsdom/living/helpers/runtime-script-errors.js:66:24)
          at innerInvokeEventListeners (/Users/yusefbach/Projekte/studynexus/frontend/node_modules/jsdom/lib/jsdom/living/events/EventTarget-impl.js:353:9)
          at invokeEventListeners (/Users/yusefbach/Projekte/studynexus/frontend/node_modules/jsdom/lib/jsdom/living/events/EventTarget-impl.js:286:3)
          at HTMLUnknownElementImpl._dispatch (/Users/yusefbach/Projekte/studynexus/frontend/node_modules/jsdom/lib/jsdom/living/events/EventTarget-impl.js:233:9)
          at HTMLUnknownElementImpl.dispatchEvent (/Users/yusefbach/Projekte/studynexus/frontend/node_modules/jsdom/lib/jsdom/living/events/EventTarget-impl.js:104:17)
          at HTMLUnknownElement.dispatchEvent (/Users/yusefbach/Projekte/studynexus/frontend/node_modules/jsdom/lib/jsdom/living/generated/EventTarget.js:241:34)
          at Object.invokeGuardedCallbackDev (/Users/yusefbach/Projekte/studynexus/frontend/node_modules/react-dom/cjs/react-dom.development.js:4213:16)
          at invokeGuardedCallback (/Users/yusefbach/Projekte/studynexus/frontend/node_modules/react-dom/cjs/react-dom.development.js:4277:31)
          at beginWork$1 (/Users/yusefbach/Projekte/studynexus/frontend/node_modules/react-dom/cjs/react-dom.development.js:27490:7)
          at performUnitOfWork (/Users/yusefbach/Projekte/studynexus/frontend/node_modules/react-dom/cjs/react-dom.development.js:26599:12)
          at workLoopSync (/Users/yusefbach/Projekte/studynexus/frontend/node_modules/react-dom/cjs/react-dom.development.js:26505:5)
          at renderRootSync (/Users/yusefbach/Projekte/studynexus/frontend/node_modules/react-dom/cjs/react-dom.development.js:26473:7)
          at performConcurrentWorkOnRoot (/Users/yusefbach/Projekte/studynexus/frontend/node_modules/react-dom/cjs/react-dom.development.js:25777:74)
          at flushActQueue (/Users/yusefbach/Projekte/studynexus/frontend/node_modules/react/cjs/react.development.js:2667:24)
          at act (/Users/yusefbach/Projekte/studynexus/frontend/node_modules/react/cjs/react.development.js:2582:11)
          at /Users/yusefbach/Projekte/studynexus/frontend/node_modules/@testing-library/react/dist/act-compat.js:47:25
          at renderRoot (/Users/yusefbach/Projekte/studynexus/frontend/node_modules/@testing-library/react/dist/pure.js:180:26)
          at render (/Users/yusefbach/Projekte/studynexus/frontend/node_modules/@testing-library/react/dist/pure.js:271:10)
          at Object.<anonymous> (/Users/yusefbach/Projekte/studynexus/frontend/src/components/study/__tests__/StatsCard.test.tsx:81:32)
          at Promise.then.completed (/Users/yusefbach/Projekte/studynexus/frontend/node_modules/jest-circus/build/utils.js:298:28)
          at new Promise (<anonymous>)
          at callAsyncCircusFn (/Users/yusefbach/Projekte/studynexus/frontend/node_modules/jest-circus/build/utils.js:231:10)
          at _callCircusTest (/Users/yusefbach/Projekte/studynexus/frontend/node_modules/jest-circus/build/run.js:316:40)
          at processTicksAndRejections (node:internal/process/task_queues:104:5)
          at _runTest (/Users/yusefbach/Projekte/studynexus/frontend/node_modules/jest-circus/build/run.js:252:3)
          at _runTestsForDescribeBlock (/Users/yusefbach/Projekte/studynexus/frontend/node_modules/jest-circus/build/run.js:126:9)
          at _runTestsForDescribeBlock (/Users/yusefbach/Projekte/studynexus/frontend/node_modules/jest-circus/build/run.js:121:9)
          at run (/Users/yusefbach/Projekte/studynexus/frontend/node_modules/jest-circus/build/run.js:71:3)
          at runAndTransformResultsToJestFormat (/Users/yusefbach/Projekte/studynexus/frontend/node_modules/jest-circus/build/legacy-code-todo-rewrite/jestAdapterInit.js:122:21)
          at jestAdapter (/Users/yusefbach/Projekte/studynexus/frontend/node_modules/jest-circus/build/legacy-code-todo-rewrite/jestAdapter.js:79:19)
          at runTestInternal (/Users/yusefbach/Projekte/studynexus/frontend/node_modules/jest-runner/build/runTest.js:367:16)
          at runTest (/Users/yusefbach/Projekte/studynexus/frontend/node_modules/jest-runner/build/runTest.js:444:34)
          at Object.worker (/Users/yusefbach/Projekte/studynexus/frontend/node_modules/jest-runner/build/testWorker.js:106:12) {
        detail: Error: No QueryClient set, use QueryClientProvider to set one
            at useQueryClient (/Users/yusefbach/Projekte/studynexus/frontend/node_modules/@tanstack/react-query/src/QueryClientProvider.tsx:18:11)
            at useBaseQuery (/Users/yusefbach/Projekte/studynexus/frontend/node_modules/@tanstack/react-query/src/useBaseQuery.ts:54:18)
            at useQuery (/Users/yusefbach/Projekte/studynexus/frontend/node_modules/@tanstack/react-query/src/useQuery.ts:51:10)
            at useUserStats (/Users/yusefbach/Projekte/studynexus/frontend/src/hooks/queries/useUserStats.ts:7:18)
            at StatsCard (/Users/yusefbach/Projekte/studynexus/frontend/src/components/study/StatsCard.tsx:8:68)
            at renderWithHooks (/Users/yusefbach/Projekte/studynexus/frontend/node_modules/react-dom/cjs/react-dom.development.js:15486:18)
            at mountIndeterminateComponent (/Users/yusefbach/Projekte/studynexus/frontend/node_modules/react-dom/cjs/react-dom.development.js:20103:13)
            at beginWork (/Users/yusefbach/Projekte/studynexus/frontend/node_modules/react-dom/cjs/react-dom.development.js:21626:16)
            at HTMLUnknownElement.callCallback (/Users/yusefbach/Projekte/studynexus/frontend/node_modules/react-dom/cjs/react-dom.development.js:4164:14)
            at HTMLUnknownElement.callTheUserObjectsOperation (/Users/yusefbach/Projekte/studynexus/frontend/node_modules/jsdom/lib/jsdom/living/generated/EventListener.js:26:30)
            at innerInvokeEventListeners (/Users/yusefbach/Projekte/studynexus/frontend/node_modules/jsdom/lib/jsdom/living/events/EventTarget-impl.js:350:25)
            at invokeEventListeners (/Users/yusefbach/Projekte/studynexus/frontend/node_modules/jsdom/lib/jsdom/living/events/EventTarget-impl.js:286:3)
            at HTMLUnknownElementImpl._dispatch (/Users/yusefbach/Projekte/studynexus/frontend/node_modules/jsdom/lib/jsdom/living/events/EventTarget-impl.js:233:9)
            at HTMLUnknownElementImpl.dispatchEvent (/Users/yusefbach/Projekte/studynexus/frontend/node_modules/jsdom/lib/jsdom/living/events/EventTarget-impl.js:104:17)
            at HTMLUnknownElement.dispatchEvent (/Users/yusefbach/Projekte/studynexus/frontend/node_modules/jsdom/lib/jsdom/living/generated/EventTarget.js:241:34)
            at Object.invokeGuardedCallbackDev (/Users/yusefbach/Projekte/studynexus/frontend/node_modules/react-dom/cjs/react-dom.development.js:4213:16)
            at invokeGuardedCallback (/Users/yusefbach/Projekte/studynexus/frontend/node_modules/react-dom/cjs/react-dom.development.js:4277:31)
            at beginWork$1 (/Users/yusefbach/Projekte/studynexus/frontend/node_modules/react-dom/cjs/react-dom.development.js:27490:7)
            at performUnitOfWork (/Users/yusefbach/Projekte/studynexus/frontend/node_modules/react-dom/cjs/react-dom.development.js:26599:12)
            at workLoopSync (/Users/yusefbach/Projekte/studynexus/frontend/node_modules/react-dom/cjs/react-dom.development.js:26505:5)
            at renderRootSync (/Users/yusefbach/Projekte/studynexus/frontend/node_modules/react-dom/cjs/react-dom.development.js:26473:7)
            at performConcurrentWorkOnRoot (/Users/yusefbach/Projekte/studynexus/frontend/node_modules/react-dom/cjs/react-dom.development.js:25777:74)
            at flushActQueue (/Users/yusefbach/Projekte/studynexus/frontend/node_modules/react/cjs/react.development.js:2667:24)
            at act (/Users/yusefbach/Projekte/studynexus/frontend/node_modules/react/cjs/react.development.js:2582:11)
            at /Users/yusefbach/Projekte/studynexus/frontend/node_modules/@testing-library/react/dist/act-compat.js:47:25
            at renderRoot (/Users/yusefbach/Projekte/studynexus/frontend/node_modules/@testing-library/react/dist/pure.js:180:26)
            at render (/Users/yusefbach/Projekte/studynexus/frontend/node_modules/@testing-library/react/dist/pure.js:271:10)
            at Object.<anonymous> (/Users/yusefbach/Projekte/studynexus/frontend/src/components/study/__tests__/StatsCard.test.tsx:81:32)
            at Promise.then.completed (/Users/yusefbach/Projekte/studynexus/frontend/node_modules/jest-circus/build/utils.js:298:28)
            at new Promise (<anonymous>)
            at callAsyncCircusFn (/Users/yusefbach/Projekte/studynexus/frontend/node_modules/jest-circus/build/utils.js:231:10)
            at _callCircusTest (/Users/yusefbach/Projekte/studynexus/frontend/node_modules/jest-circus/build/run.js:316:40)
            at processTicksAndRejections (node:internal/process/task_queues:104:5)
            at _runTest (/Users/yusefbach/Projekte/studynexus/frontend/node_modules/jest-circus/build/run.js:252:3)
            at _runTestsForDescribeBlock (/Users/yusefbach/Projekte/studynexus/frontend/node_modules/jest-circus/build/run.js:126:9)
            at _runTestsForDescribeBlock (/Users/yusefbach/Projekte/studynexus/frontend/node_modules/jest-circus/build/run.js:121:9)
            at run (/Users/yusefbach/Projekte/studynexus/frontend/node_modules/jest-circus/build/run.js:71:3)
            at runAndTransformResultsToJestFormat (/Users/yusefbach/Projekte/studynexus/frontend/node_modules/jest-circus/build/legacy-code-todo-rewrite/jestAdapterInit.js:122:21)
            at jestAdapter (/Users/yusefbach/Projekte/studynexus/frontend/node_modules/jest-circus/build/legacy-code-todo-rewrite/jestAdapter.js:79:19)
            at runTestInternal (/Users/yusefbach/Projekte/studynexus/frontend/node_modules/jest-runner/build/runTest.js:367:16)
            at runTest (/Users/yusefbach/Projekte/studynexus/frontend/node_modules/jest-runner/build/runTest.js:444:34)
            at Object.worker (/Users/yusefbach/Projekte/studynexus/frontend/node_modules/jest-runner/build/testWorker.js:106:12),
        type: 'unhandled exception'
      }

      79 |       .mockResolvedValueOnce({ ok: true, json: async () => ({ ...mockStats, gpa: 1.7 }) });
      80 |
    > 81 |     const { rerender } = render(<StatsCard refreshKey={0} />);
         |                                ^
      82 |     await waitFor(() => expect(screen.getByText("2,3")).toBeInTheDocument());
      83 |
      84 |     rerender(<StatsCard refreshKey={1} />);

      at VirtualConsole.<anonymous> (node_modules/jest-environment-jsdom/build/index.js:63:23)
      at reportException (node_modules/jsdom/lib/jsdom/living/helpers/runtime-script-errors.js:70:28)
      at innerInvokeEventListeners (node_modules/jsdom/lib/jsdom/living/events/EventTarget-impl.js:353:9)
      at invokeEventListeners (node_modules/jsdom/lib/jsdom/living/events/EventTarget-impl.js:286:3)
      at HTMLUnknownElementImpl._dispatch (node_modules/jsdom/lib/jsdom/living/events/EventTarget-impl.js:233:9)
      at HTMLUnknownElementImpl.dispatchEvent (node_modules/jsdom/lib/jsdom/living/events/EventTarget-impl.js:104:17)
      at HTMLUnknownElement.dispatchEvent (node_modules/jsdom/lib/jsdom/living/generated/EventTarget.js:241:34)
      at Object.invokeGuardedCallbackDev (node_modules/react-dom/cjs/react-dom.development.js:4213:16)
      at invokeGuardedCallback (node_modules/react-dom/cjs/react-dom.development.js:4277:31)
      at beginWork$1 (node_modules/react-dom/cjs/react-dom.development.js:27490:7)
      at performUnitOfWork (node_modules/react-dom/cjs/react-dom.development.js:26599:12)
      at workLoopSync (node_modules/react-dom/cjs/react-dom.development.js:26505:5)
      at renderRootSync (node_modules/react-dom/cjs/react-dom.development.js:26473:7)
      at performConcurrentWorkOnRoot (node_modules/react-dom/cjs/react-dom.development.js:25777:74)
      at flushActQueue (node_modules/react/cjs/react.development.js:2667:24)
      at act (node_modules/react/cjs/react.development.js:2582:11)
      at node_modules/@testing-library/react/dist/act-compat.js:47:25
      at renderRoot (node_modules/@testing-library/react/dist/pure.js:180:26)
      at render (node_modules/@testing-library/react/dist/pure.js:271:10)
      at Object.<anonymous> (src/components/study/__tests__/StatsCard.test.tsx:81:32)

    console.error
      Error: Uncaught [Error: No QueryClient set, use QueryClientProvider to set one]
          at reportException (/Users/yusefbach/Projekte/studynexus/frontend/node_modules/jsdom/lib/jsdom/living/helpers/runtime-script-errors.js:66:24)
          at innerInvokeEventListeners (/Users/yusefbach/Projekte/studynexus/frontend/node_modules/jsdom/lib/jsdom/living/events/EventTarget-impl.js:353:9)
          at invokeEventListeners (/Users/yusefbach/Projekte/studynexus/frontend/node_modules/jsdom/lib/jsdom/living/events/EventTarget-impl.js:286:3)
          at HTMLUnknownElementImpl._dispatch (/Users/yusefbach/Projekte/studynexus/frontend/node_modules/jsdom/lib/jsdom/living/events/EventTarget-impl.js:233:9)
          at HTMLUnknownElementImpl.dispatchEvent (/Users/yusefbach/Projekte/studynexus/frontend/node_modules/jsdom/lib/jsdom/living/events/EventTarget-impl.js:104:17)
          at HTMLUnknownElement.dispatchEvent (/Users/yusefbach/Projekte/studynexus/frontend/node_modules/jsdom/lib/jsdom/living/generated/EventTarget.js:241:34)
          at Object.invokeGuardedCallbackDev (/Users/yusefbach/Projekte/studynexus/frontend/node_modules/react-dom/cjs/react-dom.development.js:4213:16)
          at invokeGuardedCallback (/Users/yusefbach/Projekte/studynexus/frontend/node_modules/react-dom/cjs/react-dom.development.js:4277:31)
          at beginWork$1 (/Users/yusefbach/Projekte/studynexus/frontend/node_modules/react-dom/cjs/react-dom.development.js:27490:7)
          at performUnitOfWork (/Users/yusefbach/Projekte/studynexus/frontend/node_modules/react-dom/cjs/react-dom.development.js:26599:12)
          at workLoopSync (/Users/yusefbach/Projekte/studynexus/frontend/node_modules/react-dom/cjs/react-dom.development.js:26505:5)
          at renderRootSync (/Users/yusefbach/Projekte/studynexus/frontend/node_modules/react-dom/cjs/react-dom.development.js:26473:7)
          at recoverFromConcurrentError (/Users/yusefbach/Projekte/studynexus/frontend/node_modules/react-dom/cjs/react-dom.development.js:25889:20)
          at performConcurrentWorkOnRoot (/Users/yusefbach/Projekte/studynexus/frontend/node_modules/react-dom/cjs/react-dom.development.js:25789:22)
          at flushActQueue (/Users/yusefbach/Projekte/studynexus/frontend/node_modules/react/cjs/react.development.js:2667:24)
          at act (/Users/yusefbach/Projekte/studynexus/frontend/node_modules/react/cjs/react.development.js:2582:11)
          at /Users/yusefbach/Projekte/studynexus/frontend/node_modules/@testing-library/react/dist/act-compat.js:47:25
          at renderRoot (/Users/yusefbach/Projekte/studynexus/frontend/node_modules/@testing-library/react/dist/pure.js:180:26)
          at render (/Users/yusefbach/Projekte/studynexus/frontend/node_modules/@testing-library/react/dist/pure.js:271:10)
          at Object.<anonymous> (/Users/yusefbach/Projekte/studynexus/frontend/src/components/study/__tests__/StatsCard.test.tsx:81:32)
          at Promise.then.completed (/Users/yusefbach/Projekte/studynexus/frontend/node_modules/jest-circus/build/utils.js:298:28)
          at new Promise (<anonymous>)
          at callAsyncCircusFn (/Users/yusefbach/Projekte/studynexus/frontend/node_modules/jest-circus/build/utils.js:231:10)
          at _callCircusTest (/Users/yusefbach/Projekte/studynexus/frontend/node_modules/jest-circus/build/run.js:316:40)
          at processTicksAndRejections (node:internal/process/task_queues:104:5)
          at _runTest (/Users/yusefbach/Projekte/studynexus/frontend/node_modules/jest-circus/build/run.js:252:3)
          at _runTestsForDescribeBlock (/Users/yusefbach/Projekte/studynexus/frontend/node_modules/jest-circus/build/run.js:126:9)
          at _runTestsForDescribeBlock (/Users/yusefbach/Projekte/studynexus/frontend/node_modules/jest-circus/build/run.js:121:9)
          at run (/Users/yusefbach/Projekte/studynexus/frontend/node_modules/jest-circus/build/run.js:71:3)
          at runAndTransformResultsToJestFormat (/Users/yusefbach/Projekte/studynexus/frontend/node_modules/jest-circus/build/legacy-code-todo-rewrite/jestAdapterInit.js:122:21)
          at jestAdapter (/Users/yusefbach/Projekte/studynexus/frontend/node_modules/jest-circus/build/legacy-code-todo-rewrite/jestAdapter.js:79:19)
          at runTestInternal (/Users/yusefbach/Projekte/studynexus/frontend/node_modules/jest-runner/build/runTest.js:367:16)
          at runTest (/Users/yusefbach/Projekte/studynexus/frontend/node_modules/jest-runner/build/runTest.js:444:34)
          at Object.worker (/Users/yusefbach/Projekte/studynexus/frontend/node_modules/jest-runner/build/testWorker.js:106:12) {
        detail: Error: No QueryClient set, use QueryClientProvider to set one
            at useQueryClient (/Users/yusefbach/Projekte/studynexus/frontend/node_modules/@tanstack/react-query/src/QueryClientProvider.tsx:18:11)
            at useBaseQuery (/Users/yusefbach/Projekte/studynexus/frontend/node_modules/@tanstack/react-query/src/useBaseQuery.ts:54:18)
            at useQuery (/Users/yusefbach/Projekte/studynexus/frontend/node_modules/@tanstack/react-query/src/useQuery.ts:51:10)
            at useUserStats (/Users/yusefbach/Projekte/studynexus/frontend/src/hooks/queries/useUserStats.ts:7:18)
            at StatsCard (/Users/yusefbach/Projekte/studynexus/frontend/src/components/study/StatsCard.tsx:8:68)
            at renderWithHooks (/Users/yusefbach/Projekte/studynexus/frontend/node_modules/react-dom/cjs/react-dom.development.js:15486:18)
            at mountIndeterminateComponent (/Users/yusefbach/Projekte/studynexus/frontend/node_modules/react-dom/cjs/react-dom.development.js:20103:13)
            at beginWork (/Users/yusefbach/Projekte/studynexus/frontend/node_modules/react-dom/cjs/react-dom.development.js:21626:16)
            at HTMLUnknownElement.callCallback (/Users/yusefbach/Projekte/studynexus/frontend/node_modules/react-dom/cjs/react-dom.development.js:4164:14)
            at HTMLUnknownElement.callTheUserObjectsOperation (/Users/yusefbach/Projekte/studynexus/frontend/node_modules/jsdom/lib/jsdom/living/generated/EventListener.js:26:30)
            at innerInvokeEventListeners (/Users/yusefbach/Projekte/studynexus/frontend/node_modules/jsdom/lib/jsdom/living/events/EventTarget-impl.js:350:25)
            at invokeEventListeners (/Users/yusefbach/Projekte/studynexus/frontend/node_modules/jsdom/lib/jsdom/living/events/EventTarget-impl.js:286:3)
            at HTMLUnknownElementImpl._dispatch (/Users/yusefbach/Projekte/studynexus/frontend/node_modules/jsdom/lib/jsdom/living/events/EventTarget-impl.js:233:9)
            at HTMLUnknownElementImpl.dispatchEvent (/Users/yusefbach/Projekte/studynexus/frontend/node_modules/jsdom/lib/jsdom/living/events/EventTarget-impl.js:104:17)
            at HTMLUnknownElement.dispatchEvent (/Users/yusefbach/Projekte/studynexus/frontend/node_modules/jsdom/lib/jsdom/living/generated/EventTarget.js:241:34)
            at Object.invokeGuardedCallbackDev (/Users/yusefbach/Projekte/studynexus/frontend/node_modules/react-dom/cjs/react-dom.development.js:4213:16)
            at invokeGuardedCallback (/Users/yusefbach/Projekte/studynexus/frontend/node_modules/react-dom/cjs/react-dom.development.js:4277:31)
            at beginWork$1 (/Users/yusefbach/Projekte/studynexus/frontend/node_modules/react-dom/cjs/react-dom.development.js:27490:7)
            at performUnitOfWork (/Users/yusefbach/Projekte/studynexus/frontend/node_modules/react-dom/cjs/react-dom.development.js:26599:12)
            at workLoopSync (/Users/yusefbach/Projekte/studynexus/frontend/node_modules/react-dom/cjs/react-dom.development.js:26505:5)
            at renderRootSync (/Users/yusefbach/Projekte/studynexus/frontend/node_modules/react-dom/cjs/react-dom.development.js:26473:7)
            at recoverFromConcurrentError (/Users/yusefbach/Projekte/studynexus/frontend/node_modules/react-dom/cjs/react-dom.development.js:25889:20)
            at performConcurrentWorkOnRoot (/Users/yusefbach/Projekte/studynexus/frontend/node_modules/react-dom/cjs/react-dom.development.js:25789:22)
            at flushActQueue (/Users/yusefbach/Projekte/studynexus/frontend/node_modules/react/cjs/react.development.js:2667:24)
            at act (/Users/yusefbach/Projekte/studynexus/frontend/node_modules/react/cjs/react.development.js:2582:11)
            at /Users/yusefbach/Projekte/studynexus/frontend/node_modules/@testing-library/react/dist/act-compat.js:47:25
            at renderRoot (/Users/yusefbach/Projekte/studynexus/frontend/node_modules/@testing-library/react/dist/pure.js:180:26)
            at render (/Users/yusefbach/Projekte/studynexus/frontend/node_modules/@testing-library/react/dist/pure.js:271:10)
            at Object.<anonymous> (/Users/yusefbach/Projekte/studynexus/frontend/src/components/study/__tests__/StatsCard.test.tsx:81:32)
            at Promise.then.completed (/Users/yusefbach/Projekte/studynexus/frontend/node_modules/jest-circus/build/utils.js:298:28)
            at new Promise (<anonymous>)
            at callAsyncCircusFn (/Users/yusefbach/Projekte/studynexus/frontend/node_modules/jest-circus/build/utils.js:231:10)
            at _callCircusTest (/Users/yusefbach/Projekte/studynexus/frontend/node_modules/jest-circus/build/run.js:316:40)
            at processTicksAndRejections (node:internal/process/task_queues:104:5)
            at _runTest (/Users/yusefbach/Projekte/studynexus/frontend/node_modules/jest-circus/build/run.js:252:3)
            at _runTestsForDescribeBlock (/Users/yusefbach/Projekte/studynexus/frontend/node_modules/jest-circus/build/run.js:126:9)
            at _runTestsForDescribeBlock (/Users/yusefbach/Projekte/studynexus/frontend/node_modules/jest-circus/build/run.js:121:9)
            at run (/Users/yusefbach/Projekte/studynexus/frontend/node_modules/jest-circus/build/run.js:71:3)
            at runAndTransformResultsToJestFormat (/Users/yusefbach/Projekte/studynexus/frontend/node_modules/jest-circus/build/legacy-code-todo-rewrite/jestAdapterInit.js:122:21)
            at jestAdapter (/Users/yusefbach/Projekte/studynexus/frontend/node_modules/jest-circus/build/legacy-code-todo-rewrite/jestAdapter.js:79:19)
            at runTestInternal (/Users/yusefbach/Projekte/studynexus/frontend/node_modules/jest-runner/build/runTest.js:367:16)
            at runTest (/Users/yusefbach/Projekte/studynexus/frontend/node_modules/jest-runner/build/runTest.js:444:34)
            at Object.worker (/Users/yusefbach/Projekte/studynexus/frontend/node_modules/jest-runner/build/testWorker.js:106:12),
        type: 'unhandled exception'
      }

      79 |       .mockResolvedValueOnce({ ok: true, json: async () => ({ ...mockStats, gpa: 1.7 }) });
      80 |
    > 81 |     const { rerender } = render(<StatsCard refreshKey={0} />);
         |                                ^
      82 |     await waitFor(() => expect(screen.getByText("2,3")).toBeInTheDocument());
      83 |
      84 |     rerender(<StatsCard refreshKey={1} />);

      at VirtualConsole.<anonymous> (node_modules/jest-environment-jsdom/build/index.js:63:23)
      at reportException (node_modules/jsdom/lib/jsdom/living/helpers/runtime-script-errors.js:70:28)
      at innerInvokeEventListeners (node_modules/jsdom/lib/jsdom/living/events/EventTarget-impl.js:353:9)
      at invokeEventListeners (node_modules/jsdom/lib/jsdom/living/events/EventTarget-impl.js:286:3)
      at HTMLUnknownElementImpl._dispatch (node_modules/jsdom/lib/jsdom/living/events/EventTarget-impl.js:233:9)
      at HTMLUnknownElementImpl.dispatchEvent (node_modules/jsdom/lib/jsdom/living/events/EventTarget-impl.js:104:17)
      at HTMLUnknownElement.dispatchEvent (node_modules/jsdom/lib/jsdom/living/generated/EventTarget.js:241:34)
      at Object.invokeGuardedCallbackDev (node_modules/react-dom/cjs/react-dom.development.js:4213:16)
      at invokeGuardedCallback (node_modules/react-dom/cjs/react-dom.development.js:4277:31)
      at beginWork$1 (node_modules/react-dom/cjs/react-dom.development.js:27490:7)
      at performUnitOfWork (node_modules/react-dom/cjs/react-dom.development.js:26599:12)
      at workLoopSync (node_modules/react-dom/cjs/react-dom.development.js:26505:5)
      at renderRootSync (node_modules/react-dom/cjs/react-dom.development.js:26473:7)
      at recoverFromConcurrentError (node_modules/react-dom/cjs/react-dom.development.js:25889:20)
      at performConcurrentWorkOnRoot (node_modules/react-dom/cjs/react-dom.development.js:25789:22)
      at flushActQueue (node_modules/react/cjs/react.development.js:2667:24)
      at act (node_modules/react/cjs/react.development.js:2582:11)
      at node_modules/@testing-library/react/dist/act-compat.js:47:25
      at renderRoot (node_modules/@testing-library/react/dist/pure.js:180:26)
      at render (node_modules/@testing-library/react/dist/pure.js:271:10)
      at Object.<anonymous> (src/components/study/__tests__/StatsCard.test.tsx:81:32)

    console.error
      The above error occurred in the <StatsCard> component:
      
          at StatsCard (/Users/yusefbach/Projekte/studynexus/frontend/src/components/study/StatsCard.tsx:8:68)
      
      Consider adding an error boundary to your tree to customize error handling behavior.
      Visit https://reactjs.org/link/error-boundaries to learn more about error boundaries.

      79 |       .mockResolvedValueOnce({ ok: true, json: async () => ({ ...mockStats, gpa: 1.7 }) });
      80 |
    > 81 |     const { rerender } = render(<StatsCard refreshKey={0} />);
         |                                ^
      82 |     await waitFor(() => expect(screen.getByText("2,3")).toBeInTheDocument());
      83 |
      84 |     rerender(<StatsCard refreshKey={1} />);

      at logCapturedError (node_modules/react-dom/cjs/react-dom.development.js:18704:23)
      at update.callback (node_modules/react-dom/cjs/react-dom.development.js:18737:5)
      at callCallback (node_modules/react-dom/cjs/react-dom.development.js:15036:12)
      at commitUpdateQueue (node_modules/react-dom/cjs/react-dom.development.js:15057:9)
      at commitLayoutEffectOnFiber (node_modules/react-dom/cjs/react-dom.development.js:23430:13)
      at commitLayoutMountEffects_complete (node_modules/react-dom/cjs/react-dom.development.js:24727:9)
      at commitLayoutEffects_begin (node_modules/react-dom/cjs/react-dom.development.js:24713:7)
      at commitLayoutEffects (node_modules/react-dom/cjs/react-dom.development.js:24651:3)
      at commitRootImpl (node_modules/react-dom/cjs/react-dom.development.js:26862:5)
      at commitRoot (node_modules/react-dom/cjs/react-dom.development.js:26721:5)
      at finishConcurrentRender (node_modules/react-dom/cjs/react-dom.development.js:25931:9)
      at performConcurrentWorkOnRoot (node_modules/react-dom/cjs/react-dom.development.js:25848:7)
      at flushActQueue (node_modules/react/cjs/react.development.js:2667:24)
      at act (node_modules/react/cjs/react.development.js:2582:11)
      at node_modules/@testing-library/react/dist/act-compat.js:47:25
      at renderRoot (node_modules/@testing-library/react/dist/pure.js:180:26)
      at render (node_modules/@testing-library/react/dist/pure.js:271:10)
      at Object.<anonymous> (src/components/study/__tests__/StatsCard.test.tsx:81:32)

  ● StatsCard › shows loading text initially

    No QueryClient set, use QueryClientProvider to set one

       5 |
       6 | export function useUserStats() {
    >  7 |   return useQuery<StatsResponse, Error>({
         |                  ^
       8 |     queryKey: ["userStats"],
       9 |     queryFn: async () => {
      10 |       const res = await fetch("/api/study/stats");

      at useQueryClient (node_modules/@tanstack/react-query/src/QueryClientProvider.tsx:18:11)
      at useBaseQuery (node_modules/@tanstack/react-query/src/useBaseQuery.ts:54:18)
      at useQuery (node_modules/@tanstack/react-query/src/useQuery.ts:51:10)
      at useUserStats (src/hooks/queries/useUserStats.ts:7:18)
      at StatsCard (src/components/study/StatsCard.tsx:8:68)
      at renderWithHooks (node_modules/react-dom/cjs/react-dom.development.js:15486:18)
      at mountIndeterminateComponent (node_modules/react-dom/cjs/react-dom.development.js:20103:13)
      at beginWork (node_modules/react-dom/cjs/react-dom.development.js:21626:16)
      at beginWork$1 (node_modules/react-dom/cjs/react-dom.development.js:27465:14)
      at performUnitOfWork (node_modules/react-dom/cjs/react-dom.development.js:26599:12)
      at workLoopSync (node_modules/react-dom/cjs/react-dom.development.js:26505:5)
      at renderRootSync (node_modules/react-dom/cjs/react-dom.development.js:26473:7)
      at recoverFromConcurrentError (node_modules/react-dom/cjs/react-dom.development.js:25889:20)
      at performConcurrentWorkOnRoot (node_modules/react-dom/cjs/react-dom.development.js:25789:22)
      at flushActQueue (node_modules/react/cjs/react.development.js:2667:24)
      at act (node_modules/react/cjs/react.development.js:2582:11)
      at node_modules/@testing-library/react/dist/act-compat.js:47:25
      at renderRoot (node_modules/@testing-library/react/dist/pure.js:180:26)
      at render (node_modules/@testing-library/react/dist/pure.js:271:10)
      at Object.<anonymous> (src/components/study/__tests__/StatsCard.test.tsx:30:11)

  ● StatsCard › renders GPA after load

    No QueryClient set, use QueryClientProvider to set one

       5 |
       6 | export function useUserStats() {
    >  7 |   return useQuery<StatsResponse, Error>({
         |                  ^
       8 |     queryKey: ["userStats"],
       9 |     queryFn: async () => {
      10 |       const res = await fetch("/api/study/stats");

      at useQueryClient (node_modules/@tanstack/react-query/src/QueryClientProvider.tsx:18:11)
      at useBaseQuery (node_modules/@tanstack/react-query/src/useBaseQuery.ts:54:18)
      at useQuery (node_modules/@tanstack/react-query/src/useQuery.ts:51:10)
      at useUserStats (src/hooks/queries/useUserStats.ts:7:18)
      at StatsCard (src/components/study/StatsCard.tsx:8:68)
      at renderWithHooks (node_modules/react-dom/cjs/react-dom.development.js:15486:18)
      at mountIndeterminateComponent (node_modules/react-dom/cjs/react-dom.development.js:20103:13)
      at beginWork (node_modules/react-dom/cjs/react-dom.development.js:21626:16)
      at beginWork$1 (node_modules/react-dom/cjs/react-dom.development.js:27465:14)
      at performUnitOfWork (node_modules/react-dom/cjs/react-dom.development.js:26599:12)
      at workLoopSync (node_modules/react-dom/cjs/react-dom.development.js:26505:5)
      at renderRootSync (node_modules/react-dom/cjs/react-dom.development.js:26473:7)
      at recoverFromConcurrentError (node_modules/react-dom/cjs/react-dom.development.js:25889:20)
      at performConcurrentWorkOnRoot (node_modules/react-dom/cjs/react-dom.development.js:25789:22)
      at flushActQueue (node_modules/react/cjs/react.development.js:2667:24)
      at act (node_modules/react/cjs/react.development.js:2582:11)
      at node_modules/@testing-library/react/dist/act-compat.js:47:25
      at renderRoot (node_modules/@testing-library/react/dist/pure.js:180:26)
      at render (node_modules/@testing-library/react/dist/pure.js:271:10)
      at Object.<anonymous> (src/components/study/__tests__/StatsCard.test.tsx:36:11)

  ● StatsCard › renders — when GPA is null

    No QueryClient set, use QueryClientProvider to set one

       5 |
       6 | export function useUserStats() {
    >  7 |   return useQuery<StatsResponse, Error>({
         |                  ^
       8 |     queryKey: ["userStats"],
       9 |     queryFn: async () => {
      10 |       const res = await fetch("/api/study/stats");

      at useQueryClient (node_modules/@tanstack/react-query/src/QueryClientProvider.tsx:18:11)
      at useBaseQuery (node_modules/@tanstack/react-query/src/useBaseQuery.ts:54:18)
      at useQuery (node_modules/@tanstack/react-query/src/useQuery.ts:51:10)
      at useUserStats (src/hooks/queries/useUserStats.ts:7:18)
      at StatsCard (src/components/study/StatsCard.tsx:8:68)
      at renderWithHooks (node_modules/react-dom/cjs/react-dom.development.js:15486:18)
      at mountIndeterminateComponent (node_modules/react-dom/cjs/react-dom.development.js:20103:13)
      at beginWork (node_modules/react-dom/cjs/react-dom.development.js:21626:16)
      at beginWork$1 (node_modules/react-dom/cjs/react-dom.development.js:27465:14)
      at performUnitOfWork (node_modules/react-dom/cjs/react-dom.development.js:26599:12)
      at workLoopSync (node_modules/react-dom/cjs/react-dom.development.js:26505:5)
      at renderRootSync (node_modules/react-dom/cjs/react-dom.development.js:26473:7)
      at recoverFromConcurrentError (node_modules/react-dom/cjs/react-dom.development.js:25889:20)
      at performConcurrentWorkOnRoot (node_modules/react-dom/cjs/react-dom.development.js:25789:22)
      at flushActQueue (node_modules/react/cjs/react.development.js:2667:24)
      at act (node_modules/react/cjs/react.development.js:2582:11)
      at node_modules/@testing-library/react/dist/act-compat.js:47:25
      at renderRoot (node_modules/@testing-library/react/dist/pure.js:180:26)
      at render (node_modules/@testing-library/react/dist/pure.js:271:10)
      at Object.<anonymous> (src/components/study/__tests__/StatsCard.test.tsx:44:11)

  ● StatsCard › renders ECTS progress

    No QueryClient set, use QueryClientProvider to set one

       5 |
       6 | export function useUserStats() {
    >  7 |   return useQuery<StatsResponse, Error>({
         |                  ^
       8 |     queryKey: ["userStats"],
       9 |     queryFn: async () => {
      10 |       const res = await fetch("/api/study/stats");

      at useQueryClient (node_modules/@tanstack/react-query/src/QueryClientProvider.tsx:18:11)
      at useBaseQuery (node_modules/@tanstack/react-query/src/useBaseQuery.ts:54:18)
      at useQuery (node_modules/@tanstack/react-query/src/useQuery.ts:51:10)
      at useUserStats (src/hooks/queries/useUserStats.ts:7:18)
      at StatsCard (src/components/study/StatsCard.tsx:8:68)
      at renderWithHooks (node_modules/react-dom/cjs/react-dom.development.js:15486:18)
      at mountIndeterminateComponent (node_modules/react-dom/cjs/react-dom.development.js:20103:13)
      at beginWork (node_modules/react-dom/cjs/react-dom.development.js:21626:16)
      at beginWork$1 (node_modules/react-dom/cjs/react-dom.development.js:27465:14)
      at performUnitOfWork (node_modules/react-dom/cjs/react-dom.development.js:26599:12)
      at workLoopSync (node_modules/react-dom/cjs/react-dom.development.js:26505:5)
      at renderRootSync (node_modules/react-dom/cjs/react-dom.development.js:26473:7)
      at recoverFromConcurrentError (node_modules/react-dom/cjs/react-dom.development.js:25889:20)
      at performConcurrentWorkOnRoot (node_modules/react-dom/cjs/react-dom.development.js:25789:22)
      at flushActQueue (node_modules/react/cjs/react.development.js:2667:24)
      at act (node_modules/react/cjs/react.development.js:2582:11)
      at node_modules/@testing-library/react/dist/act-compat.js:47:25
      at renderRoot (node_modules/@testing-library/react/dist/pure.js:180:26)
      at render (node_modules/@testing-library/react/dist/pure.js:271:10)
      at Object.<anonymous> (src/components/study/__tests__/StatsCard.test.tsx:52:11)

  ● StatsCard › renders progress bar with correct aria values

    No QueryClient set, use QueryClientProvider to set one

       5 |
       6 | export function useUserStats() {
    >  7 |   return useQuery<StatsResponse, Error>({
         |                  ^
       8 |     queryKey: ["userStats"],
       9 |     queryFn: async () => {
      10 |       const res = await fetch("/api/study/stats");

      at useQueryClient (node_modules/@tanstack/react-query/src/QueryClientProvider.tsx:18:11)
      at useBaseQuery (node_modules/@tanstack/react-query/src/useBaseQuery.ts:54:18)
      at useQuery (node_modules/@tanstack/react-query/src/useQuery.ts:51:10)
      at useUserStats (src/hooks/queries/useUserStats.ts:7:18)
      at StatsCard (src/components/study/StatsCard.tsx:8:68)
      at renderWithHooks (node_modules/react-dom/cjs/react-dom.development.js:15486:18)
      at mountIndeterminateComponent (node_modules/react-dom/cjs/react-dom.development.js:20103:13)
      at beginWork (node_modules/react-dom/cjs/react-dom.development.js:21626:16)
      at beginWork$1 (node_modules/react-dom/cjs/react-dom.development.js:27465:14)
      at performUnitOfWork (node_modules/react-dom/cjs/react-dom.development.js:26599:12)
      at workLoopSync (node_modules/react-dom/cjs/react-dom.development.js:26505:5)
      at renderRootSync (node_modules/react-dom/cjs/react-dom.development.js:26473:7)
      at recoverFromConcurrentError (node_modules/react-dom/cjs/react-dom.development.js:25889:20)
      at performConcurrentWorkOnRoot (node_modules/react-dom/cjs/react-dom.development.js:25789:22)
      at flushActQueue (node_modules/react/cjs/react.development.js:2667:24)
      at act (node_modules/react/cjs/react.development.js:2582:11)
      at node_modules/@testing-library/react/dist/act-compat.js:47:25
      at renderRoot (node_modules/@testing-library/react/dist/pure.js:180:26)
      at render (node_modules/@testing-library/react/dist/pure.js:271:10)
      at Object.<anonymous> (src/components/study/__tests__/StatsCard.test.tsx:61:11)

  ● StatsCard › shows error message on fetch failure

    No QueryClient set, use QueryClientProvider to set one

       5 |
       6 | export function useUserStats() {
    >  7 |   return useQuery<StatsResponse, Error>({
         |                  ^
       8 |     queryKey: ["userStats"],
       9 |     queryFn: async () => {
      10 |       const res = await fetch("/api/study/stats");

      at useQueryClient (node_modules/@tanstack/react-query/src/QueryClientProvider.tsx:18:11)
      at useBaseQuery (node_modules/@tanstack/react-query/src/useBaseQuery.ts:54:18)
      at useQuery (node_modules/@tanstack/react-query/src/useQuery.ts:51:10)
      at useUserStats (src/hooks/queries/useUserStats.ts:7:18)
      at StatsCard (src/components/study/StatsCard.tsx:8:68)
      at renderWithHooks (node_modules/react-dom/cjs/react-dom.development.js:15486:18)
      at mountIndeterminateComponent (node_modules/react-dom/cjs/react-dom.development.js:20103:13)
      at beginWork (node_modules/react-dom/cjs/react-dom.development.js:21626:16)
      at beginWork$1 (node_modules/react-dom/cjs/react-dom.development.js:27465:14)
      at performUnitOfWork (node_modules/react-dom/cjs/react-dom.development.js:26599:12)
      at workLoopSync (node_modules/react-dom/cjs/react-dom.development.js:26505:5)
      at renderRootSync (node_modules/react-dom/cjs/react-dom.development.js:26473:7)
      at recoverFromConcurrentError (node_modules/react-dom/cjs/react-dom.development.js:25889:20)
      at performConcurrentWorkOnRoot (node_modules/react-dom/cjs/react-dom.development.js:25789:22)
      at flushActQueue (node_modules/react/cjs/react.development.js:2667:24)
      at act (node_modules/react/cjs/react.development.js:2582:11)
      at node_modules/@testing-library/react/dist/act-compat.js:47:25
      at renderRoot (node_modules/@testing-library/react/dist/pure.js:180:26)
      at render (node_modules/@testing-library/react/dist/pure.js:271:10)
      at Object.<anonymous> (src/components/study/__tests__/StatsCard.test.tsx:70:11)

  ● StatsCard › re-fetches when refreshKey changes

    No QueryClient set, use QueryClientProvider to set one

       5 |
       6 | export function useUserStats() {
    >  7 |   return useQuery<StatsResponse, Error>({
         |                  ^
       8 |     queryKey: ["userStats"],
       9 |     queryFn: async () => {
      10 |       const res = await fetch("/api/study/stats");

      at useQueryClient (node_modules/@tanstack/react-query/src/QueryClientProvider.tsx:18:11)
      at useBaseQuery (node_modules/@tanstack/react-query/src/useBaseQuery.ts:54:18)
      at useQuery (node_modules/@tanstack/react-query/src/useQuery.ts:51:10)
      at useUserStats (src/hooks/queries/useUserStats.ts:7:18)
      at StatsCard (src/components/study/StatsCard.tsx:8:68)
      at renderWithHooks (node_modules/react-dom/cjs/react-dom.development.js:15486:18)
      at mountIndeterminateComponent (node_modules/react-dom/cjs/react-dom.development.js:20103:13)
      at beginWork (node_modules/react-dom/cjs/react-dom.development.js:21626:16)
      at beginWork$1 (node_modules/react-dom/cjs/react-dom.development.js:27465:14)
      at performUnitOfWork (node_modules/react-dom/cjs/react-dom.development.js:26599:12)
      at workLoopSync (node_modules/react-dom/cjs/react-dom.development.js:26505:5)
      at renderRootSync (node_modules/react-dom/cjs/react-dom.development.js:26473:7)
      at recoverFromConcurrentError (node_modules/react-dom/cjs/react-dom.development.js:25889:20)
      at performConcurrentWorkOnRoot (node_modules/react-dom/cjs/react-dom.development.js:25789:22)
      at flushActQueue (node_modules/react/cjs/react.development.js:2667:24)
      at act (node_modules/react/cjs/react.development.js:2582:11)
      at node_modules/@testing-library/react/dist/act-compat.js:47:25
      at renderRoot (node_modules/@testing-library/react/dist/pure.js:180:26)
      at render (node_modules/@testing-library/react/dist/pure.js:271:10)
      at Object.<anonymous> (src/components/study/__tests__/StatsCard.test.tsx:81:32)

FAIL src/components/auth/__tests__/LogoutButton.test.tsx
  ● LogoutButton › calls logout endpoint and redirects on click

    expect(jest.fn()).toHaveBeenCalledWith(...expected)

    - Expected
    + Received

      "/api/auth/logout",
      Object {
    +   "headers": Object {
    +     "x-studynexus-client": "true",
    +   },
        "method": "POST",
      },

    Number of calls: 1

      28 |     await userEvent.click(screen.getByRole("button"));
      29 |
    > 30 |     expect(global.fetch).toHaveBeenCalledWith("/api/auth/logout", { method: "POST" });
         |                          ^
      31 |     expect(mockPush).toHaveBeenCalledWith("/de/login");
      32 |   });
      33 | });

      at Object.toHaveBeenCalledWith (src/components/auth/__tests__/LogoutButton.test.tsx:30:26)

FAIL src/components/study/__tests__/ModuleModal.test.tsx
  ● Console

    console.error
      Error: Uncaught [Error: No QueryClient set, use QueryClientProvider to set one]
          at reportException (/Users/yusefbach/Projekte/studynexus/frontend/node_modules/jsdom/lib/jsdom/living/helpers/runtime-script-errors.js:66:24)
          at innerInvokeEventListeners (/Users/yusefbach/Projekte/studynexus/frontend/node_modules/jsdom/lib/jsdom/living/events/EventTarget-impl.js:353:9)
          at invokeEventListeners (/Users/yusefbach/Projekte/studynexus/frontend/node_modules/jsdom/lib/jsdom/living/events/EventTarget-impl.js:286:3)
          at HTMLUnknownElementImpl._dispatch (/Users/yusefbach/Projekte/studynexus/frontend/node_modules/jsdom/lib/jsdom/living/events/EventTarget-impl.js:233:9)
          at HTMLUnknownElementImpl.dispatchEvent (/Users/yusefbach/Projekte/studynexus/frontend/node_modules/jsdom/lib/jsdom/living/events/EventTarget-impl.js:104:17)
          at HTMLUnknownElement.dispatchEvent (/Users/yusefbach/Projekte/studynexus/frontend/node_modules/jsdom/lib/jsdom/living/generated/EventTarget.js:241:34)
          at Object.invokeGuardedCallbackDev (/Users/yusefbach/Projekte/studynexus/frontend/node_modules/react-dom/cjs/react-dom.development.js:4213:16)
          at invokeGuardedCallback (/Users/yusefbach/Projekte/studynexus/frontend/node_modules/react-dom/cjs/react-dom.development.js:4277:31)
          at beginWork$1 (/Users/yusefbach/Projekte/studynexus/frontend/node_modules/react-dom/cjs/react-dom.development.js:27490:7)
          at performUnitOfWork (/Users/yusefbach/Projekte/studynexus/frontend/node_modules/react-dom/cjs/react-dom.development.js:26599:12)
          at workLoopSync (/Users/yusefbach/Projekte/studynexus/frontend/node_modules/react-dom/cjs/react-dom.development.js:26505:5)
          at renderRootSync (/Users/yusefbach/Projekte/studynexus/frontend/node_modules/react-dom/cjs/react-dom.development.js:26473:7)
          at performConcurrentWorkOnRoot (/Users/yusefbach/Projekte/studynexus/frontend/node_modules/react-dom/cjs/react-dom.development.js:25777:74)
          at flushActQueue (/Users/yusefbach/Projekte/studynexus/frontend/node_modules/react/cjs/react.development.js:2667:24)
          at act (/Users/yusefbach/Projekte/studynexus/frontend/node_modules/react/cjs/react.development.js:2582:11)
          at /Users/yusefbach/Projekte/studynexus/frontend/node_modules/@testing-library/react/dist/act-compat.js:47:25
          at renderRoot (/Users/yusefbach/Projekte/studynexus/frontend/node_modules/@testing-library/react/dist/pure.js:180:26)
          at render (/Users/yusefbach/Projekte/studynexus/frontend/node_modules/@testing-library/react/dist/pure.js:271:10)
          at Object.<anonymous> (/Users/yusefbach/Projekte/studynexus/frontend/src/components/study/__tests__/ModuleModal.test.tsx:45:11)
          at Promise.then.completed (/Users/yusefbach/Projekte/studynexus/frontend/node_modules/jest-circus/build/utils.js:298:28)
          at new Promise (<anonymous>)
          at callAsyncCircusFn (/Users/yusefbach/Projekte/studynexus/frontend/node_modules/jest-circus/build/utils.js:231:10)
          at _callCircusTest (/Users/yusefbach/Projekte/studynexus/frontend/node_modules/jest-circus/build/run.js:316:40)
          at processTicksAndRejections (node:internal/process/task_queues:104:5)
          at _runTest (/Users/yusefbach/Projekte/studynexus/frontend/node_modules/jest-circus/build/run.js:252:3)
          at _runTestsForDescribeBlock (/Users/yusefbach/Projekte/studynexus/frontend/node_modules/jest-circus/build/run.js:126:9)
          at _runTestsForDescribeBlock (/Users/yusefbach/Projekte/studynexus/frontend/node_modules/jest-circus/build/run.js:121:9)
          at run (/Users/yusefbach/Projekte/studynexus/frontend/node_modules/jest-circus/build/run.js:71:3)
          at runAndTransformResultsToJestFormat (/Users/yusefbach/Projekte/studynexus/frontend/node_modules/jest-circus/build/legacy-code-todo-rewrite/jestAdapterInit.js:122:21)
          at jestAdapter (/Users/yusefbach/Projekte/studynexus/frontend/node_modules/jest-circus/build/legacy-code-todo-rewrite/jestAdapter.js:79:19)
          at runTestInternal (/Users/yusefbach/Projekte/studynexus/frontend/node_modules/jest-runner/build/runTest.js:367:16)
          at runTest (/Users/yusefbach/Projekte/studynexus/frontend/node_modules/jest-runner/build/runTest.js:444:34)
          at Object.worker (/Users/yusefbach/Projekte/studynexus/frontend/node_modules/jest-runner/build/testWorker.js:106:12) {
        detail: Error: No QueryClient set, use QueryClientProvider to set one
            at useQueryClient (/Users/yusefbach/Projekte/studynexus/frontend/node_modules/@tanstack/react-query/src/QueryClientProvider.tsx:18:11)
            at useUpdateModule (/Users/yusefbach/Projekte/studynexus/frontend/src/hooks/queries/useUpdateModule.ts:13:37)
            at ModuleModal (/Users/yusefbach/Projekte/studynexus/frontend/src/components/study/ModuleModal.tsx:51:39)
            at renderWithHooks (/Users/yusefbach/Projekte/studynexus/frontend/node_modules/react-dom/cjs/react-dom.development.js:15486:18)
            at mountIndeterminateComponent (/Users/yusefbach/Projekte/studynexus/frontend/node_modules/react-dom/cjs/react-dom.development.js:20103:13)
            at beginWork (/Users/yusefbach/Projekte/studynexus/frontend/node_modules/react-dom/cjs/react-dom.development.js:21626:16)
            at HTMLUnknownElement.callCallback (/Users/yusefbach/Projekte/studynexus/frontend/node_modules/react-dom/cjs/react-dom.development.js:4164:14)
            at HTMLUnknownElement.callTheUserObjectsOperation (/Users/yusefbach/Projekte/studynexus/frontend/node_modules/jsdom/lib/jsdom/living/generated/EventListener.js:26:30)
            at innerInvokeEventListeners (/Users/yusefbach/Projekte/studynexus/frontend/node_modules/jsdom/lib/jsdom/living/events/EventTarget-impl.js:350:25)
            at invokeEventListeners (/Users/yusefbach/Projekte/studynexus/frontend/node_modules/jsdom/lib/jsdom/living/events/EventTarget-impl.js:286:3)
            at HTMLUnknownElementImpl._dispatch (/Users/yusefbach/Projekte/studynexus/frontend/node_modules/jsdom/lib/jsdom/living/events/EventTarget-impl.js:233:9)
            at HTMLUnknownElementImpl.dispatchEvent (/Users/yusefbach/Projekte/studynexus/frontend/node_modules/jsdom/lib/jsdom/living/events/EventTarget-impl.js:104:17)
            at HTMLUnknownElement.dispatchEvent (/Users/yusefbach/Projekte/studynexus/frontend/node_modules/jsdom/lib/jsdom/living/generated/EventTarget.js:241:34)
            at Object.invokeGuardedCallbackDev (/Users/yusefbach/Projekte/studynexus/frontend/node_modules/react-dom/cjs/react-dom.development.js:4213:16)
            at invokeGuardedCallback (/Users/yusefbach/Projekte/studynexus/frontend/node_modules/react-dom/cjs/react-dom.development.js:4277:31)
            at beginWork$1 (/Users/yusefbach/Projekte/studynexus/frontend/node_modules/react-dom/cjs/react-dom.development.js:27490:7)
            at performUnitOfWork (/Users/yusefbach/Projekte/studynexus/frontend/node_modules/react-dom/cjs/react-dom.development.js:26599:12)
            at workLoopSync (/Users/yusefbach/Projekte/studynexus/frontend/node_modules/react-dom/cjs/react-dom.development.js:26505:5)
            at renderRootSync (/Users/yusefbach/Projekte/studynexus/frontend/node_modules/react-dom/cjs/react-dom.development.js:26473:7)
            at performConcurrentWorkOnRoot (/Users/yusefbach/Projekte/studynexus/frontend/node_modules/react-dom/cjs/react-dom.development.js:25777:74)
            at flushActQueue (/Users/yusefbach/Projekte/studynexus/frontend/node_modules/react/cjs/react.development.js:2667:24)
            at act (/Users/yusefbach/Projekte/studynexus/frontend/node_modules/react/cjs/react.development.js:2582:11)
            at /Users/yusefbach/Projekte/studynexus/frontend/node_modules/@testing-library/react/dist/act-compat.js:47:25
            at renderRoot (/Users/yusefbach/Projekte/studynexus/frontend/node_modules/@testing-library/react/dist/pure.js:180:26)
            at render (/Users/yusefbach/Projekte/studynexus/frontend/node_modules/@testing-library/react/dist/pure.js:271:10)
            at Object.<anonymous> (/Users/yusefbach/Projekte/studynexus/frontend/src/components/study/__tests__/ModuleModal.test.tsx:45:11)
            at Promise.then.completed (/Users/yusefbach/Projekte/studynexus/frontend/node_modules/jest-circus/build/utils.js:298:28)
            at new Promise (<anonymous>)
            at callAsyncCircusFn (/Users/yusefbach/Projekte/studynexus/frontend/node_modules/jest-circus/build/utils.js:231:10)
            at _callCircusTest (/Users/yusefbach/Projekte/studynexus/frontend/node_modules/jest-circus/build/run.js:316:40)
            at processTicksAndRejections (node:internal/process/task_queues:104:5)
            at _runTest (/Users/yusefbach/Projekte/studynexus/frontend/node_modules/jest-circus/build/run.js:252:3)
            at _runTestsForDescribeBlock (/Users/yusefbach/Projekte/studynexus/frontend/node_modules/jest-circus/build/run.js:126:9)
            at _runTestsForDescribeBlock (/Users/yusefbach/Projekte/studynexus/frontend/node_modules/jest-circus/build/run.js:121:9)
            at run (/Users/yusefbach/Projekte/studynexus/frontend/node_modules/jest-circus/build/run.js:71:3)
            at runAndTransformResultsToJestFormat (/Users/yusefbach/Projekte/studynexus/frontend/node_modules/jest-circus/build/legacy-code-todo-rewrite/jestAdapterInit.js:122:21)
            at jestAdapter (/Users/yusefbach/Projekte/studynexus/frontend/node_modules/jest-circus/build/legacy-code-todo-rewrite/jestAdapter.js:79:19)
            at runTestInternal (/Users/yusefbach/Projekte/studynexus/frontend/node_modules/jest-runner/build/runTest.js:367:16)
            at runTest (/Users/yusefbach/Projekte/studynexus/frontend/node_modules/jest-runner/build/runTest.js:444:34)
            at Object.worker (/Users/yusefbach/Projekte/studynexus/frontend/node_modules/jest-runner/build/testWorker.js:106:12),
        type: 'unhandled exception'
      }

      43 |
      44 |   it("does not render when closed", () => {
    > 45 |     render(<ModuleModal studentModule={makeModule()} open={false} onClose={noop} onSave={noop} />);
         |           ^
      46 |     expect(screen.queryByText("dashboard.modal.title")).not.toBeInTheDocument();
      47 |   });
      48 |

      at VirtualConsole.<anonymous> (node_modules/jest-environment-jsdom/build/index.js:63:23)
      at reportException (node_modules/jsdom/lib/jsdom/living/helpers/runtime-script-errors.js:70:28)
      at innerInvokeEventListeners (node_modules/jsdom/lib/jsdom/living/events/EventTarget-impl.js:353:9)
      at invokeEventListeners (node_modules/jsdom/lib/jsdom/living/events/EventTarget-impl.js:286:3)
      at HTMLUnknownElementImpl._dispatch (node_modules/jsdom/lib/jsdom/living/events/EventTarget-impl.js:233:9)
      at HTMLUnknownElementImpl.dispatchEvent (node_modules/jsdom/lib/jsdom/living/events/EventTarget-impl.js:104:17)
      at HTMLUnknownElement.dispatchEvent (node_modules/jsdom/lib/jsdom/living/generated/EventTarget.js:241:34)
      at Object.invokeGuardedCallbackDev (node_modules/react-dom/cjs/react-dom.development.js:4213:16)
      at invokeGuardedCallback (node_modules/react-dom/cjs/react-dom.development.js:4277:31)
      at beginWork$1 (node_modules/react-dom/cjs/react-dom.development.js:27490:7)
      at performUnitOfWork (node_modules/react-dom/cjs/react-dom.development.js:26599:12)
      at workLoopSync (node_modules/react-dom/cjs/react-dom.development.js:26505:5)
      at renderRootSync (node_modules/react-dom/cjs/react-dom.development.js:26473:7)
      at performConcurrentWorkOnRoot (node_modules/react-dom/cjs/react-dom.development.js:25777:74)
      at flushActQueue (node_modules/react/cjs/react.development.js:2667:24)
      at act (node_modules/react/cjs/react.development.js:2582:11)
      at node_modules/@testing-library/react/dist/act-compat.js:47:25
      at renderRoot (node_modules/@testing-library/react/dist/pure.js:180:26)
      at render (node_modules/@testing-library/react/dist/pure.js:271:10)
      at Object.<anonymous> (src/components/study/__tests__/ModuleModal.test.tsx:45:11)

    console.error
      Error: Uncaught [Error: No QueryClient set, use QueryClientProvider to set one]
          at reportException (/Users/yusefbach/Projekte/studynexus/frontend/node_modules/jsdom/lib/jsdom/living/helpers/runtime-script-errors.js:66:24)
          at innerInvokeEventListeners (/Users/yusefbach/Projekte/studynexus/frontend/node_modules/jsdom/lib/jsdom/living/events/EventTarget-impl.js:353:9)
          at invokeEventListeners (/Users/yusefbach/Projekte/studynexus/frontend/node_modules/jsdom/lib/jsdom/living/events/EventTarget-impl.js:286:3)
          at HTMLUnknownElementImpl._dispatch (/Users/yusefbach/Projekte/studynexus/frontend/node_modules/jsdom/lib/jsdom/living/events/EventTarget-impl.js:233:9)
          at HTMLUnknownElementImpl.dispatchEvent (/Users/yusefbach/Projekte/studynexus/frontend/node_modules/jsdom/lib/jsdom/living/events/EventTarget-impl.js:104:17)
          at HTMLUnknownElement.dispatchEvent (/Users/yusefbach/Projekte/studynexus/frontend/node_modules/jsdom/lib/jsdom/living/generated/EventTarget.js:241:34)
          at Object.invokeGuardedCallbackDev (/Users/yusefbach/Projekte/studynexus/frontend/node_modules/react-dom/cjs/react-dom.development.js:4213:16)
          at invokeGuardedCallback (/Users/yusefbach/Projekte/studynexus/frontend/node_modules/react-dom/cjs/react-dom.development.js:4277:31)
          at beginWork$1 (/Users/yusefbach/Projekte/studynexus/frontend/node_modules/react-dom/cjs/react-dom.development.js:27490:7)
          at performUnitOfWork (/Users/yusefbach/Projekte/studynexus/frontend/node_modules/react-dom/cjs/react-dom.development.js:26599:12)
          at workLoopSync (/Users/yusefbach/Projekte/studynexus/frontend/node_modules/react-dom/cjs/react-dom.development.js:26505:5)
          at renderRootSync (/Users/yusefbach/Projekte/studynexus/frontend/node_modules/react-dom/cjs/react-dom.development.js:26473:7)
          at recoverFromConcurrentError (/Users/yusefbach/Projekte/studynexus/frontend/node_modules/react-dom/cjs/react-dom.development.js:25889:20)
          at performConcurrentWorkOnRoot (/Users/yusefbach/Projekte/studynexus/frontend/node_modules/react-dom/cjs/react-dom.development.js:25789:22)
          at flushActQueue (/Users/yusefbach/Projekte/studynexus/frontend/node_modules/react/cjs/react.development.js:2667:24)
          at act (/Users/yusefbach/Projekte/studynexus/frontend/node_modules/react/cjs/react.development.js:2582:11)
          at /Users/yusefbach/Projekte/studynexus/frontend/node_modules/@testing-library/react/dist/act-compat.js:47:25
          at renderRoot (/Users/yusefbach/Projekte/studynexus/frontend/node_modules/@testing-library/react/dist/pure.js:180:26)
          at render (/Users/yusefbach/Projekte/studynexus/frontend/node_modules/@testing-library/react/dist/pure.js:271:10)
          at Object.<anonymous> (/Users/yusefbach/Projekte/studynexus/frontend/src/components/study/__tests__/ModuleModal.test.tsx:45:11)
          at Promise.then.completed (/Users/yusefbach/Projekte/studynexus/frontend/node_modules/jest-circus/build/utils.js:298:28)
          at new Promise (<anonymous>)
          at callAsyncCircusFn (/Users/yusefbach/Projekte/studynexus/frontend/node_modules/jest-circus/build/utils.js:231:10)
          at _callCircusTest (/Users/yusefbach/Projekte/studynexus/frontend/node_modules/jest-circus/build/run.js:316:40)
          at processTicksAndRejections (node:internal/process/task_queues:104:5)
          at _runTest (/Users/yusefbach/Projekte/studynexus/frontend/node_modules/jest-circus/build/run.js:252:3)
          at _runTestsForDescribeBlock (/Users/yusefbach/Projekte/studynexus/frontend/node_modules/jest-circus/build/run.js:126:9)
          at _runTestsForDescribeBlock (/Users/yusefbach/Projekte/studynexus/frontend/node_modules/jest-circus/build/run.js:121:9)
          at run (/Users/yusefbach/Projekte/studynexus/frontend/node_modules/jest-circus/build/run.js:71:3)
          at runAndTransformResultsToJestFormat (/Users/yusefbach/Projekte/studynexus/frontend/node_modules/jest-circus/build/legacy-code-todo-rewrite/jestAdapterInit.js:122:21)
          at jestAdapter (/Users/yusefbach/Projekte/studynexus/frontend/node_modules/jest-circus/build/legacy-code-todo-rewrite/jestAdapter.js:79:19)
          at runTestInternal (/Users/yusefbach/Projekte/studynexus/frontend/node_modules/jest-runner/build/runTest.js:367:16)
          at runTest (/Users/yusefbach/Projekte/studynexus/frontend/node_modules/jest-runner/build/runTest.js:444:34)
          at Object.worker (/Users/yusefbach/Projekte/studynexus/frontend/node_modules/jest-runner/build/testWorker.js:106:12) {
        detail: Error: No QueryClient set, use QueryClientProvider to set one
            at useQueryClient (/Users/yusefbach/Projekte/studynexus/frontend/node_modules/@tanstack/react-query/src/QueryClientProvider.tsx:18:11)
            at useUpdateModule (/Users/yusefbach/Projekte/studynexus/frontend/src/hooks/queries/useUpdateModule.ts:13:37)
            at ModuleModal (/Users/yusefbach/Projekte/studynexus/frontend/src/components/study/ModuleModal.tsx:51:39)
            at renderWithHooks (/Users/yusefbach/Projekte/studynexus/frontend/node_modules/react-dom/cjs/react-dom.development.js:15486:18)
            at mountIndeterminateComponent (/Users/yusefbach/Projekte/studynexus/frontend/node_modules/react-dom/cjs/react-dom.development.js:20103:13)
            at beginWork (/Users/yusefbach/Projekte/studynexus/frontend/node_modules/react-dom/cjs/react-dom.development.js:21626:16)
            at HTMLUnknownElement.callCallback (/Users/yusefbach/Projekte/studynexus/frontend/node_modules/react-dom/cjs/react-dom.development.js:4164:14)
            at HTMLUnknownElement.callTheUserObjectsOperation (/Users/yusefbach/Projekte/studynexus/frontend/node_modules/jsdom/lib/jsdom/living/generated/EventListener.js:26:30)
            at innerInvokeEventListeners (/Users/yusefbach/Projekte/studynexus/frontend/node_modules/jsdom/lib/jsdom/living/events/EventTarget-impl.js:350:25)
            at invokeEventListeners (/Users/yusefbach/Projekte/studynexus/frontend/node_modules/jsdom/lib/jsdom/living/events/EventTarget-impl.js:286:3)
            at HTMLUnknownElementImpl._dispatch (/Users/yusefbach/Projekte/studynexus/frontend/node_modules/jsdom/lib/jsdom/living/events/EventTarget-impl.js:233:9)
            at HTMLUnknownElementImpl.dispatchEvent (/Users/yusefbach/Projekte/studynexus/frontend/node_modules/jsdom/lib/jsdom/living/events/EventTarget-impl.js:104:17)
            at HTMLUnknownElement.dispatchEvent (/Users/yusefbach/Projekte/studynexus/frontend/node_modules/jsdom/lib/jsdom/living/generated/EventTarget.js:241:34)
            at Object.invokeGuardedCallbackDev (/Users/yusefbach/Projekte/studynexus/frontend/node_modules/react-dom/cjs/react-dom.development.js:4213:16)
            at invokeGuardedCallback (/Users/yusefbach/Projekte/studynexus/frontend/node_modules/react-dom/cjs/react-dom.development.js:4277:31)
            at beginWork$1 (/Users/yusefbach/Projekte/studynexus/frontend/node_modules/react-dom/cjs/react-dom.development.js:27490:7)
            at performUnitOfWork (/Users/yusefbach/Projekte/studynexus/frontend/node_modules/react-dom/cjs/react-dom.development.js:26599:12)
            at workLoopSync (/Users/yusefbach/Projekte/studynexus/frontend/node_modules/react-dom/cjs/react-dom.development.js:26505:5)
            at renderRootSync (/Users/yusefbach/Projekte/studynexus/frontend/node_modules/react-dom/cjs/react-dom.development.js:26473:7)
            at recoverFromConcurrentError (/Users/yusefbach/Projekte/studynexus/frontend/node_modules/react-dom/cjs/react-dom.development.js:25889:20)
            at performConcurrentWorkOnRoot (/Users/yusefbach/Projekte/studynexus/frontend/node_modules/react-dom/cjs/react-dom.development.js:25789:22)
            at flushActQueue (/Users/yusefbach/Projekte/studynexus/frontend/node_modules/react/cjs/react.development.js:2667:24)
            at act (/Users/yusefbach/Projekte/studynexus/frontend/node_modules/react/cjs/react.development.js:2582:11)
            at /Users/yusefbach/Projekte/studynexus/frontend/node_modules/@testing-library/react/dist/act-compat.js:47:25
            at renderRoot (/Users/yusefbach/Projekte/studynexus/frontend/node_modules/@testing-library/react/dist/pure.js:180:26)
            at render (/Users/yusefbach/Projekte/studynexus/frontend/node_modules/@testing-library/react/dist/pure.js:271:10)
            at Object.<anonymous> (/Users/yusefbach/Projekte/studynexus/frontend/src/components/study/__tests__/ModuleModal.test.tsx:45:11)
            at Promise.then.completed (/Users/yusefbach/Projekte/studynexus/frontend/node_modules/jest-circus/build/utils.js:298:28)
            at new Promise (<anonymous>)
            at callAsyncCircusFn (/Users/yusefbach/Projekte/studynexus/frontend/node_modules/jest-circus/build/utils.js:231:10)
            at _callCircusTest (/Users/yusefbach/Projekte/studynexus/frontend/node_modules/jest-circus/build/run.js:316:40)
            at processTicksAndRejections (node:internal/process/task_queues:104:5)
            at _runTest (/Users/yusefbach/Projekte/studynexus/frontend/node_modules/jest-circus/build/run.js:252:3)
            at _runTestsForDescribeBlock (/Users/yusefbach/Projekte/studynexus/frontend/node_modules/jest-circus/build/run.js:126:9)
            at _runTestsForDescribeBlock (/Users/yusefbach/Projekte/studynexus/frontend/node_modules/jest-circus/build/run.js:121:9)
            at run (/Users/yusefbach/Projekte/studynexus/frontend/node_modules/jest-circus/build/run.js:71:3)
            at runAndTransformResultsToJestFormat (/Users/yusefbach/Projekte/studynexus/frontend/node_modules/jest-circus/build/legacy-code-todo-rewrite/jestAdapterInit.js:122:21)
            at jestAdapter (/Users/yusefbach/Projekte/studynexus/frontend/node_modules/jest-circus/build/legacy-code-todo-rewrite/jestAdapter.js:79:19)
            at runTestInternal (/Users/yusefbach/Projekte/studynexus/frontend/node_modules/jest-runner/build/runTest.js:367:16)
            at runTest (/Users/yusefbach/Projekte/studynexus/frontend/node_modules/jest-runner/build/runTest.js:444:34)
            at Object.worker (/Users/yusefbach/Projekte/studynexus/frontend/node_modules/jest-runner/build/testWorker.js:106:12),
        type: 'unhandled exception'
      }

      43 |
      44 |   it("does not render when closed", () => {
    > 45 |     render(<ModuleModal studentModule={makeModule()} open={false} onClose={noop} onSave={noop} />);
         |           ^
      46 |     expect(screen.queryByText("dashboard.modal.title")).not.toBeInTheDocument();
      47 |   });
      48 |

      at VirtualConsole.<anonymous> (node_modules/jest-environment-jsdom/build/index.js:63:23)
      at reportException (node_modules/jsdom/lib/jsdom/living/helpers/runtime-script-errors.js:70:28)
      at innerInvokeEventListeners (node_modules/jsdom/lib/jsdom/living/events/EventTarget-impl.js:353:9)
      at invokeEventListeners (node_modules/jsdom/lib/jsdom/living/events/EventTarget-impl.js:286:3)
      at HTMLUnknownElementImpl._dispatch (node_modules/jsdom/lib/jsdom/living/events/EventTarget-impl.js:233:9)
      at HTMLUnknownElementImpl.dispatchEvent (node_modules/jsdom/lib/jsdom/living/events/EventTarget-impl.js:104:17)
      at HTMLUnknownElement.dispatchEvent (node_modules/jsdom/lib/jsdom/living/generated/EventTarget.js:241:34)
      at Object.invokeGuardedCallbackDev (node_modules/react-dom/cjs/react-dom.development.js:4213:16)
      at invokeGuardedCallback (node_modules/react-dom/cjs/react-dom.development.js:4277:31)
      at beginWork$1 (node_modules/react-dom/cjs/react-dom.development.js:27490:7)
      at performUnitOfWork (node_modules/react-dom/cjs/react-dom.development.js:26599:12)
      at workLoopSync (node_modules/react-dom/cjs/react-dom.development.js:26505:5)
      at renderRootSync (node_modules/react-dom/cjs/react-dom.development.js:26473:7)
      at recoverFromConcurrentError (node_modules/react-dom/cjs/react-dom.development.js:25889:20)
      at performConcurrentWorkOnRoot (node_modules/react-dom/cjs/react-dom.development.js:25789:22)
      at flushActQueue (node_modules/react/cjs/react.development.js:2667:24)
      at act (node_modules/react/cjs/react.development.js:2582:11)
      at node_modules/@testing-library/react/dist/act-compat.js:47:25
      at renderRoot (node_modules/@testing-library/react/dist/pure.js:180:26)
      at render (node_modules/@testing-library/react/dist/pure.js:271:10)
      at Object.<anonymous> (src/components/study/__tests__/ModuleModal.test.tsx:45:11)

    console.error
      The above error occurred in the <ModuleModal> component:
      
          at sm (/Users/yusefbach/Projekte/studynexus/frontend/src/components/study/ModuleModal.tsx:35:46)
      
      Consider adding an error boundary to your tree to customize error handling behavior.
      Visit https://reactjs.org/link/error-boundaries to learn more about error boundaries.

      43 |
      44 |   it("does not render when closed", () => {
    > 45 |     render(<ModuleModal studentModule={makeModule()} open={false} onClose={noop} onSave={noop} />);
         |           ^
      46 |     expect(screen.queryByText("dashboard.modal.title")).not.toBeInTheDocument();
      47 |   });
      48 |

      at logCapturedError (node_modules/react-dom/cjs/react-dom.development.js:18704:23)
      at update.callback (node_modules/react-dom/cjs/react-dom.development.js:18737:5)
      at callCallback (node_modules/react-dom/cjs/react-dom.development.js:15036:12)
      at commitUpdateQueue (node_modules/react-dom/cjs/react-dom.development.js:15057:9)
      at commitLayoutEffectOnFiber (node_modules/react-dom/cjs/react-dom.development.js:23430:13)
      at commitLayoutMountEffects_complete (node_modules/react-dom/cjs/react-dom.development.js:24727:9)
      at commitLayoutEffects_begin (node_modules/react-dom/cjs/react-dom.development.js:24713:7)
      at commitLayoutEffects (node_modules/react-dom/cjs/react-dom.development.js:24651:3)
      at commitRootImpl (node_modules/react-dom/cjs/react-dom.development.js:26862:5)
      at commitRoot (node_modules/react-dom/cjs/react-dom.development.js:26721:5)
      at finishConcurrentRender (node_modules/react-dom/cjs/react-dom.development.js:25931:9)
      at performConcurrentWorkOnRoot (node_modules/react-dom/cjs/react-dom.development.js:25848:7)
      at flushActQueue (node_modules/react/cjs/react.development.js:2667:24)
      at act (node_modules/react/cjs/react.development.js:2582:11)
      at node_modules/@testing-library/react/dist/act-compat.js:47:25
      at renderRoot (node_modules/@testing-library/react/dist/pure.js:180:26)
      at render (node_modules/@testing-library/react/dist/pure.js:271:10)
      at Object.<anonymous> (src/components/study/__tests__/ModuleModal.test.tsx:45:11)

    console.error
      Error: Uncaught [Error: No QueryClient set, use QueryClientProvider to set one]
          at reportException (/Users/yusefbach/Projekte/studynexus/frontend/node_modules/jsdom/lib/jsdom/living/helpers/runtime-script-errors.js:66:24)
          at innerInvokeEventListeners (/Users/yusefbach/Projekte/studynexus/frontend/node_modules/jsdom/lib/jsdom/living/events/EventTarget-impl.js:353:9)
          at invokeEventListeners (/Users/yusefbach/Projekte/studynexus/frontend/node_modules/jsdom/lib/jsdom/living/events/EventTarget-impl.js:286:3)
          at HTMLUnknownElementImpl._dispatch (/Users/yusefbach/Projekte/studynexus/frontend/node_modules/jsdom/lib/jsdom/living/events/EventTarget-impl.js:233:9)
          at HTMLUnknownElementImpl.dispatchEvent (/Users/yusefbach/Projekte/studynexus/frontend/node_modules/jsdom/lib/jsdom/living/events/EventTarget-impl.js:104:17)
          at HTMLUnknownElement.dispatchEvent (/Users/yusefbach/Projekte/studynexus/frontend/node_modules/jsdom/lib/jsdom/living/generated/EventTarget.js:241:34)
          at Object.invokeGuardedCallbackDev (/Users/yusefbach/Projekte/studynexus/frontend/node_modules/react-dom/cjs/react-dom.development.js:4213:16)
          at invokeGuardedCallback (/Users/yusefbach/Projekte/studynexus/frontend/node_modules/react-dom/cjs/react-dom.development.js:4277:31)
          at beginWork$1 (/Users/yusefbach/Projekte/studynexus/frontend/node_modules/react-dom/cjs/react-dom.development.js:27490:7)
          at performUnitOfWork (/Users/yusefbach/Projekte/studynexus/frontend/node_modules/react-dom/cjs/react-dom.development.js:26599:12)
          at workLoopSync (/Users/yusefbach/Projekte/studynexus/frontend/node_modules/react-dom/cjs/react-dom.development.js:26505:5)
          at renderRootSync (/Users/yusefbach/Projekte/studynexus/frontend/node_modules/react-dom/cjs/react-dom.development.js:26473:7)
          at performConcurrentWorkOnRoot (/Users/yusefbach/Projekte/studynexus/frontend/node_modules/react-dom/cjs/react-dom.development.js:25777:74)
          at flushActQueue (/Users/yusefbach/Projekte/studynexus/frontend/node_modules/react/cjs/react.development.js:2667:24)
          at act (/Users/yusefbach/Projekte/studynexus/frontend/node_modules/react/cjs/react.development.js:2582:11)
          at /Users/yusefbach/Projekte/studynexus/frontend/node_modules/@testing-library/react/dist/act-compat.js:47:25
          at renderRoot (/Users/yusefbach/Projekte/studynexus/frontend/node_modules/@testing-library/react/dist/pure.js:180:26)
          at render (/Users/yusefbach/Projekte/studynexus/frontend/node_modules/@testing-library/react/dist/pure.js:271:10)
          at Object.<anonymous> (/Users/yusefbach/Projekte/studynexus/frontend/src/components/study/__tests__/ModuleModal.test.tsx:50:11)
          at Promise.then.completed (/Users/yusefbach/Projekte/studynexus/frontend/node_modules/jest-circus/build/utils.js:298:28)
          at new Promise (<anonymous>)
          at callAsyncCircusFn (/Users/yusefbach/Projekte/studynexus/frontend/node_modules/jest-circus/build/utils.js:231:10)
          at _callCircusTest (/Users/yusefbach/Projekte/studynexus/frontend/node_modules/jest-circus/build/run.js:316:40)
          at processTicksAndRejections (node:internal/process/task_queues:104:5)
          at _runTest (/Users/yusefbach/Projekte/studynexus/frontend/node_modules/jest-circus/build/run.js:252:3)
          at _runTestsForDescribeBlock (/Users/yusefbach/Projekte/studynexus/frontend/node_modules/jest-circus/build/run.js:126:9)
          at _runTestsForDescribeBlock (/Users/yusefbach/Projekte/studynexus/frontend/node_modules/jest-circus/build/run.js:121:9)
          at run (/Users/yusefbach/Projekte/studynexus/frontend/node_modules/jest-circus/build/run.js:71:3)
          at runAndTransformResultsToJestFormat (/Users/yusefbach/Projekte/studynexus/frontend/node_modules/jest-circus/build/legacy-code-todo-rewrite/jestAdapterInit.js:122:21)
          at jestAdapter (/Users/yusefbach/Projekte/studynexus/frontend/node_modules/jest-circus/build/legacy-code-todo-rewrite/jestAdapter.js:79:19)
          at runTestInternal (/Users/yusefbach/Projekte/studynexus/frontend/node_modules/jest-runner/build/runTest.js:367:16)
          at runTest (/Users/yusefbach/Projekte/studynexus/frontend/node_modules/jest-runner/build/runTest.js:444:34)
          at Object.worker (/Users/yusefbach/Projekte/studynexus/frontend/node_modules/jest-runner/build/testWorker.js:106:12) {
        detail: Error: No QueryClient set, use QueryClientProvider to set one
            at useQueryClient (/Users/yusefbach/Projekte/studynexus/frontend/node_modules/@tanstack/react-query/src/QueryClientProvider.tsx:18:11)
            at useUpdateModule (/Users/yusefbach/Projekte/studynexus/frontend/src/hooks/queries/useUpdateModule.ts:13:37)
            at ModuleModal (/Users/yusefbach/Projekte/studynexus/frontend/src/components/study/ModuleModal.tsx:51:39)
            at renderWithHooks (/Users/yusefbach/Projekte/studynexus/frontend/node_modules/react-dom/cjs/react-dom.development.js:15486:18)
            at mountIndeterminateComponent (/Users/yusefbach/Projekte/studynexus/frontend/node_modules/react-dom/cjs/react-dom.development.js:20103:13)
            at beginWork (/Users/yusefbach/Projekte/studynexus/frontend/node_modules/react-dom/cjs/react-dom.development.js:21626:16)
            at HTMLUnknownElement.callCallback (/Users/yusefbach/Projekte/studynexus/frontend/node_modules/react-dom/cjs/react-dom.development.js:4164:14)
            at HTMLUnknownElement.callTheUserObjectsOperation (/Users/yusefbach/Projekte/studynexus/frontend/node_modules/jsdom/lib/jsdom/living/generated/EventListener.js:26:30)
            at innerInvokeEventListeners (/Users/yusefbach/Projekte/studynexus/frontend/node_modules/jsdom/lib/jsdom/living/events/EventTarget-impl.js:350:25)
            at invokeEventListeners (/Users/yusefbach/Projekte/studynexus/frontend/node_modules/jsdom/lib/jsdom/living/events/EventTarget-impl.js:286:3)
            at HTMLUnknownElementImpl._dispatch (/Users/yusefbach/Projekte/studynexus/frontend/node_modules/jsdom/lib/jsdom/living/events/EventTarget-impl.js:233:9)
            at HTMLUnknownElementImpl.dispatchEvent (/Users/yusefbach/Projekte/studynexus/frontend/node_modules/jsdom/lib/jsdom/living/events/EventTarget-impl.js:104:17)
            at HTMLUnknownElement.dispatchEvent (/Users/yusefbach/Projekte/studynexus/frontend/node_modules/jsdom/lib/jsdom/living/generated/EventTarget.js:241:34)
            at Object.invokeGuardedCallbackDev (/Users/yusefbach/Projekte/studynexus/frontend/node_modules/react-dom/cjs/react-dom.development.js:4213:16)
            at invokeGuardedCallback (/Users/yusefbach/Projekte/studynexus/frontend/node_modules/react-dom/cjs/react-dom.development.js:4277:31)
            at beginWork$1 (/Users/yusefbach/Projekte/studynexus/frontend/node_modules/react-dom/cjs/react-dom.development.js:27490:7)
            at performUnitOfWork (/Users/yusefbach/Projekte/studynexus/frontend/node_modules/react-dom/cjs/react-dom.development.js:26599:12)
            at workLoopSync (/Users/yusefbach/Projekte/studynexus/frontend/node_modules/react-dom/cjs/react-dom.development.js:26505:5)
            at renderRootSync (/Users/yusefbach/Projekte/studynexus/frontend/node_modules/react-dom/cjs/react-dom.development.js:26473:7)
            at performConcurrentWorkOnRoot (/Users/yusefbach/Projekte/studynexus/frontend/node_modules/react-dom/cjs/react-dom.development.js:25777:74)
            at flushActQueue (/Users/yusefbach/Projekte/studynexus/frontend/node_modules/react/cjs/react.development.js:2667:24)
            at act (/Users/yusefbach/Projekte/studynexus/frontend/node_modules/react/cjs/react.development.js:2582:11)
            at /Users/yusefbach/Projekte/studynexus/frontend/node_modules/@testing-library/react/dist/act-compat.js:47:25
            at renderRoot (/Users/yusefbach/Projekte/studynexus/frontend/node_modules/@testing-library/react/dist/pure.js:180:26)
            at render (/Users/yusefbach/Projekte/studynexus/frontend/node_modules/@testing-library/react/dist/pure.js:271:10)
            at Object.<anonymous> (/Users/yusefbach/Projekte/studynexus/frontend/src/components/study/__tests__/ModuleModal.test.tsx:50:11)
            at Promise.then.completed (/Users/yusefbach/Projekte/studynexus/frontend/node_modules/jest-circus/build/utils.js:298:28)
            at new Promise (<anonymous>)
            at callAsyncCircusFn (/Users/yusefbach/Projekte/studynexus/frontend/node_modules/jest-circus/build/utils.js:231:10)
            at _callCircusTest (/Users/yusefbach/Projekte/studynexus/frontend/node_modules/jest-circus/build/run.js:316:40)
            at processTicksAndRejections (node:internal/process/task_queues:104:5)
            at _runTest (/Users/yusefbach/Projekte/studynexus/frontend/node_modules/jest-circus/build/run.js:252:3)
            at _runTestsForDescribeBlock (/Users/yusefbach/Projekte/studynexus/frontend/node_modules/jest-circus/build/run.js:126:9)
            at _runTestsForDescribeBlock (/Users/yusefbach/Projekte/studynexus/frontend/node_modules/jest-circus/build/run.js:121:9)
            at run (/Users/yusefbach/Projekte/studynexus/frontend/node_modules/jest-circus/build/run.js:71:3)
            at runAndTransformResultsToJestFormat (/Users/yusefbach/Projekte/studynexus/frontend/node_modules/jest-circus/build/legacy-code-todo-rewrite/jestAdapterInit.js:122:21)
            at jestAdapter (/Users/yusefbach/Projekte/studynexus/frontend/node_modules/jest-circus/build/legacy-code-todo-rewrite/jestAdapter.js:79:19)
            at runTestInternal (/Users/yusefbach/Projekte/studynexus/frontend/node_modules/jest-runner/build/runTest.js:367:16)
            at runTest (/Users/yusefbach/Projekte/studynexus/frontend/node_modules/jest-runner/build/runTest.js:444:34)
            at Object.worker (/Users/yusefbach/Projekte/studynexus/frontend/node_modules/jest-runner/build/testWorker.js:106:12),
        type: 'unhandled exception'
      }

      48 |
      49 |   it("renders when open", () => {
    > 50 |     render(<ModuleModal studentModule={makeModule()} open={true} onClose={noop} onSave={noop} />);
         |           ^
      51 |     expect(screen.getByText("dashboard.modal.title")).toBeInTheDocument();
      52 |     expect(screen.getByText("Programmieren 1")).toBeInTheDocument();
      53 |   });

      at VirtualConsole.<anonymous> (node_modules/jest-environment-jsdom/build/index.js:63:23)
      at reportException (node_modules/jsdom/lib/jsdom/living/helpers/runtime-script-errors.js:70:28)
      at innerInvokeEventListeners (node_modules/jsdom/lib/jsdom/living/events/EventTarget-impl.js:353:9)
      at invokeEventListeners (node_modules/jsdom/lib/jsdom/living/events/EventTarget-impl.js:286:3)
      at HTMLUnknownElementImpl._dispatch (node_modules/jsdom/lib/jsdom/living/events/EventTarget-impl.js:233:9)
      at HTMLUnknownElementImpl.dispatchEvent (node_modules/jsdom/lib/jsdom/living/events/EventTarget-impl.js:104:17)
      at HTMLUnknownElement.dispatchEvent (node_modules/jsdom/lib/jsdom/living/generated/EventTarget.js:241:34)
      at Object.invokeGuardedCallbackDev (node_modules/react-dom/cjs/react-dom.development.js:4213:16)
      at invokeGuardedCallback (node_modules/react-dom/cjs/react-dom.development.js:4277:31)
      at beginWork$1 (node_modules/react-dom/cjs/react-dom.development.js:27490:7)
      at performUnitOfWork (node_modules/react-dom/cjs/react-dom.development.js:26599:12)
      at workLoopSync (node_modules/react-dom/cjs/react-dom.development.js:26505:5)
      at renderRootSync (node_modules/react-dom/cjs/react-dom.development.js:26473:7)
      at performConcurrentWorkOnRoot (node_modules/react-dom/cjs/react-dom.development.js:25777:74)
      at flushActQueue (node_modules/react/cjs/react.development.js:2667:24)
      at act (node_modules/react/cjs/react.development.js:2582:11)
      at node_modules/@testing-library/react/dist/act-compat.js:47:25
      at renderRoot (node_modules/@testing-library/react/dist/pure.js:180:26)
      at render (node_modules/@testing-library/react/dist/pure.js:271:10)
      at Object.<anonymous> (src/components/study/__tests__/ModuleModal.test.tsx:50:11)

    console.error
      Error: Uncaught [Error: No QueryClient set, use QueryClientProvider to set one]
          at reportException (/Users/yusefbach/Projekte/studynexus/frontend/node_modules/jsdom/lib/jsdom/living/helpers/runtime-script-errors.js:66:24)
          at innerInvokeEventListeners (/Users/yusefbach/Projekte/studynexus/frontend/node_modules/jsdom/lib/jsdom/living/events/EventTarget-impl.js:353:9)
          at invokeEventListeners (/Users/yusefbach/Projekte/studynexus/frontend/node_modules/jsdom/lib/jsdom/living/events/EventTarget-impl.js:286:3)
          at HTMLUnknownElementImpl._dispatch (/Users/yusefbach/Projekte/studynexus/frontend/node_modules/jsdom/lib/jsdom/living/events/EventTarget-impl.js:233:9)
          at HTMLUnknownElementImpl.dispatchEvent (/Users/yusefbach/Projekte/studynexus/frontend/node_modules/jsdom/lib/jsdom/living/events/EventTarget-impl.js:104:17)
          at HTMLUnknownElement.dispatchEvent (/Users/yusefbach/Projekte/studynexus/frontend/node_modules/jsdom/lib/jsdom/living/generated/EventTarget.js:241:34)
          at Object.invokeGuardedCallbackDev (/Users/yusefbach/Projekte/studynexus/frontend/node_modules/react-dom/cjs/react-dom.development.js:4213:16)
          at invokeGuardedCallback (/Users/yusefbach/Projekte/studynexus/frontend/node_modules/react-dom/cjs/react-dom.development.js:4277:31)
          at beginWork$1 (/Users/yusefbach/Projekte/studynexus/frontend/node_modules/react-dom/cjs/react-dom.development.js:27490:7)
          at performUnitOfWork (/Users/yusefbach/Projekte/studynexus/frontend/node_modules/react-dom/cjs/react-dom.development.js:26599:12)
          at workLoopSync (/Users/yusefbach/Projekte/studynexus/frontend/node_modules/react-dom/cjs/react-dom.development.js:26505:5)
          at renderRootSync (/Users/yusefbach/Projekte/studynexus/frontend/node_modules/react-dom/cjs/react-dom.development.js:26473:7)
          at recoverFromConcurrentError (/Users/yusefbach/Projekte/studynexus/frontend/node_modules/react-dom/cjs/react-dom.development.js:25889:20)
          at performConcurrentWorkOnRoot (/Users/yusefbach/Projekte/studynexus/frontend/node_modules/react-dom/cjs/react-dom.development.js:25789:22)
          at flushActQueue (/Users/yusefbach/Projekte/studynexus/frontend/node_modules/react/cjs/react.development.js:2667:24)
          at act (/Users/yusefbach/Projekte/studynexus/frontend/node_modules/react/cjs/react.development.js:2582:11)
          at /Users/yusefbach/Projekte/studynexus/frontend/node_modules/@testing-library/react/dist/act-compat.js:47:25
          at renderRoot (/Users/yusefbach/Projekte/studynexus/frontend/node_modules/@testing-library/react/dist/pure.js:180:26)
          at render (/Users/yusefbach/Projekte/studynexus/frontend/node_modules/@testing-library/react/dist/pure.js:271:10)
          at Object.<anonymous> (/Users/yusefbach/Projekte/studynexus/frontend/src/components/study/__tests__/ModuleModal.test.tsx:50:11)
          at Promise.then.completed (/Users/yusefbach/Projekte/studynexus/frontend/node_modules/jest-circus/build/utils.js:298:28)
          at new Promise (<anonymous>)
          at callAsyncCircusFn (/Users/yusefbach/Projekte/studynexus/frontend/node_modules/jest-circus/build/utils.js:231:10)
          at _callCircusTest (/Users/yusefbach/Projekte/studynexus/frontend/node_modules/jest-circus/build/run.js:316:40)
          at processTicksAndRejections (node:internal/process/task_queues:104:5)
          at _runTest (/Users/yusefbach/Projekte/studynexus/frontend/node_modules/jest-circus/build/run.js:252:3)
          at _runTestsForDescribeBlock (/Users/yusefbach/Projekte/studynexus/frontend/node_modules/jest-circus/build/run.js:126:9)
          at _runTestsForDescribeBlock (/Users/yusefbach/Projekte/studynexus/frontend/node_modules/jest-circus/build/run.js:121:9)
          at run (/Users/yusefbach/Projekte/studynexus/frontend/node_modules/jest-circus/build/run.js:71:3)
          at runAndTransformResultsToJestFormat (/Users/yusefbach/Projekte/studynexus/frontend/node_modules/jest-circus/build/legacy-code-todo-rewrite/jestAdapterInit.js:122:21)
          at jestAdapter (/Users/yusefbach/Projekte/studynexus/frontend/node_modules/jest-circus/build/legacy-code-todo-rewrite/jestAdapter.js:79:19)
          at runTestInternal (/Users/yusefbach/Projekte/studynexus/frontend/node_modules/jest-runner/build/runTest.js:367:16)
          at runTest (/Users/yusefbach/Projekte/studynexus/frontend/node_modules/jest-runner/build/runTest.js:444:34)
          at Object.worker (/Users/yusefbach/Projekte/studynexus/frontend/node_modules/jest-runner/build/testWorker.js:106:12) {
        detail: Error: No QueryClient set, use QueryClientProvider to set one
            at useQueryClient (/Users/yusefbach/Projekte/studynexus/frontend/node_modules/@tanstack/react-query/src/QueryClientProvider.tsx:18:11)
            at useUpdateModule (/Users/yusefbach/Projekte/studynexus/frontend/src/hooks/queries/useUpdateModule.ts:13:37)
            at ModuleModal (/Users/yusefbach/Projekte/studynexus/frontend/src/components/study/ModuleModal.tsx:51:39)
            at renderWithHooks (/Users/yusefbach/Projekte/studynexus/frontend/node_modules/react-dom/cjs/react-dom.development.js:15486:18)
            at mountIndeterminateComponent (/Users/yusefbach/Projekte/studynexus/frontend/node_modules/react-dom/cjs/react-dom.development.js:20103:13)
            at beginWork (/Users/yusefbach/Projekte/studynexus/frontend/node_modules/react-dom/cjs/react-dom.development.js:21626:16)
            at HTMLUnknownElement.callCallback (/Users/yusefbach/Projekte/studynexus/frontend/node_modules/react-dom/cjs/react-dom.development.js:4164:14)
            at HTMLUnknownElement.callTheUserObjectsOperation (/Users/yusefbach/Projekte/studynexus/frontend/node_modules/jsdom/lib/jsdom/living/generated/EventListener.js:26:30)
            at innerInvokeEventListeners (/Users/yusefbach/Projekte/studynexus/frontend/node_modules/jsdom/lib/jsdom/living/events/EventTarget-impl.js:350:25)
            at invokeEventListeners (/Users/yusefbach/Projekte/studynexus/frontend/node_modules/jsdom/lib/jsdom/living/events/EventTarget-impl.js:286:3)
            at HTMLUnknownElementImpl._dispatch (/Users/yusefbach/Projekte/studynexus/frontend/node_modules/jsdom/lib/jsdom/living/events/EventTarget-impl.js:233:9)
            at HTMLUnknownElementImpl.dispatchEvent (/Users/yusefbach/Projekte/studynexus/frontend/node_modules/jsdom/lib/jsdom/living/events/EventTarget-impl.js:104:17)
            at HTMLUnknownElement.dispatchEvent (/Users/yusefbach/Projekte/studynexus/frontend/node_modules/jsdom/lib/jsdom/living/generated/EventTarget.js:241:34)
            at Object.invokeGuardedCallbackDev (/Users/yusefbach/Projekte/studynexus/frontend/node_modules/react-dom/cjs/react-dom.development.js:4213:16)
            at invokeGuardedCallback (/Users/yusefbach/Projekte/studynexus/frontend/node_modules/react-dom/cjs/react-dom.development.js:4277:31)
            at beginWork$1 (/Users/yusefbach/Projekte/studynexus/frontend/node_modules/react-dom/cjs/react-dom.development.js:27490:7)
            at performUnitOfWork (/Users/yusefbach/Projekte/studynexus/frontend/node_modules/react-dom/cjs/react-dom.development.js:26599:12)
            at workLoopSync (/Users/yusefbach/Projekte/studynexus/frontend/node_modules/react-dom/cjs/react-dom.development.js:26505:5)
            at renderRootSync (/Users/yusefbach/Projekte/studynexus/frontend/node_modules/react-dom/cjs/react-dom.development.js:26473:7)
            at recoverFromConcurrentError (/Users/yusefbach/Projekte/studynexus/frontend/node_modules/react-dom/cjs/react-dom.development.js:25889:20)
            at performConcurrentWorkOnRoot (/Users/yusefbach/Projekte/studynexus/frontend/node_modules/react-dom/cjs/react-dom.development.js:25789:22)
            at flushActQueue (/Users/yusefbach/Projekte/studynexus/frontend/node_modules/react/cjs/react.development.js:2667:24)
            at act (/Users/yusefbach/Projekte/studynexus/frontend/node_modules/react/cjs/react.development.js:2582:11)
            at /Users/yusefbach/Projekte/studynexus/frontend/node_modules/@testing-library/react/dist/act-compat.js:47:25
            at renderRoot (/Users/yusefbach/Projekte/studynexus/frontend/node_modules/@testing-library/react/dist/pure.js:180:26)
            at render (/Users/yusefbach/Projekte/studynexus/frontend/node_modules/@testing-library/react/dist/pure.js:271:10)
            at Object.<anonymous> (/Users/yusefbach/Projekte/studynexus/frontend/src/components/study/__tests__/ModuleModal.test.tsx:50:11)
            at Promise.then.completed (/Users/yusefbach/Projekte/studynexus/frontend/node_modules/jest-circus/build/utils.js:298:28)
            at new Promise (<anonymous>)
            at callAsyncCircusFn (/Users/yusefbach/Projekte/studynexus/frontend/node_modules/jest-circus/build/utils.js:231:10)
            at _callCircusTest (/Users/yusefbach/Projekte/studynexus/frontend/node_modules/jest-circus/build/run.js:316:40)
            at processTicksAndRejections (node:internal/process/task_queues:104:5)
            at _runTest (/Users/yusefbach/Projekte/studynexus/frontend/node_modules/jest-circus/build/run.js:252:3)
            at _runTestsForDescribeBlock (/Users/yusefbach/Projekte/studynexus/frontend/node_modules/jest-circus/build/run.js:126:9)
            at _runTestsForDescribeBlock (/Users/yusefbach/Projekte/studynexus/frontend/node_modules/jest-circus/build/run.js:121:9)
            at run (/Users/yusefbach/Projekte/studynexus/frontend/node_modules/jest-circus/build/run.js:71:3)
            at runAndTransformResultsToJestFormat (/Users/yusefbach/Projekte/studynexus/frontend/node_modules/jest-circus/build/legacy-code-todo-rewrite/jestAdapterInit.js:122:21)
            at jestAdapter (/Users/yusefbach/Projekte/studynexus/frontend/node_modules/jest-circus/build/legacy-code-todo-rewrite/jestAdapter.js:79:19)
            at runTestInternal (/Users/yusefbach/Projekte/studynexus/frontend/node_modules/jest-runner/build/runTest.js:367:16)
            at runTest (/Users/yusefbach/Projekte/studynexus/frontend/node_modules/jest-runner/build/runTest.js:444:34)
            at Object.worker (/Users/yusefbach/Projekte/studynexus/frontend/node_modules/jest-runner/build/testWorker.js:106:12),
        type: 'unhandled exception'
      }

      48 |
      49 |   it("renders when open", () => {
    > 50 |     render(<ModuleModal studentModule={makeModule()} open={true} onClose={noop} onSave={noop} />);
         |           ^
      51 |     expect(screen.getByText("dashboard.modal.title")).toBeInTheDocument();
      52 |     expect(screen.getByText("Programmieren 1")).toBeInTheDocument();
      53 |   });

      at VirtualConsole.<anonymous> (node_modules/jest-environment-jsdom/build/index.js:63:23)
      at reportException (node_modules/jsdom/lib/jsdom/living/helpers/runtime-script-errors.js:70:28)
      at innerInvokeEventListeners (node_modules/jsdom/lib/jsdom/living/events/EventTarget-impl.js:353:9)
      at invokeEventListeners (node_modules/jsdom/lib/jsdom/living/events/EventTarget-impl.js:286:3)
      at HTMLUnknownElementImpl._dispatch (node_modules/jsdom/lib/jsdom/living/events/EventTarget-impl.js:233:9)
      at HTMLUnknownElementImpl.dispatchEvent (node_modules/jsdom/lib/jsdom/living/events/EventTarget-impl.js:104:17)
      at HTMLUnknownElement.dispatchEvent (node_modules/jsdom/lib/jsdom/living/generated/EventTarget.js:241:34)
      at Object.invokeGuardedCallbackDev (node_modules/react-dom/cjs/react-dom.development.js:4213:16)
      at invokeGuardedCallback (node_modules/react-dom/cjs/react-dom.development.js:4277:31)
      at beginWork$1 (node_modules/react-dom/cjs/react-dom.development.js:27490:7)
      at performUnitOfWork (node_modules/react-dom/cjs/react-dom.development.js:26599:12)
      at workLoopSync (node_modules/react-dom/cjs/react-dom.development.js:26505:5)
      at renderRootSync (node_modules/react-dom/cjs/react-dom.development.js:26473:7)
      at recoverFromConcurrentError (node_modules/react-dom/cjs/react-dom.development.js:25889:20)
      at performConcurrentWorkOnRoot (node_modules/react-dom/cjs/react-dom.development.js:25789:22)
      at flushActQueue (node_modules/react/cjs/react.development.js:2667:24)
      at act (node_modules/react/cjs/react.development.js:2582:11)
      at node_modules/@testing-library/react/dist/act-compat.js:47:25
      at renderRoot (node_modules/@testing-library/react/dist/pure.js:180:26)
      at render (node_modules/@testing-library/react/dist/pure.js:271:10)
      at Object.<anonymous> (src/components/study/__tests__/ModuleModal.test.tsx:50:11)

    console.error
      The above error occurred in the <ModuleModal> component:
      
          at sm (/Users/yusefbach/Projekte/studynexus/frontend/src/components/study/ModuleModal.tsx:35:46)
      
      Consider adding an error boundary to your tree to customize error handling behavior.
      Visit https://reactjs.org/link/error-boundaries to learn more about error boundaries.

      48 |
      49 |   it("renders when open", () => {
    > 50 |     render(<ModuleModal studentModule={makeModule()} open={true} onClose={noop} onSave={noop} />);
         |           ^
      51 |     expect(screen.getByText("dashboard.modal.title")).toBeInTheDocument();
      52 |     expect(screen.getByText("Programmieren 1")).toBeInTheDocument();
      53 |   });

      at logCapturedError (node_modules/react-dom/cjs/react-dom.development.js:18704:23)
      at update.callback (node_modules/react-dom/cjs/react-dom.development.js:18737:5)
      at callCallback (node_modules/react-dom/cjs/react-dom.development.js:15036:12)
      at commitUpdateQueue (node_modules/react-dom/cjs/react-dom.development.js:15057:9)
      at commitLayoutEffectOnFiber (node_modules/react-dom/cjs/react-dom.development.js:23430:13)
      at commitLayoutMountEffects_complete (node_modules/react-dom/cjs/react-dom.development.js:24727:9)
      at commitLayoutEffects_begin (node_modules/react-dom/cjs/react-dom.development.js:24713:7)
      at commitLayoutEffects (node_modules/react-dom/cjs/react-dom.development.js:24651:3)
      at commitRootImpl (node_modules/react-dom/cjs/react-dom.development.js:26862:5)
      at commitRoot (node_modules/react-dom/cjs/react-dom.development.js:26721:5)
      at finishConcurrentRender (node_modules/react-dom/cjs/react-dom.development.js:25931:9)
      at performConcurrentWorkOnRoot (node_modules/react-dom/cjs/react-dom.development.js:25848:7)
      at flushActQueue (node_modules/react/cjs/react.development.js:2667:24)
      at act (node_modules/react/cjs/react.development.js:2582:11)
      at node_modules/@testing-library/react/dist/act-compat.js:47:25
      at renderRoot (node_modules/@testing-library/react/dist/pure.js:180:26)
      at render (node_modules/@testing-library/react/dist/pure.js:271:10)
      at Object.<anonymous> (src/components/study/__tests__/ModuleModal.test.tsx:50:11)

    console.error
      Error: Uncaught [Error: No QueryClient set, use QueryClientProvider to set one]
          at reportException (/Users/yusefbach/Projekte/studynexus/frontend/node_modules/jsdom/lib/jsdom/living/helpers/runtime-script-errors.js:66:24)
          at innerInvokeEventListeners (/Users/yusefbach/Projekte/studynexus/frontend/node_modules/jsdom/lib/jsdom/living/events/EventTarget-impl.js:353:9)
          at invokeEventListeners (/Users/yusefbach/Projekte/studynexus/frontend/node_modules/jsdom/lib/jsdom/living/events/EventTarget-impl.js:286:3)
          at HTMLUnknownElementImpl._dispatch (/Users/yusefbach/Projekte/studynexus/frontend/node_modules/jsdom/lib/jsdom/living/events/EventTarget-impl.js:233:9)
          at HTMLUnknownElementImpl.dispatchEvent (/Users/yusefbach/Projekte/studynexus/frontend/node_modules/jsdom/lib/jsdom/living/events/EventTarget-impl.js:104:17)
          at HTMLUnknownElement.dispatchEvent (/Users/yusefbach/Projekte/studynexus/frontend/node_modules/jsdom/lib/jsdom/living/generated/EventTarget.js:241:34)
          at Object.invokeGuardedCallbackDev (/Users/yusefbach/Projekte/studynexus/frontend/node_modules/react-dom/cjs/react-dom.development.js:4213:16)
          at invokeGuardedCallback (/Users/yusefbach/Projekte/studynexus/frontend/node_modules/react-dom/cjs/react-dom.development.js:4277:31)
          at beginWork$1 (/Users/yusefbach/Projekte/studynexus/frontend/node_modules/react-dom/cjs/react-dom.development.js:27490:7)
          at performUnitOfWork (/Users/yusefbach/Projekte/studynexus/frontend/node_modules/react-dom/cjs/react-dom.development.js:26599:12)
          at workLoopSync (/Users/yusefbach/Projekte/studynexus/frontend/node_modules/react-dom/cjs/react-dom.development.js:26505:5)
          at renderRootSync (/Users/yusefbach/Projekte/studynexus/frontend/node_modules/react-dom/cjs/react-dom.development.js:26473:7)
          at performConcurrentWorkOnRoot (/Users/yusefbach/Projekte/studynexus/frontend/node_modules/react-dom/cjs/react-dom.development.js:25777:74)
          at flushActQueue (/Users/yusefbach/Projekte/studynexus/frontend/node_modules/react/cjs/react.development.js:2667:24)
          at act (/Users/yusefbach/Projekte/studynexus/frontend/node_modules/react/cjs/react.development.js:2582:11)
          at /Users/yusefbach/Projekte/studynexus/frontend/node_modules/@testing-library/react/dist/act-compat.js:47:25
          at renderRoot (/Users/yusefbach/Projekte/studynexus/frontend/node_modules/@testing-library/react/dist/pure.js:180:26)
          at render (/Users/yusefbach/Projekte/studynexus/frontend/node_modules/@testing-library/react/dist/pure.js:271:10)
          at Object.<anonymous> (/Users/yusefbach/Projekte/studynexus/frontend/src/components/study/__tests__/ModuleModal.test.tsx:56:11)
          at Promise.then.completed (/Users/yusefbach/Projekte/studynexus/frontend/node_modules/jest-circus/build/utils.js:298:28)
          at new Promise (<anonymous>)
          at callAsyncCircusFn (/Users/yusefbach/Projekte/studynexus/frontend/node_modules/jest-circus/build/utils.js:231:10)
          at _callCircusTest (/Users/yusefbach/Projekte/studynexus/frontend/node_modules/jest-circus/build/run.js:316:40)
          at processTicksAndRejections (node:internal/process/task_queues:104:5)
          at _runTest (/Users/yusefbach/Projekte/studynexus/frontend/node_modules/jest-circus/build/run.js:252:3)
          at _runTestsForDescribeBlock (/Users/yusefbach/Projekte/studynexus/frontend/node_modules/jest-circus/build/run.js:126:9)
          at _runTestsForDescribeBlock (/Users/yusefbach/Projekte/studynexus/frontend/node_modules/jest-circus/build/run.js:121:9)
          at run (/Users/yusefbach/Projekte/studynexus/frontend/node_modules/jest-circus/build/run.js:71:3)
          at runAndTransformResultsToJestFormat (/Users/yusefbach/Projekte/studynexus/frontend/node_modules/jest-circus/build/legacy-code-todo-rewrite/jestAdapterInit.js:122:21)
          at jestAdapter (/Users/yusefbach/Projekte/studynexus/frontend/node_modules/jest-circus/build/legacy-code-todo-rewrite/jestAdapter.js:79:19)
          at runTestInternal (/Users/yusefbach/Projekte/studynexus/frontend/node_modules/jest-runner/build/runTest.js:367:16)
          at runTest (/Users/yusefbach/Projekte/studynexus/frontend/node_modules/jest-runner/build/runTest.js:444:34)
          at Object.worker (/Users/yusefbach/Projekte/studynexus/frontend/node_modules/jest-runner/build/testWorker.js:106:12) {
        detail: Error: No QueryClient set, use QueryClientProvider to set one
            at useQueryClient (/Users/yusefbach/Projekte/studynexus/frontend/node_modules/@tanstack/react-query/src/QueryClientProvider.tsx:18:11)
            at useUpdateModule (/Users/yusefbach/Projekte/studynexus/frontend/src/hooks/queries/useUpdateModule.ts:13:37)
            at ModuleModal (/Users/yusefbach/Projekte/studynexus/frontend/src/components/study/ModuleModal.tsx:51:39)
            at renderWithHooks (/Users/yusefbach/Projekte/studynexus/frontend/node_modules/react-dom/cjs/react-dom.development.js:15486:18)
            at mountIndeterminateComponent (/Users/yusefbach/Projekte/studynexus/frontend/node_modules/react-dom/cjs/react-dom.development.js:20103:13)
            at beginWork (/Users/yusefbach/Projekte/studynexus/frontend/node_modules/react-dom/cjs/react-dom.development.js:21626:16)
            at HTMLUnknownElement.callCallback (/Users/yusefbach/Projekte/studynexus/frontend/node_modules/react-dom/cjs/react-dom.development.js:4164:14)
            at HTMLUnknownElement.callTheUserObjectsOperation (/Users/yusefbach/Projekte/studynexus/frontend/node_modules/jsdom/lib/jsdom/living/generated/EventListener.js:26:30)
            at innerInvokeEventListeners (/Users/yusefbach/Projekte/studynexus/frontend/node_modules/jsdom/lib/jsdom/living/events/EventTarget-impl.js:350:25)
            at invokeEventListeners (/Users/yusefbach/Projekte/studynexus/frontend/node_modules/jsdom/lib/jsdom/living/events/EventTarget-impl.js:286:3)
            at HTMLUnknownElementImpl._dispatch (/Users/yusefbach/Projekte/studynexus/frontend/node_modules/jsdom/lib/jsdom/living/events/EventTarget-impl.js:233:9)
            at HTMLUnknownElementImpl.dispatchEvent (/Users/yusefbach/Projekte/studynexus/frontend/node_modules/jsdom/lib/jsdom/living/events/EventTarget-impl.js:104:17)
            at HTMLUnknownElement.dispatchEvent (/Users/yusefbach/Projekte/studynexus/frontend/node_modules/jsdom/lib/jsdom/living/generated/EventTarget.js:241:34)
            at Object.invokeGuardedCallbackDev (/Users/yusefbach/Projekte/studynexus/frontend/node_modules/react-dom/cjs/react-dom.development.js:4213:16)
            at invokeGuardedCallback (/Users/yusefbach/Projekte/studynexus/frontend/node_modules/react-dom/cjs/react-dom.development.js:4277:31)
            at beginWork$1 (/Users/yusefbach/Projekte/studynexus/frontend/node_modules/react-dom/cjs/react-dom.development.js:27490:7)
            at performUnitOfWork (/Users/yusefbach/Projekte/studynexus/frontend/node_modules/react-dom/cjs/react-dom.development.js:26599:12)
            at workLoopSync (/Users/yusefbach/Projekte/studynexus/frontend/node_modules/react-dom/cjs/react-dom.development.js:26505:5)
            at renderRootSync (/Users/yusefbach/Projekte/studynexus/frontend/node_modules/react-dom/cjs/react-dom.development.js:26473:7)
            at performConcurrentWorkOnRoot (/Users/yusefbach/Projekte/studynexus/frontend/node_modules/react-dom/cjs/react-dom.development.js:25777:74)
            at flushActQueue (/Users/yusefbach/Projekte/studynexus/frontend/node_modules/react/cjs/react.development.js:2667:24)
            at act (/Users/yusefbach/Projekte/studynexus/frontend/node_modules/react/cjs/react.development.js:2582:11)
            at /Users/yusefbach/Projekte/studynexus/frontend/node_modules/@testing-library/react/dist/act-compat.js:47:25
            at renderRoot (/Users/yusefbach/Projekte/studynexus/frontend/node_modules/@testing-library/react/dist/pure.js:180:26)
            at render (/Users/yusefbach/Projekte/studynexus/frontend/node_modules/@testing-library/react/dist/pure.js:271:10)
            at Object.<anonymous> (/Users/yusefbach/Projekte/studynexus/frontend/src/components/study/__tests__/ModuleModal.test.tsx:56:11)
            at Promise.then.completed (/Users/yusefbach/Projekte/studynexus/frontend/node_modules/jest-circus/build/utils.js:298:28)
            at new Promise (<anonymous>)
            at callAsyncCircusFn (/Users/yusefbach/Projekte/studynexus/frontend/node_modules/jest-circus/build/utils.js:231:10)
            at _callCircusTest (/Users/yusefbach/Projekte/studynexus/frontend/node_modules/jest-circus/build/run.js:316:40)
            at processTicksAndRejections (node:internal/process/task_queues:104:5)
            at _runTest (/Users/yusefbach/Projekte/studynexus/frontend/node_modules/jest-circus/build/run.js:252:3)
            at _runTestsForDescribeBlock (/Users/yusefbach/Projekte/studynexus/frontend/node_modules/jest-circus/build/run.js:126:9)
            at _runTestsForDescribeBlock (/Users/yusefbach/Projekte/studynexus/frontend/node_modules/jest-circus/build/run.js:121:9)
            at run (/Users/yusefbach/Projekte/studynexus/frontend/node_modules/jest-circus/build/run.js:71:3)
            at runAndTransformResultsToJestFormat (/Users/yusefbach/Projekte/studynexus/frontend/node_modules/jest-circus/build/legacy-code-todo-rewrite/jestAdapterInit.js:122:21)
            at jestAdapter (/Users/yusefbach/Projekte/studynexus/frontend/node_modules/jest-circus/build/legacy-code-todo-rewrite/jestAdapter.js:79:19)
            at runTestInternal (/Users/yusefbach/Projekte/studynexus/frontend/node_modules/jest-runner/build/runTest.js:367:16)
            at runTest (/Users/yusefbach/Projekte/studynexus/frontend/node_modules/jest-runner/build/runTest.js:444:34)
            at Object.worker (/Users/yusefbach/Projekte/studynexus/frontend/node_modules/jest-runner/build/testWorker.js:106:12),
        type: 'unhandled exception'
      }

      54 |
      55 |   it("shows note input for graded module", () => {
    > 56 |     render(<ModuleModal studentModule={makeModule()} open={true} onClose={noop} onSave={noop} />);
         |           ^
      57 |     expect(screen.getByLabelText("dashboard.modal.note")).toBeInTheDocument();
      58 |   });
      59 |

      at VirtualConsole.<anonymous> (node_modules/jest-environment-jsdom/build/index.js:63:23)
      at reportException (node_modules/jsdom/lib/jsdom/living/helpers/runtime-script-errors.js:70:28)
      at innerInvokeEventListeners (node_modules/jsdom/lib/jsdom/living/events/EventTarget-impl.js:353:9)
      at invokeEventListeners (node_modules/jsdom/lib/jsdom/living/events/EventTarget-impl.js:286:3)
      at HTMLUnknownElementImpl._dispatch (node_modules/jsdom/lib/jsdom/living/events/EventTarget-impl.js:233:9)
      at HTMLUnknownElementImpl.dispatchEvent (node_modules/jsdom/lib/jsdom/living/events/EventTarget-impl.js:104:17)
      at HTMLUnknownElement.dispatchEvent (node_modules/jsdom/lib/jsdom/living/generated/EventTarget.js:241:34)
      at Object.invokeGuardedCallbackDev (node_modules/react-dom/cjs/react-dom.development.js:4213:16)
      at invokeGuardedCallback (node_modules/react-dom/cjs/react-dom.development.js:4277:31)
      at beginWork$1 (node_modules/react-dom/cjs/react-dom.development.js:27490:7)
      at performUnitOfWork (node_modules/react-dom/cjs/react-dom.development.js:26599:12)
      at workLoopSync (node_modules/react-dom/cjs/react-dom.development.js:26505:5)
      at renderRootSync (node_modules/react-dom/cjs/react-dom.development.js:26473:7)
      at performConcurrentWorkOnRoot (node_modules/react-dom/cjs/react-dom.development.js:25777:74)
      at flushActQueue (node_modules/react/cjs/react.development.js:2667:24)
      at act (node_modules/react/cjs/react.development.js:2582:11)
      at node_modules/@testing-library/react/dist/act-compat.js:47:25
      at renderRoot (node_modules/@testing-library/react/dist/pure.js:180:26)
      at render (node_modules/@testing-library/react/dist/pure.js:271:10)
      at Object.<anonymous> (src/components/study/__tests__/ModuleModal.test.tsx:56:11)

    console.error
      Error: Uncaught [Error: No QueryClient set, use QueryClientProvider to set one]
          at reportException (/Users/yusefbach/Projekte/studynexus/frontend/node_modules/jsdom/lib/jsdom/living/helpers/runtime-script-errors.js:66:24)
          at innerInvokeEventListeners (/Users/yusefbach/Projekte/studynexus/frontend/node_modules/jsdom/lib/jsdom/living/events/EventTarget-impl.js:353:9)
          at invokeEventListeners (/Users/yusefbach/Projekte/studynexus/frontend/node_modules/jsdom/lib/jsdom/living/events/EventTarget-impl.js:286:3)
          at HTMLUnknownElementImpl._dispatch (/Users/yusefbach/Projekte/studynexus/frontend/node_modules/jsdom/lib/jsdom/living/events/EventTarget-impl.js:233:9)
          at HTMLUnknownElementImpl.dispatchEvent (/Users/yusefbach/Projekte/studynexus/frontend/node_modules/jsdom/lib/jsdom/living/events/EventTarget-impl.js:104:17)
          at HTMLUnknownElement.dispatchEvent (/Users/yusefbach/Projekte/studynexus/frontend/node_modules/jsdom/lib/jsdom/living/generated/EventTarget.js:241:34)
          at Object.invokeGuardedCallbackDev (/Users/yusefbach/Projekte/studynexus/frontend/node_modules/react-dom/cjs/react-dom.development.js:4213:16)
          at invokeGuardedCallback (/Users/yusefbach/Projekte/studynexus/frontend/node_modules/react-dom/cjs/react-dom.development.js:4277:31)
          at beginWork$1 (/Users/yusefbach/Projekte/studynexus/frontend/node_modules/react-dom/cjs/react-dom.development.js:27490:7)
          at performUnitOfWork (/Users/yusefbach/Projekte/studynexus/frontend/node_modules/react-dom/cjs/react-dom.development.js:26599:12)
          at workLoopSync (/Users/yusefbach/Projekte/studynexus/frontend/node_modules/react-dom/cjs/react-dom.development.js:26505:5)
          at renderRootSync (/Users/yusefbach/Projekte/studynexus/frontend/node_modules/react-dom/cjs/react-dom.development.js:26473:7)
          at recoverFromConcurrentError (/Users/yusefbach/Projekte/studynexus/frontend/node_modules/react-dom/cjs/react-dom.development.js:25889:20)
          at performConcurrentWorkOnRoot (/Users/yusefbach/Projekte/studynexus/frontend/node_modules/react-dom/cjs/react-dom.development.js:25789:22)
          at flushActQueue (/Users/yusefbach/Projekte/studynexus/frontend/node_modules/react/cjs/react.development.js:2667:24)
          at act (/Users/yusefbach/Projekte/studynexus/frontend/node_modules/react/cjs/react.development.js:2582:11)
          at /Users/yusefbach/Projekte/studynexus/frontend/node_modules/@testing-library/react/dist/act-compat.js:47:25
          at renderRoot (/Users/yusefbach/Projekte/studynexus/frontend/node_modules/@testing-library/react/dist/pure.js:180:26)
          at render (/Users/yusefbach/Projekte/studynexus/frontend/node_modules/@testing-library/react/dist/pure.js:271:10)
          at Object.<anonymous> (/Users/yusefbach/Projekte/studynexus/frontend/src/components/study/__tests__/ModuleModal.test.tsx:56:11)
          at Promise.then.completed (/Users/yusefbach/Projekte/studynexus/frontend/node_modules/jest-circus/build/utils.js:298:28)
          at new Promise (<anonymous>)
          at callAsyncCircusFn (/Users/yusefbach/Projekte/studynexus/frontend/node_modules/jest-circus/build/utils.js:231:10)
          at _callCircusTest (/Users/yusefbach/Projekte/studynexus/frontend/node_modules/jest-circus/build/run.js:316:40)
          at processTicksAndRejections (node:internal/process/task_queues:104:5)
          at _runTest (/Users/yusefbach/Projekte/studynexus/frontend/node_modules/jest-circus/build/run.js:252:3)
          at _runTestsForDescribeBlock (/Users/yusefbach/Projekte/studynexus/frontend/node_modules/jest-circus/build/run.js:126:9)
          at _runTestsForDescribeBlock (/Users/yusefbach/Projekte/studynexus/frontend/node_modules/jest-circus/build/run.js:121:9)
          at run (/Users/yusefbach/Projekte/studynexus/frontend/node_modules/jest-circus/build/run.js:71:3)
          at runAndTransformResultsToJestFormat (/Users/yusefbach/Projekte/studynexus/frontend/node_modules/jest-circus/build/legacy-code-todo-rewrite/jestAdapterInit.js:122:21)
          at jestAdapter (/Users/yusefbach/Projekte/studynexus/frontend/node_modules/jest-circus/build/legacy-code-todo-rewrite/jestAdapter.js:79:19)
          at runTestInternal (/Users/yusefbach/Projekte/studynexus/frontend/node_modules/jest-runner/build/runTest.js:367:16)
          at runTest (/Users/yusefbach/Projekte/studynexus/frontend/node_modules/jest-runner/build/runTest.js:444:34)
          at Object.worker (/Users/yusefbach/Projekte/studynexus/frontend/node_modules/jest-runner/build/testWorker.js:106:12) {
        detail: Error: No QueryClient set, use QueryClientProvider to set one
            at useQueryClient (/Users/yusefbach/Projekte/studynexus/frontend/node_modules/@tanstack/react-query/src/QueryClientProvider.tsx:18:11)
            at useUpdateModule (/Users/yusefbach/Projekte/studynexus/frontend/src/hooks/queries/useUpdateModule.ts:13:37)
            at ModuleModal (/Users/yusefbach/Projekte/studynexus/frontend/src/components/study/ModuleModal.tsx:51:39)
            at renderWithHooks (/Users/yusefbach/Projekte/studynexus/frontend/node_modules/react-dom/cjs/react-dom.development.js:15486:18)
            at mountIndeterminateComponent (/Users/yusefbach/Projekte/studynexus/frontend/node_modules/react-dom/cjs/react-dom.development.js:20103:13)
            at beginWork (/Users/yusefbach/Projekte/studynexus/frontend/node_modules/react-dom/cjs/react-dom.development.js:21626:16)
            at HTMLUnknownElement.callCallback (/Users/yusefbach/Projekte/studynexus/frontend/node_modules/react-dom/cjs/react-dom.development.js:4164:14)
            at HTMLUnknownElement.callTheUserObjectsOperation (/Users/yusefbach/Projekte/studynexus/frontend/node_modules/jsdom/lib/jsdom/living/generated/EventListener.js:26:30)
            at innerInvokeEventListeners (/Users/yusefbach/Projekte/studynexus/frontend/node_modules/jsdom/lib/jsdom/living/events/EventTarget-impl.js:350:25)
            at invokeEventListeners (/Users/yusefbach/Projekte/studynexus/frontend/node_modules/jsdom/lib/jsdom/living/events/EventTarget-impl.js:286:3)
            at HTMLUnknownElementImpl._dispatch (/Users/yusefbach/Projekte/studynexus/frontend/node_modules/jsdom/lib/jsdom/living/events/EventTarget-impl.js:233:9)
            at HTMLUnknownElementImpl.dispatchEvent (/Users/yusefbach/Projekte/studynexus/frontend/node_modules/jsdom/lib/jsdom/living/events/EventTarget-impl.js:104:17)
            at HTMLUnknownElement.dispatchEvent (/Users/yusefbach/Projekte/studynexus/frontend/node_modules/jsdom/lib/jsdom/living/generated/EventTarget.js:241:34)
            at Object.invokeGuardedCallbackDev (/Users/yusefbach/Projekte/studynexus/frontend/node_modules/react-dom/cjs/react-dom.development.js:4213:16)
            at invokeGuardedCallback (/Users/yusefbach/Projekte/studynexus/frontend/node_modules/react-dom/cjs/react-dom.development.js:4277:31)
            at beginWork$1 (/Users/yusefbach/Projekte/studynexus/frontend/node_modules/react-dom/cjs/react-dom.development.js:27490:7)
            at performUnitOfWork (/Users/yusefbach/Projekte/studynexus/frontend/node_modules/react-dom/cjs/react-dom.development.js:26599:12)
            at workLoopSync (/Users/yusefbach/Projekte/studynexus/frontend/node_modules/react-dom/cjs/react-dom.development.js:26505:5)
            at renderRootSync (/Users/yusefbach/Projekte/studynexus/frontend/node_modules/react-dom/cjs/react-dom.development.js:26473:7)
            at recoverFromConcurrentError (/Users/yusefbach/Projekte/studynexus/frontend/node_modules/react-dom/cjs/react-dom.development.js:25889:20)
            at performConcurrentWorkOnRoot (/Users/yusefbach/Projekte/studynexus/frontend/node_modules/react-dom/cjs/react-dom.development.js:25789:22)
            at flushActQueue (/Users/yusefbach/Projekte/studynexus/frontend/node_modules/react/cjs/react.development.js:2667:24)
            at act (/Users/yusefbach/Projekte/studynexus/frontend/node_modules/react/cjs/react.development.js:2582:11)
            at /Users/yusefbach/Projekte/studynexus/frontend/node_modules/@testing-library/react/dist/act-compat.js:47:25
            at renderRoot (/Users/yusefbach/Projekte/studynexus/frontend/node_modules/@testing-library/react/dist/pure.js:180:26)
            at render (/Users/yusefbach/Projekte/studynexus/frontend/node_modules/@testing-library/react/dist/pure.js:271:10)
            at Object.<anonymous> (/Users/yusefbach/Projekte/studynexus/frontend/src/components/study/__tests__/ModuleModal.test.tsx:56:11)
            at Promise.then.completed (/Users/yusefbach/Projekte/studynexus/frontend/node_modules/jest-circus/build/utils.js:298:28)
            at new Promise (<anonymous>)
            at callAsyncCircusFn (/Users/yusefbach/Projekte/studynexus/frontend/node_modules/jest-circus/build/utils.js:231:10)
            at _callCircusTest (/Users/yusefbach/Projekte/studynexus/frontend/node_modules/jest-circus/build/run.js:316:40)
            at processTicksAndRejections (node:internal/process/task_queues:104:5)
            at _runTest (/Users/yusefbach/Projekte/studynexus/frontend/node_modules/jest-circus/build/run.js:252:3)
            at _runTestsForDescribeBlock (/Users/yusefbach/Projekte/studynexus/frontend/node_modules/jest-circus/build/run.js:126:9)
            at _runTestsForDescribeBlock (/Users/yusefbach/Projekte/studynexus/frontend/node_modules/jest-circus/build/run.js:121:9)
            at run (/Users/yusefbach/Projekte/studynexus/frontend/node_modules/jest-circus/build/run.js:71:3)
            at runAndTransformResultsToJestFormat (/Users/yusefbach/Projekte/studynexus/frontend/node_modules/jest-circus/build/legacy-code-todo-rewrite/jestAdapterInit.js:122:21)
            at jestAdapter (/Users/yusefbach/Projekte/studynexus/frontend/node_modules/jest-circus/build/legacy-code-todo-rewrite/jestAdapter.js:79:19)
            at runTestInternal (/Users/yusefbach/Projekte/studynexus/frontend/node_modules/jest-runner/build/runTest.js:367:16)
            at runTest (/Users/yusefbach/Projekte/studynexus/frontend/node_modules/jest-runner/build/runTest.js:444:34)
            at Object.worker (/Users/yusefbach/Projekte/studynexus/frontend/node_modules/jest-runner/build/testWorker.js:106:12),
        type: 'unhandled exception'
      }

      54 |
      55 |   it("shows note input for graded module", () => {
    > 56 |     render(<ModuleModal studentModule={makeModule()} open={true} onClose={noop} onSave={noop} />);
         |           ^
      57 |     expect(screen.getByLabelText("dashboard.modal.note")).toBeInTheDocument();
      58 |   });
      59 |

      at VirtualConsole.<anonymous> (node_modules/jest-environment-jsdom/build/index.js:63:23)
      at reportException (node_modules/jsdom/lib/jsdom/living/helpers/runtime-script-errors.js:70:28)
      at innerInvokeEventListeners (node_modules/jsdom/lib/jsdom/living/events/EventTarget-impl.js:353:9)
      at invokeEventListeners (node_modules/jsdom/lib/jsdom/living/events/EventTarget-impl.js:286:3)
      at HTMLUnknownElementImpl._dispatch (node_modules/jsdom/lib/jsdom/living/events/EventTarget-impl.js:233:9)
      at HTMLUnknownElementImpl.dispatchEvent (node_modules/jsdom/lib/jsdom/living/events/EventTarget-impl.js:104:17)
      at HTMLUnknownElement.dispatchEvent (node_modules/jsdom/lib/jsdom/living/generated/EventTarget.js:241:34)
      at Object.invokeGuardedCallbackDev (node_modules/react-dom/cjs/react-dom.development.js:4213:16)
      at invokeGuardedCallback (node_modules/react-dom/cjs/react-dom.development.js:4277:31)
      at beginWork$1 (node_modules/react-dom/cjs/react-dom.development.js:27490:7)
      at performUnitOfWork (node_modules/react-dom/cjs/react-dom.development.js:26599:12)
      at workLoopSync (node_modules/react-dom/cjs/react-dom.development.js:26505:5)
      at renderRootSync (node_modules/react-dom/cjs/react-dom.development.js:26473:7)
      at recoverFromConcurrentError (node_modules/react-dom/cjs/react-dom.development.js:25889:20)
      at performConcurrentWorkOnRoot (node_modules/react-dom/cjs/react-dom.development.js:25789:22)
      at flushActQueue (node_modules/react/cjs/react.development.js:2667:24)
      at act (node_modules/react/cjs/react.development.js:2582:11)
      at node_modules/@testing-library/react/dist/act-compat.js:47:25
      at renderRoot (node_modules/@testing-library/react/dist/pure.js:180:26)
      at render (node_modules/@testing-library/react/dist/pure.js:271:10)
      at Object.<anonymous> (src/components/study/__tests__/ModuleModal.test.tsx:56:11)

    console.error
      The above error occurred in the <ModuleModal> component:
      
          at sm (/Users/yusefbach/Projekte/studynexus/frontend/src/components/study/ModuleModal.tsx:35:46)
      
      Consider adding an error boundary to your tree to customize error handling behavior.
      Visit https://reactjs.org/link/error-boundaries to learn more about error boundaries.

      54 |
      55 |   it("shows note input for graded module", () => {
    > 56 |     render(<ModuleModal studentModule={makeModule()} open={true} onClose={noop} onSave={noop} />);
         |           ^
      57 |     expect(screen.getByLabelText("dashboard.modal.note")).toBeInTheDocument();
      58 |   });
      59 |

      at logCapturedError (node_modules/react-dom/cjs/react-dom.development.js:18704:23)
      at update.callback (node_modules/react-dom/cjs/react-dom.development.js:18737:5)
      at callCallback (node_modules/react-dom/cjs/react-dom.development.js:15036:12)
      at commitUpdateQueue (node_modules/react-dom/cjs/react-dom.development.js:15057:9)
      at commitLayoutEffectOnFiber (node_modules/react-dom/cjs/react-dom.development.js:23430:13)
      at commitLayoutMountEffects_complete (node_modules/react-dom/cjs/react-dom.development.js:24727:9)
      at commitLayoutEffects_begin (node_modules/react-dom/cjs/react-dom.development.js:24713:7)
      at commitLayoutEffects (node_modules/react-dom/cjs/react-dom.development.js:24651:3)
      at commitRootImpl (node_modules/react-dom/cjs/react-dom.development.js:26862:5)
      at commitRoot (node_modules/react-dom/cjs/react-dom.development.js:26721:5)
      at finishConcurrentRender (node_modules/react-dom/cjs/react-dom.development.js:25931:9)
      at performConcurrentWorkOnRoot (node_modules/react-dom/cjs/react-dom.development.js:25848:7)
      at flushActQueue (node_modules/react/cjs/react.development.js:2667:24)
      at act (node_modules/react/cjs/react.development.js:2582:11)
      at node_modules/@testing-library/react/dist/act-compat.js:47:25
      at renderRoot (node_modules/@testing-library/react/dist/pure.js:180:26)
      at render (node_modules/@testing-library/react/dist/pure.js:271:10)
      at Object.<anonymous> (src/components/study/__tests__/ModuleModal.test.tsx:56:11)

    console.error
      Error: Uncaught [Error: No QueryClient set, use QueryClientProvider to set one]
          at reportException (/Users/yusefbach/Projekte/studynexus/frontend/node_modules/jsdom/lib/jsdom/living/helpers/runtime-script-errors.js:66:24)
          at innerInvokeEventListeners (/Users/yusefbach/Projekte/studynexus/frontend/node_modules/jsdom/lib/jsdom/living/events/EventTarget-impl.js:353:9)
          at invokeEventListeners (/Users/yusefbach/Projekte/studynexus/frontend/node_modules/jsdom/lib/jsdom/living/events/EventTarget-impl.js:286:3)
          at HTMLUnknownElementImpl._dispatch (/Users/yusefbach/Projekte/studynexus/frontend/node_modules/jsdom/lib/jsdom/living/events/EventTarget-impl.js:233:9)
          at HTMLUnknownElementImpl.dispatchEvent (/Users/yusefbach/Projekte/studynexus/frontend/node_modules/jsdom/lib/jsdom/living/events/EventTarget-impl.js:104:17)
          at HTMLUnknownElement.dispatchEvent (/Users/yusefbach/Projekte/studynexus/frontend/node_modules/jsdom/lib/jsdom/living/generated/EventTarget.js:241:34)
          at Object.invokeGuardedCallbackDev (/Users/yusefbach/Projekte/studynexus/frontend/node_modules/react-dom/cjs/react-dom.development.js:4213:16)
          at invokeGuardedCallback (/Users/yusefbach/Projekte/studynexus/frontend/node_modules/react-dom/cjs/react-dom.development.js:4277:31)
          at beginWork$1 (/Users/yusefbach/Projekte/studynexus/frontend/node_modules/react-dom/cjs/react-dom.development.js:27490:7)
          at performUnitOfWork (/Users/yusefbach/Projekte/studynexus/frontend/node_modules/react-dom/cjs/react-dom.development.js:26599:12)
          at workLoopSync (/Users/yusefbach/Projekte/studynexus/frontend/node_modules/react-dom/cjs/react-dom.development.js:26505:5)
          at renderRootSync (/Users/yusefbach/Projekte/studynexus/frontend/node_modules/react-dom/cjs/react-dom.development.js:26473:7)
          at performConcurrentWorkOnRoot (/Users/yusefbach/Projekte/studynexus/frontend/node_modules/react-dom/cjs/react-dom.development.js:25777:74)
          at flushActQueue (/Users/yusefbach/Projekte/studynexus/frontend/node_modules/react/cjs/react.development.js:2667:24)
          at act (/Users/yusefbach/Projekte/studynexus/frontend/node_modules/react/cjs/react.development.js:2582:11)
          at /Users/yusefbach/Projekte/studynexus/frontend/node_modules/@testing-library/react/dist/act-compat.js:47:25
          at renderRoot (/Users/yusefbach/Projekte/studynexus/frontend/node_modules/@testing-library/react/dist/pure.js:180:26)
          at render (/Users/yusefbach/Projekte/studynexus/frontend/node_modules/@testing-library/react/dist/pure.js:271:10)
          at Object.<anonymous> (/Users/yusefbach/Projekte/studynexus/frontend/src/components/study/__tests__/ModuleModal.test.tsx:62:11)
          at Promise.then.completed (/Users/yusefbach/Projekte/studynexus/frontend/node_modules/jest-circus/build/utils.js:298:28)
          at new Promise (<anonymous>)
          at callAsyncCircusFn (/Users/yusefbach/Projekte/studynexus/frontend/node_modules/jest-circus/build/utils.js:231:10)
          at _callCircusTest (/Users/yusefbach/Projekte/studynexus/frontend/node_modules/jest-circus/build/run.js:316:40)
          at processTicksAndRejections (node:internal/process/task_queues:104:5)
          at _runTest (/Users/yusefbach/Projekte/studynexus/frontend/node_modules/jest-circus/build/run.js:252:3)
          at _runTestsForDescribeBlock (/Users/yusefbach/Projekte/studynexus/frontend/node_modules/jest-circus/build/run.js:126:9)
          at _runTestsForDescribeBlock (/Users/yusefbach/Projekte/studynexus/frontend/node_modules/jest-circus/build/run.js:121:9)
          at run (/Users/yusefbach/Projekte/studynexus/frontend/node_modules/jest-circus/build/run.js:71:3)
          at runAndTransformResultsToJestFormat (/Users/yusefbach/Projekte/studynexus/frontend/node_modules/jest-circus/build/legacy-code-todo-rewrite/jestAdapterInit.js:122:21)
          at jestAdapter (/Users/yusefbach/Projekte/studynexus/frontend/node_modules/jest-circus/build/legacy-code-todo-rewrite/jestAdapter.js:79:19)
          at runTestInternal (/Users/yusefbach/Projekte/studynexus/frontend/node_modules/jest-runner/build/runTest.js:367:16)
          at runTest (/Users/yusefbach/Projekte/studynexus/frontend/node_modules/jest-runner/build/runTest.js:444:34)
          at Object.worker (/Users/yusefbach/Projekte/studynexus/frontend/node_modules/jest-runner/build/testWorker.js:106:12) {
        detail: Error: No QueryClient set, use QueryClientProvider to set one
            at useQueryClient (/Users/yusefbach/Projekte/studynexus/frontend/node_modules/@tanstack/react-query/src/QueryClientProvider.tsx:18:11)
            at useUpdateModule (/Users/yusefbach/Projekte/studynexus/frontend/src/hooks/queries/useUpdateModule.ts:13:37)
            at ModuleModal (/Users/yusefbach/Projekte/studynexus/frontend/src/components/study/ModuleModal.tsx:51:39)
            at renderWithHooks (/Users/yusefbach/Projekte/studynexus/frontend/node_modules/react-dom/cjs/react-dom.development.js:15486:18)
            at mountIndeterminateComponent (/Users/yusefbach/Projekte/studynexus/frontend/node_modules/react-dom/cjs/react-dom.development.js:20103:13)
            at beginWork (/Users/yusefbach/Projekte/studynexus/frontend/node_modules/react-dom/cjs/react-dom.development.js:21626:16)
            at HTMLUnknownElement.callCallback (/Users/yusefbach/Projekte/studynexus/frontend/node_modules/react-dom/cjs/react-dom.development.js:4164:14)
            at HTMLUnknownElement.callTheUserObjectsOperation (/Users/yusefbach/Projekte/studynexus/frontend/node_modules/jsdom/lib/jsdom/living/generated/EventListener.js:26:30)
            at innerInvokeEventListeners (/Users/yusefbach/Projekte/studynexus/frontend/node_modules/jsdom/lib/jsdom/living/events/EventTarget-impl.js:350:25)
            at invokeEventListeners (/Users/yusefbach/Projekte/studynexus/frontend/node_modules/jsdom/lib/jsdom/living/events/EventTarget-impl.js:286:3)
            at HTMLUnknownElementImpl._dispatch (/Users/yusefbach/Projekte/studynexus/frontend/node_modules/jsdom/lib/jsdom/living/events/EventTarget-impl.js:233:9)
            at HTMLUnknownElementImpl.dispatchEvent (/Users/yusefbach/Projekte/studynexus/frontend/node_modules/jsdom/lib/jsdom/living/events/EventTarget-impl.js:104:17)
            at HTMLUnknownElement.dispatchEvent (/Users/yusefbach/Projekte/studynexus/frontend/node_modules/jsdom/lib/jsdom/living/generated/EventTarget.js:241:34)
            at Object.invokeGuardedCallbackDev (/Users/yusefbach/Projekte/studynexus/frontend/node_modules/react-dom/cjs/react-dom.development.js:4213:16)
            at invokeGuardedCallback (/Users/yusefbach/Projekte/studynexus/frontend/node_modules/react-dom/cjs/react-dom.development.js:4277:31)
            at beginWork$1 (/Users/yusefbach/Projekte/studynexus/frontend/node_modules/react-dom/cjs/react-dom.development.js:27490:7)
            at performUnitOfWork (/Users/yusefbach/Projekte/studynexus/frontend/node_modules/react-dom/cjs/react-dom.development.js:26599:12)
            at workLoopSync (/Users/yusefbach/Projekte/studynexus/frontend/node_modules/react-dom/cjs/react-dom.development.js:26505:5)
            at renderRootSync (/Users/yusefbach/Projekte/studynexus/frontend/node_modules/react-dom/cjs/react-dom.development.js:26473:7)
            at performConcurrentWorkOnRoot (/Users/yusefbach/Projekte/studynexus/frontend/node_modules/react-dom/cjs/react-dom.development.js:25777:74)
            at flushActQueue (/Users/yusefbach/Projekte/studynexus/frontend/node_modules/react/cjs/react.development.js:2667:24)
            at act (/Users/yusefbach/Projekte/studynexus/frontend/node_modules/react/cjs/react.development.js:2582:11)
            at /Users/yusefbach/Projekte/studynexus/frontend/node_modules/@testing-library/react/dist/act-compat.js:47:25
            at renderRoot (/Users/yusefbach/Projekte/studynexus/frontend/node_modules/@testing-library/react/dist/pure.js:180:26)
            at render (/Users/yusefbach/Projekte/studynexus/frontend/node_modules/@testing-library/react/dist/pure.js:271:10)
            at Object.<anonymous> (/Users/yusefbach/Projekte/studynexus/frontend/src/components/study/__tests__/ModuleModal.test.tsx:62:11)
            at Promise.then.completed (/Users/yusefbach/Projekte/studynexus/frontend/node_modules/jest-circus/build/utils.js:298:28)
            at new Promise (<anonymous>)
            at callAsyncCircusFn (/Users/yusefbach/Projekte/studynexus/frontend/node_modules/jest-circus/build/utils.js:231:10)
            at _callCircusTest (/Users/yusefbach/Projekte/studynexus/frontend/node_modules/jest-circus/build/run.js:316:40)
            at processTicksAndRejections (node:internal/process/task_queues:104:5)
            at _runTest (/Users/yusefbach/Projekte/studynexus/frontend/node_modules/jest-circus/build/run.js:252:3)
            at _runTestsForDescribeBlock (/Users/yusefbach/Projekte/studynexus/frontend/node_modules/jest-circus/build/run.js:126:9)
            at _runTestsForDescribeBlock (/Users/yusefbach/Projekte/studynexus/frontend/node_modules/jest-circus/build/run.js:121:9)
            at run (/Users/yusefbach/Projekte/studynexus/frontend/node_modules/jest-circus/build/run.js:71:3)
            at runAndTransformResultsToJestFormat (/Users/yusefbach/Projekte/studynexus/frontend/node_modules/jest-circus/build/legacy-code-todo-rewrite/jestAdapterInit.js:122:21)
            at jestAdapter (/Users/yusefbach/Projekte/studynexus/frontend/node_modules/jest-circus/build/legacy-code-todo-rewrite/jestAdapter.js:79:19)
            at runTestInternal (/Users/yusefbach/Projekte/studynexus/frontend/node_modules/jest-runner/build/runTest.js:367:16)
            at runTest (/Users/yusefbach/Projekte/studynexus/frontend/node_modules/jest-runner/build/runTest.js:444:34)
            at Object.worker (/Users/yusefbach/Projekte/studynexus/frontend/node_modules/jest-runner/build/testWorker.js:106:12),
        type: 'unhandled exception'
      }

      60 |   it("hides note input and shows badge for ungraded module", () => {
      61 |     const sm = makeModule({ module: { ...makeModule().module!, ist_benotet: false } });
    > 62 |     render(<ModuleModal studentModule={sm} open={true} onClose={noop} onSave={noop} />);
         |           ^
      63 |     expect(screen.queryByLabelText("dashboard.modal.note")).not.toBeInTheDocument();
      64 |     expect(screen.getByText("dashboard.modal.noteUngraded")).toBeInTheDocument();
      65 |   });

      at VirtualConsole.<anonymous> (node_modules/jest-environment-jsdom/build/index.js:63:23)
      at reportException (node_modules/jsdom/lib/jsdom/living/helpers/runtime-script-errors.js:70:28)
      at innerInvokeEventListeners (node_modules/jsdom/lib/jsdom/living/events/EventTarget-impl.js:353:9)
      at invokeEventListeners (node_modules/jsdom/lib/jsdom/living/events/EventTarget-impl.js:286:3)
      at HTMLUnknownElementImpl._dispatch (node_modules/jsdom/lib/jsdom/living/events/EventTarget-impl.js:233:9)
      at HTMLUnknownElementImpl.dispatchEvent (node_modules/jsdom/lib/jsdom/living/events/EventTarget-impl.js:104:17)
      at HTMLUnknownElement.dispatchEvent (node_modules/jsdom/lib/jsdom/living/generated/EventTarget.js:241:34)
      at Object.invokeGuardedCallbackDev (node_modules/react-dom/cjs/react-dom.development.js:4213:16)
      at invokeGuardedCallback (node_modules/react-dom/cjs/react-dom.development.js:4277:31)
      at beginWork$1 (node_modules/react-dom/cjs/react-dom.development.js:27490:7)
      at performUnitOfWork (node_modules/react-dom/cjs/react-dom.development.js:26599:12)
      at workLoopSync (node_modules/react-dom/cjs/react-dom.development.js:26505:5)
      at renderRootSync (node_modules/react-dom/cjs/react-dom.development.js:26473:7)
      at performConcurrentWorkOnRoot (node_modules/react-dom/cjs/react-dom.development.js:25777:74)
      at flushActQueue (node_modules/react/cjs/react.development.js:2667:24)
      at act (node_modules/react/cjs/react.development.js:2582:11)
      at node_modules/@testing-library/react/dist/act-compat.js:47:25
      at renderRoot (node_modules/@testing-library/react/dist/pure.js:180:26)
      at render (node_modules/@testing-library/react/dist/pure.js:271:10)
      at Object.<anonymous> (src/components/study/__tests__/ModuleModal.test.tsx:62:11)

    console.error
      Error: Uncaught [Error: No QueryClient set, use QueryClientProvider to set one]
          at reportException (/Users/yusefbach/Projekte/studynexus/frontend/node_modules/jsdom/lib/jsdom/living/helpers/runtime-script-errors.js:66:24)
          at innerInvokeEventListeners (/Users/yusefbach/Projekte/studynexus/frontend/node_modules/jsdom/lib/jsdom/living/events/EventTarget-impl.js:353:9)
          at invokeEventListeners (/Users/yusefbach/Projekte/studynexus/frontend/node_modules/jsdom/lib/jsdom/living/events/EventTarget-impl.js:286:3)
          at HTMLUnknownElementImpl._dispatch (/Users/yusefbach/Projekte/studynexus/frontend/node_modules/jsdom/lib/jsdom/living/events/EventTarget-impl.js:233:9)
          at HTMLUnknownElementImpl.dispatchEvent (/Users/yusefbach/Projekte/studynexus/frontend/node_modules/jsdom/lib/jsdom/living/events/EventTarget-impl.js:104:17)
          at HTMLUnknownElement.dispatchEvent (/Users/yusefbach/Projekte/studynexus/frontend/node_modules/jsdom/lib/jsdom/living/generated/EventTarget.js:241:34)
          at Object.invokeGuardedCallbackDev (/Users/yusefbach/Projekte/studynexus/frontend/node_modules/react-dom/cjs/react-dom.development.js:4213:16)
          at invokeGuardedCallback (/Users/yusefbach/Projekte/studynexus/frontend/node_modules/react-dom/cjs/react-dom.development.js:4277:31)
          at beginWork$1 (/Users/yusefbach/Projekte/studynexus/frontend/node_modules/react-dom/cjs/react-dom.development.js:27490:7)
          at performUnitOfWork (/Users/yusefbach/Projekte/studynexus/frontend/node_modules/react-dom/cjs/react-dom.development.js:26599:12)
          at workLoopSync (/Users/yusefbach/Projekte/studynexus/frontend/node_modules/react-dom/cjs/react-dom.development.js:26505:5)
          at renderRootSync (/Users/yusefbach/Projekte/studynexus/frontend/node_modules/react-dom/cjs/react-dom.development.js:26473:7)
          at recoverFromConcurrentError (/Users/yusefbach/Projekte/studynexus/frontend/node_modules/react-dom/cjs/react-dom.development.js:25889:20)
          at performConcurrentWorkOnRoot (/Users/yusefbach/Projekte/studynexus/frontend/node_modules/react-dom/cjs/react-dom.development.js:25789:22)
          at flushActQueue (/Users/yusefbach/Projekte/studynexus/frontend/node_modules/react/cjs/react.development.js:2667:24)
          at act (/Users/yusefbach/Projekte/studynexus/frontend/node_modules/react/cjs/react.development.js:2582:11)
          at /Users/yusefbach/Projekte/studynexus/frontend/node_modules/@testing-library/react/dist/act-compat.js:47:25
          at renderRoot (/Users/yusefbach/Projekte/studynexus/frontend/node_modules/@testing-library/react/dist/pure.js:180:26)
          at render (/Users/yusefbach/Projekte/studynexus/frontend/node_modules/@testing-library/react/dist/pure.js:271:10)
          at Object.<anonymous> (/Users/yusefbach/Projekte/studynexus/frontend/src/components/study/__tests__/ModuleModal.test.tsx:62:11)
          at Promise.then.completed (/Users/yusefbach/Projekte/studynexus/frontend/node_modules/jest-circus/build/utils.js:298:28)
          at new Promise (<anonymous>)
          at callAsyncCircusFn (/Users/yusefbach/Projekte/studynexus/frontend/node_modules/jest-circus/build/utils.js:231:10)
          at _callCircusTest (/Users/yusefbach/Projekte/studynexus/frontend/node_modules/jest-circus/build/run.js:316:40)
          at processTicksAndRejections (node:internal/process/task_queues:104:5)
          at _runTest (/Users/yusefbach/Projekte/studynexus/frontend/node_modules/jest-circus/build/run.js:252:3)
          at _runTestsForDescribeBlock (/Users/yusefbach/Projekte/studynexus/frontend/node_modules/jest-circus/build/run.js:126:9)
          at _runTestsForDescribeBlock (/Users/yusefbach/Projekte/studynexus/frontend/node_modules/jest-circus/build/run.js:121:9)
          at run (/Users/yusefbach/Projekte/studynexus/frontend/node_modules/jest-circus/build/run.js:71:3)
          at runAndTransformResultsToJestFormat (/Users/yusefbach/Projekte/studynexus/frontend/node_modules/jest-circus/build/legacy-code-todo-rewrite/jestAdapterInit.js:122:21)
          at jestAdapter (/Users/yusefbach/Projekte/studynexus/frontend/node_modules/jest-circus/build/legacy-code-todo-rewrite/jestAdapter.js:79:19)
          at runTestInternal (/Users/yusefbach/Projekte/studynexus/frontend/node_modules/jest-runner/build/runTest.js:367:16)
          at runTest (/Users/yusefbach/Projekte/studynexus/frontend/node_modules/jest-runner/build/runTest.js:444:34)
          at Object.worker (/Users/yusefbach/Projekte/studynexus/frontend/node_modules/jest-runner/build/testWorker.js:106:12) {
        detail: Error: No QueryClient set, use QueryClientProvider to set one
            at useQueryClient (/Users/yusefbach/Projekte/studynexus/frontend/node_modules/@tanstack/react-query/src/QueryClientProvider.tsx:18:11)
            at useUpdateModule (/Users/yusefbach/Projekte/studynexus/frontend/src/hooks/queries/useUpdateModule.ts:13:37)
            at ModuleModal (/Users/yusefbach/Projekte/studynexus/frontend/src/components/study/ModuleModal.tsx:51:39)
            at renderWithHooks (/Users/yusefbach/Projekte/studynexus/frontend/node_modules/react-dom/cjs/react-dom.development.js:15486:18)
            at mountIndeterminateComponent (/Users/yusefbach/Projekte/studynexus/frontend/node_modules/react-dom/cjs/react-dom.development.js:20103:13)
            at beginWork (/Users/yusefbach/Projekte/studynexus/frontend/node_modules/react-dom/cjs/react-dom.development.js:21626:16)
            at HTMLUnknownElement.callCallback (/Users/yusefbach/Projekte/studynexus/frontend/node_modules/react-dom/cjs/react-dom.development.js:4164:14)
            at HTMLUnknownElement.callTheUserObjectsOperation (/Users/yusefbach/Projekte/studynexus/frontend/node_modules/jsdom/lib/jsdom/living/generated/EventListener.js:26:30)
            at innerInvokeEventListeners (/Users/yusefbach/Projekte/studynexus/frontend/node_modules/jsdom/lib/jsdom/living/events/EventTarget-impl.js:350:25)
            at invokeEventListeners (/Users/yusefbach/Projekte/studynexus/frontend/node_modules/jsdom/lib/jsdom/living/events/EventTarget-impl.js:286:3)
            at HTMLUnknownElementImpl._dispatch (/Users/yusefbach/Projekte/studynexus/frontend/node_modules/jsdom/lib/jsdom/living/events/EventTarget-impl.js:233:9)
            at HTMLUnknownElementImpl.dispatchEvent (/Users/yusefbach/Projekte/studynexus/frontend/node_modules/jsdom/lib/jsdom/living/events/EventTarget-impl.js:104:17)
            at HTMLUnknownElement.dispatchEvent (/Users/yusefbach/Projekte/studynexus/frontend/node_modules/jsdom/lib/jsdom/living/generated/EventTarget.js:241:34)
            at Object.invokeGuardedCallbackDev (/Users/yusefbach/Projekte/studynexus/frontend/node_modules/react-dom/cjs/react-dom.development.js:4213:16)
            at invokeGuardedCallback (/Users/yusefbach/Projekte/studynexus/frontend/node_modules/react-dom/cjs/react-dom.development.js:4277:31)
            at beginWork$1 (/Users/yusefbach/Projekte/studynexus/frontend/node_modules/react-dom/cjs/react-dom.development.js:27490:7)
            at performUnitOfWork (/Users/yusefbach/Projekte/studynexus/frontend/node_modules/react-dom/cjs/react-dom.development.js:26599:12)
            at workLoopSync (/Users/yusefbach/Projekte/studynexus/frontend/node_modules/react-dom/cjs/react-dom.development.js:26505:5)
            at renderRootSync (/Users/yusefbach/Projekte/studynexus/frontend/node_modules/react-dom/cjs/react-dom.development.js:26473:7)
            at recoverFromConcurrentError (/Users/yusefbach/Projekte/studynexus/frontend/node_modules/react-dom/cjs/react-dom.development.js:25889:20)
            at performConcurrentWorkOnRoot (/Users/yusefbach/Projekte/studynexus/frontend/node_modules/react-dom/cjs/react-dom.development.js:25789:22)
            at flushActQueue (/Users/yusefbach/Projekte/studynexus/frontend/node_modules/react/cjs/react.development.js:2667:24)
            at act (/Users/yusefbach/Projekte/studynexus/frontend/node_modules/react/cjs/react.development.js:2582:11)
            at /Users/yusefbach/Projekte/studynexus/frontend/node_modules/@testing-library/react/dist/act-compat.js:47:25
            at renderRoot (/Users/yusefbach/Projekte/studynexus/frontend/node_modules/@testing-library/react/dist/pure.js:180:26)
            at render (/Users/yusefbach/Projekte/studynexus/frontend/node_modules/@testing-library/react/dist/pure.js:271:10)
            at Object.<anonymous> (/Users/yusefbach/Projekte/studynexus/frontend/src/components/study/__tests__/ModuleModal.test.tsx:62:11)
            at Promise.then.completed (/Users/yusefbach/Projekte/studynexus/frontend/node_modules/jest-circus/build/utils.js:298:28)
            at new Promise (<anonymous>)
            at callAsyncCircusFn (/Users/yusefbach/Projekte/studynexus/frontend/node_modules/jest-circus/build/utils.js:231:10)
            at _callCircusTest (/Users/yusefbach/Projekte/studynexus/frontend/node_modules/jest-circus/build/run.js:316:40)
            at processTicksAndRejections (node:internal/process/task_queues:104:5)
            at _runTest (/Users/yusefbach/Projekte/studynexus/frontend/node_modules/jest-circus/build/run.js:252:3)
            at _runTestsForDescribeBlock (/Users/yusefbach/Projekte/studynexus/frontend/node_modules/jest-circus/build/run.js:126:9)
            at _runTestsForDescribeBlock (/Users/yusefbach/Projekte/studynexus/frontend/node_modules/jest-circus/build/run.js:121:9)
            at run (/Users/yusefbach/Projekte/studynexus/frontend/node_modules/jest-circus/build/run.js:71:3)
            at runAndTransformResultsToJestFormat (/Users/yusefbach/Projekte/studynexus/frontend/node_modules/jest-circus/build/legacy-code-todo-rewrite/jestAdapterInit.js:122:21)
            at jestAdapter (/Users/yusefbach/Projekte/studynexus/frontend/node_modules/jest-circus/build/legacy-code-todo-rewrite/jestAdapter.js:79:19)
            at runTestInternal (/Users/yusefbach/Projekte/studynexus/frontend/node_modules/jest-runner/build/runTest.js:367:16)
            at runTest (/Users/yusefbach/Projekte/studynexus/frontend/node_modules/jest-runner/build/runTest.js:444:34)
            at Object.worker (/Users/yusefbach/Projekte/studynexus/frontend/node_modules/jest-runner/build/testWorker.js:106:12),
        type: 'unhandled exception'
      }

      60 |   it("hides note input and shows badge for ungraded module", () => {
      61 |     const sm = makeModule({ module: { ...makeModule().module!, ist_benotet: false } });
    > 62 |     render(<ModuleModal studentModule={sm} open={true} onClose={noop} onSave={noop} />);
         |           ^
      63 |     expect(screen.queryByLabelText("dashboard.modal.note")).not.toBeInTheDocument();
      64 |     expect(screen.getByText("dashboard.modal.noteUngraded")).toBeInTheDocument();
      65 |   });

      at VirtualConsole.<anonymous> (node_modules/jest-environment-jsdom/build/index.js:63:23)
      at reportException (node_modules/jsdom/lib/jsdom/living/helpers/runtime-script-errors.js:70:28)
      at innerInvokeEventListeners (node_modules/jsdom/lib/jsdom/living/events/EventTarget-impl.js:353:9)
      at invokeEventListeners (node_modules/jsdom/lib/jsdom/living/events/EventTarget-impl.js:286:3)
      at HTMLUnknownElementImpl._dispatch (node_modules/jsdom/lib/jsdom/living/events/EventTarget-impl.js:233:9)
      at HTMLUnknownElementImpl.dispatchEvent (node_modules/jsdom/lib/jsdom/living/events/EventTarget-impl.js:104:17)
      at HTMLUnknownElement.dispatchEvent (node_modules/jsdom/lib/jsdom/living/generated/EventTarget.js:241:34)
      at Object.invokeGuardedCallbackDev (node_modules/react-dom/cjs/react-dom.development.js:4213:16)
      at invokeGuardedCallback (node_modules/react-dom/cjs/react-dom.development.js:4277:31)
      at beginWork$1 (node_modules/react-dom/cjs/react-dom.development.js:27490:7)
      at performUnitOfWork (node_modules/react-dom/cjs/react-dom.development.js:26599:12)
      at workLoopSync (node_modules/react-dom/cjs/react-dom.development.js:26505:5)
      at renderRootSync (node_modules/react-dom/cjs/react-dom.development.js:26473:7)
      at recoverFromConcurrentError (node_modules/react-dom/cjs/react-dom.development.js:25889:20)
      at performConcurrentWorkOnRoot (node_modules/react-dom/cjs/react-dom.development.js:25789:22)
      at flushActQueue (node_modules/react/cjs/react.development.js:2667:24)
      at act (node_modules/react/cjs/react.development.js:2582:11)
      at node_modules/@testing-library/react/dist/act-compat.js:47:25
      at renderRoot (node_modules/@testing-library/react/dist/pure.js:180:26)
      at render (node_modules/@testing-library/react/dist/pure.js:271:10)
      at Object.<anonymous> (src/components/study/__tests__/ModuleModal.test.tsx:62:11)

    console.error
      The above error occurred in the <ModuleModal> component:
      
          at sm (/Users/yusefbach/Projekte/studynexus/frontend/src/components/study/ModuleModal.tsx:35:46)
      
      Consider adding an error boundary to your tree to customize error handling behavior.
      Visit https://reactjs.org/link/error-boundaries to learn more about error boundaries.

      60 |   it("hides note input and shows badge for ungraded module", () => {
      61 |     const sm = makeModule({ module: { ...makeModule().module!, ist_benotet: false } });
    > 62 |     render(<ModuleModal studentModule={sm} open={true} onClose={noop} onSave={noop} />);
         |           ^
      63 |     expect(screen.queryByLabelText("dashboard.modal.note")).not.toBeInTheDocument();
      64 |     expect(screen.getByText("dashboard.modal.noteUngraded")).toBeInTheDocument();
      65 |   });

      at logCapturedError (node_modules/react-dom/cjs/react-dom.development.js:18704:23)
      at update.callback (node_modules/react-dom/cjs/react-dom.development.js:18737:5)
      at callCallback (node_modules/react-dom/cjs/react-dom.development.js:15036:12)
      at commitUpdateQueue (node_modules/react-dom/cjs/react-dom.development.js:15057:9)
      at commitLayoutEffectOnFiber (node_modules/react-dom/cjs/react-dom.development.js:23430:13)
      at commitLayoutMountEffects_complete (node_modules/react-dom/cjs/react-dom.development.js:24727:9)
      at commitLayoutEffects_begin (node_modules/react-dom/cjs/react-dom.development.js:24713:7)
      at commitLayoutEffects (node_modules/react-dom/cjs/react-dom.development.js:24651:3)
      at commitRootImpl (node_modules/react-dom/cjs/react-dom.development.js:26862:5)
      at commitRoot (node_modules/react-dom/cjs/react-dom.development.js:26721:5)
      at finishConcurrentRender (node_modules/react-dom/cjs/react-dom.development.js:25931:9)
      at performConcurrentWorkOnRoot (node_modules/react-dom/cjs/react-dom.development.js:25848:7)
      at flushActQueue (node_modules/react/cjs/react.development.js:2667:24)
      at act (node_modules/react/cjs/react.development.js:2582:11)
      at node_modules/@testing-library/react/dist/act-compat.js:47:25
      at renderRoot (node_modules/@testing-library/react/dist/pure.js:180:26)
      at render (node_modules/@testing-library/react/dist/pure.js:271:10)
      at Object.<anonymous> (src/components/study/__tests__/ModuleModal.test.tsx:62:11)

    console.error
      Error: Uncaught [Error: No QueryClient set, use QueryClientProvider to set one]
          at reportException (/Users/yusefbach/Projekte/studynexus/frontend/node_modules/jsdom/lib/jsdom/living/helpers/runtime-script-errors.js:66:24)
          at innerInvokeEventListeners (/Users/yusefbach/Projekte/studynexus/frontend/node_modules/jsdom/lib/jsdom/living/events/EventTarget-impl.js:353:9)
          at invokeEventListeners (/Users/yusefbach/Projekte/studynexus/frontend/node_modules/jsdom/lib/jsdom/living/events/EventTarget-impl.js:286:3)
          at HTMLUnknownElementImpl._dispatch (/Users/yusefbach/Projekte/studynexus/frontend/node_modules/jsdom/lib/jsdom/living/events/EventTarget-impl.js:233:9)
          at HTMLUnknownElementImpl.dispatchEvent (/Users/yusefbach/Projekte/studynexus/frontend/node_modules/jsdom/lib/jsdom/living/events/EventTarget-impl.js:104:17)
          at HTMLUnknownElement.dispatchEvent (/Users/yusefbach/Projekte/studynexus/frontend/node_modules/jsdom/lib/jsdom/living/generated/EventTarget.js:241:34)
          at Object.invokeGuardedCallbackDev (/Users/yusefbach/Projekte/studynexus/frontend/node_modules/react-dom/cjs/react-dom.development.js:4213:16)
          at invokeGuardedCallback (/Users/yusefbach/Projekte/studynexus/frontend/node_modules/react-dom/cjs/react-dom.development.js:4277:31)
          at beginWork$1 (/Users/yusefbach/Projekte/studynexus/frontend/node_modules/react-dom/cjs/react-dom.development.js:27490:7)
          at performUnitOfWork (/Users/yusefbach/Projekte/studynexus/frontend/node_modules/react-dom/cjs/react-dom.development.js:26599:12)
          at workLoopSync (/Users/yusefbach/Projekte/studynexus/frontend/node_modules/react-dom/cjs/react-dom.development.js:26505:5)
          at renderRootSync (/Users/yusefbach/Projekte/studynexus/frontend/node_modules/react-dom/cjs/react-dom.development.js:26473:7)
          at performConcurrentWorkOnRoot (/Users/yusefbach/Projekte/studynexus/frontend/node_modules/react-dom/cjs/react-dom.development.js:25777:74)
          at flushActQueue (/Users/yusefbach/Projekte/studynexus/frontend/node_modules/react/cjs/react.development.js:2667:24)
          at act (/Users/yusefbach/Projekte/studynexus/frontend/node_modules/react/cjs/react.development.js:2582:11)
          at /Users/yusefbach/Projekte/studynexus/frontend/node_modules/@testing-library/react/dist/act-compat.js:47:25
          at renderRoot (/Users/yusefbach/Projekte/studynexus/frontend/node_modules/@testing-library/react/dist/pure.js:180:26)
          at render (/Users/yusefbach/Projekte/studynexus/frontend/node_modules/@testing-library/react/dist/pure.js:271:10)
          at Object.<anonymous> (/Users/yusefbach/Projekte/studynexus/frontend/src/components/study/__tests__/ModuleModal.test.tsx:69:11)
          at Promise.then.completed (/Users/yusefbach/Projekte/studynexus/frontend/node_modules/jest-circus/build/utils.js:298:28)
          at new Promise (<anonymous>)
          at callAsyncCircusFn (/Users/yusefbach/Projekte/studynexus/frontend/node_modules/jest-circus/build/utils.js:231:10)
          at _callCircusTest (/Users/yusefbach/Projekte/studynexus/frontend/node_modules/jest-circus/build/run.js:316:40)
          at processTicksAndRejections (node:internal/process/task_queues:104:5)
          at _runTest (/Users/yusefbach/Projekte/studynexus/frontend/node_modules/jest-circus/build/run.js:252:3)
          at _runTestsForDescribeBlock (/Users/yusefbach/Projekte/studynexus/frontend/node_modules/jest-circus/build/run.js:126:9)
          at _runTestsForDescribeBlock (/Users/yusefbach/Projekte/studynexus/frontend/node_modules/jest-circus/build/run.js:121:9)
          at run (/Users/yusefbach/Projekte/studynexus/frontend/node_modules/jest-circus/build/run.js:71:3)
          at runAndTransformResultsToJestFormat (/Users/yusefbach/Projekte/studynexus/frontend/node_modules/jest-circus/build/legacy-code-todo-rewrite/jestAdapterInit.js:122:21)
          at jestAdapter (/Users/yusefbach/Projekte/studynexus/frontend/node_modules/jest-circus/build/legacy-code-todo-rewrite/jestAdapter.js:79:19)
          at runTestInternal (/Users/yusefbach/Projekte/studynexus/frontend/node_modules/jest-runner/build/runTest.js:367:16)
          at runTest (/Users/yusefbach/Projekte/studynexus/frontend/node_modules/jest-runner/build/runTest.js:444:34)
          at Object.worker (/Users/yusefbach/Projekte/studynexus/frontend/node_modules/jest-runner/build/testWorker.js:106:12) {
        detail: Error: No QueryClient set, use QueryClientProvider to set one
            at useQueryClient (/Users/yusefbach/Projekte/studynexus/frontend/node_modules/@tanstack/react-query/src/QueryClientProvider.tsx:18:11)
            at useUpdateModule (/Users/yusefbach/Projekte/studynexus/frontend/src/hooks/queries/useUpdateModule.ts:13:37)
            at ModuleModal (/Users/yusefbach/Projekte/studynexus/frontend/src/components/study/ModuleModal.tsx:51:39)
            at renderWithHooks (/Users/yusefbach/Projekte/studynexus/frontend/node_modules/react-dom/cjs/react-dom.development.js:15486:18)
            at mountIndeterminateComponent (/Users/yusefbach/Projekte/studynexus/frontend/node_modules/react-dom/cjs/react-dom.development.js:20103:13)
            at beginWork (/Users/yusefbach/Projekte/studynexus/frontend/node_modules/react-dom/cjs/react-dom.development.js:21626:16)
            at HTMLUnknownElement.callCallback (/Users/yusefbach/Projekte/studynexus/frontend/node_modules/react-dom/cjs/react-dom.development.js:4164:14)
            at HTMLUnknownElement.callTheUserObjectsOperation (/Users/yusefbach/Projekte/studynexus/frontend/node_modules/jsdom/lib/jsdom/living/generated/EventListener.js:26:30)
            at innerInvokeEventListeners (/Users/yusefbach/Projekte/studynexus/frontend/node_modules/jsdom/lib/jsdom/living/events/EventTarget-impl.js:350:25)
            at invokeEventListeners (/Users/yusefbach/Projekte/studynexus/frontend/node_modules/jsdom/lib/jsdom/living/events/EventTarget-impl.js:286:3)
            at HTMLUnknownElementImpl._dispatch (/Users/yusefbach/Projekte/studynexus/frontend/node_modules/jsdom/lib/jsdom/living/events/EventTarget-impl.js:233:9)
            at HTMLUnknownElementImpl.dispatchEvent (/Users/yusefbach/Projekte/studynexus/frontend/node_modules/jsdom/lib/jsdom/living/events/EventTarget-impl.js:104:17)
            at HTMLUnknownElement.dispatchEvent (/Users/yusefbach/Projekte/studynexus/frontend/node_modules/jsdom/lib/jsdom/living/generated/EventTarget.js:241:34)
            at Object.invokeGuardedCallbackDev (/Users/yusefbach/Projekte/studynexus/frontend/node_modules/react-dom/cjs/react-dom.development.js:4213:16)
            at invokeGuardedCallback (/Users/yusefbach/Projekte/studynexus/frontend/node_modules/react-dom/cjs/react-dom.development.js:4277:31)
            at beginWork$1 (/Users/yusefbach/Projekte/studynexus/frontend/node_modules/react-dom/cjs/react-dom.development.js:27490:7)
            at performUnitOfWork (/Users/yusefbach/Projekte/studynexus/frontend/node_modules/react-dom/cjs/react-dom.development.js:26599:12)
            at workLoopSync (/Users/yusefbach/Projekte/studynexus/frontend/node_modules/react-dom/cjs/react-dom.development.js:26505:5)
            at renderRootSync (/Users/yusefbach/Projekte/studynexus/frontend/node_modules/react-dom/cjs/react-dom.development.js:26473:7)
            at performConcurrentWorkOnRoot (/Users/yusefbach/Projekte/studynexus/frontend/node_modules/react-dom/cjs/react-dom.development.js:25777:74)
            at flushActQueue (/Users/yusefbach/Projekte/studynexus/frontend/node_modules/react/cjs/react.development.js:2667:24)
            at act (/Users/yusefbach/Projekte/studynexus/frontend/node_modules/react/cjs/react.development.js:2582:11)
            at /Users/yusefbach/Projekte/studynexus/frontend/node_modules/@testing-library/react/dist/act-compat.js:47:25
            at renderRoot (/Users/yusefbach/Projekte/studynexus/frontend/node_modules/@testing-library/react/dist/pure.js:180:26)
            at render (/Users/yusefbach/Projekte/studynexus/frontend/node_modules/@testing-library/react/dist/pure.js:271:10)
            at Object.<anonymous> (/Users/yusefbach/Projekte/studynexus/frontend/src/components/study/__tests__/ModuleModal.test.tsx:69:11)
            at Promise.then.completed (/Users/yusefbach/Projekte/studynexus/frontend/node_modules/jest-circus/build/utils.js:298:28)
            at new Promise (<anonymous>)
            at callAsyncCircusFn (/Users/yusefbach/Projekte/studynexus/frontend/node_modules/jest-circus/build/utils.js:231:10)
            at _callCircusTest (/Users/yusefbach/Projekte/studynexus/frontend/node_modules/jest-circus/build/run.js:316:40)
            at processTicksAndRejections (node:internal/process/task_queues:104:5)
            at _runTest (/Users/yusefbach/Projekte/studynexus/frontend/node_modules/jest-circus/build/run.js:252:3)
            at _runTestsForDescribeBlock (/Users/yusefbach/Projekte/studynexus/frontend/node_modules/jest-circus/build/run.js:126:9)
            at _runTestsForDescribeBlock (/Users/yusefbach/Projekte/studynexus/frontend/node_modules/jest-circus/build/run.js:121:9)
            at run (/Users/yusefbach/Projekte/studynexus/frontend/node_modules/jest-circus/build/run.js:71:3)
            at runAndTransformResultsToJestFormat (/Users/yusefbach/Projekte/studynexus/frontend/node_modules/jest-circus/build/legacy-code-todo-rewrite/jestAdapterInit.js:122:21)
            at jestAdapter (/Users/yusefbach/Projekte/studynexus/frontend/node_modules/jest-circus/build/legacy-code-todo-rewrite/jestAdapter.js:79:19)
            at runTestInternal (/Users/yusefbach/Projekte/studynexus/frontend/node_modules/jest-runner/build/runTest.js:367:16)
            at runTest (/Users/yusefbach/Projekte/studynexus/frontend/node_modules/jest-runner/build/runTest.js:444:34)
            at Object.worker (/Users/yusefbach/Projekte/studynexus/frontend/node_modules/jest-runner/build/testWorker.js:106:12),
        type: 'unhandled exception'
      }

      67 |   it("calls onClose when backdrop is clicked", () => {
      68 |     const onClose = jest.fn();
    > 69 |     render(<ModuleModal studentModule={makeModule()} open={true} onClose={onClose} onSave={noop} />);
         |           ^
      70 |     fireEvent.click(screen.getByLabelText("dashboard.modal.close"));
      71 |     expect(onClose).toHaveBeenCalledTimes(1);
      72 |   });

      at VirtualConsole.<anonymous> (node_modules/jest-environment-jsdom/build/index.js:63:23)
      at reportException (node_modules/jsdom/lib/jsdom/living/helpers/runtime-script-errors.js:70:28)
      at innerInvokeEventListeners (node_modules/jsdom/lib/jsdom/living/events/EventTarget-impl.js:353:9)
      at invokeEventListeners (node_modules/jsdom/lib/jsdom/living/events/EventTarget-impl.js:286:3)
      at HTMLUnknownElementImpl._dispatch (node_modules/jsdom/lib/jsdom/living/events/EventTarget-impl.js:233:9)
      at HTMLUnknownElementImpl.dispatchEvent (node_modules/jsdom/lib/jsdom/living/events/EventTarget-impl.js:104:17)
      at HTMLUnknownElement.dispatchEvent (node_modules/jsdom/lib/jsdom/living/generated/EventTarget.js:241:34)
      at Object.invokeGuardedCallbackDev (node_modules/react-dom/cjs/react-dom.development.js:4213:16)
      at invokeGuardedCallback (node_modules/react-dom/cjs/react-dom.development.js:4277:31)
      at beginWork$1 (node_modules/react-dom/cjs/react-dom.development.js:27490:7)
      at performUnitOfWork (node_modules/react-dom/cjs/react-dom.development.js:26599:12)
      at workLoopSync (node_modules/react-dom/cjs/react-dom.development.js:26505:5)
      at renderRootSync (node_modules/react-dom/cjs/react-dom.development.js:26473:7)
      at performConcurrentWorkOnRoot (node_modules/react-dom/cjs/react-dom.development.js:25777:74)
      at flushActQueue (node_modules/react/cjs/react.development.js:2667:24)
      at act (node_modules/react/cjs/react.development.js:2582:11)
      at node_modules/@testing-library/react/dist/act-compat.js:47:25
      at renderRoot (node_modules/@testing-library/react/dist/pure.js:180:26)
      at render (node_modules/@testing-library/react/dist/pure.js:271:10)
      at Object.<anonymous> (src/components/study/__tests__/ModuleModal.test.tsx:69:11)

    console.error
      Error: Uncaught [Error: No QueryClient set, use QueryClientProvider to set one]
          at reportException (/Users/yusefbach/Projekte/studynexus/frontend/node_modules/jsdom/lib/jsdom/living/helpers/runtime-script-errors.js:66:24)
          at innerInvokeEventListeners (/Users/yusefbach/Projekte/studynexus/frontend/node_modules/jsdom/lib/jsdom/living/events/EventTarget-impl.js:353:9)
          at invokeEventListeners (/Users/yusefbach/Projekte/studynexus/frontend/node_modules/jsdom/lib/jsdom/living/events/EventTarget-impl.js:286:3)
          at HTMLUnknownElementImpl._dispatch (/Users/yusefbach/Projekte/studynexus/frontend/node_modules/jsdom/lib/jsdom/living/events/EventTarget-impl.js:233:9)
          at HTMLUnknownElementImpl.dispatchEvent (/Users/yusefbach/Projekte/studynexus/frontend/node_modules/jsdom/lib/jsdom/living/events/EventTarget-impl.js:104:17)
          at HTMLUnknownElement.dispatchEvent (/Users/yusefbach/Projekte/studynexus/frontend/node_modules/jsdom/lib/jsdom/living/generated/EventTarget.js:241:34)
          at Object.invokeGuardedCallbackDev (/Users/yusefbach/Projekte/studynexus/frontend/node_modules/react-dom/cjs/react-dom.development.js:4213:16)
          at invokeGuardedCallback (/Users/yusefbach/Projekte/studynexus/frontend/node_modules/react-dom/cjs/react-dom.development.js:4277:31)
          at beginWork$1 (/Users/yusefbach/Projekte/studynexus/frontend/node_modules/react-dom/cjs/react-dom.development.js:27490:7)
          at performUnitOfWork (/Users/yusefbach/Projekte/studynexus/frontend/node_modules/react-dom/cjs/react-dom.development.js:26599:12)
          at workLoopSync (/Users/yusefbach/Projekte/studynexus/frontend/node_modules/react-dom/cjs/react-dom.development.js:26505:5)
          at renderRootSync (/Users/yusefbach/Projekte/studynexus/frontend/node_modules/react-dom/cjs/react-dom.development.js:26473:7)
          at recoverFromConcurrentError (/Users/yusefbach/Projekte/studynexus/frontend/node_modules/react-dom/cjs/react-dom.development.js:25889:20)
          at performConcurrentWorkOnRoot (/Users/yusefbach/Projekte/studynexus/frontend/node_modules/react-dom/cjs/react-dom.development.js:25789:22)
          at flushActQueue (/Users/yusefbach/Projekte/studynexus/frontend/node_modules/react/cjs/react.development.js:2667:24)
          at act (/Users/yusefbach/Projekte/studynexus/frontend/node_modules/react/cjs/react.development.js:2582:11)
          at /Users/yusefbach/Projekte/studynexus/frontend/node_modules/@testing-library/react/dist/act-compat.js:47:25
          at renderRoot (/Users/yusefbach/Projekte/studynexus/frontend/node_modules/@testing-library/react/dist/pure.js:180:26)
          at render (/Users/yusefbach/Projekte/studynexus/frontend/node_modules/@testing-library/react/dist/pure.js:271:10)
          at Object.<anonymous> (/Users/yusefbach/Projekte/studynexus/frontend/src/components/study/__tests__/ModuleModal.test.tsx:69:11)
          at Promise.then.completed (/Users/yusefbach/Projekte/studynexus/frontend/node_modules/jest-circus/build/utils.js:298:28)
          at new Promise (<anonymous>)
          at callAsyncCircusFn (/Users/yusefbach/Projekte/studynexus/frontend/node_modules/jest-circus/build/utils.js:231:10)
          at _callCircusTest (/Users/yusefbach/Projekte/studynexus/frontend/node_modules/jest-circus/build/run.js:316:40)
          at processTicksAndRejections (node:internal/process/task_queues:104:5)
          at _runTest (/Users/yusefbach/Projekte/studynexus/frontend/node_modules/jest-circus/build/run.js:252:3)
          at _runTestsForDescribeBlock (/Users/yusefbach/Projekte/studynexus/frontend/node_modules/jest-circus/build/run.js:126:9)
          at _runTestsForDescribeBlock (/Users/yusefbach/Projekte/studynexus/frontend/node_modules/jest-circus/build/run.js:121:9)
          at run (/Users/yusefbach/Projekte/studynexus/frontend/node_modules/jest-circus/build/run.js:71:3)
          at runAndTransformResultsToJestFormat (/Users/yusefbach/Projekte/studynexus/frontend/node_modules/jest-circus/build/legacy-code-todo-rewrite/jestAdapterInit.js:122:21)
          at jestAdapter (/Users/yusefbach/Projekte/studynexus/frontend/node_modules/jest-circus/build/legacy-code-todo-rewrite/jestAdapter.js:79:19)
          at runTestInternal (/Users/yusefbach/Projekte/studynexus/frontend/node_modules/jest-runner/build/runTest.js:367:16)
          at runTest (/Users/yusefbach/Projekte/studynexus/frontend/node_modules/jest-runner/build/runTest.js:444:34)
          at Object.worker (/Users/yusefbach/Projekte/studynexus/frontend/node_modules/jest-runner/build/testWorker.js:106:12) {
        detail: Error: No QueryClient set, use QueryClientProvider to set one
            at useQueryClient (/Users/yusefbach/Projekte/studynexus/frontend/node_modules/@tanstack/react-query/src/QueryClientProvider.tsx:18:11)
            at useUpdateModule (/Users/yusefbach/Projekte/studynexus/frontend/src/hooks/queries/useUpdateModule.ts:13:37)
            at ModuleModal (/Users/yusefbach/Projekte/studynexus/frontend/src/components/study/ModuleModal.tsx:51:39)
            at renderWithHooks (/Users/yusefbach/Projekte/studynexus/frontend/node_modules/react-dom/cjs/react-dom.development.js:15486:18)
            at mountIndeterminateComponent (/Users/yusefbach/Projekte/studynexus/frontend/node_modules/react-dom/cjs/react-dom.development.js:20103:13)
            at beginWork (/Users/yusefbach/Projekte/studynexus/frontend/node_modules/react-dom/cjs/react-dom.development.js:21626:16)
            at HTMLUnknownElement.callCallback (/Users/yusefbach/Projekte/studynexus/frontend/node_modules/react-dom/cjs/react-dom.development.js:4164:14)
            at HTMLUnknownElement.callTheUserObjectsOperation (/Users/yusefbach/Projekte/studynexus/frontend/node_modules/jsdom/lib/jsdom/living/generated/EventListener.js:26:30)
            at innerInvokeEventListeners (/Users/yusefbach/Projekte/studynexus/frontend/node_modules/jsdom/lib/jsdom/living/events/EventTarget-impl.js:350:25)
            at invokeEventListeners (/Users/yusefbach/Projekte/studynexus/frontend/node_modules/jsdom/lib/jsdom/living/events/EventTarget-impl.js:286:3)
            at HTMLUnknownElementImpl._dispatch (/Users/yusefbach/Projekte/studynexus/frontend/node_modules/jsdom/lib/jsdom/living/events/EventTarget-impl.js:233:9)
            at HTMLUnknownElementImpl.dispatchEvent (/Users/yusefbach/Projekte/studynexus/frontend/node_modules/jsdom/lib/jsdom/living/events/EventTarget-impl.js:104:17)
            at HTMLUnknownElement.dispatchEvent (/Users/yusefbach/Projekte/studynexus/frontend/node_modules/jsdom/lib/jsdom/living/generated/EventTarget.js:241:34)
            at Object.invokeGuardedCallbackDev (/Users/yusefbach/Projekte/studynexus/frontend/node_modules/react-dom/cjs/react-dom.development.js:4213:16)
            at invokeGuardedCallback (/Users/yusefbach/Projekte/studynexus/frontend/node_modules/react-dom/cjs/react-dom.development.js:4277:31)
            at beginWork$1 (/Users/yusefbach/Projekte/studynexus/frontend/node_modules/react-dom/cjs/react-dom.development.js:27490:7)
            at performUnitOfWork (/Users/yusefbach/Projekte/studynexus/frontend/node_modules/react-dom/cjs/react-dom.development.js:26599:12)
            at workLoopSync (/Users/yusefbach/Projekte/studynexus/frontend/node_modules/react-dom/cjs/react-dom.development.js:26505:5)
            at renderRootSync (/Users/yusefbach/Projekte/studynexus/frontend/node_modules/react-dom/cjs/react-dom.development.js:26473:7)
            at recoverFromConcurrentError (/Users/yusefbach/Projekte/studynexus/frontend/node_modules/react-dom/cjs/react-dom.development.js:25889:20)
            at performConcurrentWorkOnRoot (/Users/yusefbach/Projekte/studynexus/frontend/node_modules/react-dom/cjs/react-dom.development.js:25789:22)
            at flushActQueue (/Users/yusefbach/Projekte/studynexus/frontend/node_modules/react/cjs/react.development.js:2667:24)
            at act (/Users/yusefbach/Projekte/studynexus/frontend/node_modules/react/cjs/react.development.js:2582:11)
            at /Users/yusefbach/Projekte/studynexus/frontend/node_modules/@testing-library/react/dist/act-compat.js:47:25
            at renderRoot (/Users/yusefbach/Projekte/studynexus/frontend/node_modules/@testing-library/react/dist/pure.js:180:26)
            at render (/Users/yusefbach/Projekte/studynexus/frontend/node_modules/@testing-library/react/dist/pure.js:271:10)
            at Object.<anonymous> (/Users/yusefbach/Projekte/studynexus/frontend/src/components/study/__tests__/ModuleModal.test.tsx:69:11)
            at Promise.then.completed (/Users/yusefbach/Projekte/studynexus/frontend/node_modules/jest-circus/build/utils.js:298:28)
            at new Promise (<anonymous>)
            at callAsyncCircusFn (/Users/yusefbach/Projekte/studynexus/frontend/node_modules/jest-circus/build/utils.js:231:10)
            at _callCircusTest (/Users/yusefbach/Projekte/studynexus/frontend/node_modules/jest-circus/build/run.js:316:40)
            at processTicksAndRejections (node:internal/process/task_queues:104:5)
            at _runTest (/Users/yusefbach/Projekte/studynexus/frontend/node_modules/jest-circus/build/run.js:252:3)
            at _runTestsForDescribeBlock (/Users/yusefbach/Projekte/studynexus/frontend/node_modules/jest-circus/build/run.js:126:9)
            at _runTestsForDescribeBlock (/Users/yusefbach/Projekte/studynexus/frontend/node_modules/jest-circus/build/run.js:121:9)
            at run (/Users/yusefbach/Projekte/studynexus/frontend/node_modules/jest-circus/build/run.js:71:3)
            at runAndTransformResultsToJestFormat (/Users/yusefbach/Projekte/studynexus/frontend/node_modules/jest-circus/build/legacy-code-todo-rewrite/jestAdapterInit.js:122:21)
            at jestAdapter (/Users/yusefbach/Projekte/studynexus/frontend/node_modules/jest-circus/build/legacy-code-todo-rewrite/jestAdapter.js:79:19)
            at runTestInternal (/Users/yusefbach/Projekte/studynexus/frontend/node_modules/jest-runner/build/runTest.js:367:16)
            at runTest (/Users/yusefbach/Projekte/studynexus/frontend/node_modules/jest-runner/build/runTest.js:444:34)
            at Object.worker (/Users/yusefbach/Projekte/studynexus/frontend/node_modules/jest-runner/build/testWorker.js:106:12),
        type: 'unhandled exception'
      }

      67 |   it("calls onClose when backdrop is clicked", () => {
      68 |     const onClose = jest.fn();
    > 69 |     render(<ModuleModal studentModule={makeModule()} open={true} onClose={onClose} onSave={noop} />);
         |           ^
      70 |     fireEvent.click(screen.getByLabelText("dashboard.modal.close"));
      71 |     expect(onClose).toHaveBeenCalledTimes(1);
      72 |   });

      at VirtualConsole.<anonymous> (node_modules/jest-environment-jsdom/build/index.js:63:23)
      at reportException (node_modules/jsdom/lib/jsdom/living/helpers/runtime-script-errors.js:70:28)
      at innerInvokeEventListeners (node_modules/jsdom/lib/jsdom/living/events/EventTarget-impl.js:353:9)
      at invokeEventListeners (node_modules/jsdom/lib/jsdom/living/events/EventTarget-impl.js:286:3)
      at HTMLUnknownElementImpl._dispatch (node_modules/jsdom/lib/jsdom/living/events/EventTarget-impl.js:233:9)
      at HTMLUnknownElementImpl.dispatchEvent (node_modules/jsdom/lib/jsdom/living/events/EventTarget-impl.js:104:17)
      at HTMLUnknownElement.dispatchEvent (node_modules/jsdom/lib/jsdom/living/generated/EventTarget.js:241:34)
      at Object.invokeGuardedCallbackDev (node_modules/react-dom/cjs/react-dom.development.js:4213:16)
      at invokeGuardedCallback (node_modules/react-dom/cjs/react-dom.development.js:4277:31)
      at beginWork$1 (node_modules/react-dom/cjs/react-dom.development.js:27490:7)
      at performUnitOfWork (node_modules/react-dom/cjs/react-dom.development.js:26599:12)
      at workLoopSync (node_modules/react-dom/cjs/react-dom.development.js:26505:5)
      at renderRootSync (node_modules/react-dom/cjs/react-dom.development.js:26473:7)
      at recoverFromConcurrentError (node_modules/react-dom/cjs/react-dom.development.js:25889:20)
      at performConcurrentWorkOnRoot (node_modules/react-dom/cjs/react-dom.development.js:25789:22)
      at flushActQueue (node_modules/react/cjs/react.development.js:2667:24)
      at act (node_modules/react/cjs/react.development.js:2582:11)
      at node_modules/@testing-library/react/dist/act-compat.js:47:25
      at renderRoot (node_modules/@testing-library/react/dist/pure.js:180:26)
      at render (node_modules/@testing-library/react/dist/pure.js:271:10)
      at Object.<anonymous> (src/components/study/__tests__/ModuleModal.test.tsx:69:11)

    console.error
      The above error occurred in the <ModuleModal> component:
      
          at sm (/Users/yusefbach/Projekte/studynexus/frontend/src/components/study/ModuleModal.tsx:35:46)
      
      Consider adding an error boundary to your tree to customize error handling behavior.
      Visit https://reactjs.org/link/error-boundaries to learn more about error boundaries.

      67 |   it("calls onClose when backdrop is clicked", () => {
      68 |     const onClose = jest.fn();
    > 69 |     render(<ModuleModal studentModule={makeModule()} open={true} onClose={onClose} onSave={noop} />);
         |           ^
      70 |     fireEvent.click(screen.getByLabelText("dashboard.modal.close"));
      71 |     expect(onClose).toHaveBeenCalledTimes(1);
      72 |   });

      at logCapturedError (node_modules/react-dom/cjs/react-dom.development.js:18704:23)
      at update.callback (node_modules/react-dom/cjs/react-dom.development.js:18737:5)
      at callCallback (node_modules/react-dom/cjs/react-dom.development.js:15036:12)
      at commitUpdateQueue (node_modules/react-dom/cjs/react-dom.development.js:15057:9)
      at commitLayoutEffectOnFiber (node_modules/react-dom/cjs/react-dom.development.js:23430:13)
      at commitLayoutMountEffects_complete (node_modules/react-dom/cjs/react-dom.development.js:24727:9)
      at commitLayoutEffects_begin (node_modules/react-dom/cjs/react-dom.development.js:24713:7)
      at commitLayoutEffects (node_modules/react-dom/cjs/react-dom.development.js:24651:3)
      at commitRootImpl (node_modules/react-dom/cjs/react-dom.development.js:26862:5)
      at commitRoot (node_modules/react-dom/cjs/react-dom.development.js:26721:5)
      at finishConcurrentRender (node_modules/react-dom/cjs/react-dom.development.js:25931:9)
      at performConcurrentWorkOnRoot (node_modules/react-dom/cjs/react-dom.development.js:25848:7)
      at flushActQueue (node_modules/react/cjs/react.development.js:2667:24)
      at act (node_modules/react/cjs/react.development.js:2582:11)
      at node_modules/@testing-library/react/dist/act-compat.js:47:25
      at renderRoot (node_modules/@testing-library/react/dist/pure.js:180:26)
      at render (node_modules/@testing-library/react/dist/pure.js:271:10)
      at Object.<anonymous> (src/components/study/__tests__/ModuleModal.test.tsx:69:11)

    console.error
      Error: Uncaught [Error: No QueryClient set, use QueryClientProvider to set one]
          at reportException (/Users/yusefbach/Projekte/studynexus/frontend/node_modules/jsdom/lib/jsdom/living/helpers/runtime-script-errors.js:66:24)
          at innerInvokeEventListeners (/Users/yusefbach/Projekte/studynexus/frontend/node_modules/jsdom/lib/jsdom/living/events/EventTarget-impl.js:353:9)
          at invokeEventListeners (/Users/yusefbach/Projekte/studynexus/frontend/node_modules/jsdom/lib/jsdom/living/events/EventTarget-impl.js:286:3)
          at HTMLUnknownElementImpl._dispatch (/Users/yusefbach/Projekte/studynexus/frontend/node_modules/jsdom/lib/jsdom/living/events/EventTarget-impl.js:233:9)
          at HTMLUnknownElementImpl.dispatchEvent (/Users/yusefbach/Projekte/studynexus/frontend/node_modules/jsdom/lib/jsdom/living/events/EventTarget-impl.js:104:17)
          at HTMLUnknownElement.dispatchEvent (/Users/yusefbach/Projekte/studynexus/frontend/node_modules/jsdom/lib/jsdom/living/generated/EventTarget.js:241:34)
          at Object.invokeGuardedCallbackDev (/Users/yusefbach/Projekte/studynexus/frontend/node_modules/react-dom/cjs/react-dom.development.js:4213:16)
          at invokeGuardedCallback (/Users/yusefbach/Projekte/studynexus/frontend/node_modules/react-dom/cjs/react-dom.development.js:4277:31)
          at beginWork$1 (/Users/yusefbach/Projekte/studynexus/frontend/node_modules/react-dom/cjs/react-dom.development.js:27490:7)
          at performUnitOfWork (/Users/yusefbach/Projekte/studynexus/frontend/node_modules/react-dom/cjs/react-dom.development.js:26599:12)
          at workLoopSync (/Users/yusefbach/Projekte/studynexus/frontend/node_modules/react-dom/cjs/react-dom.development.js:26505:5)
          at renderRootSync (/Users/yusefbach/Projekte/studynexus/frontend/node_modules/react-dom/cjs/react-dom.development.js:26473:7)
          at performConcurrentWorkOnRoot (/Users/yusefbach/Projekte/studynexus/frontend/node_modules/react-dom/cjs/react-dom.development.js:25777:74)
          at flushActQueue (/Users/yusefbach/Projekte/studynexus/frontend/node_modules/react/cjs/react.development.js:2667:24)
          at act (/Users/yusefbach/Projekte/studynexus/frontend/node_modules/react/cjs/react.development.js:2582:11)
          at /Users/yusefbach/Projekte/studynexus/frontend/node_modules/@testing-library/react/dist/act-compat.js:47:25
          at renderRoot (/Users/yusefbach/Projekte/studynexus/frontend/node_modules/@testing-library/react/dist/pure.js:180:26)
          at render (/Users/yusefbach/Projekte/studynexus/frontend/node_modules/@testing-library/react/dist/pure.js:271:10)
          at Object.<anonymous> (/Users/yusefbach/Projekte/studynexus/frontend/src/components/study/__tests__/ModuleModal.test.tsx:82:11)
          at Promise.then.completed (/Users/yusefbach/Projekte/studynexus/frontend/node_modules/jest-circus/build/utils.js:298:28)
          at new Promise (<anonymous>)
          at callAsyncCircusFn (/Users/yusefbach/Projekte/studynexus/frontend/node_modules/jest-circus/build/utils.js:231:10)
          at _callCircusTest (/Users/yusefbach/Projekte/studynexus/frontend/node_modules/jest-circus/build/run.js:316:40)
          at processTicksAndRejections (node:internal/process/task_queues:104:5)
          at _runTest (/Users/yusefbach/Projekte/studynexus/frontend/node_modules/jest-circus/build/run.js:252:3)
          at _runTestsForDescribeBlock (/Users/yusefbach/Projekte/studynexus/frontend/node_modules/jest-circus/build/run.js:126:9)
          at _runTestsForDescribeBlock (/Users/yusefbach/Projekte/studynexus/frontend/node_modules/jest-circus/build/run.js:121:9)
          at run (/Users/yusefbach/Projekte/studynexus/frontend/node_modules/jest-circus/build/run.js:71:3)
          at runAndTransformResultsToJestFormat (/Users/yusefbach/Projekte/studynexus/frontend/node_modules/jest-circus/build/legacy-code-todo-rewrite/jestAdapterInit.js:122:21)
          at jestAdapter (/Users/yusefbach/Projekte/studynexus/frontend/node_modules/jest-circus/build/legacy-code-todo-rewrite/jestAdapter.js:79:19)
          at runTestInternal (/Users/yusefbach/Projekte/studynexus/frontend/node_modules/jest-runner/build/runTest.js:367:16)
          at runTest (/Users/yusefbach/Projekte/studynexus/frontend/node_modules/jest-runner/build/runTest.js:444:34)
          at Object.worker (/Users/yusefbach/Projekte/studynexus/frontend/node_modules/jest-runner/build/testWorker.js:106:12) {
        detail: Error: No QueryClient set, use QueryClientProvider to set one
            at useQueryClient (/Users/yusefbach/Projekte/studynexus/frontend/node_modules/@tanstack/react-query/src/QueryClientProvider.tsx:18:11)
            at useUpdateModule (/Users/yusefbach/Projekte/studynexus/frontend/src/hooks/queries/useUpdateModule.ts:13:37)
            at ModuleModal (/Users/yusefbach/Projekte/studynexus/frontend/src/components/study/ModuleModal.tsx:51:39)
            at renderWithHooks (/Users/yusefbach/Projekte/studynexus/frontend/node_modules/react-dom/cjs/react-dom.development.js:15486:18)
            at mountIndeterminateComponent (/Users/yusefbach/Projekte/studynexus/frontend/node_modules/react-dom/cjs/react-dom.development.js:20103:13)
            at beginWork (/Users/yusefbach/Projekte/studynexus/frontend/node_modules/react-dom/cjs/react-dom.development.js:21626:16)
            at HTMLUnknownElement.callCallback (/Users/yusefbach/Projekte/studynexus/frontend/node_modules/react-dom/cjs/react-dom.development.js:4164:14)
            at HTMLUnknownElement.callTheUserObjectsOperation (/Users/yusefbach/Projekte/studynexus/frontend/node_modules/jsdom/lib/jsdom/living/generated/EventListener.js:26:30)
            at innerInvokeEventListeners (/Users/yusefbach/Projekte/studynexus/frontend/node_modules/jsdom/lib/jsdom/living/events/EventTarget-impl.js:350:25)
            at invokeEventListeners (/Users/yusefbach/Projekte/studynexus/frontend/node_modules/jsdom/lib/jsdom/living/events/EventTarget-impl.js:286:3)
            at HTMLUnknownElementImpl._dispatch (/Users/yusefbach/Projekte/studynexus/frontend/node_modules/jsdom/lib/jsdom/living/events/EventTarget-impl.js:233:9)
            at HTMLUnknownElementImpl.dispatchEvent (/Users/yusefbach/Projekte/studynexus/frontend/node_modules/jsdom/lib/jsdom/living/events/EventTarget-impl.js:104:17)
            at HTMLUnknownElement.dispatchEvent (/Users/yusefbach/Projekte/studynexus/frontend/node_modules/jsdom/lib/jsdom/living/generated/EventTarget.js:241:34)
            at Object.invokeGuardedCallbackDev (/Users/yusefbach/Projekte/studynexus/frontend/node_modules/react-dom/cjs/react-dom.development.js:4213:16)
            at invokeGuardedCallback (/Users/yusefbach/Projekte/studynexus/frontend/node_modules/react-dom/cjs/react-dom.development.js:4277:31)
            at beginWork$1 (/Users/yusefbach/Projekte/studynexus/frontend/node_modules/react-dom/cjs/react-dom.development.js:27490:7)
            at performUnitOfWork (/Users/yusefbach/Projekte/studynexus/frontend/node_modules/react-dom/cjs/react-dom.development.js:26599:12)
            at workLoopSync (/Users/yusefbach/Projekte/studynexus/frontend/node_modules/react-dom/cjs/react-dom.development.js:26505:5)
            at renderRootSync (/Users/yusefbach/Projekte/studynexus/frontend/node_modules/react-dom/cjs/react-dom.development.js:26473:7)
            at performConcurrentWorkOnRoot (/Users/yusefbach/Projekte/studynexus/frontend/node_modules/react-dom/cjs/react-dom.development.js:25777:74)
            at flushActQueue (/Users/yusefbach/Projekte/studynexus/frontend/node_modules/react/cjs/react.development.js:2667:24)
            at act (/Users/yusefbach/Projekte/studynexus/frontend/node_modules/react/cjs/react.development.js:2582:11)
            at /Users/yusefbach/Projekte/studynexus/frontend/node_modules/@testing-library/react/dist/act-compat.js:47:25
            at renderRoot (/Users/yusefbach/Projekte/studynexus/frontend/node_modules/@testing-library/react/dist/pure.js:180:26)
            at render (/Users/yusefbach/Projekte/studynexus/frontend/node_modules/@testing-library/react/dist/pure.js:271:10)
            at Object.<anonymous> (/Users/yusefbach/Projekte/studynexus/frontend/src/components/study/__tests__/ModuleModal.test.tsx:82:11)
            at Promise.then.completed (/Users/yusefbach/Projekte/studynexus/frontend/node_modules/jest-circus/build/utils.js:298:28)
            at new Promise (<anonymous>)
            at callAsyncCircusFn (/Users/yusefbach/Projekte/studynexus/frontend/node_modules/jest-circus/build/utils.js:231:10)
            at _callCircusTest (/Users/yusefbach/Projekte/studynexus/frontend/node_modules/jest-circus/build/run.js:316:40)
            at processTicksAndRejections (node:internal/process/task_queues:104:5)
            at _runTest (/Users/yusefbach/Projekte/studynexus/frontend/node_modules/jest-circus/build/run.js:252:3)
            at _runTestsForDescribeBlock (/Users/yusefbach/Projekte/studynexus/frontend/node_modules/jest-circus/build/run.js:126:9)
            at _runTestsForDescribeBlock (/Users/yusefbach/Projekte/studynexus/frontend/node_modules/jest-circus/build/run.js:121:9)
            at run (/Users/yusefbach/Projekte/studynexus/frontend/node_modules/jest-circus/build/run.js:71:3)
            at runAndTransformResultsToJestFormat (/Users/yusefbach/Projekte/studynexus/frontend/node_modules/jest-circus/build/legacy-code-todo-rewrite/jestAdapterInit.js:122:21)
            at jestAdapter (/Users/yusefbach/Projekte/studynexus/frontend/node_modules/jest-circus/build/legacy-code-todo-rewrite/jestAdapter.js:79:19)
            at runTestInternal (/Users/yusefbach/Projekte/studynexus/frontend/node_modules/jest-runner/build/runTest.js:367:16)
            at runTest (/Users/yusefbach/Projekte/studynexus/frontend/node_modules/jest-runner/build/runTest.js:444:34)
            at Object.worker (/Users/yusefbach/Projekte/studynexus/frontend/node_modules/jest-runner/build/testWorker.js:106:12),
        type: 'unhandled exception'
      }

      80 |
      81 |     const onSave = jest.fn();
    > 82 |     render(<ModuleModal studentModule={makeModule()} open={true} onClose={noop} onSave={onSave} />);
         |           ^
      83 |
      84 |     fireEvent.click(screen.getByText("dashboard.modal.save"));
      85 |

      at VirtualConsole.<anonymous> (node_modules/jest-environment-jsdom/build/index.js:63:23)
      at reportException (node_modules/jsdom/lib/jsdom/living/helpers/runtime-script-errors.js:70:28)
      at innerInvokeEventListeners (node_modules/jsdom/lib/jsdom/living/events/EventTarget-impl.js:353:9)
      at invokeEventListeners (node_modules/jsdom/lib/jsdom/living/events/EventTarget-impl.js:286:3)
      at HTMLUnknownElementImpl._dispatch (node_modules/jsdom/lib/jsdom/living/events/EventTarget-impl.js:233:9)
      at HTMLUnknownElementImpl.dispatchEvent (node_modules/jsdom/lib/jsdom/living/events/EventTarget-impl.js:104:17)
      at HTMLUnknownElement.dispatchEvent (node_modules/jsdom/lib/jsdom/living/generated/EventTarget.js:241:34)
      at Object.invokeGuardedCallbackDev (node_modules/react-dom/cjs/react-dom.development.js:4213:16)
      at invokeGuardedCallback (node_modules/react-dom/cjs/react-dom.development.js:4277:31)
      at beginWork$1 (node_modules/react-dom/cjs/react-dom.development.js:27490:7)
      at performUnitOfWork (node_modules/react-dom/cjs/react-dom.development.js:26599:12)
      at workLoopSync (node_modules/react-dom/cjs/react-dom.development.js:26505:5)
      at renderRootSync (node_modules/react-dom/cjs/react-dom.development.js:26473:7)
      at performConcurrentWorkOnRoot (node_modules/react-dom/cjs/react-dom.development.js:25777:74)
      at flushActQueue (node_modules/react/cjs/react.development.js:2667:24)
      at act (node_modules/react/cjs/react.development.js:2582:11)
      at node_modules/@testing-library/react/dist/act-compat.js:47:25
      at renderRoot (node_modules/@testing-library/react/dist/pure.js:180:26)
      at render (node_modules/@testing-library/react/dist/pure.js:271:10)
      at Object.<anonymous> (src/components/study/__tests__/ModuleModal.test.tsx:82:11)

    console.error
      Error: Uncaught [Error: No QueryClient set, use QueryClientProvider to set one]
          at reportException (/Users/yusefbach/Projekte/studynexus/frontend/node_modules/jsdom/lib/jsdom/living/helpers/runtime-script-errors.js:66:24)
          at innerInvokeEventListeners (/Users/yusefbach/Projekte/studynexus/frontend/node_modules/jsdom/lib/jsdom/living/events/EventTarget-impl.js:353:9)
          at invokeEventListeners (/Users/yusefbach/Projekte/studynexus/frontend/node_modules/jsdom/lib/jsdom/living/events/EventTarget-impl.js:286:3)
          at HTMLUnknownElementImpl._dispatch (/Users/yusefbach/Projekte/studynexus/frontend/node_modules/jsdom/lib/jsdom/living/events/EventTarget-impl.js:233:9)
          at HTMLUnknownElementImpl.dispatchEvent (/Users/yusefbach/Projekte/studynexus/frontend/node_modules/jsdom/lib/jsdom/living/events/EventTarget-impl.js:104:17)
          at HTMLUnknownElement.dispatchEvent (/Users/yusefbach/Projekte/studynexus/frontend/node_modules/jsdom/lib/jsdom/living/generated/EventTarget.js:241:34)
          at Object.invokeGuardedCallbackDev (/Users/yusefbach/Projekte/studynexus/frontend/node_modules/react-dom/cjs/react-dom.development.js:4213:16)
          at invokeGuardedCallback (/Users/yusefbach/Projekte/studynexus/frontend/node_modules/react-dom/cjs/react-dom.development.js:4277:31)
          at beginWork$1 (/Users/yusefbach/Projekte/studynexus/frontend/node_modules/react-dom/cjs/react-dom.development.js:27490:7)
          at performUnitOfWork (/Users/yusefbach/Projekte/studynexus/frontend/node_modules/react-dom/cjs/react-dom.development.js:26599:12)
          at workLoopSync (/Users/yusefbach/Projekte/studynexus/frontend/node_modules/react-dom/cjs/react-dom.development.js:26505:5)
          at renderRootSync (/Users/yusefbach/Projekte/studynexus/frontend/node_modules/react-dom/cjs/react-dom.development.js:26473:7)
          at recoverFromConcurrentError (/Users/yusefbach/Projekte/studynexus/frontend/node_modules/react-dom/cjs/react-dom.development.js:25889:20)
          at performConcurrentWorkOnRoot (/Users/yusefbach/Projekte/studynexus/frontend/node_modules/react-dom/cjs/react-dom.development.js:25789:22)
          at flushActQueue (/Users/yusefbach/Projekte/studynexus/frontend/node_modules/react/cjs/react.development.js:2667:24)
          at act (/Users/yusefbach/Projekte/studynexus/frontend/node_modules/react/cjs/react.development.js:2582:11)
          at /Users/yusefbach/Projekte/studynexus/frontend/node_modules/@testing-library/react/dist/act-compat.js:47:25
          at renderRoot (/Users/yusefbach/Projekte/studynexus/frontend/node_modules/@testing-library/react/dist/pure.js:180:26)
          at render (/Users/yusefbach/Projekte/studynexus/frontend/node_modules/@testing-library/react/dist/pure.js:271:10)
          at Object.<anonymous> (/Users/yusefbach/Projekte/studynexus/frontend/src/components/study/__tests__/ModuleModal.test.tsx:82:11)
          at Promise.then.completed (/Users/yusefbach/Projekte/studynexus/frontend/node_modules/jest-circus/build/utils.js:298:28)
          at new Promise (<anonymous>)
          at callAsyncCircusFn (/Users/yusefbach/Projekte/studynexus/frontend/node_modules/jest-circus/build/utils.js:231:10)
          at _callCircusTest (/Users/yusefbach/Projekte/studynexus/frontend/node_modules/jest-circus/build/run.js:316:40)
          at processTicksAndRejections (node:internal/process/task_queues:104:5)
          at _runTest (/Users/yusefbach/Projekte/studynexus/frontend/node_modules/jest-circus/build/run.js:252:3)
          at _runTestsForDescribeBlock (/Users/yusefbach/Projekte/studynexus/frontend/node_modules/jest-circus/build/run.js:126:9)
          at _runTestsForDescribeBlock (/Users/yusefbach/Projekte/studynexus/frontend/node_modules/jest-circus/build/run.js:121:9)
          at run (/Users/yusefbach/Projekte/studynexus/frontend/node_modules/jest-circus/build/run.js:71:3)
          at runAndTransformResultsToJestFormat (/Users/yusefbach/Projekte/studynexus/frontend/node_modules/jest-circus/build/legacy-code-todo-rewrite/jestAdapterInit.js:122:21)
          at jestAdapter (/Users/yusefbach/Projekte/studynexus/frontend/node_modules/jest-circus/build/legacy-code-todo-rewrite/jestAdapter.js:79:19)
          at runTestInternal (/Users/yusefbach/Projekte/studynexus/frontend/node_modules/jest-runner/build/runTest.js:367:16)
          at runTest (/Users/yusefbach/Projekte/studynexus/frontend/node_modules/jest-runner/build/runTest.js:444:34)
          at Object.worker (/Users/yusefbach/Projekte/studynexus/frontend/node_modules/jest-runner/build/testWorker.js:106:12) {
        detail: Error: No QueryClient set, use QueryClientProvider to set one
            at useQueryClient (/Users/yusefbach/Projekte/studynexus/frontend/node_modules/@tanstack/react-query/src/QueryClientProvider.tsx:18:11)
            at useUpdateModule (/Users/yusefbach/Projekte/studynexus/frontend/src/hooks/queries/useUpdateModule.ts:13:37)
            at ModuleModal (/Users/yusefbach/Projekte/studynexus/frontend/src/components/study/ModuleModal.tsx:51:39)
            at renderWithHooks (/Users/yusefbach/Projekte/studynexus/frontend/node_modules/react-dom/cjs/react-dom.development.js:15486:18)
            at mountIndeterminateComponent (/Users/yusefbach/Projekte/studynexus/frontend/node_modules/react-dom/cjs/react-dom.development.js:20103:13)
            at beginWork (/Users/yusefbach/Projekte/studynexus/frontend/node_modules/react-dom/cjs/react-dom.development.js:21626:16)
            at HTMLUnknownElement.callCallback (/Users/yusefbach/Projekte/studynexus/frontend/node_modules/react-dom/cjs/react-dom.development.js:4164:14)
            at HTMLUnknownElement.callTheUserObjectsOperation (/Users/yusefbach/Projekte/studynexus/frontend/node_modules/jsdom/lib/jsdom/living/generated/EventListener.js:26:30)
            at innerInvokeEventListeners (/Users/yusefbach/Projekte/studynexus/frontend/node_modules/jsdom/lib/jsdom/living/events/EventTarget-impl.js:350:25)
            at invokeEventListeners (/Users/yusefbach/Projekte/studynexus/frontend/node_modules/jsdom/lib/jsdom/living/events/EventTarget-impl.js:286:3)
            at HTMLUnknownElementImpl._dispatch (/Users/yusefbach/Projekte/studynexus/frontend/node_modules/jsdom/lib/jsdom/living/events/EventTarget-impl.js:233:9)
            at HTMLUnknownElementImpl.dispatchEvent (/Users/yusefbach/Projekte/studynexus/frontend/node_modules/jsdom/lib/jsdom/living/events/EventTarget-impl.js:104:17)
            at HTMLUnknownElement.dispatchEvent (/Users/yusefbach/Projekte/studynexus/frontend/node_modules/jsdom/lib/jsdom/living/generated/EventTarget.js:241:34)
            at Object.invokeGuardedCallbackDev (/Users/yusefbach/Projekte/studynexus/frontend/node_modules/react-dom/cjs/react-dom.development.js:4213:16)
            at invokeGuardedCallback (/Users/yusefbach/Projekte/studynexus/frontend/node_modules/react-dom/cjs/react-dom.development.js:4277:31)
            at beginWork$1 (/Users/yusefbach/Projekte/studynexus/frontend/node_modules/react-dom/cjs/react-dom.development.js:27490:7)
            at performUnitOfWork (/Users/yusefbach/Projekte/studynexus/frontend/node_modules/react-dom/cjs/react-dom.development.js:26599:12)
            at workLoopSync (/Users/yusefbach/Projekte/studynexus/frontend/node_modules/react-dom/cjs/react-dom.development.js:26505:5)
            at renderRootSync (/Users/yusefbach/Projekte/studynexus/frontend/node_modules/react-dom/cjs/react-dom.development.js:26473:7)
            at recoverFromConcurrentError (/Users/yusefbach/Projekte/studynexus/frontend/node_modules/react-dom/cjs/react-dom.development.js:25889:20)
            at performConcurrentWorkOnRoot (/Users/yusefbach/Projekte/studynexus/frontend/node_modules/react-dom/cjs/react-dom.development.js:25789:22)
            at flushActQueue (/Users/yusefbach/Projekte/studynexus/frontend/node_modules/react/cjs/react.development.js:2667:24)
            at act (/Users/yusefbach/Projekte/studynexus/frontend/node_modules/react/cjs/react.development.js:2582:11)
            at /Users/yusefbach/Projekte/studynexus/frontend/node_modules/@testing-library/react/dist/act-compat.js:47:25
            at renderRoot (/Users/yusefbach/Projekte/studynexus/frontend/node_modules/@testing-library/react/dist/pure.js:180:26)
            at render (/Users/yusefbach/Projekte/studynexus/frontend/node_modules/@testing-library/react/dist/pure.js:271:10)
            at Object.<anonymous> (/Users/yusefbach/Projekte/studynexus/frontend/src/components/study/__tests__/ModuleModal.test.tsx:82:11)
            at Promise.then.completed (/Users/yusefbach/Projekte/studynexus/frontend/node_modules/jest-circus/build/utils.js:298:28)
            at new Promise (<anonymous>)
            at callAsyncCircusFn (/Users/yusefbach/Projekte/studynexus/frontend/node_modules/jest-circus/build/utils.js:231:10)
            at _callCircusTest (/Users/yusefbach/Projekte/studynexus/frontend/node_modules/jest-circus/build/run.js:316:40)
            at processTicksAndRejections (node:internal/process/task_queues:104:5)
            at _runTest (/Users/yusefbach/Projekte/studynexus/frontend/node_modules/jest-circus/build/run.js:252:3)
            at _runTestsForDescribeBlock (/Users/yusefbach/Projekte/studynexus/frontend/node_modules/jest-circus/build/run.js:126:9)
            at _runTestsForDescribeBlock (/Users/yusefbach/Projekte/studynexus/frontend/node_modules/jest-circus/build/run.js:121:9)
            at run (/Users/yusefbach/Projekte/studynexus/frontend/node_modules/jest-circus/build/run.js:71:3)
            at runAndTransformResultsToJestFormat (/Users/yusefbach/Projekte/studynexus/frontend/node_modules/jest-circus/build/legacy-code-todo-rewrite/jestAdapterInit.js:122:21)
            at jestAdapter (/Users/yusefbach/Projekte/studynexus/frontend/node_modules/jest-circus/build/legacy-code-todo-rewrite/jestAdapter.js:79:19)
            at runTestInternal (/Users/yusefbach/Projekte/studynexus/frontend/node_modules/jest-runner/build/runTest.js:367:16)
            at runTest (/Users/yusefbach/Projekte/studynexus/frontend/node_modules/jest-runner/build/runTest.js:444:34)
            at Object.worker (/Users/yusefbach/Projekte/studynexus/frontend/node_modules/jest-runner/build/testWorker.js:106:12),
        type: 'unhandled exception'
      }

      80 |
      81 |     const onSave = jest.fn();
    > 82 |     render(<ModuleModal studentModule={makeModule()} open={true} onClose={noop} onSave={onSave} />);
         |           ^
      83 |
      84 |     fireEvent.click(screen.getByText("dashboard.modal.save"));
      85 |

      at VirtualConsole.<anonymous> (node_modules/jest-environment-jsdom/build/index.js:63:23)
      at reportException (node_modules/jsdom/lib/jsdom/living/helpers/runtime-script-errors.js:70:28)
      at innerInvokeEventListeners (node_modules/jsdom/lib/jsdom/living/events/EventTarget-impl.js:353:9)
      at invokeEventListeners (node_modules/jsdom/lib/jsdom/living/events/EventTarget-impl.js:286:3)
      at HTMLUnknownElementImpl._dispatch (node_modules/jsdom/lib/jsdom/living/events/EventTarget-impl.js:233:9)
      at HTMLUnknownElementImpl.dispatchEvent (node_modules/jsdom/lib/jsdom/living/events/EventTarget-impl.js:104:17)
      at HTMLUnknownElement.dispatchEvent (node_modules/jsdom/lib/jsdom/living/generated/EventTarget.js:241:34)
      at Object.invokeGuardedCallbackDev (node_modules/react-dom/cjs/react-dom.development.js:4213:16)
      at invokeGuardedCallback (node_modules/react-dom/cjs/react-dom.development.js:4277:31)
      at beginWork$1 (node_modules/react-dom/cjs/react-dom.development.js:27490:7)
      at performUnitOfWork (node_modules/react-dom/cjs/react-dom.development.js:26599:12)
      at workLoopSync (node_modules/react-dom/cjs/react-dom.development.js:26505:5)
      at renderRootSync (node_modules/react-dom/cjs/react-dom.development.js:26473:7)
      at recoverFromConcurrentError (node_modules/react-dom/cjs/react-dom.development.js:25889:20)
      at performConcurrentWorkOnRoot (node_modules/react-dom/cjs/react-dom.development.js:25789:22)
      at flushActQueue (node_modules/react/cjs/react.development.js:2667:24)
      at act (node_modules/react/cjs/react.development.js:2582:11)
      at node_modules/@testing-library/react/dist/act-compat.js:47:25
      at renderRoot (node_modules/@testing-library/react/dist/pure.js:180:26)
      at render (node_modules/@testing-library/react/dist/pure.js:271:10)
      at Object.<anonymous> (src/components/study/__tests__/ModuleModal.test.tsx:82:11)

    console.error
      The above error occurred in the <ModuleModal> component:
      
          at sm (/Users/yusefbach/Projekte/studynexus/frontend/src/components/study/ModuleModal.tsx:35:46)
      
      Consider adding an error boundary to your tree to customize error handling behavior.
      Visit https://reactjs.org/link/error-boundaries to learn more about error boundaries.

      80 |
      81 |     const onSave = jest.fn();
    > 82 |     render(<ModuleModal studentModule={makeModule()} open={true} onClose={noop} onSave={onSave} />);
         |           ^
      83 |
      84 |     fireEvent.click(screen.getByText("dashboard.modal.save"));
      85 |

      at logCapturedError (node_modules/react-dom/cjs/react-dom.development.js:18704:23)
      at update.callback (node_modules/react-dom/cjs/react-dom.development.js:18737:5)
      at callCallback (node_modules/react-dom/cjs/react-dom.development.js:15036:12)
      at commitUpdateQueue (node_modules/react-dom/cjs/react-dom.development.js:15057:9)
      at commitLayoutEffectOnFiber (node_modules/react-dom/cjs/react-dom.development.js:23430:13)
      at commitLayoutMountEffects_complete (node_modules/react-dom/cjs/react-dom.development.js:24727:9)
      at commitLayoutEffects_begin (node_modules/react-dom/cjs/react-dom.development.js:24713:7)
      at commitLayoutEffects (node_modules/react-dom/cjs/react-dom.development.js:24651:3)
      at commitRootImpl (node_modules/react-dom/cjs/react-dom.development.js:26862:5)
      at commitRoot (node_modules/react-dom/cjs/react-dom.development.js:26721:5)
      at finishConcurrentRender (node_modules/react-dom/cjs/react-dom.development.js:25931:9)
      at performConcurrentWorkOnRoot (node_modules/react-dom/cjs/react-dom.development.js:25848:7)
      at flushActQueue (node_modules/react/cjs/react.development.js:2667:24)
      at act (node_modules/react/cjs/react.development.js:2582:11)
      at node_modules/@testing-library/react/dist/act-compat.js:47:25
      at renderRoot (node_modules/@testing-library/react/dist/pure.js:180:26)
      at render (node_modules/@testing-library/react/dist/pure.js:271:10)
      at Object.<anonymous> (src/components/study/__tests__/ModuleModal.test.tsx:82:11)

    console.error
      Error: Uncaught [Error: No QueryClient set, use QueryClientProvider to set one]
          at reportException (/Users/yusefbach/Projekte/studynexus/frontend/node_modules/jsdom/lib/jsdom/living/helpers/runtime-script-errors.js:66:24)
          at innerInvokeEventListeners (/Users/yusefbach/Projekte/studynexus/frontend/node_modules/jsdom/lib/jsdom/living/events/EventTarget-impl.js:353:9)
          at invokeEventListeners (/Users/yusefbach/Projekte/studynexus/frontend/node_modules/jsdom/lib/jsdom/living/events/EventTarget-impl.js:286:3)
          at HTMLUnknownElementImpl._dispatch (/Users/yusefbach/Projekte/studynexus/frontend/node_modules/jsdom/lib/jsdom/living/events/EventTarget-impl.js:233:9)
          at HTMLUnknownElementImpl.dispatchEvent (/Users/yusefbach/Projekte/studynexus/frontend/node_modules/jsdom/lib/jsdom/living/events/EventTarget-impl.js:104:17)
          at HTMLUnknownElement.dispatchEvent (/Users/yusefbach/Projekte/studynexus/frontend/node_modules/jsdom/lib/jsdom/living/generated/EventTarget.js:241:34)
          at Object.invokeGuardedCallbackDev (/Users/yusefbach/Projekte/studynexus/frontend/node_modules/react-dom/cjs/react-dom.development.js:4213:16)
          at invokeGuardedCallback (/Users/yusefbach/Projekte/studynexus/frontend/node_modules/react-dom/cjs/react-dom.development.js:4277:31)
          at beginWork$1 (/Users/yusefbach/Projekte/studynexus/frontend/node_modules/react-dom/cjs/react-dom.development.js:27490:7)
          at performUnitOfWork (/Users/yusefbach/Projekte/studynexus/frontend/node_modules/react-dom/cjs/react-dom.development.js:26599:12)
          at workLoopSync (/Users/yusefbach/Projekte/studynexus/frontend/node_modules/react-dom/cjs/react-dom.development.js:26505:5)
          at renderRootSync (/Users/yusefbach/Projekte/studynexus/frontend/node_modules/react-dom/cjs/react-dom.development.js:26473:7)
          at performConcurrentWorkOnRoot (/Users/yusefbach/Projekte/studynexus/frontend/node_modules/react-dom/cjs/react-dom.development.js:25777:74)
          at flushActQueue (/Users/yusefbach/Projekte/studynexus/frontend/node_modules/react/cjs/react.development.js:2667:24)
          at act (/Users/yusefbach/Projekte/studynexus/frontend/node_modules/react/cjs/react.development.js:2582:11)
          at /Users/yusefbach/Projekte/studynexus/frontend/node_modules/@testing-library/react/dist/act-compat.js:47:25
          at renderRoot (/Users/yusefbach/Projekte/studynexus/frontend/node_modules/@testing-library/react/dist/pure.js:180:26)
          at render (/Users/yusefbach/Projekte/studynexus/frontend/node_modules/@testing-library/react/dist/pure.js:271:10)
          at Object.<anonymous> (/Users/yusefbach/Projekte/studynexus/frontend/src/components/study/__tests__/ModuleModal.test.tsx:97:11)
          at Promise.then.completed (/Users/yusefbach/Projekte/studynexus/frontend/node_modules/jest-circus/build/utils.js:298:28)
          at new Promise (<anonymous>)
          at callAsyncCircusFn (/Users/yusefbach/Projekte/studynexus/frontend/node_modules/jest-circus/build/utils.js:231:10)
          at _callCircusTest (/Users/yusefbach/Projekte/studynexus/frontend/node_modules/jest-circus/build/run.js:316:40)
          at processTicksAndRejections (node:internal/process/task_queues:104:5)
          at _runTest (/Users/yusefbach/Projekte/studynexus/frontend/node_modules/jest-circus/build/run.js:252:3)
          at _runTestsForDescribeBlock (/Users/yusefbach/Projekte/studynexus/frontend/node_modules/jest-circus/build/run.js:126:9)
          at _runTestsForDescribeBlock (/Users/yusefbach/Projekte/studynexus/frontend/node_modules/jest-circus/build/run.js:121:9)
          at run (/Users/yusefbach/Projekte/studynexus/frontend/node_modules/jest-circus/build/run.js:71:3)
          at runAndTransformResultsToJestFormat (/Users/yusefbach/Projekte/studynexus/frontend/node_modules/jest-circus/build/legacy-code-todo-rewrite/jestAdapterInit.js:122:21)
          at jestAdapter (/Users/yusefbach/Projekte/studynexus/frontend/node_modules/jest-circus/build/legacy-code-todo-rewrite/jestAdapter.js:79:19)
          at runTestInternal (/Users/yusefbach/Projekte/studynexus/frontend/node_modules/jest-runner/build/runTest.js:367:16)
          at runTest (/Users/yusefbach/Projekte/studynexus/frontend/node_modules/jest-runner/build/runTest.js:444:34)
          at Object.worker (/Users/yusefbach/Projekte/studynexus/frontend/node_modules/jest-runner/build/testWorker.js:106:12) {
        detail: Error: No QueryClient set, use QueryClientProvider to set one
            at useQueryClient (/Users/yusefbach/Projekte/studynexus/frontend/node_modules/@tanstack/react-query/src/QueryClientProvider.tsx:18:11)
            at useUpdateModule (/Users/yusefbach/Projekte/studynexus/frontend/src/hooks/queries/useUpdateModule.ts:13:37)
            at ModuleModal (/Users/yusefbach/Projekte/studynexus/frontend/src/components/study/ModuleModal.tsx:51:39)
            at renderWithHooks (/Users/yusefbach/Projekte/studynexus/frontend/node_modules/react-dom/cjs/react-dom.development.js:15486:18)
            at mountIndeterminateComponent (/Users/yusefbach/Projekte/studynexus/frontend/node_modules/react-dom/cjs/react-dom.development.js:20103:13)
            at beginWork (/Users/yusefbach/Projekte/studynexus/frontend/node_modules/react-dom/cjs/react-dom.development.js:21626:16)
            at HTMLUnknownElement.callCallback (/Users/yusefbach/Projekte/studynexus/frontend/node_modules/react-dom/cjs/react-dom.development.js:4164:14)
            at HTMLUnknownElement.callTheUserObjectsOperation (/Users/yusefbach/Projekte/studynexus/frontend/node_modules/jsdom/lib/jsdom/living/generated/EventListener.js:26:30)
            at innerInvokeEventListeners (/Users/yusefbach/Projekte/studynexus/frontend/node_modules/jsdom/lib/jsdom/living/events/EventTarget-impl.js:350:25)
            at invokeEventListeners (/Users/yusefbach/Projekte/studynexus/frontend/node_modules/jsdom/lib/jsdom/living/events/EventTarget-impl.js:286:3)
            at HTMLUnknownElementImpl._dispatch (/Users/yusefbach/Projekte/studynexus/frontend/node_modules/jsdom/lib/jsdom/living/events/EventTarget-impl.js:233:9)
            at HTMLUnknownElementImpl.dispatchEvent (/Users/yusefbach/Projekte/studynexus/frontend/node_modules/jsdom/lib/jsdom/living/events/EventTarget-impl.js:104:17)
            at HTMLUnknownElement.dispatchEvent (/Users/yusefbach/Projekte/studynexus/frontend/node_modules/jsdom/lib/jsdom/living/generated/EventTarget.js:241:34)
            at Object.invokeGuardedCallbackDev (/Users/yusefbach/Projekte/studynexus/frontend/node_modules/react-dom/cjs/react-dom.development.js:4213:16)
            at invokeGuardedCallback (/Users/yusefbach/Projekte/studynexus/frontend/node_modules/react-dom/cjs/react-dom.development.js:4277:31)
            at beginWork$1 (/Users/yusefbach/Projekte/studynexus/frontend/node_modules/react-dom/cjs/react-dom.development.js:27490:7)
            at performUnitOfWork (/Users/yusefbach/Projekte/studynexus/frontend/node_modules/react-dom/cjs/react-dom.development.js:26599:12)
            at workLoopSync (/Users/yusefbach/Projekte/studynexus/frontend/node_modules/react-dom/cjs/react-dom.development.js:26505:5)
            at renderRootSync (/Users/yusefbach/Projekte/studynexus/frontend/node_modules/react-dom/cjs/react-dom.development.js:26473:7)
            at performConcurrentWorkOnRoot (/Users/yusefbach/Projekte/studynexus/frontend/node_modules/react-dom/cjs/react-dom.development.js:25777:74)
            at flushActQueue (/Users/yusefbach/Projekte/studynexus/frontend/node_modules/react/cjs/react.development.js:2667:24)
            at act (/Users/yusefbach/Projekte/studynexus/frontend/node_modules/react/cjs/react.development.js:2582:11)
            at /Users/yusefbach/Projekte/studynexus/frontend/node_modules/@testing-library/react/dist/act-compat.js:47:25
            at renderRoot (/Users/yusefbach/Projekte/studynexus/frontend/node_modules/@testing-library/react/dist/pure.js:180:26)
            at render (/Users/yusefbach/Projekte/studynexus/frontend/node_modules/@testing-library/react/dist/pure.js:271:10)
            at Object.<anonymous> (/Users/yusefbach/Projekte/studynexus/frontend/src/components/study/__tests__/ModuleModal.test.tsx:97:11)
            at Promise.then.completed (/Users/yusefbach/Projekte/studynexus/frontend/node_modules/jest-circus/build/utils.js:298:28)
            at new Promise (<anonymous>)
            at callAsyncCircusFn (/Users/yusefbach/Projekte/studynexus/frontend/node_modules/jest-circus/build/utils.js:231:10)
            at _callCircusTest (/Users/yusefbach/Projekte/studynexus/frontend/node_modules/jest-circus/build/run.js:316:40)
            at processTicksAndRejections (node:internal/process/task_queues:104:5)
            at _runTest (/Users/yusefbach/Projekte/studynexus/frontend/node_modules/jest-circus/build/run.js:252:3)
            at _runTestsForDescribeBlock (/Users/yusefbach/Projekte/studynexus/frontend/node_modules/jest-circus/build/run.js:126:9)
            at _runTestsForDescribeBlock (/Users/yusefbach/Projekte/studynexus/frontend/node_modules/jest-circus/build/run.js:121:9)
            at run (/Users/yusefbach/Projekte/studynexus/frontend/node_modules/jest-circus/build/run.js:71:3)
            at runAndTransformResultsToJestFormat (/Users/yusefbach/Projekte/studynexus/frontend/node_modules/jest-circus/build/legacy-code-todo-rewrite/jestAdapterInit.js:122:21)
            at jestAdapter (/Users/yusefbach/Projekte/studynexus/frontend/node_modules/jest-circus/build/legacy-code-todo-rewrite/jestAdapter.js:79:19)
            at runTestInternal (/Users/yusefbach/Projekte/studynexus/frontend/node_modules/jest-runner/build/runTest.js:367:16)
            at runTest (/Users/yusefbach/Projekte/studynexus/frontend/node_modules/jest-runner/build/runTest.js:444:34)
            at Object.worker (/Users/yusefbach/Projekte/studynexus/frontend/node_modules/jest-runner/build/testWorker.js:106:12),
        type: 'unhandled exception'
      }

       95 |     });
       96 |
    >  97 |     render(<ModuleModal studentModule={makeModule()} open={true} onClose={noop} onSave={noop} />);
          |           ^
       98 |     fireEvent.click(screen.getByText("dashboard.modal.save"));
       99 |
      100 |     await waitFor(() => {

      at VirtualConsole.<anonymous> (node_modules/jest-environment-jsdom/build/index.js:63:23)
      at reportException (node_modules/jsdom/lib/jsdom/living/helpers/runtime-script-errors.js:70:28)
      at innerInvokeEventListeners (node_modules/jsdom/lib/jsdom/living/events/EventTarget-impl.js:353:9)
      at invokeEventListeners (node_modules/jsdom/lib/jsdom/living/events/EventTarget-impl.js:286:3)
      at HTMLUnknownElementImpl._dispatch (node_modules/jsdom/lib/jsdom/living/events/EventTarget-impl.js:233:9)
      at HTMLUnknownElementImpl.dispatchEvent (node_modules/jsdom/lib/jsdom/living/events/EventTarget-impl.js:104:17)
      at HTMLUnknownElement.dispatchEvent (node_modules/jsdom/lib/jsdom/living/generated/EventTarget.js:241:34)
      at Object.invokeGuardedCallbackDev (node_modules/react-dom/cjs/react-dom.development.js:4213:16)
      at invokeGuardedCallback (node_modules/react-dom/cjs/react-dom.development.js:4277:31)
      at beginWork$1 (node_modules/react-dom/cjs/react-dom.development.js:27490:7)
      at performUnitOfWork (node_modules/react-dom/cjs/react-dom.development.js:26599:12)
      at workLoopSync (node_modules/react-dom/cjs/react-dom.development.js:26505:5)
      at renderRootSync (node_modules/react-dom/cjs/react-dom.development.js:26473:7)
      at performConcurrentWorkOnRoot (node_modules/react-dom/cjs/react-dom.development.js:25777:74)
      at flushActQueue (node_modules/react/cjs/react.development.js:2667:24)
      at act (node_modules/react/cjs/react.development.js:2582:11)
      at node_modules/@testing-library/react/dist/act-compat.js:47:25
      at renderRoot (node_modules/@testing-library/react/dist/pure.js:180:26)
      at render (node_modules/@testing-library/react/dist/pure.js:271:10)
      at Object.<anonymous> (src/components/study/__tests__/ModuleModal.test.tsx:97:11)

    console.error
      Error: Uncaught [Error: No QueryClient set, use QueryClientProvider to set one]
          at reportException (/Users/yusefbach/Projekte/studynexus/frontend/node_modules/jsdom/lib/jsdom/living/helpers/runtime-script-errors.js:66:24)
          at innerInvokeEventListeners (/Users/yusefbach/Projekte/studynexus/frontend/node_modules/jsdom/lib/jsdom/living/events/EventTarget-impl.js:353:9)
          at invokeEventListeners (/Users/yusefbach/Projekte/studynexus/frontend/node_modules/jsdom/lib/jsdom/living/events/EventTarget-impl.js:286:3)
          at HTMLUnknownElementImpl._dispatch (/Users/yusefbach/Projekte/studynexus/frontend/node_modules/jsdom/lib/jsdom/living/events/EventTarget-impl.js:233:9)
          at HTMLUnknownElementImpl.dispatchEvent (/Users/yusefbach/Projekte/studynexus/frontend/node_modules/jsdom/lib/jsdom/living/events/EventTarget-impl.js:104:17)
          at HTMLUnknownElement.dispatchEvent (/Users/yusefbach/Projekte/studynexus/frontend/node_modules/jsdom/lib/jsdom/living/generated/EventTarget.js:241:34)
          at Object.invokeGuardedCallbackDev (/Users/yusefbach/Projekte/studynexus/frontend/node_modules/react-dom/cjs/react-dom.development.js:4213:16)
          at invokeGuardedCallback (/Users/yusefbach/Projekte/studynexus/frontend/node_modules/react-dom/cjs/react-dom.development.js:4277:31)
          at beginWork$1 (/Users/yusefbach/Projekte/studynexus/frontend/node_modules/react-dom/cjs/react-dom.development.js:27490:7)
          at performUnitOfWork (/Users/yusefbach/Projekte/studynexus/frontend/node_modules/react-dom/cjs/react-dom.development.js:26599:12)
          at workLoopSync (/Users/yusefbach/Projekte/studynexus/frontend/node_modules/react-dom/cjs/react-dom.development.js:26505:5)
          at renderRootSync (/Users/yusefbach/Projekte/studynexus/frontend/node_modules/react-dom/cjs/react-dom.development.js:26473:7)
          at recoverFromConcurrentError (/Users/yusefbach/Projekte/studynexus/frontend/node_modules/react-dom/cjs/react-dom.development.js:25889:20)
          at performConcurrentWorkOnRoot (/Users/yusefbach/Projekte/studynexus/frontend/node_modules/react-dom/cjs/react-dom.development.js:25789:22)
          at flushActQueue (/Users/yusefbach/Projekte/studynexus/frontend/node_modules/react/cjs/react.development.js:2667:24)
          at act (/Users/yusefbach/Projekte/studynexus/frontend/node_modules/react/cjs/react.development.js:2582:11)
          at /Users/yusefbach/Projekte/studynexus/frontend/node_modules/@testing-library/react/dist/act-compat.js:47:25
          at renderRoot (/Users/yusefbach/Projekte/studynexus/frontend/node_modules/@testing-library/react/dist/pure.js:180:26)
          at render (/Users/yusefbach/Projekte/studynexus/frontend/node_modules/@testing-library/react/dist/pure.js:271:10)
          at Object.<anonymous> (/Users/yusefbach/Projekte/studynexus/frontend/src/components/study/__tests__/ModuleModal.test.tsx:97:11)
          at Promise.then.completed (/Users/yusefbach/Projekte/studynexus/frontend/node_modules/jest-circus/build/utils.js:298:28)
          at new Promise (<anonymous>)
          at callAsyncCircusFn (/Users/yusefbach/Projekte/studynexus/frontend/node_modules/jest-circus/build/utils.js:231:10)
          at _callCircusTest (/Users/yusefbach/Projekte/studynexus/frontend/node_modules/jest-circus/build/run.js:316:40)
          at processTicksAndRejections (node:internal/process/task_queues:104:5)
          at _runTest (/Users/yusefbach/Projekte/studynexus/frontend/node_modules/jest-circus/build/run.js:252:3)
          at _runTestsForDescribeBlock (/Users/yusefbach/Projekte/studynexus/frontend/node_modules/jest-circus/build/run.js:126:9)
          at _runTestsForDescribeBlock (/Users/yusefbach/Projekte/studynexus/frontend/node_modules/jest-circus/build/run.js:121:9)
          at run (/Users/yusefbach/Projekte/studynexus/frontend/node_modules/jest-circus/build/run.js:71:3)
          at runAndTransformResultsToJestFormat (/Users/yusefbach/Projekte/studynexus/frontend/node_modules/jest-circus/build/legacy-code-todo-rewrite/jestAdapterInit.js:122:21)
          at jestAdapter (/Users/yusefbach/Projekte/studynexus/frontend/node_modules/jest-circus/build/legacy-code-todo-rewrite/jestAdapter.js:79:19)
          at runTestInternal (/Users/yusefbach/Projekte/studynexus/frontend/node_modules/jest-runner/build/runTest.js:367:16)
          at runTest (/Users/yusefbach/Projekte/studynexus/frontend/node_modules/jest-runner/build/runTest.js:444:34)
          at Object.worker (/Users/yusefbach/Projekte/studynexus/frontend/node_modules/jest-runner/build/testWorker.js:106:12) {
        detail: Error: No QueryClient set, use QueryClientProvider to set one
            at useQueryClient (/Users/yusefbach/Projekte/studynexus/frontend/node_modules/@tanstack/react-query/src/QueryClientProvider.tsx:18:11)
            at useUpdateModule (/Users/yusefbach/Projekte/studynexus/frontend/src/hooks/queries/useUpdateModule.ts:13:37)
            at ModuleModal (/Users/yusefbach/Projekte/studynexus/frontend/src/components/study/ModuleModal.tsx:51:39)
            at renderWithHooks (/Users/yusefbach/Projekte/studynexus/frontend/node_modules/react-dom/cjs/react-dom.development.js:15486:18)
            at mountIndeterminateComponent (/Users/yusefbach/Projekte/studynexus/frontend/node_modules/react-dom/cjs/react-dom.development.js:20103:13)
            at beginWork (/Users/yusefbach/Projekte/studynexus/frontend/node_modules/react-dom/cjs/react-dom.development.js:21626:16)
            at HTMLUnknownElement.callCallback (/Users/yusefbach/Projekte/studynexus/frontend/node_modules/react-dom/cjs/react-dom.development.js:4164:14)
            at HTMLUnknownElement.callTheUserObjectsOperation (/Users/yusefbach/Projekte/studynexus/frontend/node_modules/jsdom/lib/jsdom/living/generated/EventListener.js:26:30)
            at innerInvokeEventListeners (/Users/yusefbach/Projekte/studynexus/frontend/node_modules/jsdom/lib/jsdom/living/events/EventTarget-impl.js:350:25)
            at invokeEventListeners (/Users/yusefbach/Projekte/studynexus/frontend/node_modules/jsdom/lib/jsdom/living/events/EventTarget-impl.js:286:3)
            at HTMLUnknownElementImpl._dispatch (/Users/yusefbach/Projekte/studynexus/frontend/node_modules/jsdom/lib/jsdom/living/events/EventTarget-impl.js:233:9)
            at HTMLUnknownElementImpl.dispatchEvent (/Users/yusefbach/Projekte/studynexus/frontend/node_modules/jsdom/lib/jsdom/living/events/EventTarget-impl.js:104:17)
            at HTMLUnknownElement.dispatchEvent (/Users/yusefbach/Projekte/studynexus/frontend/node_modules/jsdom/lib/jsdom/living/generated/EventTarget.js:241:34)
            at Object.invokeGuardedCallbackDev (/Users/yusefbach/Projekte/studynexus/frontend/node_modules/react-dom/cjs/react-dom.development.js:4213:16)
            at invokeGuardedCallback (/Users/yusefbach/Projekte/studynexus/frontend/node_modules/react-dom/cjs/react-dom.development.js:4277:31)
            at beginWork$1 (/Users/yusefbach/Projekte/studynexus/frontend/node_modules/react-dom/cjs/react-dom.development.js:27490:7)
            at performUnitOfWork (/Users/yusefbach/Projekte/studynexus/frontend/node_modules/react-dom/cjs/react-dom.development.js:26599:12)
            at workLoopSync (/Users/yusefbach/Projekte/studynexus/frontend/node_modules/react-dom/cjs/react-dom.development.js:26505:5)
            at renderRootSync (/Users/yusefbach/Projekte/studynexus/frontend/node_modules/react-dom/cjs/react-dom.development.js:26473:7)
            at recoverFromConcurrentError (/Users/yusefbach/Projekte/studynexus/frontend/node_modules/react-dom/cjs/react-dom.development.js:25889:20)
            at performConcurrentWorkOnRoot (/Users/yusefbach/Projekte/studynexus/frontend/node_modules/react-dom/cjs/react-dom.development.js:25789:22)
            at flushActQueue (/Users/yusefbach/Projekte/studynexus/frontend/node_modules/react/cjs/react.development.js:2667:24)
            at act (/Users/yusefbach/Projekte/studynexus/frontend/node_modules/react/cjs/react.development.js:2582:11)
            at /Users/yusefbach/Projekte/studynexus/frontend/node_modules/@testing-library/react/dist/act-compat.js:47:25
            at renderRoot (/Users/yusefbach/Projekte/studynexus/frontend/node_modules/@testing-library/react/dist/pure.js:180:26)
            at render (/Users/yusefbach/Projekte/studynexus/frontend/node_modules/@testing-library/react/dist/pure.js:271:10)
            at Object.<anonymous> (/Users/yusefbach/Projekte/studynexus/frontend/src/components/study/__tests__/ModuleModal.test.tsx:97:11)
            at Promise.then.completed (/Users/yusefbach/Projekte/studynexus/frontend/node_modules/jest-circus/build/utils.js:298:28)
            at new Promise (<anonymous>)
            at callAsyncCircusFn (/Users/yusefbach/Projekte/studynexus/frontend/node_modules/jest-circus/build/utils.js:231:10)
            at _callCircusTest (/Users/yusefbach/Projekte/studynexus/frontend/node_modules/jest-circus/build/run.js:316:40)
            at processTicksAndRejections (node:internal/process/task_queues:104:5)
            at _runTest (/Users/yusefbach/Projekte/studynexus/frontend/node_modules/jest-circus/build/run.js:252:3)
            at _runTestsForDescribeBlock (/Users/yusefbach/Projekte/studynexus/frontend/node_modules/jest-circus/build/run.js:126:9)
            at _runTestsForDescribeBlock (/Users/yusefbach/Projekte/studynexus/frontend/node_modules/jest-circus/build/run.js:121:9)
            at run (/Users/yusefbach/Projekte/studynexus/frontend/node_modules/jest-circus/build/run.js:71:3)
            at runAndTransformResultsToJestFormat (/Users/yusefbach/Projekte/studynexus/frontend/node_modules/jest-circus/build/legacy-code-todo-rewrite/jestAdapterInit.js:122:21)
            at jestAdapter (/Users/yusefbach/Projekte/studynexus/frontend/node_modules/jest-circus/build/legacy-code-todo-rewrite/jestAdapter.js:79:19)
            at runTestInternal (/Users/yusefbach/Projekte/studynexus/frontend/node_modules/jest-runner/build/runTest.js:367:16)
            at runTest (/Users/yusefbach/Projekte/studynexus/frontend/node_modules/jest-runner/build/runTest.js:444:34)
            at Object.worker (/Users/yusefbach/Projekte/studynexus/frontend/node_modules/jest-runner/build/testWorker.js:106:12),
        type: 'unhandled exception'
      }

       95 |     });
       96 |
    >  97 |     render(<ModuleModal studentModule={makeModule()} open={true} onClose={noop} onSave={noop} />);
          |           ^
       98 |     fireEvent.click(screen.getByText("dashboard.modal.save"));
       99 |
      100 |     await waitFor(() => {

      at VirtualConsole.<anonymous> (node_modules/jest-environment-jsdom/build/index.js:63:23)
      at reportException (node_modules/jsdom/lib/jsdom/living/helpers/runtime-script-errors.js:70:28)
      at innerInvokeEventListeners (node_modules/jsdom/lib/jsdom/living/events/EventTarget-impl.js:353:9)
      at invokeEventListeners (node_modules/jsdom/lib/jsdom/living/events/EventTarget-impl.js:286:3)
      at HTMLUnknownElementImpl._dispatch (node_modules/jsdom/lib/jsdom/living/events/EventTarget-impl.js:233:9)
      at HTMLUnknownElementImpl.dispatchEvent (node_modules/jsdom/lib/jsdom/living/events/EventTarget-impl.js:104:17)
      at HTMLUnknownElement.dispatchEvent (node_modules/jsdom/lib/jsdom/living/generated/EventTarget.js:241:34)
      at Object.invokeGuardedCallbackDev (node_modules/react-dom/cjs/react-dom.development.js:4213:16)
      at invokeGuardedCallback (node_modules/react-dom/cjs/react-dom.development.js:4277:31)
      at beginWork$1 (node_modules/react-dom/cjs/react-dom.development.js:27490:7)
      at performUnitOfWork (node_modules/react-dom/cjs/react-dom.development.js:26599:12)
      at workLoopSync (node_modules/react-dom/cjs/react-dom.development.js:26505:5)
      at renderRootSync (node_modules/react-dom/cjs/react-dom.development.js:26473:7)
      at recoverFromConcurrentError (node_modules/react-dom/cjs/react-dom.development.js:25889:20)
      at performConcurrentWorkOnRoot (node_modules/react-dom/cjs/react-dom.development.js:25789:22)
      at flushActQueue (node_modules/react/cjs/react.development.js:2667:24)
      at act (node_modules/react/cjs/react.development.js:2582:11)
      at node_modules/@testing-library/react/dist/act-compat.js:47:25
      at renderRoot (node_modules/@testing-library/react/dist/pure.js:180:26)
      at render (node_modules/@testing-library/react/dist/pure.js:271:10)
      at Object.<anonymous> (src/components/study/__tests__/ModuleModal.test.tsx:97:11)

    console.error
      The above error occurred in the <ModuleModal> component:
      
          at sm (/Users/yusefbach/Projekte/studynexus/frontend/src/components/study/ModuleModal.tsx:35:46)
      
      Consider adding an error boundary to your tree to customize error handling behavior.
      Visit https://reactjs.org/link/error-boundaries to learn more about error boundaries.

       95 |     });
       96 |
    >  97 |     render(<ModuleModal studentModule={makeModule()} open={true} onClose={noop} onSave={noop} />);
          |           ^
       98 |     fireEvent.click(screen.getByText("dashboard.modal.save"));
       99 |
      100 |     await waitFor(() => {

      at logCapturedError (node_modules/react-dom/cjs/react-dom.development.js:18704:23)
      at update.callback (node_modules/react-dom/cjs/react-dom.development.js:18737:5)
      at callCallback (node_modules/react-dom/cjs/react-dom.development.js:15036:12)
      at commitUpdateQueue (node_modules/react-dom/cjs/react-dom.development.js:15057:9)
      at commitLayoutEffectOnFiber (node_modules/react-dom/cjs/react-dom.development.js:23430:13)
      at commitLayoutMountEffects_complete (node_modules/react-dom/cjs/react-dom.development.js:24727:9)
      at commitLayoutEffects_begin (node_modules/react-dom/cjs/react-dom.development.js:24713:7)
      at commitLayoutEffects (node_modules/react-dom/cjs/react-dom.development.js:24651:3)
      at commitRootImpl (node_modules/react-dom/cjs/react-dom.development.js:26862:5)
      at commitRoot (node_modules/react-dom/cjs/react-dom.development.js:26721:5)
      at finishConcurrentRender (node_modules/react-dom/cjs/react-dom.development.js:25931:9)
      at performConcurrentWorkOnRoot (node_modules/react-dom/cjs/react-dom.development.js:25848:7)
      at flushActQueue (node_modules/react/cjs/react.development.js:2667:24)
      at act (node_modules/react/cjs/react.development.js:2582:11)
      at node_modules/@testing-library/react/dist/act-compat.js:47:25
      at renderRoot (node_modules/@testing-library/react/dist/pure.js:180:26)
      at render (node_modules/@testing-library/react/dist/pure.js:271:10)
      at Object.<anonymous> (src/components/study/__tests__/ModuleModal.test.tsx:97:11)

  ● ModuleModal › does not render when closed

    No QueryClient set, use QueryClientProvider to set one

      11 |
      12 | export function useUpdateModule() {
    > 13 |   const queryClient = useQueryClient();
         |                                     ^
      14 |
      15 |   return useMutation<StudentModuleResponse, Error, UpdatePayload>({
      16 |     mutationFn: async ({ id, ...body }) => {

      at useQueryClient (node_modules/@tanstack/react-query/src/QueryClientProvider.tsx:18:11)
      at useUpdateModule (src/hooks/queries/useUpdateModule.ts:13:37)
      at ModuleModal (src/components/study/ModuleModal.tsx:51:39)
      at renderWithHooks (node_modules/react-dom/cjs/react-dom.development.js:15486:18)
      at mountIndeterminateComponent (node_modules/react-dom/cjs/react-dom.development.js:20103:13)
      at beginWork (node_modules/react-dom/cjs/react-dom.development.js:21626:16)
      at beginWork$1 (node_modules/react-dom/cjs/react-dom.development.js:27465:14)
      at performUnitOfWork (node_modules/react-dom/cjs/react-dom.development.js:26599:12)
      at workLoopSync (node_modules/react-dom/cjs/react-dom.development.js:26505:5)
      at renderRootSync (node_modules/react-dom/cjs/react-dom.development.js:26473:7)
      at recoverFromConcurrentError (node_modules/react-dom/cjs/react-dom.development.js:25889:20)
      at performConcurrentWorkOnRoot (node_modules/react-dom/cjs/react-dom.development.js:25789:22)
      at flushActQueue (node_modules/react/cjs/react.development.js:2667:24)
      at act (node_modules/react/cjs/react.development.js:2582:11)
      at node_modules/@testing-library/react/dist/act-compat.js:47:25
      at renderRoot (node_modules/@testing-library/react/dist/pure.js:180:26)
      at render (node_modules/@testing-library/react/dist/pure.js:271:10)
      at Object.<anonymous> (src/components/study/__tests__/ModuleModal.test.tsx:45:11)

  ● ModuleModal › renders when open

    No QueryClient set, use QueryClientProvider to set one

      11 |
      12 | export function useUpdateModule() {
    > 13 |   const queryClient = useQueryClient();
         |                                     ^
      14 |
      15 |   return useMutation<StudentModuleResponse, Error, UpdatePayload>({
      16 |     mutationFn: async ({ id, ...body }) => {

      at useQueryClient (node_modules/@tanstack/react-query/src/QueryClientProvider.tsx:18:11)
      at useUpdateModule (src/hooks/queries/useUpdateModule.ts:13:37)
      at ModuleModal (src/components/study/ModuleModal.tsx:51:39)
      at renderWithHooks (node_modules/react-dom/cjs/react-dom.development.js:15486:18)
      at mountIndeterminateComponent (node_modules/react-dom/cjs/react-dom.development.js:20103:13)
      at beginWork (node_modules/react-dom/cjs/react-dom.development.js:21626:16)
      at beginWork$1 (node_modules/react-dom/cjs/react-dom.development.js:27465:14)
      at performUnitOfWork (node_modules/react-dom/cjs/react-dom.development.js:26599:12)
      at workLoopSync (node_modules/react-dom/cjs/react-dom.development.js:26505:5)
      at renderRootSync (node_modules/react-dom/cjs/react-dom.development.js:26473:7)
      at recoverFromConcurrentError (node_modules/react-dom/cjs/react-dom.development.js:25889:20)
      at performConcurrentWorkOnRoot (node_modules/react-dom/cjs/react-dom.development.js:25789:22)
      at flushActQueue (node_modules/react/cjs/react.development.js:2667:24)
      at act (node_modules/react/cjs/react.development.js:2582:11)
      at node_modules/@testing-library/react/dist/act-compat.js:47:25
      at renderRoot (node_modules/@testing-library/react/dist/pure.js:180:26)
      at render (node_modules/@testing-library/react/dist/pure.js:271:10)
      at Object.<anonymous> (src/components/study/__tests__/ModuleModal.test.tsx:50:11)

  ● ModuleModal › shows note input for graded module

    No QueryClient set, use QueryClientProvider to set one

      11 |
      12 | export function useUpdateModule() {
    > 13 |   const queryClient = useQueryClient();
         |                                     ^
      14 |
      15 |   return useMutation<StudentModuleResponse, Error, UpdatePayload>({
      16 |     mutationFn: async ({ id, ...body }) => {

      at useQueryClient (node_modules/@tanstack/react-query/src/QueryClientProvider.tsx:18:11)
      at useUpdateModule (src/hooks/queries/useUpdateModule.ts:13:37)
      at ModuleModal (src/components/study/ModuleModal.tsx:51:39)
      at renderWithHooks (node_modules/react-dom/cjs/react-dom.development.js:15486:18)
      at mountIndeterminateComponent (node_modules/react-dom/cjs/react-dom.development.js:20103:13)
      at beginWork (node_modules/react-dom/cjs/react-dom.development.js:21626:16)
      at beginWork$1 (node_modules/react-dom/cjs/react-dom.development.js:27465:14)
      at performUnitOfWork (node_modules/react-dom/cjs/react-dom.development.js:26599:12)
      at workLoopSync (node_modules/react-dom/cjs/react-dom.development.js:26505:5)
      at renderRootSync (node_modules/react-dom/cjs/react-dom.development.js:26473:7)
      at recoverFromConcurrentError (node_modules/react-dom/cjs/react-dom.development.js:25889:20)
      at performConcurrentWorkOnRoot (node_modules/react-dom/cjs/react-dom.development.js:25789:22)
      at flushActQueue (node_modules/react/cjs/react.development.js:2667:24)
      at act (node_modules/react/cjs/react.development.js:2582:11)
      at node_modules/@testing-library/react/dist/act-compat.js:47:25
      at renderRoot (node_modules/@testing-library/react/dist/pure.js:180:26)
      at render (node_modules/@testing-library/react/dist/pure.js:271:10)
      at Object.<anonymous> (src/components/study/__tests__/ModuleModal.test.tsx:56:11)

  ● ModuleModal › hides note input and shows badge for ungraded module

    No QueryClient set, use QueryClientProvider to set one

      11 |
      12 | export function useUpdateModule() {
    > 13 |   const queryClient = useQueryClient();
         |                                     ^
      14 |
      15 |   return useMutation<StudentModuleResponse, Error, UpdatePayload>({
      16 |     mutationFn: async ({ id, ...body }) => {

      at useQueryClient (node_modules/@tanstack/react-query/src/QueryClientProvider.tsx:18:11)
      at useUpdateModule (src/hooks/queries/useUpdateModule.ts:13:37)
      at ModuleModal (src/components/study/ModuleModal.tsx:51:39)
      at renderWithHooks (node_modules/react-dom/cjs/react-dom.development.js:15486:18)
      at mountIndeterminateComponent (node_modules/react-dom/cjs/react-dom.development.js:20103:13)
      at beginWork (node_modules/react-dom/cjs/react-dom.development.js:21626:16)
      at beginWork$1 (node_modules/react-dom/cjs/react-dom.development.js:27465:14)
      at performUnitOfWork (node_modules/react-dom/cjs/react-dom.development.js:26599:12)
      at workLoopSync (node_modules/react-dom/cjs/react-dom.development.js:26505:5)
      at renderRootSync (node_modules/react-dom/cjs/react-dom.development.js:26473:7)
      at recoverFromConcurrentError (node_modules/react-dom/cjs/react-dom.development.js:25889:20)
      at performConcurrentWorkOnRoot (node_modules/react-dom/cjs/react-dom.development.js:25789:22)
      at flushActQueue (node_modules/react/cjs/react.development.js:2667:24)
      at act (node_modules/react/cjs/react.development.js:2582:11)
      at node_modules/@testing-library/react/dist/act-compat.js:47:25
      at renderRoot (node_modules/@testing-library/react/dist/pure.js:180:26)
      at render (node_modules/@testing-library/react/dist/pure.js:271:10)
      at Object.<anonymous> (src/components/study/__tests__/ModuleModal.test.tsx:62:11)

  ● ModuleModal › calls onClose when backdrop is clicked

    No QueryClient set, use QueryClientProvider to set one

      11 |
      12 | export function useUpdateModule() {
    > 13 |   const queryClient = useQueryClient();
         |                                     ^
      14 |
      15 |   return useMutation<StudentModuleResponse, Error, UpdatePayload>({
      16 |     mutationFn: async ({ id, ...body }) => {

      at useQueryClient (node_modules/@tanstack/react-query/src/QueryClientProvider.tsx:18:11)
      at useUpdateModule (src/hooks/queries/useUpdateModule.ts:13:37)
      at ModuleModal (src/components/study/ModuleModal.tsx:51:39)
      at renderWithHooks (node_modules/react-dom/cjs/react-dom.development.js:15486:18)
      at mountIndeterminateComponent (node_modules/react-dom/cjs/react-dom.development.js:20103:13)
      at beginWork (node_modules/react-dom/cjs/react-dom.development.js:21626:16)
      at beginWork$1 (node_modules/react-dom/cjs/react-dom.development.js:27465:14)
      at performUnitOfWork (node_modules/react-dom/cjs/react-dom.development.js:26599:12)
      at workLoopSync (node_modules/react-dom/cjs/react-dom.development.js:26505:5)
      at renderRootSync (node_modules/react-dom/cjs/react-dom.development.js:26473:7)
      at recoverFromConcurrentError (node_modules/react-dom/cjs/react-dom.development.js:25889:20)
      at performConcurrentWorkOnRoot (node_modules/react-dom/cjs/react-dom.development.js:25789:22)
      at flushActQueue (node_modules/react/cjs/react.development.js:2667:24)
      at act (node_modules/react/cjs/react.development.js:2582:11)
      at node_modules/@testing-library/react/dist/act-compat.js:47:25
      at renderRoot (node_modules/@testing-library/react/dist/pure.js:180:26)
      at render (node_modules/@testing-library/react/dist/pure.js:271:10)
      at Object.<anonymous> (src/components/study/__tests__/ModuleModal.test.tsx:69:11)

  ● ModuleModal › calls onSave with updated module after successful PUT

    No QueryClient set, use QueryClientProvider to set one

      11 |
      12 | export function useUpdateModule() {
    > 13 |   const queryClient = useQueryClient();
         |                                     ^
      14 |
      15 |   return useMutation<StudentModuleResponse, Error, UpdatePayload>({
      16 |     mutationFn: async ({ id, ...body }) => {

      at useQueryClient (node_modules/@tanstack/react-query/src/QueryClientProvider.tsx:18:11)
      at useUpdateModule (src/hooks/queries/useUpdateModule.ts:13:37)
      at ModuleModal (src/components/study/ModuleModal.tsx:51:39)
      at renderWithHooks (node_modules/react-dom/cjs/react-dom.development.js:15486:18)
      at mountIndeterminateComponent (node_modules/react-dom/cjs/react-dom.development.js:20103:13)
      at beginWork (node_modules/react-dom/cjs/react-dom.development.js:21626:16)
      at beginWork$1 (node_modules/react-dom/cjs/react-dom.development.js:27465:14)
      at performUnitOfWork (node_modules/react-dom/cjs/react-dom.development.js:26599:12)
      at workLoopSync (node_modules/react-dom/cjs/react-dom.development.js:26505:5)
      at renderRootSync (node_modules/react-dom/cjs/react-dom.development.js:26473:7)
      at recoverFromConcurrentError (node_modules/react-dom/cjs/react-dom.development.js:25889:20)
      at performConcurrentWorkOnRoot (node_modules/react-dom/cjs/react-dom.development.js:25789:22)
      at flushActQueue (node_modules/react/cjs/react.development.js:2667:24)
      at act (node_modules/react/cjs/react.development.js:2582:11)
      at node_modules/@testing-library/react/dist/act-compat.js:47:25
      at renderRoot (node_modules/@testing-library/react/dist/pure.js:180:26)
      at render (node_modules/@testing-library/react/dist/pure.js:271:10)
      at Object.<anonymous> (src/components/study/__tests__/ModuleModal.test.tsx:82:11)

  ● ModuleModal › shows error message on failed PUT

    No QueryClient set, use QueryClientProvider to set one

      11 |
      12 | export function useUpdateModule() {
    > 13 |   const queryClient = useQueryClient();
         |                                     ^
      14 |
      15 |   return useMutation<StudentModuleResponse, Error, UpdatePayload>({
      16 |     mutationFn: async ({ id, ...body }) => {

      at useQueryClient (node_modules/@tanstack/react-query/src/QueryClientProvider.tsx:18:11)
      at useUpdateModule (src/hooks/queries/useUpdateModule.ts:13:37)
      at ModuleModal (src/components/study/ModuleModal.tsx:51:39)
      at renderWithHooks (node_modules/react-dom/cjs/react-dom.development.js:15486:18)
      at mountIndeterminateComponent (node_modules/react-dom/cjs/react-dom.development.js:20103:13)
      at beginWork (node_modules/react-dom/cjs/react-dom.development.js:21626:16)
      at beginWork$1 (node_modules/react-dom/cjs/react-dom.development.js:27465:14)
      at performUnitOfWork (node_modules/react-dom/cjs/react-dom.development.js:26599:12)
      at workLoopSync (node_modules/react-dom/cjs/react-dom.development.js:26505:5)
      at renderRootSync (node_modules/react-dom/cjs/react-dom.development.js:26473:7)
      at recoverFromConcurrentError (node_modules/react-dom/cjs/react-dom.development.js:25889:20)
      at performConcurrentWorkOnRoot (node_modules/react-dom/cjs/react-dom.development.js:25789:22)
      at flushActQueue (node_modules/react/cjs/react.development.js:2667:24)
      at act (node_modules/react/cjs/react.development.js:2582:11)
      at node_modules/@testing-library/react/dist/act-compat.js:47:25
      at renderRoot (node_modules/@testing-library/react/dist/pure.js:180:26)
      at render (node_modules/@testing-library/react/dist/pure.js:271:10)
      at Object.<anonymous> (src/components/study/__tests__/ModuleModal.test.tsx:97:11)

FAIL src/components/study/__tests__/ModuleList.test.tsx
  ● Console

    console.error
      Error: Uncaught [Error: No QueryClient set, use QueryClientProvider to set one]
          at reportException (/Users/yusefbach/Projekte/studynexus/frontend/node_modules/jsdom/lib/jsdom/living/helpers/runtime-script-errors.js:66:24)
          at innerInvokeEventListeners (/Users/yusefbach/Projekte/studynexus/frontend/node_modules/jsdom/lib/jsdom/living/events/EventTarget-impl.js:353:9)
          at invokeEventListeners (/Users/yusefbach/Projekte/studynexus/frontend/node_modules/jsdom/lib/jsdom/living/events/EventTarget-impl.js:286:3)
          at HTMLUnknownElementImpl._dispatch (/Users/yusefbach/Projekte/studynexus/frontend/node_modules/jsdom/lib/jsdom/living/events/EventTarget-impl.js:233:9)
          at HTMLUnknownElementImpl.dispatchEvent (/Users/yusefbach/Projekte/studynexus/frontend/node_modules/jsdom/lib/jsdom/living/events/EventTarget-impl.js:104:17)
          at HTMLUnknownElement.dispatchEvent (/Users/yusefbach/Projekte/studynexus/frontend/node_modules/jsdom/lib/jsdom/living/generated/EventTarget.js:241:34)
          at Object.invokeGuardedCallbackDev (/Users/yusefbach/Projekte/studynexus/frontend/node_modules/react-dom/cjs/react-dom.development.js:4213:16)
          at invokeGuardedCallback (/Users/yusefbach/Projekte/studynexus/frontend/node_modules/react-dom/cjs/react-dom.development.js:4277:31)
          at beginWork$1 (/Users/yusefbach/Projekte/studynexus/frontend/node_modules/react-dom/cjs/react-dom.development.js:27490:7)
          at performUnitOfWork (/Users/yusefbach/Projekte/studynexus/frontend/node_modules/react-dom/cjs/react-dom.development.js:26599:12)
          at workLoopSync (/Users/yusefbach/Projekte/studynexus/frontend/node_modules/react-dom/cjs/react-dom.development.js:26505:5)
          at renderRootSync (/Users/yusefbach/Projekte/studynexus/frontend/node_modules/react-dom/cjs/react-dom.development.js:26473:7)
          at performConcurrentWorkOnRoot (/Users/yusefbach/Projekte/studynexus/frontend/node_modules/react-dom/cjs/react-dom.development.js:25777:74)
          at flushActQueue (/Users/yusefbach/Projekte/studynexus/frontend/node_modules/react/cjs/react.development.js:2667:24)
          at act (/Users/yusefbach/Projekte/studynexus/frontend/node_modules/react/cjs/react.development.js:2582:11)
          at /Users/yusefbach/Projekte/studynexus/frontend/node_modules/@testing-library/react/dist/act-compat.js:47:25
          at renderRoot (/Users/yusefbach/Projekte/studynexus/frontend/node_modules/@testing-library/react/dist/pure.js:180:26)
          at render (/Users/yusefbach/Projekte/studynexus/frontend/node_modules/@testing-library/react/dist/pure.js:271:10)
          at Object.<anonymous> (/Users/yusefbach/Projekte/studynexus/frontend/src/components/study/__tests__/ModuleList.test.tsx:84:11)
          at Promise.then.completed (/Users/yusefbach/Projekte/studynexus/frontend/node_modules/jest-circus/build/utils.js:298:28)
          at new Promise (<anonymous>)
          at callAsyncCircusFn (/Users/yusefbach/Projekte/studynexus/frontend/node_modules/jest-circus/build/utils.js:231:10)
          at _callCircusTest (/Users/yusefbach/Projekte/studynexus/frontend/node_modules/jest-circus/build/run.js:316:40)
          at processTicksAndRejections (node:internal/process/task_queues:104:5)
          at _runTest (/Users/yusefbach/Projekte/studynexus/frontend/node_modules/jest-circus/build/run.js:252:3)
          at _runTestsForDescribeBlock (/Users/yusefbach/Projekte/studynexus/frontend/node_modules/jest-circus/build/run.js:126:9)
          at _runTestsForDescribeBlock (/Users/yusefbach/Projekte/studynexus/frontend/node_modules/jest-circus/build/run.js:121:9)
          at run (/Users/yusefbach/Projekte/studynexus/frontend/node_modules/jest-circus/build/run.js:71:3)
          at runAndTransformResultsToJestFormat (/Users/yusefbach/Projekte/studynexus/frontend/node_modules/jest-circus/build/legacy-code-todo-rewrite/jestAdapterInit.js:122:21)
          at jestAdapter (/Users/yusefbach/Projekte/studynexus/frontend/node_modules/jest-circus/build/legacy-code-todo-rewrite/jestAdapter.js:79:19)
          at runTestInternal (/Users/yusefbach/Projekte/studynexus/frontend/node_modules/jest-runner/build/runTest.js:367:16)
          at runTest (/Users/yusefbach/Projekte/studynexus/frontend/node_modules/jest-runner/build/runTest.js:444:34)
          at Object.worker (/Users/yusefbach/Projekte/studynexus/frontend/node_modules/jest-runner/build/testWorker.js:106:12) {
        detail: Error: No QueryClient set, use QueryClientProvider to set one
            at useQueryClient (/Users/yusefbach/Projekte/studynexus/frontend/node_modules/@tanstack/react-query/src/QueryClientProvider.tsx:18:11)
            at useBaseQuery (/Users/yusefbach/Projekte/studynexus/frontend/node_modules/@tanstack/react-query/src/useBaseQuery.ts:54:18)
            at useQuery (/Users/yusefbach/Projekte/studynexus/frontend/node_modules/@tanstack/react-query/src/useQuery.ts:51:10)
            at useUserModules (/Users/yusefbach/Projekte/studynexus/frontend/src/hooks/queries/useUserModules.ts:7:18)
            at ModuleList (/Users/yusefbach/Projekte/studynexus/frontend/src/components/study/ModuleList.tsx:31:71)
            at renderWithHooks (/Users/yusefbach/Projekte/studynexus/frontend/node_modules/react-dom/cjs/react-dom.development.js:15486:18)
            at mountIndeterminateComponent (/Users/yusefbach/Projekte/studynexus/frontend/node_modules/react-dom/cjs/react-dom.development.js:20103:13)
            at beginWork (/Users/yusefbach/Projekte/studynexus/frontend/node_modules/react-dom/cjs/react-dom.development.js:21626:16)
            at HTMLUnknownElement.callCallback (/Users/yusefbach/Projekte/studynexus/frontend/node_modules/react-dom/cjs/react-dom.development.js:4164:14)
            at HTMLUnknownElement.callTheUserObjectsOperation (/Users/yusefbach/Projekte/studynexus/frontend/node_modules/jsdom/lib/jsdom/living/generated/EventListener.js:26:30)
            at innerInvokeEventListeners (/Users/yusefbach/Projekte/studynexus/frontend/node_modules/jsdom/lib/jsdom/living/events/EventTarget-impl.js:350:25)
            at invokeEventListeners (/Users/yusefbach/Projekte/studynexus/frontend/node_modules/jsdom/lib/jsdom/living/events/EventTarget-impl.js:286:3)
            at HTMLUnknownElementImpl._dispatch (/Users/yusefbach/Projekte/studynexus/frontend/node_modules/jsdom/lib/jsdom/living/events/EventTarget-impl.js:233:9)
            at HTMLUnknownElementImpl.dispatchEvent (/Users/yusefbach/Projekte/studynexus/frontend/node_modules/jsdom/lib/jsdom/living/events/EventTarget-impl.js:104:17)
            at HTMLUnknownElement.dispatchEvent (/Users/yusefbach/Projekte/studynexus/frontend/node_modules/jsdom/lib/jsdom/living/generated/EventTarget.js:241:34)
            at Object.invokeGuardedCallbackDev (/Users/yusefbach/Projekte/studynexus/frontend/node_modules/react-dom/cjs/react-dom.development.js:4213:16)
            at invokeGuardedCallback (/Users/yusefbach/Projekte/studynexus/frontend/node_modules/react-dom/cjs/react-dom.development.js:4277:31)
            at beginWork$1 (/Users/yusefbach/Projekte/studynexus/frontend/node_modules/react-dom/cjs/react-dom.development.js:27490:7)
            at performUnitOfWork (/Users/yusefbach/Projekte/studynexus/frontend/node_modules/react-dom/cjs/react-dom.development.js:26599:12)
            at workLoopSync (/Users/yusefbach/Projekte/studynexus/frontend/node_modules/react-dom/cjs/react-dom.development.js:26505:5)
            at renderRootSync (/Users/yusefbach/Projekte/studynexus/frontend/node_modules/react-dom/cjs/react-dom.development.js:26473:7)
            at performConcurrentWorkOnRoot (/Users/yusefbach/Projekte/studynexus/frontend/node_modules/react-dom/cjs/react-dom.development.js:25777:74)
            at flushActQueue (/Users/yusefbach/Projekte/studynexus/frontend/node_modules/react/cjs/react.development.js:2667:24)
            at act (/Users/yusefbach/Projekte/studynexus/frontend/node_modules/react/cjs/react.development.js:2582:11)
            at /Users/yusefbach/Projekte/studynexus/frontend/node_modules/@testing-library/react/dist/act-compat.js:47:25
            at renderRoot (/Users/yusefbach/Projekte/studynexus/frontend/node_modules/@testing-library/react/dist/pure.js:180:26)
            at render (/Users/yusefbach/Projekte/studynexus/frontend/node_modules/@testing-library/react/dist/pure.js:271:10)
            at Object.<anonymous> (/Users/yusefbach/Projekte/studynexus/frontend/src/components/study/__tests__/ModuleList.test.tsx:84:11)
            at Promise.then.completed (/Users/yusefbach/Projekte/studynexus/frontend/node_modules/jest-circus/build/utils.js:298:28)
            at new Promise (<anonymous>)
            at callAsyncCircusFn (/Users/yusefbach/Projekte/studynexus/frontend/node_modules/jest-circus/build/utils.js:231:10)
            at _callCircusTest (/Users/yusefbach/Projekte/studynexus/frontend/node_modules/jest-circus/build/run.js:316:40)
            at processTicksAndRejections (node:internal/process/task_queues:104:5)
            at _runTest (/Users/yusefbach/Projekte/studynexus/frontend/node_modules/jest-circus/build/run.js:252:3)
            at _runTestsForDescribeBlock (/Users/yusefbach/Projekte/studynexus/frontend/node_modules/jest-circus/build/run.js:126:9)
            at _runTestsForDescribeBlock (/Users/yusefbach/Projekte/studynexus/frontend/node_modules/jest-circus/build/run.js:121:9)
            at run (/Users/yusefbach/Projekte/studynexus/frontend/node_modules/jest-circus/build/run.js:71:3)
            at runAndTransformResultsToJestFormat (/Users/yusefbach/Projekte/studynexus/frontend/node_modules/jest-circus/build/legacy-code-todo-rewrite/jestAdapterInit.js:122:21)
            at jestAdapter (/Users/yusefbach/Projekte/studynexus/frontend/node_modules/jest-circus/build/legacy-code-todo-rewrite/jestAdapter.js:79:19)
            at runTestInternal (/Users/yusefbach/Projekte/studynexus/frontend/node_modules/jest-runner/build/runTest.js:367:16)
            at runTest (/Users/yusefbach/Projekte/studynexus/frontend/node_modules/jest-runner/build/runTest.js:444:34)
            at Object.worker (/Users/yusefbach/Projekte/studynexus/frontend/node_modules/jest-runner/build/testWorker.js:106:12),
        type: 'unhandled exception'
      }

      82 |   it("shows loading text initially", () => {
      83 |     mockFetch(mockGroups);
    > 84 |     render(<ModuleList />);
         |           ^
      85 |     expect(screen.getByText("dashboard.modules.loading")).toBeInTheDocument();
      86 |   });
      87 |

      at VirtualConsole.<anonymous> (node_modules/jest-environment-jsdom/build/index.js:63:23)
      at reportException (node_modules/jsdom/lib/jsdom/living/helpers/runtime-script-errors.js:70:28)
      at innerInvokeEventListeners (node_modules/jsdom/lib/jsdom/living/events/EventTarget-impl.js:353:9)
      at invokeEventListeners (node_modules/jsdom/lib/jsdom/living/events/EventTarget-impl.js:286:3)
      at HTMLUnknownElementImpl._dispatch (node_modules/jsdom/lib/jsdom/living/events/EventTarget-impl.js:233:9)
      at HTMLUnknownElementImpl.dispatchEvent (node_modules/jsdom/lib/jsdom/living/events/EventTarget-impl.js:104:17)
      at HTMLUnknownElement.dispatchEvent (node_modules/jsdom/lib/jsdom/living/generated/EventTarget.js:241:34)
      at Object.invokeGuardedCallbackDev (node_modules/react-dom/cjs/react-dom.development.js:4213:16)
      at invokeGuardedCallback (node_modules/react-dom/cjs/react-dom.development.js:4277:31)
      at beginWork$1 (node_modules/react-dom/cjs/react-dom.development.js:27490:7)
      at performUnitOfWork (node_modules/react-dom/cjs/react-dom.development.js:26599:12)
      at workLoopSync (node_modules/react-dom/cjs/react-dom.development.js:26505:5)
      at renderRootSync (node_modules/react-dom/cjs/react-dom.development.js:26473:7)
      at performConcurrentWorkOnRoot (node_modules/react-dom/cjs/react-dom.development.js:25777:74)
      at flushActQueue (node_modules/react/cjs/react.development.js:2667:24)
      at act (node_modules/react/cjs/react.development.js:2582:11)
      at node_modules/@testing-library/react/dist/act-compat.js:47:25
      at renderRoot (node_modules/@testing-library/react/dist/pure.js:180:26)
      at render (node_modules/@testing-library/react/dist/pure.js:271:10)
      at Object.<anonymous> (src/components/study/__tests__/ModuleList.test.tsx:84:11)

    console.error
      Error: Uncaught [Error: No QueryClient set, use QueryClientProvider to set one]
          at reportException (/Users/yusefbach/Projekte/studynexus/frontend/node_modules/jsdom/lib/jsdom/living/helpers/runtime-script-errors.js:66:24)
          at innerInvokeEventListeners (/Users/yusefbach/Projekte/studynexus/frontend/node_modules/jsdom/lib/jsdom/living/events/EventTarget-impl.js:353:9)
          at invokeEventListeners (/Users/yusefbach/Projekte/studynexus/frontend/node_modules/jsdom/lib/jsdom/living/events/EventTarget-impl.js:286:3)
          at HTMLUnknownElementImpl._dispatch (/Users/yusefbach/Projekte/studynexus/frontend/node_modules/jsdom/lib/jsdom/living/events/EventTarget-impl.js:233:9)
          at HTMLUnknownElementImpl.dispatchEvent (/Users/yusefbach/Projekte/studynexus/frontend/node_modules/jsdom/lib/jsdom/living/events/EventTarget-impl.js:104:17)
          at HTMLUnknownElement.dispatchEvent (/Users/yusefbach/Projekte/studynexus/frontend/node_modules/jsdom/lib/jsdom/living/generated/EventTarget.js:241:34)
          at Object.invokeGuardedCallbackDev (/Users/yusefbach/Projekte/studynexus/frontend/node_modules/react-dom/cjs/react-dom.development.js:4213:16)
          at invokeGuardedCallback (/Users/yusefbach/Projekte/studynexus/frontend/node_modules/react-dom/cjs/react-dom.development.js:4277:31)
          at beginWork$1 (/Users/yusefbach/Projekte/studynexus/frontend/node_modules/react-dom/cjs/react-dom.development.js:27490:7)
          at performUnitOfWork (/Users/yusefbach/Projekte/studynexus/frontend/node_modules/react-dom/cjs/react-dom.development.js:26599:12)
          at workLoopSync (/Users/yusefbach/Projekte/studynexus/frontend/node_modules/react-dom/cjs/react-dom.development.js:26505:5)
          at renderRootSync (/Users/yusefbach/Projekte/studynexus/frontend/node_modules/react-dom/cjs/react-dom.development.js:26473:7)
          at recoverFromConcurrentError (/Users/yusefbach/Projekte/studynexus/frontend/node_modules/react-dom/cjs/react-dom.development.js:25889:20)
          at performConcurrentWorkOnRoot (/Users/yusefbach/Projekte/studynexus/frontend/node_modules/react-dom/cjs/react-dom.development.js:25789:22)
          at flushActQueue (/Users/yusefbach/Projekte/studynexus/frontend/node_modules/react/cjs/react.development.js:2667:24)
          at act (/Users/yusefbach/Projekte/studynexus/frontend/node_modules/react/cjs/react.development.js:2582:11)
          at /Users/yusefbach/Projekte/studynexus/frontend/node_modules/@testing-library/react/dist/act-compat.js:47:25
          at renderRoot (/Users/yusefbach/Projekte/studynexus/frontend/node_modules/@testing-library/react/dist/pure.js:180:26)
          at render (/Users/yusefbach/Projekte/studynexus/frontend/node_modules/@testing-library/react/dist/pure.js:271:10)
          at Object.<anonymous> (/Users/yusefbach/Projekte/studynexus/frontend/src/components/study/__tests__/ModuleList.test.tsx:84:11)
          at Promise.then.completed (/Users/yusefbach/Projekte/studynexus/frontend/node_modules/jest-circus/build/utils.js:298:28)
          at new Promise (<anonymous>)
          at callAsyncCircusFn (/Users/yusefbach/Projekte/studynexus/frontend/node_modules/jest-circus/build/utils.js:231:10)
          at _callCircusTest (/Users/yusefbach/Projekte/studynexus/frontend/node_modules/jest-circus/build/run.js:316:40)
          at processTicksAndRejections (node:internal/process/task_queues:104:5)
          at _runTest (/Users/yusefbach/Projekte/studynexus/frontend/node_modules/jest-circus/build/run.js:252:3)
          at _runTestsForDescribeBlock (/Users/yusefbach/Projekte/studynexus/frontend/node_modules/jest-circus/build/run.js:126:9)
          at _runTestsForDescribeBlock (/Users/yusefbach/Projekte/studynexus/frontend/node_modules/jest-circus/build/run.js:121:9)
          at run (/Users/yusefbach/Projekte/studynexus/frontend/node_modules/jest-circus/build/run.js:71:3)
          at runAndTransformResultsToJestFormat (/Users/yusefbach/Projekte/studynexus/frontend/node_modules/jest-circus/build/legacy-code-todo-rewrite/jestAdapterInit.js:122:21)
          at jestAdapter (/Users/yusefbach/Projekte/studynexus/frontend/node_modules/jest-circus/build/legacy-code-todo-rewrite/jestAdapter.js:79:19)
          at runTestInternal (/Users/yusefbach/Projekte/studynexus/frontend/node_modules/jest-runner/build/runTest.js:367:16)
          at runTest (/Users/yusefbach/Projekte/studynexus/frontend/node_modules/jest-runner/build/runTest.js:444:34)
          at Object.worker (/Users/yusefbach/Projekte/studynexus/frontend/node_modules/jest-runner/build/testWorker.js:106:12) {
        detail: Error: No QueryClient set, use QueryClientProvider to set one
            at useQueryClient (/Users/yusefbach/Projekte/studynexus/frontend/node_modules/@tanstack/react-query/src/QueryClientProvider.tsx:18:11)
            at useBaseQuery (/Users/yusefbach/Projekte/studynexus/frontend/node_modules/@tanstack/react-query/src/useBaseQuery.ts:54:18)
            at useQuery (/Users/yusefbach/Projekte/studynexus/frontend/node_modules/@tanstack/react-query/src/useQuery.ts:51:10)
            at useUserModules (/Users/yusefbach/Projekte/studynexus/frontend/src/hooks/queries/useUserModules.ts:7:18)
            at ModuleList (/Users/yusefbach/Projekte/studynexus/frontend/src/components/study/ModuleList.tsx:31:71)
            at renderWithHooks (/Users/yusefbach/Projekte/studynexus/frontend/node_modules/react-dom/cjs/react-dom.development.js:15486:18)
            at mountIndeterminateComponent (/Users/yusefbach/Projekte/studynexus/frontend/node_modules/react-dom/cjs/react-dom.development.js:20103:13)
            at beginWork (/Users/yusefbach/Projekte/studynexus/frontend/node_modules/react-dom/cjs/react-dom.development.js:21626:16)
            at HTMLUnknownElement.callCallback (/Users/yusefbach/Projekte/studynexus/frontend/node_modules/react-dom/cjs/react-dom.development.js:4164:14)
            at HTMLUnknownElement.callTheUserObjectsOperation (/Users/yusefbach/Projekte/studynexus/frontend/node_modules/jsdom/lib/jsdom/living/generated/EventListener.js:26:30)
            at innerInvokeEventListeners (/Users/yusefbach/Projekte/studynexus/frontend/node_modules/jsdom/lib/jsdom/living/events/EventTarget-impl.js:350:25)
            at invokeEventListeners (/Users/yusefbach/Projekte/studynexus/frontend/node_modules/jsdom/lib/jsdom/living/events/EventTarget-impl.js:286:3)
            at HTMLUnknownElementImpl._dispatch (/Users/yusefbach/Projekte/studynexus/frontend/node_modules/jsdom/lib/jsdom/living/events/EventTarget-impl.js:233:9)
            at HTMLUnknownElementImpl.dispatchEvent (/Users/yusefbach/Projekte/studynexus/frontend/node_modules/jsdom/lib/jsdom/living/events/EventTarget-impl.js:104:17)
            at HTMLUnknownElement.dispatchEvent (/Users/yusefbach/Projekte/studynexus/frontend/node_modules/jsdom/lib/jsdom/living/generated/EventTarget.js:241:34)
            at Object.invokeGuardedCallbackDev (/Users/yusefbach/Projekte/studynexus/frontend/node_modules/react-dom/cjs/react-dom.development.js:4213:16)
            at invokeGuardedCallback (/Users/yusefbach/Projekte/studynexus/frontend/node_modules/react-dom/cjs/react-dom.development.js:4277:31)
            at beginWork$1 (/Users/yusefbach/Projekte/studynexus/frontend/node_modules/react-dom/cjs/react-dom.development.js:27490:7)
            at performUnitOfWork (/Users/yusefbach/Projekte/studynexus/frontend/node_modules/react-dom/cjs/react-dom.development.js:26599:12)
            at workLoopSync (/Users/yusefbach/Projekte/studynexus/frontend/node_modules/react-dom/cjs/react-dom.development.js:26505:5)
            at renderRootSync (/Users/yusefbach/Projekte/studynexus/frontend/node_modules/react-dom/cjs/react-dom.development.js:26473:7)
            at recoverFromConcurrentError (/Users/yusefbach/Projekte/studynexus/frontend/node_modules/react-dom/cjs/react-dom.development.js:25889:20)
            at performConcurrentWorkOnRoot (/Users/yusefbach/Projekte/studynexus/frontend/node_modules/react-dom/cjs/react-dom.development.js:25789:22)
            at flushActQueue (/Users/yusefbach/Projekte/studynexus/frontend/node_modules/react/cjs/react.development.js:2667:24)
            at act (/Users/yusefbach/Projekte/studynexus/frontend/node_modules/react/cjs/react.development.js:2582:11)
            at /Users/yusefbach/Projekte/studynexus/frontend/node_modules/@testing-library/react/dist/act-compat.js:47:25
            at renderRoot (/Users/yusefbach/Projekte/studynexus/frontend/node_modules/@testing-library/react/dist/pure.js:180:26)
            at render (/Users/yusefbach/Projekte/studynexus/frontend/node_modules/@testing-library/react/dist/pure.js:271:10)
            at Object.<anonymous> (/Users/yusefbach/Projekte/studynexus/frontend/src/components/study/__tests__/ModuleList.test.tsx:84:11)
            at Promise.then.completed (/Users/yusefbach/Projekte/studynexus/frontend/node_modules/jest-circus/build/utils.js:298:28)
            at new Promise (<anonymous>)
            at callAsyncCircusFn (/Users/yusefbach/Projekte/studynexus/frontend/node_modules/jest-circus/build/utils.js:231:10)
            at _callCircusTest (/Users/yusefbach/Projekte/studynexus/frontend/node_modules/jest-circus/build/run.js:316:40)
            at processTicksAndRejections (node:internal/process/task_queues:104:5)
            at _runTest (/Users/yusefbach/Projekte/studynexus/frontend/node_modules/jest-circus/build/run.js:252:3)
            at _runTestsForDescribeBlock (/Users/yusefbach/Projekte/studynexus/frontend/node_modules/jest-circus/build/run.js:126:9)
            at _runTestsForDescribeBlock (/Users/yusefbach/Projekte/studynexus/frontend/node_modules/jest-circus/build/run.js:121:9)
            at run (/Users/yusefbach/Projekte/studynexus/frontend/node_modules/jest-circus/build/run.js:71:3)
            at runAndTransformResultsToJestFormat (/Users/yusefbach/Projekte/studynexus/frontend/node_modules/jest-circus/build/legacy-code-todo-rewrite/jestAdapterInit.js:122:21)
            at jestAdapter (/Users/yusefbach/Projekte/studynexus/frontend/node_modules/jest-circus/build/legacy-code-todo-rewrite/jestAdapter.js:79:19)
            at runTestInternal (/Users/yusefbach/Projekte/studynexus/frontend/node_modules/jest-runner/build/runTest.js:367:16)
            at runTest (/Users/yusefbach/Projekte/studynexus/frontend/node_modules/jest-runner/build/runTest.js:444:34)
            at Object.worker (/Users/yusefbach/Projekte/studynexus/frontend/node_modules/jest-runner/build/testWorker.js:106:12),
        type: 'unhandled exception'
      }

      82 |   it("shows loading text initially", () => {
      83 |     mockFetch(mockGroups);
    > 84 |     render(<ModuleList />);
         |           ^
      85 |     expect(screen.getByText("dashboard.modules.loading")).toBeInTheDocument();
      86 |   });
      87 |

      at VirtualConsole.<anonymous> (node_modules/jest-environment-jsdom/build/index.js:63:23)
      at reportException (node_modules/jsdom/lib/jsdom/living/helpers/runtime-script-errors.js:70:28)
      at innerInvokeEventListeners (node_modules/jsdom/lib/jsdom/living/events/EventTarget-impl.js:353:9)
      at invokeEventListeners (node_modules/jsdom/lib/jsdom/living/events/EventTarget-impl.js:286:3)
      at HTMLUnknownElementImpl._dispatch (node_modules/jsdom/lib/jsdom/living/events/EventTarget-impl.js:233:9)
      at HTMLUnknownElementImpl.dispatchEvent (node_modules/jsdom/lib/jsdom/living/events/EventTarget-impl.js:104:17)
      at HTMLUnknownElement.dispatchEvent (node_modules/jsdom/lib/jsdom/living/generated/EventTarget.js:241:34)
      at Object.invokeGuardedCallbackDev (node_modules/react-dom/cjs/react-dom.development.js:4213:16)
      at invokeGuardedCallback (node_modules/react-dom/cjs/react-dom.development.js:4277:31)
      at beginWork$1 (node_modules/react-dom/cjs/react-dom.development.js:27490:7)
      at performUnitOfWork (node_modules/react-dom/cjs/react-dom.development.js:26599:12)
      at workLoopSync (node_modules/react-dom/cjs/react-dom.development.js:26505:5)
      at renderRootSync (node_modules/react-dom/cjs/react-dom.development.js:26473:7)
      at recoverFromConcurrentError (node_modules/react-dom/cjs/react-dom.development.js:25889:20)
      at performConcurrentWorkOnRoot (node_modules/react-dom/cjs/react-dom.development.js:25789:22)
      at flushActQueue (node_modules/react/cjs/react.development.js:2667:24)
      at act (node_modules/react/cjs/react.development.js:2582:11)
      at node_modules/@testing-library/react/dist/act-compat.js:47:25
      at renderRoot (node_modules/@testing-library/react/dist/pure.js:180:26)
      at render (node_modules/@testing-library/react/dist/pure.js:271:10)
      at Object.<anonymous> (src/components/study/__tests__/ModuleList.test.tsx:84:11)

    console.error
      The above error occurred in the <ModuleList> component:
      
          at ModuleList (/Users/yusefbach/Projekte/studynexus/frontend/src/components/study/ModuleList.tsx:31:71)
      
      Consider adding an error boundary to your tree to customize error handling behavior.
      Visit https://reactjs.org/link/error-boundaries to learn more about error boundaries.

      82 |   it("shows loading text initially", () => {
      83 |     mockFetch(mockGroups);
    > 84 |     render(<ModuleList />);
         |           ^
      85 |     expect(screen.getByText("dashboard.modules.loading")).toBeInTheDocument();
      86 |   });
      87 |

      at logCapturedError (node_modules/react-dom/cjs/react-dom.development.js:18704:23)
      at update.callback (node_modules/react-dom/cjs/react-dom.development.js:18737:5)
      at callCallback (node_modules/react-dom/cjs/react-dom.development.js:15036:12)
      at commitUpdateQueue (node_modules/react-dom/cjs/react-dom.development.js:15057:9)
      at commitLayoutEffectOnFiber (node_modules/react-dom/cjs/react-dom.development.js:23430:13)
      at commitLayoutMountEffects_complete (node_modules/react-dom/cjs/react-dom.development.js:24727:9)
      at commitLayoutEffects_begin (node_modules/react-dom/cjs/react-dom.development.js:24713:7)
      at commitLayoutEffects (node_modules/react-dom/cjs/react-dom.development.js:24651:3)
      at commitRootImpl (node_modules/react-dom/cjs/react-dom.development.js:26862:5)
      at commitRoot (node_modules/react-dom/cjs/react-dom.development.js:26721:5)
      at finishConcurrentRender (node_modules/react-dom/cjs/react-dom.development.js:25931:9)
      at performConcurrentWorkOnRoot (node_modules/react-dom/cjs/react-dom.development.js:25848:7)
      at flushActQueue (node_modules/react/cjs/react.development.js:2667:24)
      at act (node_modules/react/cjs/react.development.js:2582:11)
      at node_modules/@testing-library/react/dist/act-compat.js:47:25
      at renderRoot (node_modules/@testing-library/react/dist/pure.js:180:26)
      at render (node_modules/@testing-library/react/dist/pure.js:271:10)
      at Object.<anonymous> (src/components/study/__tests__/ModuleList.test.tsx:84:11)

    console.error
      Error: Uncaught [Error: No QueryClient set, use QueryClientProvider to set one]
          at reportException (/Users/yusefbach/Projekte/studynexus/frontend/node_modules/jsdom/lib/jsdom/living/helpers/runtime-script-errors.js:66:24)
          at innerInvokeEventListeners (/Users/yusefbach/Projekte/studynexus/frontend/node_modules/jsdom/lib/jsdom/living/events/EventTarget-impl.js:353:9)
          at invokeEventListeners (/Users/yusefbach/Projekte/studynexus/frontend/node_modules/jsdom/lib/jsdom/living/events/EventTarget-impl.js:286:3)
          at HTMLUnknownElementImpl._dispatch (/Users/yusefbach/Projekte/studynexus/frontend/node_modules/jsdom/lib/jsdom/living/events/EventTarget-impl.js:233:9)
          at HTMLUnknownElementImpl.dispatchEvent (/Users/yusefbach/Projekte/studynexus/frontend/node_modules/jsdom/lib/jsdom/living/events/EventTarget-impl.js:104:17)
          at HTMLUnknownElement.dispatchEvent (/Users/yusefbach/Projekte/studynexus/frontend/node_modules/jsdom/lib/jsdom/living/generated/EventTarget.js:241:34)
          at Object.invokeGuardedCallbackDev (/Users/yusefbach/Projekte/studynexus/frontend/node_modules/react-dom/cjs/react-dom.development.js:4213:16)
          at invokeGuardedCallback (/Users/yusefbach/Projekte/studynexus/frontend/node_modules/react-dom/cjs/react-dom.development.js:4277:31)
          at beginWork$1 (/Users/yusefbach/Projekte/studynexus/frontend/node_modules/react-dom/cjs/react-dom.development.js:27490:7)
          at performUnitOfWork (/Users/yusefbach/Projekte/studynexus/frontend/node_modules/react-dom/cjs/react-dom.development.js:26599:12)
          at workLoopSync (/Users/yusefbach/Projekte/studynexus/frontend/node_modules/react-dom/cjs/react-dom.development.js:26505:5)
          at renderRootSync (/Users/yusefbach/Projekte/studynexus/frontend/node_modules/react-dom/cjs/react-dom.development.js:26473:7)
          at performConcurrentWorkOnRoot (/Users/yusefbach/Projekte/studynexus/frontend/node_modules/react-dom/cjs/react-dom.development.js:25777:74)
          at flushActQueue (/Users/yusefbach/Projekte/studynexus/frontend/node_modules/react/cjs/react.development.js:2667:24)
          at act (/Users/yusefbach/Projekte/studynexus/frontend/node_modules/react/cjs/react.development.js:2582:11)
          at /Users/yusefbach/Projekte/studynexus/frontend/node_modules/@testing-library/react/dist/act-compat.js:47:25
          at renderRoot (/Users/yusefbach/Projekte/studynexus/frontend/node_modules/@testing-library/react/dist/pure.js:180:26)
          at render (/Users/yusefbach/Projekte/studynexus/frontend/node_modules/@testing-library/react/dist/pure.js:271:10)
          at Object.<anonymous> (/Users/yusefbach/Projekte/studynexus/frontend/src/components/study/__tests__/ModuleList.test.tsx:90:11)
          at Promise.then.completed (/Users/yusefbach/Projekte/studynexus/frontend/node_modules/jest-circus/build/utils.js:298:28)
          at new Promise (<anonymous>)
          at callAsyncCircusFn (/Users/yusefbach/Projekte/studynexus/frontend/node_modules/jest-circus/build/utils.js:231:10)
          at _callCircusTest (/Users/yusefbach/Projekte/studynexus/frontend/node_modules/jest-circus/build/run.js:316:40)
          at processTicksAndRejections (node:internal/process/task_queues:104:5)
          at _runTest (/Users/yusefbach/Projekte/studynexus/frontend/node_modules/jest-circus/build/run.js:252:3)
          at _runTestsForDescribeBlock (/Users/yusefbach/Projekte/studynexus/frontend/node_modules/jest-circus/build/run.js:126:9)
          at _runTestsForDescribeBlock (/Users/yusefbach/Projekte/studynexus/frontend/node_modules/jest-circus/build/run.js:121:9)
          at run (/Users/yusefbach/Projekte/studynexus/frontend/node_modules/jest-circus/build/run.js:71:3)
          at runAndTransformResultsToJestFormat (/Users/yusefbach/Projekte/studynexus/frontend/node_modules/jest-circus/build/legacy-code-todo-rewrite/jestAdapterInit.js:122:21)
          at jestAdapter (/Users/yusefbach/Projekte/studynexus/frontend/node_modules/jest-circus/build/legacy-code-todo-rewrite/jestAdapter.js:79:19)
          at runTestInternal (/Users/yusefbach/Projekte/studynexus/frontend/node_modules/jest-runner/build/runTest.js:367:16)
          at runTest (/Users/yusefbach/Projekte/studynexus/frontend/node_modules/jest-runner/build/runTest.js:444:34)
          at Object.worker (/Users/yusefbach/Projekte/studynexus/frontend/node_modules/jest-runner/build/testWorker.js:106:12) {
        detail: Error: No QueryClient set, use QueryClientProvider to set one
            at useQueryClient (/Users/yusefbach/Projekte/studynexus/frontend/node_modules/@tanstack/react-query/src/QueryClientProvider.tsx:18:11)
            at useBaseQuery (/Users/yusefbach/Projekte/studynexus/frontend/node_modules/@tanstack/react-query/src/useBaseQuery.ts:54:18)
            at useQuery (/Users/yusefbach/Projekte/studynexus/frontend/node_modules/@tanstack/react-query/src/useQuery.ts:51:10)
            at useUserModules (/Users/yusefbach/Projekte/studynexus/frontend/src/hooks/queries/useUserModules.ts:7:18)
            at ModuleList (/Users/yusefbach/Projekte/studynexus/frontend/src/components/study/ModuleList.tsx:31:71)
            at renderWithHooks (/Users/yusefbach/Projekte/studynexus/frontend/node_modules/react-dom/cjs/react-dom.development.js:15486:18)
            at mountIndeterminateComponent (/Users/yusefbach/Projekte/studynexus/frontend/node_modules/react-dom/cjs/react-dom.development.js:20103:13)
            at beginWork (/Users/yusefbach/Projekte/studynexus/frontend/node_modules/react-dom/cjs/react-dom.development.js:21626:16)
            at HTMLUnknownElement.callCallback (/Users/yusefbach/Projekte/studynexus/frontend/node_modules/react-dom/cjs/react-dom.development.js:4164:14)
            at HTMLUnknownElement.callTheUserObjectsOperation (/Users/yusefbach/Projekte/studynexus/frontend/node_modules/jsdom/lib/jsdom/living/generated/EventListener.js:26:30)
            at innerInvokeEventListeners (/Users/yusefbach/Projekte/studynexus/frontend/node_modules/jsdom/lib/jsdom/living/events/EventTarget-impl.js:350:25)
            at invokeEventListeners (/Users/yusefbach/Projekte/studynexus/frontend/node_modules/jsdom/lib/jsdom/living/events/EventTarget-impl.js:286:3)
            at HTMLUnknownElementImpl._dispatch (/Users/yusefbach/Projekte/studynexus/frontend/node_modules/jsdom/lib/jsdom/living/events/EventTarget-impl.js:233:9)
            at HTMLUnknownElementImpl.dispatchEvent (/Users/yusefbach/Projekte/studynexus/frontend/node_modules/jsdom/lib/jsdom/living/events/EventTarget-impl.js:104:17)
            at HTMLUnknownElement.dispatchEvent (/Users/yusefbach/Projekte/studynexus/frontend/node_modules/jsdom/lib/jsdom/living/generated/EventTarget.js:241:34)
            at Object.invokeGuardedCallbackDev (/Users/yusefbach/Projekte/studynexus/frontend/node_modules/react-dom/cjs/react-dom.development.js:4213:16)
            at invokeGuardedCallback (/Users/yusefbach/Projekte/studynexus/frontend/node_modules/react-dom/cjs/react-dom.development.js:4277:31)
            at beginWork$1 (/Users/yusefbach/Projekte/studynexus/frontend/node_modules/react-dom/cjs/react-dom.development.js:27490:7)
            at performUnitOfWork (/Users/yusefbach/Projekte/studynexus/frontend/node_modules/react-dom/cjs/react-dom.development.js:26599:12)
            at workLoopSync (/Users/yusefbach/Projekte/studynexus/frontend/node_modules/react-dom/cjs/react-dom.development.js:26505:5)
            at renderRootSync (/Users/yusefbach/Projekte/studynexus/frontend/node_modules/react-dom/cjs/react-dom.development.js:26473:7)
            at performConcurrentWorkOnRoot (/Users/yusefbach/Projekte/studynexus/frontend/node_modules/react-dom/cjs/react-dom.development.js:25777:74)
            at flushActQueue (/Users/yusefbach/Projekte/studynexus/frontend/node_modules/react/cjs/react.development.js:2667:24)
            at act (/Users/yusefbach/Projekte/studynexus/frontend/node_modules/react/cjs/react.development.js:2582:11)
            at /Users/yusefbach/Projekte/studynexus/frontend/node_modules/@testing-library/react/dist/act-compat.js:47:25
            at renderRoot (/Users/yusefbach/Projekte/studynexus/frontend/node_modules/@testing-library/react/dist/pure.js:180:26)
            at render (/Users/yusefbach/Projekte/studynexus/frontend/node_modules/@testing-library/react/dist/pure.js:271:10)
            at Object.<anonymous> (/Users/yusefbach/Projekte/studynexus/frontend/src/components/study/__tests__/ModuleList.test.tsx:90:11)
            at Promise.then.completed (/Users/yusefbach/Projekte/studynexus/frontend/node_modules/jest-circus/build/utils.js:298:28)
            at new Promise (<anonymous>)
            at callAsyncCircusFn (/Users/yusefbach/Projekte/studynexus/frontend/node_modules/jest-circus/build/utils.js:231:10)
            at _callCircusTest (/Users/yusefbach/Projekte/studynexus/frontend/node_modules/jest-circus/build/run.js:316:40)
            at processTicksAndRejections (node:internal/process/task_queues:104:5)
            at _runTest (/Users/yusefbach/Projekte/studynexus/frontend/node_modules/jest-circus/build/run.js:252:3)
            at _runTestsForDescribeBlock (/Users/yusefbach/Projekte/studynexus/frontend/node_modules/jest-circus/build/run.js:126:9)
            at _runTestsForDescribeBlock (/Users/yusefbach/Projekte/studynexus/frontend/node_modules/jest-circus/build/run.js:121:9)
            at run (/Users/yusefbach/Projekte/studynexus/frontend/node_modules/jest-circus/build/run.js:71:3)
            at runAndTransformResultsToJestFormat (/Users/yusefbach/Projekte/studynexus/frontend/node_modules/jest-circus/build/legacy-code-todo-rewrite/jestAdapterInit.js:122:21)
            at jestAdapter (/Users/yusefbach/Projekte/studynexus/frontend/node_modules/jest-circus/build/legacy-code-todo-rewrite/jestAdapter.js:79:19)
            at runTestInternal (/Users/yusefbach/Projekte/studynexus/frontend/node_modules/jest-runner/build/runTest.js:367:16)
            at runTest (/Users/yusefbach/Projekte/studynexus/frontend/node_modules/jest-runner/build/runTest.js:444:34)
            at Object.worker (/Users/yusefbach/Projekte/studynexus/frontend/node_modules/jest-runner/build/testWorker.js:106:12),
        type: 'unhandled exception'
      }

      88 |   it("renders semester heading and modules", async () => {
      89 |     mockFetch(mockGroups);
    > 90 |     render(<ModuleList />);
         |           ^
      91 |     await waitFor(() => {
      92 |       expect(screen.getByText("Semester 1")).toBeInTheDocument();
      93 |       expect(screen.getByText("Programmieren 1")).toBeInTheDocument();

      at VirtualConsole.<anonymous> (node_modules/jest-environment-jsdom/build/index.js:63:23)
      at reportException (node_modules/jsdom/lib/jsdom/living/helpers/runtime-script-errors.js:70:28)
      at innerInvokeEventListeners (node_modules/jsdom/lib/jsdom/living/events/EventTarget-impl.js:353:9)
      at invokeEventListeners (node_modules/jsdom/lib/jsdom/living/events/EventTarget-impl.js:286:3)
      at HTMLUnknownElementImpl._dispatch (node_modules/jsdom/lib/jsdom/living/events/EventTarget-impl.js:233:9)
      at HTMLUnknownElementImpl.dispatchEvent (node_modules/jsdom/lib/jsdom/living/events/EventTarget-impl.js:104:17)
      at HTMLUnknownElement.dispatchEvent (node_modules/jsdom/lib/jsdom/living/generated/EventTarget.js:241:34)
      at Object.invokeGuardedCallbackDev (node_modules/react-dom/cjs/react-dom.development.js:4213:16)
      at invokeGuardedCallback (node_modules/react-dom/cjs/react-dom.development.js:4277:31)
      at beginWork$1 (node_modules/react-dom/cjs/react-dom.development.js:27490:7)
      at performUnitOfWork (node_modules/react-dom/cjs/react-dom.development.js:26599:12)
      at workLoopSync (node_modules/react-dom/cjs/react-dom.development.js:26505:5)
      at renderRootSync (node_modules/react-dom/cjs/react-dom.development.js:26473:7)
      at performConcurrentWorkOnRoot (node_modules/react-dom/cjs/react-dom.development.js:25777:74)
      at flushActQueue (node_modules/react/cjs/react.development.js:2667:24)
      at act (node_modules/react/cjs/react.development.js:2582:11)
      at node_modules/@testing-library/react/dist/act-compat.js:47:25
      at renderRoot (node_modules/@testing-library/react/dist/pure.js:180:26)
      at render (node_modules/@testing-library/react/dist/pure.js:271:10)
      at Object.<anonymous> (src/components/study/__tests__/ModuleList.test.tsx:90:11)

    console.error
      Error: Uncaught [Error: No QueryClient set, use QueryClientProvider to set one]
          at reportException (/Users/yusefbach/Projekte/studynexus/frontend/node_modules/jsdom/lib/jsdom/living/helpers/runtime-script-errors.js:66:24)
          at innerInvokeEventListeners (/Users/yusefbach/Projekte/studynexus/frontend/node_modules/jsdom/lib/jsdom/living/events/EventTarget-impl.js:353:9)
          at invokeEventListeners (/Users/yusefbach/Projekte/studynexus/frontend/node_modules/jsdom/lib/jsdom/living/events/EventTarget-impl.js:286:3)
          at HTMLUnknownElementImpl._dispatch (/Users/yusefbach/Projekte/studynexus/frontend/node_modules/jsdom/lib/jsdom/living/events/EventTarget-impl.js:233:9)
          at HTMLUnknownElementImpl.dispatchEvent (/Users/yusefbach/Projekte/studynexus/frontend/node_modules/jsdom/lib/jsdom/living/events/EventTarget-impl.js:104:17)
          at HTMLUnknownElement.dispatchEvent (/Users/yusefbach/Projekte/studynexus/frontend/node_modules/jsdom/lib/jsdom/living/generated/EventTarget.js:241:34)
          at Object.invokeGuardedCallbackDev (/Users/yusefbach/Projekte/studynexus/frontend/node_modules/react-dom/cjs/react-dom.development.js:4213:16)
          at invokeGuardedCallback (/Users/yusefbach/Projekte/studynexus/frontend/node_modules/react-dom/cjs/react-dom.development.js:4277:31)
          at beginWork$1 (/Users/yusefbach/Projekte/studynexus/frontend/node_modules/react-dom/cjs/react-dom.development.js:27490:7)
          at performUnitOfWork (/Users/yusefbach/Projekte/studynexus/frontend/node_modules/react-dom/cjs/react-dom.development.js:26599:12)
          at workLoopSync (/Users/yusefbach/Projekte/studynexus/frontend/node_modules/react-dom/cjs/react-dom.development.js:26505:5)
          at renderRootSync (/Users/yusefbach/Projekte/studynexus/frontend/node_modules/react-dom/cjs/react-dom.development.js:26473:7)
          at recoverFromConcurrentError (/Users/yusefbach/Projekte/studynexus/frontend/node_modules/react-dom/cjs/react-dom.development.js:25889:20)
          at performConcurrentWorkOnRoot (/Users/yusefbach/Projekte/studynexus/frontend/node_modules/react-dom/cjs/react-dom.development.js:25789:22)
          at flushActQueue (/Users/yusefbach/Projekte/studynexus/frontend/node_modules/react/cjs/react.development.js:2667:24)
          at act (/Users/yusefbach/Projekte/studynexus/frontend/node_modules/react/cjs/react.development.js:2582:11)
          at /Users/yusefbach/Projekte/studynexus/frontend/node_modules/@testing-library/react/dist/act-compat.js:47:25
          at renderRoot (/Users/yusefbach/Projekte/studynexus/frontend/node_modules/@testing-library/react/dist/pure.js:180:26)
          at render (/Users/yusefbach/Projekte/studynexus/frontend/node_modules/@testing-library/react/dist/pure.js:271:10)
          at Object.<anonymous> (/Users/yusefbach/Projekte/studynexus/frontend/src/components/study/__tests__/ModuleList.test.tsx:90:11)
          at Promise.then.completed (/Users/yusefbach/Projekte/studynexus/frontend/node_modules/jest-circus/build/utils.js:298:28)
          at new Promise (<anonymous>)
          at callAsyncCircusFn (/Users/yusefbach/Projekte/studynexus/frontend/node_modules/jest-circus/build/utils.js:231:10)
          at _callCircusTest (/Users/yusefbach/Projekte/studynexus/frontend/node_modules/jest-circus/build/run.js:316:40)
          at processTicksAndRejections (node:internal/process/task_queues:104:5)
          at _runTest (/Users/yusefbach/Projekte/studynexus/frontend/node_modules/jest-circus/build/run.js:252:3)
          at _runTestsForDescribeBlock (/Users/yusefbach/Projekte/studynexus/frontend/node_modules/jest-circus/build/run.js:126:9)
          at _runTestsForDescribeBlock (/Users/yusefbach/Projekte/studynexus/frontend/node_modules/jest-circus/build/run.js:121:9)
          at run (/Users/yusefbach/Projekte/studynexus/frontend/node_modules/jest-circus/build/run.js:71:3)
          at runAndTransformResultsToJestFormat (/Users/yusefbach/Projekte/studynexus/frontend/node_modules/jest-circus/build/legacy-code-todo-rewrite/jestAdapterInit.js:122:21)
          at jestAdapter (/Users/yusefbach/Projekte/studynexus/frontend/node_modules/jest-circus/build/legacy-code-todo-rewrite/jestAdapter.js:79:19)
          at runTestInternal (/Users/yusefbach/Projekte/studynexus/frontend/node_modules/jest-runner/build/runTest.js:367:16)
          at runTest (/Users/yusefbach/Projekte/studynexus/frontend/node_modules/jest-runner/build/runTest.js:444:34)
          at Object.worker (/Users/yusefbach/Projekte/studynexus/frontend/node_modules/jest-runner/build/testWorker.js:106:12) {
        detail: Error: No QueryClient set, use QueryClientProvider to set one
            at useQueryClient (/Users/yusefbach/Projekte/studynexus/frontend/node_modules/@tanstack/react-query/src/QueryClientProvider.tsx:18:11)
            at useBaseQuery (/Users/yusefbach/Projekte/studynexus/frontend/node_modules/@tanstack/react-query/src/useBaseQuery.ts:54:18)
            at useQuery (/Users/yusefbach/Projekte/studynexus/frontend/node_modules/@tanstack/react-query/src/useQuery.ts:51:10)
            at useUserModules (/Users/yusefbach/Projekte/studynexus/frontend/src/hooks/queries/useUserModules.ts:7:18)
            at ModuleList (/Users/yusefbach/Projekte/studynexus/frontend/src/components/study/ModuleList.tsx:31:71)
            at renderWithHooks (/Users/yusefbach/Projekte/studynexus/frontend/node_modules/react-dom/cjs/react-dom.development.js:15486:18)
            at mountIndeterminateComponent (/Users/yusefbach/Projekte/studynexus/frontend/node_modules/react-dom/cjs/react-dom.development.js:20103:13)
            at beginWork (/Users/yusefbach/Projekte/studynexus/frontend/node_modules/react-dom/cjs/react-dom.development.js:21626:16)
            at HTMLUnknownElement.callCallback (/Users/yusefbach/Projekte/studynexus/frontend/node_modules/react-dom/cjs/react-dom.development.js:4164:14)
            at HTMLUnknownElement.callTheUserObjectsOperation (/Users/yusefbach/Projekte/studynexus/frontend/node_modules/jsdom/lib/jsdom/living/generated/EventListener.js:26:30)
            at innerInvokeEventListeners (/Users/yusefbach/Projekte/studynexus/frontend/node_modules/jsdom/lib/jsdom/living/events/EventTarget-impl.js:350:25)
            at invokeEventListeners (/Users/yusefbach/Projekte/studynexus/frontend/node_modules/jsdom/lib/jsdom/living/events/EventTarget-impl.js:286:3)
            at HTMLUnknownElementImpl._dispatch (/Users/yusefbach/Projekte/studynexus/frontend/node_modules/jsdom/lib/jsdom/living/events/EventTarget-impl.js:233:9)
            at HTMLUnknownElementImpl.dispatchEvent (/Users/yusefbach/Projekte/studynexus/frontend/node_modules/jsdom/lib/jsdom/living/events/EventTarget-impl.js:104:17)
            at HTMLUnknownElement.dispatchEvent (/Users/yusefbach/Projekte/studynexus/frontend/node_modules/jsdom/lib/jsdom/living/generated/EventTarget.js:241:34)
            at Object.invokeGuardedCallbackDev (/Users/yusefbach/Projekte/studynexus/frontend/node_modules/react-dom/cjs/react-dom.development.js:4213:16)
            at invokeGuardedCallback (/Users/yusefbach/Projekte/studynexus/frontend/node_modules/react-dom/cjs/react-dom.development.js:4277:31)
            at beginWork$1 (/Users/yusefbach/Projekte/studynexus/frontend/node_modules/react-dom/cjs/react-dom.development.js:27490:7)
            at performUnitOfWork (/Users/yusefbach/Projekte/studynexus/frontend/node_modules/react-dom/cjs/react-dom.development.js:26599:12)
            at workLoopSync (/Users/yusefbach/Projekte/studynexus/frontend/node_modules/react-dom/cjs/react-dom.development.js:26505:5)
            at renderRootSync (/Users/yusefbach/Projekte/studynexus/frontend/node_modules/react-dom/cjs/react-dom.development.js:26473:7)
            at recoverFromConcurrentError (/Users/yusefbach/Projekte/studynexus/frontend/node_modules/react-dom/cjs/react-dom.development.js:25889:20)
            at performConcurrentWorkOnRoot (/Users/yusefbach/Projekte/studynexus/frontend/node_modules/react-dom/cjs/react-dom.development.js:25789:22)
            at flushActQueue (/Users/yusefbach/Projekte/studynexus/frontend/node_modules/react/cjs/react.development.js:2667:24)
            at act (/Users/yusefbach/Projekte/studynexus/frontend/node_modules/react/cjs/react.development.js:2582:11)
            at /Users/yusefbach/Projekte/studynexus/frontend/node_modules/@testing-library/react/dist/act-compat.js:47:25
            at renderRoot (/Users/yusefbach/Projekte/studynexus/frontend/node_modules/@testing-library/react/dist/pure.js:180:26)
            at render (/Users/yusefbach/Projekte/studynexus/frontend/node_modules/@testing-library/react/dist/pure.js:271:10)
            at Object.<anonymous> (/Users/yusefbach/Projekte/studynexus/frontend/src/components/study/__tests__/ModuleList.test.tsx:90:11)
            at Promise.then.completed (/Users/yusefbach/Projekte/studynexus/frontend/node_modules/jest-circus/build/utils.js:298:28)
            at new Promise (<anonymous>)
            at callAsyncCircusFn (/Users/yusefbach/Projekte/studynexus/frontend/node_modules/jest-circus/build/utils.js:231:10)
            at _callCircusTest (/Users/yusefbach/Projekte/studynexus/frontend/node_modules/jest-circus/build/run.js:316:40)
            at processTicksAndRejections (node:internal/process/task_queues:104:5)
            at _runTest (/Users/yusefbach/Projekte/studynexus/frontend/node_modules/jest-circus/build/run.js:252:3)
            at _runTestsForDescribeBlock (/Users/yusefbach/Projekte/studynexus/frontend/node_modules/jest-circus/build/run.js:126:9)
            at _runTestsForDescribeBlock (/Users/yusefbach/Projekte/studynexus/frontend/node_modules/jest-circus/build/run.js:121:9)
            at run (/Users/yusefbach/Projekte/studynexus/frontend/node_modules/jest-circus/build/run.js:71:3)
            at runAndTransformResultsToJestFormat (/Users/yusefbach/Projekte/studynexus/frontend/node_modules/jest-circus/build/legacy-code-todo-rewrite/jestAdapterInit.js:122:21)
            at jestAdapter (/Users/yusefbach/Projekte/studynexus/frontend/node_modules/jest-circus/build/legacy-code-todo-rewrite/jestAdapter.js:79:19)
            at runTestInternal (/Users/yusefbach/Projekte/studynexus/frontend/node_modules/jest-runner/build/runTest.js:367:16)
            at runTest (/Users/yusefbach/Projekte/studynexus/frontend/node_modules/jest-runner/build/runTest.js:444:34)
            at Object.worker (/Users/yusefbach/Projekte/studynexus/frontend/node_modules/jest-runner/build/testWorker.js:106:12),
        type: 'unhandled exception'
      }

      88 |   it("renders semester heading and modules", async () => {
      89 |     mockFetch(mockGroups);
    > 90 |     render(<ModuleList />);
         |           ^
      91 |     await waitFor(() => {
      92 |       expect(screen.getByText("Semester 1")).toBeInTheDocument();
      93 |       expect(screen.getByText("Programmieren 1")).toBeInTheDocument();

      at VirtualConsole.<anonymous> (node_modules/jest-environment-jsdom/build/index.js:63:23)
      at reportException (node_modules/jsdom/lib/jsdom/living/helpers/runtime-script-errors.js:70:28)
      at innerInvokeEventListeners (node_modules/jsdom/lib/jsdom/living/events/EventTarget-impl.js:353:9)
      at invokeEventListeners (node_modules/jsdom/lib/jsdom/living/events/EventTarget-impl.js:286:3)
      at HTMLUnknownElementImpl._dispatch (node_modules/jsdom/lib/jsdom/living/events/EventTarget-impl.js:233:9)
      at HTMLUnknownElementImpl.dispatchEvent (node_modules/jsdom/lib/jsdom/living/events/EventTarget-impl.js:104:17)
      at HTMLUnknownElement.dispatchEvent (node_modules/jsdom/lib/jsdom/living/generated/EventTarget.js:241:34)
      at Object.invokeGuardedCallbackDev (node_modules/react-dom/cjs/react-dom.development.js:4213:16)
      at invokeGuardedCallback (node_modules/react-dom/cjs/react-dom.development.js:4277:31)
      at beginWork$1 (node_modules/react-dom/cjs/react-dom.development.js:27490:7)
      at performUnitOfWork (node_modules/react-dom/cjs/react-dom.development.js:26599:12)
      at workLoopSync (node_modules/react-dom/cjs/react-dom.development.js:26505:5)
      at renderRootSync (node_modules/react-dom/cjs/react-dom.development.js:26473:7)
      at recoverFromConcurrentError (node_modules/react-dom/cjs/react-dom.development.js:25889:20)
      at performConcurrentWorkOnRoot (node_modules/react-dom/cjs/react-dom.development.js:25789:22)
      at flushActQueue (node_modules/react/cjs/react.development.js:2667:24)
      at act (node_modules/react/cjs/react.development.js:2582:11)
      at node_modules/@testing-library/react/dist/act-compat.js:47:25
      at renderRoot (node_modules/@testing-library/react/dist/pure.js:180:26)
      at render (node_modules/@testing-library/react/dist/pure.js:271:10)
      at Object.<anonymous> (src/components/study/__tests__/ModuleList.test.tsx:90:11)

    console.error
      The above error occurred in the <ModuleList> component:
      
          at ModuleList (/Users/yusefbach/Projekte/studynexus/frontend/src/components/study/ModuleList.tsx:31:71)
      
      Consider adding an error boundary to your tree to customize error handling behavior.
      Visit https://reactjs.org/link/error-boundaries to learn more about error boundaries.

      88 |   it("renders semester heading and modules", async () => {
      89 |     mockFetch(mockGroups);
    > 90 |     render(<ModuleList />);
         |           ^
      91 |     await waitFor(() => {
      92 |       expect(screen.getByText("Semester 1")).toBeInTheDocument();
      93 |       expect(screen.getByText("Programmieren 1")).toBeInTheDocument();

      at logCapturedError (node_modules/react-dom/cjs/react-dom.development.js:18704:23)
      at update.callback (node_modules/react-dom/cjs/react-dom.development.js:18737:5)
      at callCallback (node_modules/react-dom/cjs/react-dom.development.js:15036:12)
      at commitUpdateQueue (node_modules/react-dom/cjs/react-dom.development.js:15057:9)
      at commitLayoutEffectOnFiber (node_modules/react-dom/cjs/react-dom.development.js:23430:13)
      at commitLayoutMountEffects_complete (node_modules/react-dom/cjs/react-dom.development.js:24727:9)
      at commitLayoutEffects_begin (node_modules/react-dom/cjs/react-dom.development.js:24713:7)
      at commitLayoutEffects (node_modules/react-dom/cjs/react-dom.development.js:24651:3)
      at commitRootImpl (node_modules/react-dom/cjs/react-dom.development.js:26862:5)
      at commitRoot (node_modules/react-dom/cjs/react-dom.development.js:26721:5)
      at finishConcurrentRender (node_modules/react-dom/cjs/react-dom.development.js:25931:9)
      at performConcurrentWorkOnRoot (node_modules/react-dom/cjs/react-dom.development.js:25848:7)
      at flushActQueue (node_modules/react/cjs/react.development.js:2667:24)
      at act (node_modules/react/cjs/react.development.js:2582:11)
      at node_modules/@testing-library/react/dist/act-compat.js:47:25
      at renderRoot (node_modules/@testing-library/react/dist/pure.js:180:26)
      at render (node_modules/@testing-library/react/dist/pure.js:271:10)
      at Object.<anonymous> (src/components/study/__tests__/ModuleList.test.tsx:90:11)

    console.error
      Error: Uncaught [Error: No QueryClient set, use QueryClientProvider to set one]
          at reportException (/Users/yusefbach/Projekte/studynexus/frontend/node_modules/jsdom/lib/jsdom/living/helpers/runtime-script-errors.js:66:24)
          at innerInvokeEventListeners (/Users/yusefbach/Projekte/studynexus/frontend/node_modules/jsdom/lib/jsdom/living/events/EventTarget-impl.js:353:9)
          at invokeEventListeners (/Users/yusefbach/Projekte/studynexus/frontend/node_modules/jsdom/lib/jsdom/living/events/EventTarget-impl.js:286:3)
          at HTMLUnknownElementImpl._dispatch (/Users/yusefbach/Projekte/studynexus/frontend/node_modules/jsdom/lib/jsdom/living/events/EventTarget-impl.js:233:9)
          at HTMLUnknownElementImpl.dispatchEvent (/Users/yusefbach/Projekte/studynexus/frontend/node_modules/jsdom/lib/jsdom/living/events/EventTarget-impl.js:104:17)
          at HTMLUnknownElement.dispatchEvent (/Users/yusefbach/Projekte/studynexus/frontend/node_modules/jsdom/lib/jsdom/living/generated/EventTarget.js:241:34)
          at Object.invokeGuardedCallbackDev (/Users/yusefbach/Projekte/studynexus/frontend/node_modules/react-dom/cjs/react-dom.development.js:4213:16)
          at invokeGuardedCallback (/Users/yusefbach/Projekte/studynexus/frontend/node_modules/react-dom/cjs/react-dom.development.js:4277:31)
          at beginWork$1 (/Users/yusefbach/Projekte/studynexus/frontend/node_modules/react-dom/cjs/react-dom.development.js:27490:7)
          at performUnitOfWork (/Users/yusefbach/Projekte/studynexus/frontend/node_modules/react-dom/cjs/react-dom.development.js:26599:12)
          at workLoopSync (/Users/yusefbach/Projekte/studynexus/frontend/node_modules/react-dom/cjs/react-dom.development.js:26505:5)
          at renderRootSync (/Users/yusefbach/Projekte/studynexus/frontend/node_modules/react-dom/cjs/react-dom.development.js:26473:7)
          at performConcurrentWorkOnRoot (/Users/yusefbach/Projekte/studynexus/frontend/node_modules/react-dom/cjs/react-dom.development.js:25777:74)
          at flushActQueue (/Users/yusefbach/Projekte/studynexus/frontend/node_modules/react/cjs/react.development.js:2667:24)
          at act (/Users/yusefbach/Projekte/studynexus/frontend/node_modules/react/cjs/react.development.js:2582:11)
          at /Users/yusefbach/Projekte/studynexus/frontend/node_modules/@testing-library/react/dist/act-compat.js:47:25
          at renderRoot (/Users/yusefbach/Projekte/studynexus/frontend/node_modules/@testing-library/react/dist/pure.js:180:26)
          at render (/Users/yusefbach/Projekte/studynexus/frontend/node_modules/@testing-library/react/dist/pure.js:271:10)
          at Object.<anonymous> (/Users/yusefbach/Projekte/studynexus/frontend/src/components/study/__tests__/ModuleList.test.tsx:100:11)
          at Promise.then.completed (/Users/yusefbach/Projekte/studynexus/frontend/node_modules/jest-circus/build/utils.js:298:28)
          at new Promise (<anonymous>)
          at callAsyncCircusFn (/Users/yusefbach/Projekte/studynexus/frontend/node_modules/jest-circus/build/utils.js:231:10)
          at _callCircusTest (/Users/yusefbach/Projekte/studynexus/frontend/node_modules/jest-circus/build/run.js:316:40)
          at processTicksAndRejections (node:internal/process/task_queues:104:5)
          at _runTest (/Users/yusefbach/Projekte/studynexus/frontend/node_modules/jest-circus/build/run.js:252:3)
          at _runTestsForDescribeBlock (/Users/yusefbach/Projekte/studynexus/frontend/node_modules/jest-circus/build/run.js:126:9)
          at _runTestsForDescribeBlock (/Users/yusefbach/Projekte/studynexus/frontend/node_modules/jest-circus/build/run.js:121:9)
          at run (/Users/yusefbach/Projekte/studynexus/frontend/node_modules/jest-circus/build/run.js:71:3)
          at runAndTransformResultsToJestFormat (/Users/yusefbach/Projekte/studynexus/frontend/node_modules/jest-circus/build/legacy-code-todo-rewrite/jestAdapterInit.js:122:21)
          at jestAdapter (/Users/yusefbach/Projekte/studynexus/frontend/node_modules/jest-circus/build/legacy-code-todo-rewrite/jestAdapter.js:79:19)
          at runTestInternal (/Users/yusefbach/Projekte/studynexus/frontend/node_modules/jest-runner/build/runTest.js:367:16)
          at runTest (/Users/yusefbach/Projekte/studynexus/frontend/node_modules/jest-runner/build/runTest.js:444:34)
          at Object.worker (/Users/yusefbach/Projekte/studynexus/frontend/node_modules/jest-runner/build/testWorker.js:106:12) {
        detail: Error: No QueryClient set, use QueryClientProvider to set one
            at useQueryClient (/Users/yusefbach/Projekte/studynexus/frontend/node_modules/@tanstack/react-query/src/QueryClientProvider.tsx:18:11)
            at useBaseQuery (/Users/yusefbach/Projekte/studynexus/frontend/node_modules/@tanstack/react-query/src/useBaseQuery.ts:54:18)
            at useQuery (/Users/yusefbach/Projekte/studynexus/frontend/node_modules/@tanstack/react-query/src/useQuery.ts:51:10)
            at useUserModules (/Users/yusefbach/Projekte/studynexus/frontend/src/hooks/queries/useUserModules.ts:7:18)
            at ModuleList (/Users/yusefbach/Projekte/studynexus/frontend/src/components/study/ModuleList.tsx:31:71)
            at renderWithHooks (/Users/yusefbach/Projekte/studynexus/frontend/node_modules/react-dom/cjs/react-dom.development.js:15486:18)
            at mountIndeterminateComponent (/Users/yusefbach/Projekte/studynexus/frontend/node_modules/react-dom/cjs/react-dom.development.js:20103:13)
            at beginWork (/Users/yusefbach/Projekte/studynexus/frontend/node_modules/react-dom/cjs/react-dom.development.js:21626:16)
            at HTMLUnknownElement.callCallback (/Users/yusefbach/Projekte/studynexus/frontend/node_modules/react-dom/cjs/react-dom.development.js:4164:14)
            at HTMLUnknownElement.callTheUserObjectsOperation (/Users/yusefbach/Projekte/studynexus/frontend/node_modules/jsdom/lib/jsdom/living/generated/EventListener.js:26:30)
            at innerInvokeEventListeners (/Users/yusefbach/Projekte/studynexus/frontend/node_modules/jsdom/lib/jsdom/living/events/EventTarget-impl.js:350:25)
            at invokeEventListeners (/Users/yusefbach/Projekte/studynexus/frontend/node_modules/jsdom/lib/jsdom/living/events/EventTarget-impl.js:286:3)
            at HTMLUnknownElementImpl._dispatch (/Users/yusefbach/Projekte/studynexus/frontend/node_modules/jsdom/lib/jsdom/living/events/EventTarget-impl.js:233:9)
            at HTMLUnknownElementImpl.dispatchEvent (/Users/yusefbach/Projekte/studynexus/frontend/node_modules/jsdom/lib/jsdom/living/events/EventTarget-impl.js:104:17)
            at HTMLUnknownElement.dispatchEvent (/Users/yusefbach/Projekte/studynexus/frontend/node_modules/jsdom/lib/jsdom/living/generated/EventTarget.js:241:34)
            at Object.invokeGuardedCallbackDev (/Users/yusefbach/Projekte/studynexus/frontend/node_modules/react-dom/cjs/react-dom.development.js:4213:16)
            at invokeGuardedCallback (/Users/yusefbach/Projekte/studynexus/frontend/node_modules/react-dom/cjs/react-dom.development.js:4277:31)
            at beginWork$1 (/Users/yusefbach/Projekte/studynexus/frontend/node_modules/react-dom/cjs/react-dom.development.js:27490:7)
            at performUnitOfWork (/Users/yusefbach/Projekte/studynexus/frontend/node_modules/react-dom/cjs/react-dom.development.js:26599:12)
            at workLoopSync (/Users/yusefbach/Projekte/studynexus/frontend/node_modules/react-dom/cjs/react-dom.development.js:26505:5)
            at renderRootSync (/Users/yusefbach/Projekte/studynexus/frontend/node_modules/react-dom/cjs/react-dom.development.js:26473:7)
            at performConcurrentWorkOnRoot (/Users/yusefbach/Projekte/studynexus/frontend/node_modules/react-dom/cjs/react-dom.development.js:25777:74)
            at flushActQueue (/Users/yusefbach/Projekte/studynexus/frontend/node_modules/react/cjs/react.development.js:2667:24)
            at act (/Users/yusefbach/Projekte/studynexus/frontend/node_modules/react/cjs/react.development.js:2582:11)
            at /Users/yusefbach/Projekte/studynexus/frontend/node_modules/@testing-library/react/dist/act-compat.js:47:25
            at renderRoot (/Users/yusefbach/Projekte/studynexus/frontend/node_modules/@testing-library/react/dist/pure.js:180:26)
            at render (/Users/yusefbach/Projekte/studynexus/frontend/node_modules/@testing-library/react/dist/pure.js:271:10)
            at Object.<anonymous> (/Users/yusefbach/Projekte/studynexus/frontend/src/components/study/__tests__/ModuleList.test.tsx:100:11)
            at Promise.then.completed (/Users/yusefbach/Projekte/studynexus/frontend/node_modules/jest-circus/build/utils.js:298:28)
            at new Promise (<anonymous>)
            at callAsyncCircusFn (/Users/yusefbach/Projekte/studynexus/frontend/node_modules/jest-circus/build/utils.js:231:10)
            at _callCircusTest (/Users/yusefbach/Projekte/studynexus/frontend/node_modules/jest-circus/build/run.js:316:40)
            at processTicksAndRejections (node:internal/process/task_queues:104:5)
            at _runTest (/Users/yusefbach/Projekte/studynexus/frontend/node_modules/jest-circus/build/run.js:252:3)
            at _runTestsForDescribeBlock (/Users/yusefbach/Projekte/studynexus/frontend/node_modules/jest-circus/build/run.js:126:9)
            at _runTestsForDescribeBlock (/Users/yusefbach/Projekte/studynexus/frontend/node_modules/jest-circus/build/run.js:121:9)
            at run (/Users/yusefbach/Projekte/studynexus/frontend/node_modules/jest-circus/build/run.js:71:3)
            at runAndTransformResultsToJestFormat (/Users/yusefbach/Projekte/studynexus/frontend/node_modules/jest-circus/build/legacy-code-todo-rewrite/jestAdapterInit.js:122:21)
            at jestAdapter (/Users/yusefbach/Projekte/studynexus/frontend/node_modules/jest-circus/build/legacy-code-todo-rewrite/jestAdapter.js:79:19)
            at runTestInternal (/Users/yusefbach/Projekte/studynexus/frontend/node_modules/jest-runner/build/runTest.js:367:16)
            at runTest (/Users/yusefbach/Projekte/studynexus/frontend/node_modules/jest-runner/build/runTest.js:444:34)
            at Object.worker (/Users/yusefbach/Projekte/studynexus/frontend/node_modules/jest-runner/build/testWorker.js:106:12),
        type: 'unhandled exception'
      }

       98 |   it("renders kuerzel for modules that have it", async () => {
       99 |     mockFetch(mockGroups);
    > 100 |     render(<ModuleList />);
          |           ^
      101 |     await waitFor(() => {
      102 |       expect(screen.getByText("BIN-101")).toBeInTheDocument();
      103 |     });

      at VirtualConsole.<anonymous> (node_modules/jest-environment-jsdom/build/index.js:63:23)
      at reportException (node_modules/jsdom/lib/jsdom/living/helpers/runtime-script-errors.js:70:28)
      at innerInvokeEventListeners (node_modules/jsdom/lib/jsdom/living/events/EventTarget-impl.js:353:9)
      at invokeEventListeners (node_modules/jsdom/lib/jsdom/living/events/EventTarget-impl.js:286:3)
      at HTMLUnknownElementImpl._dispatch (node_modules/jsdom/lib/jsdom/living/events/EventTarget-impl.js:233:9)
      at HTMLUnknownElementImpl.dispatchEvent (node_modules/jsdom/lib/jsdom/living/events/EventTarget-impl.js:104:17)
      at HTMLUnknownElement.dispatchEvent (node_modules/jsdom/lib/jsdom/living/generated/EventTarget.js:241:34)
      at Object.invokeGuardedCallbackDev (node_modules/react-dom/cjs/react-dom.development.js:4213:16)
      at invokeGuardedCallback (node_modules/react-dom/cjs/react-dom.development.js:4277:31)
      at beginWork$1 (node_modules/react-dom/cjs/react-dom.development.js:27490:7)
      at performUnitOfWork (node_modules/react-dom/cjs/react-dom.development.js:26599:12)
      at workLoopSync (node_modules/react-dom/cjs/react-dom.development.js:26505:5)
      at renderRootSync (node_modules/react-dom/cjs/react-dom.development.js:26473:7)
      at performConcurrentWorkOnRoot (node_modules/react-dom/cjs/react-dom.development.js:25777:74)
      at flushActQueue (node_modules/react/cjs/react.development.js:2667:24)
      at act (node_modules/react/cjs/react.development.js:2582:11)
      at node_modules/@testing-library/react/dist/act-compat.js:47:25
      at renderRoot (node_modules/@testing-library/react/dist/pure.js:180:26)
      at render (node_modules/@testing-library/react/dist/pure.js:271:10)
      at Object.<anonymous> (src/components/study/__tests__/ModuleList.test.tsx:100:11)

    console.error
      Error: Uncaught [Error: No QueryClient set, use QueryClientProvider to set one]
          at reportException (/Users/yusefbach/Projekte/studynexus/frontend/node_modules/jsdom/lib/jsdom/living/helpers/runtime-script-errors.js:66:24)
          at innerInvokeEventListeners (/Users/yusefbach/Projekte/studynexus/frontend/node_modules/jsdom/lib/jsdom/living/events/EventTarget-impl.js:353:9)
          at invokeEventListeners (/Users/yusefbach/Projekte/studynexus/frontend/node_modules/jsdom/lib/jsdom/living/events/EventTarget-impl.js:286:3)
          at HTMLUnknownElementImpl._dispatch (/Users/yusefbach/Projekte/studynexus/frontend/node_modules/jsdom/lib/jsdom/living/events/EventTarget-impl.js:233:9)
          at HTMLUnknownElementImpl.dispatchEvent (/Users/yusefbach/Projekte/studynexus/frontend/node_modules/jsdom/lib/jsdom/living/events/EventTarget-impl.js:104:17)
          at HTMLUnknownElement.dispatchEvent (/Users/yusefbach/Projekte/studynexus/frontend/node_modules/jsdom/lib/jsdom/living/generated/EventTarget.js:241:34)
          at Object.invokeGuardedCallbackDev (/Users/yusefbach/Projekte/studynexus/frontend/node_modules/react-dom/cjs/react-dom.development.js:4213:16)
          at invokeGuardedCallback (/Users/yusefbach/Projekte/studynexus/frontend/node_modules/react-dom/cjs/react-dom.development.js:4277:31)
          at beginWork$1 (/Users/yusefbach/Projekte/studynexus/frontend/node_modules/react-dom/cjs/react-dom.development.js:27490:7)
          at performUnitOfWork (/Users/yusefbach/Projekte/studynexus/frontend/node_modules/react-dom/cjs/react-dom.development.js:26599:12)
          at workLoopSync (/Users/yusefbach/Projekte/studynexus/frontend/node_modules/react-dom/cjs/react-dom.development.js:26505:5)
          at renderRootSync (/Users/yusefbach/Projekte/studynexus/frontend/node_modules/react-dom/cjs/react-dom.development.js:26473:7)
          at recoverFromConcurrentError (/Users/yusefbach/Projekte/studynexus/frontend/node_modules/react-dom/cjs/react-dom.development.js:25889:20)
          at performConcurrentWorkOnRoot (/Users/yusefbach/Projekte/studynexus/frontend/node_modules/react-dom/cjs/react-dom.development.js:25789:22)
          at flushActQueue (/Users/yusefbach/Projekte/studynexus/frontend/node_modules/react/cjs/react.development.js:2667:24)
          at act (/Users/yusefbach/Projekte/studynexus/frontend/node_modules/react/cjs/react.development.js:2582:11)
          at /Users/yusefbach/Projekte/studynexus/frontend/node_modules/@testing-library/react/dist/act-compat.js:47:25
          at renderRoot (/Users/yusefbach/Projekte/studynexus/frontend/node_modules/@testing-library/react/dist/pure.js:180:26)
          at render (/Users/yusefbach/Projekte/studynexus/frontend/node_modules/@testing-library/react/dist/pure.js:271:10)
          at Object.<anonymous> (/Users/yusefbach/Projekte/studynexus/frontend/src/components/study/__tests__/ModuleList.test.tsx:100:11)
          at Promise.then.completed (/Users/yusefbach/Projekte/studynexus/frontend/node_modules/jest-circus/build/utils.js:298:28)
          at new Promise (<anonymous>)
          at callAsyncCircusFn (/Users/yusefbach/Projekte/studynexus/frontend/node_modules/jest-circus/build/utils.js:231:10)
          at _callCircusTest (/Users/yusefbach/Projekte/studynexus/frontend/node_modules/jest-circus/build/run.js:316:40)
          at processTicksAndRejections (node:internal/process/task_queues:104:5)
          at _runTest (/Users/yusefbach/Projekte/studynexus/frontend/node_modules/jest-circus/build/run.js:252:3)
          at _runTestsForDescribeBlock (/Users/yusefbach/Projekte/studynexus/frontend/node_modules/jest-circus/build/run.js:126:9)
          at _runTestsForDescribeBlock (/Users/yusefbach/Projekte/studynexus/frontend/node_modules/jest-circus/build/run.js:121:9)
          at run (/Users/yusefbach/Projekte/studynexus/frontend/node_modules/jest-circus/build/run.js:71:3)
          at runAndTransformResultsToJestFormat (/Users/yusefbach/Projekte/studynexus/frontend/node_modules/jest-circus/build/legacy-code-todo-rewrite/jestAdapterInit.js:122:21)
          at jestAdapter (/Users/yusefbach/Projekte/studynexus/frontend/node_modules/jest-circus/build/legacy-code-todo-rewrite/jestAdapter.js:79:19)
          at runTestInternal (/Users/yusefbach/Projekte/studynexus/frontend/node_modules/jest-runner/build/runTest.js:367:16)
          at runTest (/Users/yusefbach/Projekte/studynexus/frontend/node_modules/jest-runner/build/runTest.js:444:34)
          at Object.worker (/Users/yusefbach/Projekte/studynexus/frontend/node_modules/jest-runner/build/testWorker.js:106:12) {
        detail: Error: No QueryClient set, use QueryClientProvider to set one
            at useQueryClient (/Users/yusefbach/Projekte/studynexus/frontend/node_modules/@tanstack/react-query/src/QueryClientProvider.tsx:18:11)
            at useBaseQuery (/Users/yusefbach/Projekte/studynexus/frontend/node_modules/@tanstack/react-query/src/useBaseQuery.ts:54:18)
            at useQuery (/Users/yusefbach/Projekte/studynexus/frontend/node_modules/@tanstack/react-query/src/useQuery.ts:51:10)
            at useUserModules (/Users/yusefbach/Projekte/studynexus/frontend/src/hooks/queries/useUserModules.ts:7:18)
            at ModuleList (/Users/yusefbach/Projekte/studynexus/frontend/src/components/study/ModuleList.tsx:31:71)
            at renderWithHooks (/Users/yusefbach/Projekte/studynexus/frontend/node_modules/react-dom/cjs/react-dom.development.js:15486:18)
            at mountIndeterminateComponent (/Users/yusefbach/Projekte/studynexus/frontend/node_modules/react-dom/cjs/react-dom.development.js:20103:13)
            at beginWork (/Users/yusefbach/Projekte/studynexus/frontend/node_modules/react-dom/cjs/react-dom.development.js:21626:16)
            at HTMLUnknownElement.callCallback (/Users/yusefbach/Projekte/studynexus/frontend/node_modules/react-dom/cjs/react-dom.development.js:4164:14)
            at HTMLUnknownElement.callTheUserObjectsOperation (/Users/yusefbach/Projekte/studynexus/frontend/node_modules/jsdom/lib/jsdom/living/generated/EventListener.js:26:30)
            at innerInvokeEventListeners (/Users/yusefbach/Projekte/studynexus/frontend/node_modules/jsdom/lib/jsdom/living/events/EventTarget-impl.js:350:25)
            at invokeEventListeners (/Users/yusefbach/Projekte/studynexus/frontend/node_modules/jsdom/lib/jsdom/living/events/EventTarget-impl.js:286:3)
            at HTMLUnknownElementImpl._dispatch (/Users/yusefbach/Projekte/studynexus/frontend/node_modules/jsdom/lib/jsdom/living/events/EventTarget-impl.js:233:9)
            at HTMLUnknownElementImpl.dispatchEvent (/Users/yusefbach/Projekte/studynexus/frontend/node_modules/jsdom/lib/jsdom/living/events/EventTarget-impl.js:104:17)
            at HTMLUnknownElement.dispatchEvent (/Users/yusefbach/Projekte/studynexus/frontend/node_modules/jsdom/lib/jsdom/living/generated/EventTarget.js:241:34)
            at Object.invokeGuardedCallbackDev (/Users/yusefbach/Projekte/studynexus/frontend/node_modules/react-dom/cjs/react-dom.development.js:4213:16)
            at invokeGuardedCallback (/Users/yusefbach/Projekte/studynexus/frontend/node_modules/react-dom/cjs/react-dom.development.js:4277:31)
            at beginWork$1 (/Users/yusefbach/Projekte/studynexus/frontend/node_modules/react-dom/cjs/react-dom.development.js:27490:7)
            at performUnitOfWork (/Users/yusefbach/Projekte/studynexus/frontend/node_modules/react-dom/cjs/react-dom.development.js:26599:12)
            at workLoopSync (/Users/yusefbach/Projekte/studynexus/frontend/node_modules/react-dom/cjs/react-dom.development.js:26505:5)
            at renderRootSync (/Users/yusefbach/Projekte/studynexus/frontend/node_modules/react-dom/cjs/react-dom.development.js:26473:7)
            at recoverFromConcurrentError (/Users/yusefbach/Projekte/studynexus/frontend/node_modules/react-dom/cjs/react-dom.development.js:25889:20)
            at performConcurrentWorkOnRoot (/Users/yusefbach/Projekte/studynexus/frontend/node_modules/react-dom/cjs/react-dom.development.js:25789:22)
            at flushActQueue (/Users/yusefbach/Projekte/studynexus/frontend/node_modules/react/cjs/react.development.js:2667:24)
            at act (/Users/yusefbach/Projekte/studynexus/frontend/node_modules/react/cjs/react.development.js:2582:11)
            at /Users/yusefbach/Projekte/studynexus/frontend/node_modules/@testing-library/react/dist/act-compat.js:47:25
            at renderRoot (/Users/yusefbach/Projekte/studynexus/frontend/node_modules/@testing-library/react/dist/pure.js:180:26)
            at render (/Users/yusefbach/Projekte/studynexus/frontend/node_modules/@testing-library/react/dist/pure.js:271:10)
            at Object.<anonymous> (/Users/yusefbach/Projekte/studynexus/frontend/src/components/study/__tests__/ModuleList.test.tsx:100:11)
            at Promise.then.completed (/Users/yusefbach/Projekte/studynexus/frontend/node_modules/jest-circus/build/utils.js:298:28)
            at new Promise (<anonymous>)
            at callAsyncCircusFn (/Users/yusefbach/Projekte/studynexus/frontend/node_modules/jest-circus/build/utils.js:231:10)
            at _callCircusTest (/Users/yusefbach/Projekte/studynexus/frontend/node_modules/jest-circus/build/run.js:316:40)
            at processTicksAndRejections (node:internal/process/task_queues:104:5)
            at _runTest (/Users/yusefbach/Projekte/studynexus/frontend/node_modules/jest-circus/build/run.js:252:3)
            at _runTestsForDescribeBlock (/Users/yusefbach/Projekte/studynexus/frontend/node_modules/jest-circus/build/run.js:126:9)
            at _runTestsForDescribeBlock (/Users/yusefbach/Projekte/studynexus/frontend/node_modules/jest-circus/build/run.js:121:9)
            at run (/Users/yusefbach/Projekte/studynexus/frontend/node_modules/jest-circus/build/run.js:71:3)
            at runAndTransformResultsToJestFormat (/Users/yusefbach/Projekte/studynexus/frontend/node_modules/jest-circus/build/legacy-code-todo-rewrite/jestAdapterInit.js:122:21)
            at jestAdapter (/Users/yusefbach/Projekte/studynexus/frontend/node_modules/jest-circus/build/legacy-code-todo-rewrite/jestAdapter.js:79:19)
            at runTestInternal (/Users/yusefbach/Projekte/studynexus/frontend/node_modules/jest-runner/build/runTest.js:367:16)
            at runTest (/Users/yusefbach/Projekte/studynexus/frontend/node_modules/jest-runner/build/runTest.js:444:34)
            at Object.worker (/Users/yusefbach/Projekte/studynexus/frontend/node_modules/jest-runner/build/testWorker.js:106:12),
        type: 'unhandled exception'
      }

       98 |   it("renders kuerzel for modules that have it", async () => {
       99 |     mockFetch(mockGroups);
    > 100 |     render(<ModuleList />);
          |           ^
      101 |     await waitFor(() => {
      102 |       expect(screen.getByText("BIN-101")).toBeInTheDocument();
      103 |     });

      at VirtualConsole.<anonymous> (node_modules/jest-environment-jsdom/build/index.js:63:23)
      at reportException (node_modules/jsdom/lib/jsdom/living/helpers/runtime-script-errors.js:70:28)
      at innerInvokeEventListeners (node_modules/jsdom/lib/jsdom/living/events/EventTarget-impl.js:353:9)
      at invokeEventListeners (node_modules/jsdom/lib/jsdom/living/events/EventTarget-impl.js:286:3)
      at HTMLUnknownElementImpl._dispatch (node_modules/jsdom/lib/jsdom/living/events/EventTarget-impl.js:233:9)
      at HTMLUnknownElementImpl.dispatchEvent (node_modules/jsdom/lib/jsdom/living/events/EventTarget-impl.js:104:17)
      at HTMLUnknownElement.dispatchEvent (node_modules/jsdom/lib/jsdom/living/generated/EventTarget.js:241:34)
      at Object.invokeGuardedCallbackDev (node_modules/react-dom/cjs/react-dom.development.js:4213:16)
      at invokeGuardedCallback (node_modules/react-dom/cjs/react-dom.development.js:4277:31)
      at beginWork$1 (node_modules/react-dom/cjs/react-dom.development.js:27490:7)
      at performUnitOfWork (node_modules/react-dom/cjs/react-dom.development.js:26599:12)
      at workLoopSync (node_modules/react-dom/cjs/react-dom.development.js:26505:5)
      at renderRootSync (node_modules/react-dom/cjs/react-dom.development.js:26473:7)
      at recoverFromConcurrentError (node_modules/react-dom/cjs/react-dom.development.js:25889:20)
      at performConcurrentWorkOnRoot (node_modules/react-dom/cjs/react-dom.development.js:25789:22)
      at flushActQueue (node_modules/react/cjs/react.development.js:2667:24)
      at act (node_modules/react/cjs/react.development.js:2582:11)
      at node_modules/@testing-library/react/dist/act-compat.js:47:25
      at renderRoot (node_modules/@testing-library/react/dist/pure.js:180:26)
      at render (node_modules/@testing-library/react/dist/pure.js:271:10)
      at Object.<anonymous> (src/components/study/__tests__/ModuleList.test.tsx:100:11)

    console.error
      The above error occurred in the <ModuleList> component:
      
          at ModuleList (/Users/yusefbach/Projekte/studynexus/frontend/src/components/study/ModuleList.tsx:31:71)
      
      Consider adding an error boundary to your tree to customize error handling behavior.
      Visit https://reactjs.org/link/error-boundaries to learn more about error boundaries.

       98 |   it("renders kuerzel for modules that have it", async () => {
       99 |     mockFetch(mockGroups);
    > 100 |     render(<ModuleList />);
          |           ^
      101 |     await waitFor(() => {
      102 |       expect(screen.getByText("BIN-101")).toBeInTheDocument();
      103 |     });

      at logCapturedError (node_modules/react-dom/cjs/react-dom.development.js:18704:23)
      at update.callback (node_modules/react-dom/cjs/react-dom.development.js:18737:5)
      at callCallback (node_modules/react-dom/cjs/react-dom.development.js:15036:12)
      at commitUpdateQueue (node_modules/react-dom/cjs/react-dom.development.js:15057:9)
      at commitLayoutEffectOnFiber (node_modules/react-dom/cjs/react-dom.development.js:23430:13)
      at commitLayoutMountEffects_complete (node_modules/react-dom/cjs/react-dom.development.js:24727:9)
      at commitLayoutEffects_begin (node_modules/react-dom/cjs/react-dom.development.js:24713:7)
      at commitLayoutEffects (node_modules/react-dom/cjs/react-dom.development.js:24651:3)
      at commitRootImpl (node_modules/react-dom/cjs/react-dom.development.js:26862:5)
      at commitRoot (node_modules/react-dom/cjs/react-dom.development.js:26721:5)
      at finishConcurrentRender (node_modules/react-dom/cjs/react-dom.development.js:25931:9)
      at performConcurrentWorkOnRoot (node_modules/react-dom/cjs/react-dom.development.js:25848:7)
      at flushActQueue (node_modules/react/cjs/react.development.js:2667:24)
      at act (node_modules/react/cjs/react.development.js:2582:11)
      at node_modules/@testing-library/react/dist/act-compat.js:47:25
      at renderRoot (node_modules/@testing-library/react/dist/pure.js:180:26)
      at render (node_modules/@testing-library/react/dist/pure.js:271:10)
      at Object.<anonymous> (src/components/study/__tests__/ModuleList.test.tsx:100:11)

    console.error
      Error: Uncaught [Error: No QueryClient set, use QueryClientProvider to set one]
          at reportException (/Users/yusefbach/Projekte/studynexus/frontend/node_modules/jsdom/lib/jsdom/living/helpers/runtime-script-errors.js:66:24)
          at innerInvokeEventListeners (/Users/yusefbach/Projekte/studynexus/frontend/node_modules/jsdom/lib/jsdom/living/events/EventTarget-impl.js:353:9)
          at invokeEventListeners (/Users/yusefbach/Projekte/studynexus/frontend/node_modules/jsdom/lib/jsdom/living/events/EventTarget-impl.js:286:3)
          at HTMLUnknownElementImpl._dispatch (/Users/yusefbach/Projekte/studynexus/frontend/node_modules/jsdom/lib/jsdom/living/events/EventTarget-impl.js:233:9)
          at HTMLUnknownElementImpl.dispatchEvent (/Users/yusefbach/Projekte/studynexus/frontend/node_modules/jsdom/lib/jsdom/living/events/EventTarget-impl.js:104:17)
          at HTMLUnknownElement.dispatchEvent (/Users/yusefbach/Projekte/studynexus/frontend/node_modules/jsdom/lib/jsdom/living/generated/EventTarget.js:241:34)
          at Object.invokeGuardedCallbackDev (/Users/yusefbach/Projekte/studynexus/frontend/node_modules/react-dom/cjs/react-dom.development.js:4213:16)
          at invokeGuardedCallback (/Users/yusefbach/Projekte/studynexus/frontend/node_modules/react-dom/cjs/react-dom.development.js:4277:31)
          at beginWork$1 (/Users/yusefbach/Projekte/studynexus/frontend/node_modules/react-dom/cjs/react-dom.development.js:27490:7)
          at performUnitOfWork (/Users/yusefbach/Projekte/studynexus/frontend/node_modules/react-dom/cjs/react-dom.development.js:26599:12)
          at workLoopSync (/Users/yusefbach/Projekte/studynexus/frontend/node_modules/react-dom/cjs/react-dom.development.js:26505:5)
          at renderRootSync (/Users/yusefbach/Projekte/studynexus/frontend/node_modules/react-dom/cjs/react-dom.development.js:26473:7)
          at performConcurrentWorkOnRoot (/Users/yusefbach/Projekte/studynexus/frontend/node_modules/react-dom/cjs/react-dom.development.js:25777:74)
          at flushActQueue (/Users/yusefbach/Projekte/studynexus/frontend/node_modules/react/cjs/react.development.js:2667:24)
          at act (/Users/yusefbach/Projekte/studynexus/frontend/node_modules/react/cjs/react.development.js:2582:11)
          at /Users/yusefbach/Projekte/studynexus/frontend/node_modules/@testing-library/react/dist/act-compat.js:47:25
          at renderRoot (/Users/yusefbach/Projekte/studynexus/frontend/node_modules/@testing-library/react/dist/pure.js:180:26)
          at render (/Users/yusefbach/Projekte/studynexus/frontend/node_modules/@testing-library/react/dist/pure.js:271:10)
          at Object.<anonymous> (/Users/yusefbach/Projekte/studynexus/frontend/src/components/study/__tests__/ModuleList.test.tsx:108:11)
          at Promise.then.completed (/Users/yusefbach/Projekte/studynexus/frontend/node_modules/jest-circus/build/utils.js:298:28)
          at new Promise (<anonymous>)
          at callAsyncCircusFn (/Users/yusefbach/Projekte/studynexus/frontend/node_modules/jest-circus/build/utils.js:231:10)
          at _callCircusTest (/Users/yusefbach/Projekte/studynexus/frontend/node_modules/jest-circus/build/run.js:316:40)
          at processTicksAndRejections (node:internal/process/task_queues:104:5)
          at _runTest (/Users/yusefbach/Projekte/studynexus/frontend/node_modules/jest-circus/build/run.js:252:3)
          at _runTestsForDescribeBlock (/Users/yusefbach/Projekte/studynexus/frontend/node_modules/jest-circus/build/run.js:126:9)
          at _runTestsForDescribeBlock (/Users/yusefbach/Projekte/studynexus/frontend/node_modules/jest-circus/build/run.js:121:9)
          at run (/Users/yusefbach/Projekte/studynexus/frontend/node_modules/jest-circus/build/run.js:71:3)
          at runAndTransformResultsToJestFormat (/Users/yusefbach/Projekte/studynexus/frontend/node_modules/jest-circus/build/legacy-code-todo-rewrite/jestAdapterInit.js:122:21)
          at jestAdapter (/Users/yusefbach/Projekte/studynexus/frontend/node_modules/jest-circus/build/legacy-code-todo-rewrite/jestAdapter.js:79:19)
          at runTestInternal (/Users/yusefbach/Projekte/studynexus/frontend/node_modules/jest-runner/build/runTest.js:367:16)
          at runTest (/Users/yusefbach/Projekte/studynexus/frontend/node_modules/jest-runner/build/runTest.js:444:34)
          at Object.worker (/Users/yusefbach/Projekte/studynexus/frontend/node_modules/jest-runner/build/testWorker.js:106:12) {
        detail: Error: No QueryClient set, use QueryClientProvider to set one
            at useQueryClient (/Users/yusefbach/Projekte/studynexus/frontend/node_modules/@tanstack/react-query/src/QueryClientProvider.tsx:18:11)
            at useBaseQuery (/Users/yusefbach/Projekte/studynexus/frontend/node_modules/@tanstack/react-query/src/useBaseQuery.ts:54:18)
            at useQuery (/Users/yusefbach/Projekte/studynexus/frontend/node_modules/@tanstack/react-query/src/useQuery.ts:51:10)
            at useUserModules (/Users/yusefbach/Projekte/studynexus/frontend/src/hooks/queries/useUserModules.ts:7:18)
            at ModuleList (/Users/yusefbach/Projekte/studynexus/frontend/src/components/study/ModuleList.tsx:31:71)
            at renderWithHooks (/Users/yusefbach/Projekte/studynexus/frontend/node_modules/react-dom/cjs/react-dom.development.js:15486:18)
            at mountIndeterminateComponent (/Users/yusefbach/Projekte/studynexus/frontend/node_modules/react-dom/cjs/react-dom.development.js:20103:13)
            at beginWork (/Users/yusefbach/Projekte/studynexus/frontend/node_modules/react-dom/cjs/react-dom.development.js:21626:16)
            at HTMLUnknownElement.callCallback (/Users/yusefbach/Projekte/studynexus/frontend/node_modules/react-dom/cjs/react-dom.development.js:4164:14)
            at HTMLUnknownElement.callTheUserObjectsOperation (/Users/yusefbach/Projekte/studynexus/frontend/node_modules/jsdom/lib/jsdom/living/generated/EventListener.js:26:30)
            at innerInvokeEventListeners (/Users/yusefbach/Projekte/studynexus/frontend/node_modules/jsdom/lib/jsdom/living/events/EventTarget-impl.js:350:25)
            at invokeEventListeners (/Users/yusefbach/Projekte/studynexus/frontend/node_modules/jsdom/lib/jsdom/living/events/EventTarget-impl.js:286:3)
            at HTMLUnknownElementImpl._dispatch (/Users/yusefbach/Projekte/studynexus/frontend/node_modules/jsdom/lib/jsdom/living/events/EventTarget-impl.js:233:9)
            at HTMLUnknownElementImpl.dispatchEvent (/Users/yusefbach/Projekte/studynexus/frontend/node_modules/jsdom/lib/jsdom/living/events/EventTarget-impl.js:104:17)
            at HTMLUnknownElement.dispatchEvent (/Users/yusefbach/Projekte/studynexus/frontend/node_modules/jsdom/lib/jsdom/living/generated/EventTarget.js:241:34)
            at Object.invokeGuardedCallbackDev (/Users/yusefbach/Projekte/studynexus/frontend/node_modules/react-dom/cjs/react-dom.development.js:4213:16)
            at invokeGuardedCallback (/Users/yusefbach/Projekte/studynexus/frontend/node_modules/react-dom/cjs/react-dom.development.js:4277:31)
            at beginWork$1 (/Users/yusefbach/Projekte/studynexus/frontend/node_modules/react-dom/cjs/react-dom.development.js:27490:7)
            at performUnitOfWork (/Users/yusefbach/Projekte/studynexus/frontend/node_modules/react-dom/cjs/react-dom.development.js:26599:12)
            at workLoopSync (/Users/yusefbach/Projekte/studynexus/frontend/node_modules/react-dom/cjs/react-dom.development.js:26505:5)
            at renderRootSync (/Users/yusefbach/Projekte/studynexus/frontend/node_modules/react-dom/cjs/react-dom.development.js:26473:7)
            at performConcurrentWorkOnRoot (/Users/yusefbach/Projekte/studynexus/frontend/node_modules/react-dom/cjs/react-dom.development.js:25777:74)
            at flushActQueue (/Users/yusefbach/Projekte/studynexus/frontend/node_modules/react/cjs/react.development.js:2667:24)
            at act (/Users/yusefbach/Projekte/studynexus/frontend/node_modules/react/cjs/react.development.js:2582:11)
            at /Users/yusefbach/Projekte/studynexus/frontend/node_modules/@testing-library/react/dist/act-compat.js:47:25
            at renderRoot (/Users/yusefbach/Projekte/studynexus/frontend/node_modules/@testing-library/react/dist/pure.js:180:26)
            at render (/Users/yusefbach/Projekte/studynexus/frontend/node_modules/@testing-library/react/dist/pure.js:271:10)
            at Object.<anonymous> (/Users/yusefbach/Projekte/studynexus/frontend/src/components/study/__tests__/ModuleList.test.tsx:108:11)
            at Promise.then.completed (/Users/yusefbach/Projekte/studynexus/frontend/node_modules/jest-circus/build/utils.js:298:28)
            at new Promise (<anonymous>)
            at callAsyncCircusFn (/Users/yusefbach/Projekte/studynexus/frontend/node_modules/jest-circus/build/utils.js:231:10)
            at _callCircusTest (/Users/yusefbach/Projekte/studynexus/frontend/node_modules/jest-circus/build/run.js:316:40)
            at processTicksAndRejections (node:internal/process/task_queues:104:5)
            at _runTest (/Users/yusefbach/Projekte/studynexus/frontend/node_modules/jest-circus/build/run.js:252:3)
            at _runTestsForDescribeBlock (/Users/yusefbach/Projekte/studynexus/frontend/node_modules/jest-circus/build/run.js:126:9)
            at _runTestsForDescribeBlock (/Users/yusefbach/Projekte/studynexus/frontend/node_modules/jest-circus/build/run.js:121:9)
            at run (/Users/yusefbach/Projekte/studynexus/frontend/node_modules/jest-circus/build/run.js:71:3)
            at runAndTransformResultsToJestFormat (/Users/yusefbach/Projekte/studynexus/frontend/node_modules/jest-circus/build/legacy-code-todo-rewrite/jestAdapterInit.js:122:21)
            at jestAdapter (/Users/yusefbach/Projekte/studynexus/frontend/node_modules/jest-circus/build/legacy-code-todo-rewrite/jestAdapter.js:79:19)
            at runTestInternal (/Users/yusefbach/Projekte/studynexus/frontend/node_modules/jest-runner/build/runTest.js:367:16)
            at runTest (/Users/yusefbach/Projekte/studynexus/frontend/node_modules/jest-runner/build/runTest.js:444:34)
            at Object.worker (/Users/yusefbach/Projekte/studynexus/frontend/node_modules/jest-runner/build/testWorker.js:106:12),
        type: 'unhandled exception'
      }

      106 |   it("renders PASSED status badge", async () => {
      107 |     mockFetch(mockGroups);
    > 108 |     render(<ModuleList />);
          |           ^
      109 |     await waitFor(() => {
      110 |       expect(screen.getByText("dashboard.modules.status.PASSED")).toBeInTheDocument();
      111 |     });

      at VirtualConsole.<anonymous> (node_modules/jest-environment-jsdom/build/index.js:63:23)
      at reportException (node_modules/jsdom/lib/jsdom/living/helpers/runtime-script-errors.js:70:28)
      at innerInvokeEventListeners (node_modules/jsdom/lib/jsdom/living/events/EventTarget-impl.js:353:9)
      at invokeEventListeners (node_modules/jsdom/lib/jsdom/living/events/EventTarget-impl.js:286:3)
      at HTMLUnknownElementImpl._dispatch (node_modules/jsdom/lib/jsdom/living/events/EventTarget-impl.js:233:9)
      at HTMLUnknownElementImpl.dispatchEvent (node_modules/jsdom/lib/jsdom/living/events/EventTarget-impl.js:104:17)
      at HTMLUnknownElement.dispatchEvent (node_modules/jsdom/lib/jsdom/living/generated/EventTarget.js:241:34)
      at Object.invokeGuardedCallbackDev (node_modules/react-dom/cjs/react-dom.development.js:4213:16)
      at invokeGuardedCallback (node_modules/react-dom/cjs/react-dom.development.js:4277:31)
      at beginWork$1 (node_modules/react-dom/cjs/react-dom.development.js:27490:7)
      at performUnitOfWork (node_modules/react-dom/cjs/react-dom.development.js:26599:12)
      at workLoopSync (node_modules/react-dom/cjs/react-dom.development.js:26505:5)
      at renderRootSync (node_modules/react-dom/cjs/react-dom.development.js:26473:7)
      at performConcurrentWorkOnRoot (node_modules/react-dom/cjs/react-dom.development.js:25777:74)
      at flushActQueue (node_modules/react/cjs/react.development.js:2667:24)
      at act (node_modules/react/cjs/react.development.js:2582:11)
      at node_modules/@testing-library/react/dist/act-compat.js:47:25
      at renderRoot (node_modules/@testing-library/react/dist/pure.js:180:26)
      at render (node_modules/@testing-library/react/dist/pure.js:271:10)
      at Object.<anonymous> (src/components/study/__tests__/ModuleList.test.tsx:108:11)

    console.error
      Error: Uncaught [Error: No QueryClient set, use QueryClientProvider to set one]
          at reportException (/Users/yusefbach/Projekte/studynexus/frontend/node_modules/jsdom/lib/jsdom/living/helpers/runtime-script-errors.js:66:24)
          at innerInvokeEventListeners (/Users/yusefbach/Projekte/studynexus/frontend/node_modules/jsdom/lib/jsdom/living/events/EventTarget-impl.js:353:9)
          at invokeEventListeners (/Users/yusefbach/Projekte/studynexus/frontend/node_modules/jsdom/lib/jsdom/living/events/EventTarget-impl.js:286:3)
          at HTMLUnknownElementImpl._dispatch (/Users/yusefbach/Projekte/studynexus/frontend/node_modules/jsdom/lib/jsdom/living/events/EventTarget-impl.js:233:9)
          at HTMLUnknownElementImpl.dispatchEvent (/Users/yusefbach/Projekte/studynexus/frontend/node_modules/jsdom/lib/jsdom/living/events/EventTarget-impl.js:104:17)
          at HTMLUnknownElement.dispatchEvent (/Users/yusefbach/Projekte/studynexus/frontend/node_modules/jsdom/lib/jsdom/living/generated/EventTarget.js:241:34)
          at Object.invokeGuardedCallbackDev (/Users/yusefbach/Projekte/studynexus/frontend/node_modules/react-dom/cjs/react-dom.development.js:4213:16)
          at invokeGuardedCallback (/Users/yusefbach/Projekte/studynexus/frontend/node_modules/react-dom/cjs/react-dom.development.js:4277:31)
          at beginWork$1 (/Users/yusefbach/Projekte/studynexus/frontend/node_modules/react-dom/cjs/react-dom.development.js:27490:7)
          at performUnitOfWork (/Users/yusefbach/Projekte/studynexus/frontend/node_modules/react-dom/cjs/react-dom.development.js:26599:12)
          at workLoopSync (/Users/yusefbach/Projekte/studynexus/frontend/node_modules/react-dom/cjs/react-dom.development.js:26505:5)
          at renderRootSync (/Users/yusefbach/Projekte/studynexus/frontend/node_modules/react-dom/cjs/react-dom.development.js:26473:7)
          at recoverFromConcurrentError (/Users/yusefbach/Projekte/studynexus/frontend/node_modules/react-dom/cjs/react-dom.development.js:25889:20)
          at performConcurrentWorkOnRoot (/Users/yusefbach/Projekte/studynexus/frontend/node_modules/react-dom/cjs/react-dom.development.js:25789:22)
          at flushActQueue (/Users/yusefbach/Projekte/studynexus/frontend/node_modules/react/cjs/react.development.js:2667:24)
          at act (/Users/yusefbach/Projekte/studynexus/frontend/node_modules/react/cjs/react.development.js:2582:11)
          at /Users/yusefbach/Projekte/studynexus/frontend/node_modules/@testing-library/react/dist/act-compat.js:47:25
          at renderRoot (/Users/yusefbach/Projekte/studynexus/frontend/node_modules/@testing-library/react/dist/pure.js:180:26)
          at render (/Users/yusefbach/Projekte/studynexus/frontend/node_modules/@testing-library/react/dist/pure.js:271:10)
          at Object.<anonymous> (/Users/yusefbach/Projekte/studynexus/frontend/src/components/study/__tests__/ModuleList.test.tsx:108:11)
          at Promise.then.completed (/Users/yusefbach/Projekte/studynexus/frontend/node_modules/jest-circus/build/utils.js:298:28)
          at new Promise (<anonymous>)
          at callAsyncCircusFn (/Users/yusefbach/Projekte/studynexus/frontend/node_modules/jest-circus/build/utils.js:231:10)
          at _callCircusTest (/Users/yusefbach/Projekte/studynexus/frontend/node_modules/jest-circus/build/run.js:316:40)
          at processTicksAndRejections (node:internal/process/task_queues:104:5)
          at _runTest (/Users/yusefbach/Projekte/studynexus/frontend/node_modules/jest-circus/build/run.js:252:3)
          at _runTestsForDescribeBlock (/Users/yusefbach/Projekte/studynexus/frontend/node_modules/jest-circus/build/run.js:126:9)
          at _runTestsForDescribeBlock (/Users/yusefbach/Projekte/studynexus/frontend/node_modules/jest-circus/build/run.js:121:9)
          at run (/Users/yusefbach/Projekte/studynexus/frontend/node_modules/jest-circus/build/run.js:71:3)
          at runAndTransformResultsToJestFormat (/Users/yusefbach/Projekte/studynexus/frontend/node_modules/jest-circus/build/legacy-code-todo-rewrite/jestAdapterInit.js:122:21)
          at jestAdapter (/Users/yusefbach/Projekte/studynexus/frontend/node_modules/jest-circus/build/legacy-code-todo-rewrite/jestAdapter.js:79:19)
          at runTestInternal (/Users/yusefbach/Projekte/studynexus/frontend/node_modules/jest-runner/build/runTest.js:367:16)
          at runTest (/Users/yusefbach/Projekte/studynexus/frontend/node_modules/jest-runner/build/runTest.js:444:34)
          at Object.worker (/Users/yusefbach/Projekte/studynexus/frontend/node_modules/jest-runner/build/testWorker.js:106:12) {
        detail: Error: No QueryClient set, use QueryClientProvider to set one
            at useQueryClient (/Users/yusefbach/Projekte/studynexus/frontend/node_modules/@tanstack/react-query/src/QueryClientProvider.tsx:18:11)
            at useBaseQuery (/Users/yusefbach/Projekte/studynexus/frontend/node_modules/@tanstack/react-query/src/useBaseQuery.ts:54:18)
            at useQuery (/Users/yusefbach/Projekte/studynexus/frontend/node_modules/@tanstack/react-query/src/useQuery.ts:51:10)
            at useUserModules (/Users/yusefbach/Projekte/studynexus/frontend/src/hooks/queries/useUserModules.ts:7:18)
            at ModuleList (/Users/yusefbach/Projekte/studynexus/frontend/src/components/study/ModuleList.tsx:31:71)
            at renderWithHooks (/Users/yusefbach/Projekte/studynexus/frontend/node_modules/react-dom/cjs/react-dom.development.js:15486:18)
            at mountIndeterminateComponent (/Users/yusefbach/Projekte/studynexus/frontend/node_modules/react-dom/cjs/react-dom.development.js:20103:13)
            at beginWork (/Users/yusefbach/Projekte/studynexus/frontend/node_modules/react-dom/cjs/react-dom.development.js:21626:16)
            at HTMLUnknownElement.callCallback (/Users/yusefbach/Projekte/studynexus/frontend/node_modules/react-dom/cjs/react-dom.development.js:4164:14)
            at HTMLUnknownElement.callTheUserObjectsOperation (/Users/yusefbach/Projekte/studynexus/frontend/node_modules/jsdom/lib/jsdom/living/generated/EventListener.js:26:30)
            at innerInvokeEventListeners (/Users/yusefbach/Projekte/studynexus/frontend/node_modules/jsdom/lib/jsdom/living/events/EventTarget-impl.js:350:25)
            at invokeEventListeners (/Users/yusefbach/Projekte/studynexus/frontend/node_modules/jsdom/lib/jsdom/living/events/EventTarget-impl.js:286:3)
            at HTMLUnknownElementImpl._dispatch (/Users/yusefbach/Projekte/studynexus/frontend/node_modules/jsdom/lib/jsdom/living/events/EventTarget-impl.js:233:9)
            at HTMLUnknownElementImpl.dispatchEvent (/Users/yusefbach/Projekte/studynexus/frontend/node_modules/jsdom/lib/jsdom/living/events/EventTarget-impl.js:104:17)
            at HTMLUnknownElement.dispatchEvent (/Users/yusefbach/Projekte/studynexus/frontend/node_modules/jsdom/lib/jsdom/living/generated/EventTarget.js:241:34)
            at Object.invokeGuardedCallbackDev (/Users/yusefbach/Projekte/studynexus/frontend/node_modules/react-dom/cjs/react-dom.development.js:4213:16)
            at invokeGuardedCallback (/Users/yusefbach/Projekte/studynexus/frontend/node_modules/react-dom/cjs/react-dom.development.js:4277:31)
            at beginWork$1 (/Users/yusefbach/Projekte/studynexus/frontend/node_modules/react-dom/cjs/react-dom.development.js:27490:7)
            at performUnitOfWork (/Users/yusefbach/Projekte/studynexus/frontend/node_modules/react-dom/cjs/react-dom.development.js:26599:12)
            at workLoopSync (/Users/yusefbach/Projekte/studynexus/frontend/node_modules/react-dom/cjs/react-dom.development.js:26505:5)
            at renderRootSync (/Users/yusefbach/Projekte/studynexus/frontend/node_modules/react-dom/cjs/react-dom.development.js:26473:7)
            at recoverFromConcurrentError (/Users/yusefbach/Projekte/studynexus/frontend/node_modules/react-dom/cjs/react-dom.development.js:25889:20)
            at performConcurrentWorkOnRoot (/Users/yusefbach/Projekte/studynexus/frontend/node_modules/react-dom/cjs/react-dom.development.js:25789:22)
            at flushActQueue (/Users/yusefbach/Projekte/studynexus/frontend/node_modules/react/cjs/react.development.js:2667:24)
            at act (/Users/yusefbach/Projekte/studynexus/frontend/node_modules/react/cjs/react.development.js:2582:11)
            at /Users/yusefbach/Projekte/studynexus/frontend/node_modules/@testing-library/react/dist/act-compat.js:47:25
            at renderRoot (/Users/yusefbach/Projekte/studynexus/frontend/node_modules/@testing-library/react/dist/pure.js:180:26)
            at render (/Users/yusefbach/Projekte/studynexus/frontend/node_modules/@testing-library/react/dist/pure.js:271:10)
            at Object.<anonymous> (/Users/yusefbach/Projekte/studynexus/frontend/src/components/study/__tests__/ModuleList.test.tsx:108:11)
            at Promise.then.completed (/Users/yusefbach/Projekte/studynexus/frontend/node_modules/jest-circus/build/utils.js:298:28)
            at new Promise (<anonymous>)
            at callAsyncCircusFn (/Users/yusefbach/Projekte/studynexus/frontend/node_modules/jest-circus/build/utils.js:231:10)
            at _callCircusTest (/Users/yusefbach/Projekte/studynexus/frontend/node_modules/jest-circus/build/run.js:316:40)
            at processTicksAndRejections (node:internal/process/task_queues:104:5)
            at _runTest (/Users/yusefbach/Projekte/studynexus/frontend/node_modules/jest-circus/build/run.js:252:3)
            at _runTestsForDescribeBlock (/Users/yusefbach/Projekte/studynexus/frontend/node_modules/jest-circus/build/run.js:126:9)
            at _runTestsForDescribeBlock (/Users/yusefbach/Projekte/studynexus/frontend/node_modules/jest-circus/build/run.js:121:9)
            at run (/Users/yusefbach/Projekte/studynexus/frontend/node_modules/jest-circus/build/run.js:71:3)
            at runAndTransformResultsToJestFormat (/Users/yusefbach/Projekte/studynexus/frontend/node_modules/jest-circus/build/legacy-code-todo-rewrite/jestAdapterInit.js:122:21)
            at jestAdapter (/Users/yusefbach/Projekte/studynexus/frontend/node_modules/jest-circus/build/legacy-code-todo-rewrite/jestAdapter.js:79:19)
            at runTestInternal (/Users/yusefbach/Projekte/studynexus/frontend/node_modules/jest-runner/build/runTest.js:367:16)
            at runTest (/Users/yusefbach/Projekte/studynexus/frontend/node_modules/jest-runner/build/runTest.js:444:34)
            at Object.worker (/Users/yusefbach/Projekte/studynexus/frontend/node_modules/jest-runner/build/testWorker.js:106:12),
        type: 'unhandled exception'
      }

      106 |   it("renders PASSED status badge", async () => {
      107 |     mockFetch(mockGroups);
    > 108 |     render(<ModuleList />);
          |           ^
      109 |     await waitFor(() => {
      110 |       expect(screen.getByText("dashboard.modules.status.PASSED")).toBeInTheDocument();
      111 |     });

      at VirtualConsole.<anonymous> (node_modules/jest-environment-jsdom/build/index.js:63:23)
      at reportException (node_modules/jsdom/lib/jsdom/living/helpers/runtime-script-errors.js:70:28)
      at innerInvokeEventListeners (node_modules/jsdom/lib/jsdom/living/events/EventTarget-impl.js:353:9)
      at invokeEventListeners (node_modules/jsdom/lib/jsdom/living/events/EventTarget-impl.js:286:3)
      at HTMLUnknownElementImpl._dispatch (node_modules/jsdom/lib/jsdom/living/events/EventTarget-impl.js:233:9)
      at HTMLUnknownElementImpl.dispatchEvent (node_modules/jsdom/lib/jsdom/living/events/EventTarget-impl.js:104:17)
      at HTMLUnknownElement.dispatchEvent (node_modules/jsdom/lib/jsdom/living/generated/EventTarget.js:241:34)
      at Object.invokeGuardedCallbackDev (node_modules/react-dom/cjs/react-dom.development.js:4213:16)
      at invokeGuardedCallback (node_modules/react-dom/cjs/react-dom.development.js:4277:31)
      at beginWork$1 (node_modules/react-dom/cjs/react-dom.development.js:27490:7)
      at performUnitOfWork (node_modules/react-dom/cjs/react-dom.development.js:26599:12)
      at workLoopSync (node_modules/react-dom/cjs/react-dom.development.js:26505:5)
      at renderRootSync (node_modules/react-dom/cjs/react-dom.development.js:26473:7)
      at recoverFromConcurrentError (node_modules/react-dom/cjs/react-dom.development.js:25889:20)
      at performConcurrentWorkOnRoot (node_modules/react-dom/cjs/react-dom.development.js:25789:22)
      at flushActQueue (node_modules/react/cjs/react.development.js:2667:24)
      at act (node_modules/react/cjs/react.development.js:2582:11)
      at node_modules/@testing-library/react/dist/act-compat.js:47:25
      at renderRoot (node_modules/@testing-library/react/dist/pure.js:180:26)
      at render (node_modules/@testing-library/react/dist/pure.js:271:10)
      at Object.<anonymous> (src/components/study/__tests__/ModuleList.test.tsx:108:11)

    console.error
      The above error occurred in the <ModuleList> component:
      
          at ModuleList (/Users/yusefbach/Projekte/studynexus/frontend/src/components/study/ModuleList.tsx:31:71)
      
      Consider adding an error boundary to your tree to customize error handling behavior.
      Visit https://reactjs.org/link/error-boundaries to learn more about error boundaries.

      106 |   it("renders PASSED status badge", async () => {
      107 |     mockFetch(mockGroups);
    > 108 |     render(<ModuleList />);
          |           ^
      109 |     await waitFor(() => {
      110 |       expect(screen.getByText("dashboard.modules.status.PASSED")).toBeInTheDocument();
      111 |     });

      at logCapturedError (node_modules/react-dom/cjs/react-dom.development.js:18704:23)
      at update.callback (node_modules/react-dom/cjs/react-dom.development.js:18737:5)
      at callCallback (node_modules/react-dom/cjs/react-dom.development.js:15036:12)
      at commitUpdateQueue (node_modules/react-dom/cjs/react-dom.development.js:15057:9)
      at commitLayoutEffectOnFiber (node_modules/react-dom/cjs/react-dom.development.js:23430:13)
      at commitLayoutMountEffects_complete (node_modules/react-dom/cjs/react-dom.development.js:24727:9)
      at commitLayoutEffects_begin (node_modules/react-dom/cjs/react-dom.development.js:24713:7)
      at commitLayoutEffects (node_modules/react-dom/cjs/react-dom.development.js:24651:3)
      at commitRootImpl (node_modules/react-dom/cjs/react-dom.development.js:26862:5)
      at commitRoot (node_modules/react-dom/cjs/react-dom.development.js:26721:5)
      at finishConcurrentRender (node_modules/react-dom/cjs/react-dom.development.js:25931:9)
      at performConcurrentWorkOnRoot (node_modules/react-dom/cjs/react-dom.development.js:25848:7)
      at flushActQueue (node_modules/react/cjs/react.development.js:2667:24)
      at act (node_modules/react/cjs/react.development.js:2582:11)
      at node_modules/@testing-library/react/dist/act-compat.js:47:25
      at renderRoot (node_modules/@testing-library/react/dist/pure.js:180:26)
      at render (node_modules/@testing-library/react/dist/pure.js:271:10)
      at Object.<anonymous> (src/components/study/__tests__/ModuleList.test.tsx:108:11)

    console.error
      Error: Uncaught [Error: No QueryClient set, use QueryClientProvider to set one]
          at reportException (/Users/yusefbach/Projekte/studynexus/frontend/node_modules/jsdom/lib/jsdom/living/helpers/runtime-script-errors.js:66:24)
          at innerInvokeEventListeners (/Users/yusefbach/Projekte/studynexus/frontend/node_modules/jsdom/lib/jsdom/living/events/EventTarget-impl.js:353:9)
          at invokeEventListeners (/Users/yusefbach/Projekte/studynexus/frontend/node_modules/jsdom/lib/jsdom/living/events/EventTarget-impl.js:286:3)
          at HTMLUnknownElementImpl._dispatch (/Users/yusefbach/Projekte/studynexus/frontend/node_modules/jsdom/lib/jsdom/living/events/EventTarget-impl.js:233:9)
          at HTMLUnknownElementImpl.dispatchEvent (/Users/yusefbach/Projekte/studynexus/frontend/node_modules/jsdom/lib/jsdom/living/events/EventTarget-impl.js:104:17)
          at HTMLUnknownElement.dispatchEvent (/Users/yusefbach/Projekte/studynexus/frontend/node_modules/jsdom/lib/jsdom/living/generated/EventTarget.js:241:34)
          at Object.invokeGuardedCallbackDev (/Users/yusefbach/Projekte/studynexus/frontend/node_modules/react-dom/cjs/react-dom.development.js:4213:16)
          at invokeGuardedCallback (/Users/yusefbach/Projekte/studynexus/frontend/node_modules/react-dom/cjs/react-dom.development.js:4277:31)
          at beginWork$1 (/Users/yusefbach/Projekte/studynexus/frontend/node_modules/react-dom/cjs/react-dom.development.js:27490:7)
          at performUnitOfWork (/Users/yusefbach/Projekte/studynexus/frontend/node_modules/react-dom/cjs/react-dom.development.js:26599:12)
          at workLoopSync (/Users/yusefbach/Projekte/studynexus/frontend/node_modules/react-dom/cjs/react-dom.development.js:26505:5)
          at renderRootSync (/Users/yusefbach/Projekte/studynexus/frontend/node_modules/react-dom/cjs/react-dom.development.js:26473:7)
          at performConcurrentWorkOnRoot (/Users/yusefbach/Projekte/studynexus/frontend/node_modules/react-dom/cjs/react-dom.development.js:25777:74)
          at flushActQueue (/Users/yusefbach/Projekte/studynexus/frontend/node_modules/react/cjs/react.development.js:2667:24)
          at act (/Users/yusefbach/Projekte/studynexus/frontend/node_modules/react/cjs/react.development.js:2582:11)
          at /Users/yusefbach/Projekte/studynexus/frontend/node_modules/@testing-library/react/dist/act-compat.js:47:25
          at renderRoot (/Users/yusefbach/Projekte/studynexus/frontend/node_modules/@testing-library/react/dist/pure.js:180:26)
          at render (/Users/yusefbach/Projekte/studynexus/frontend/node_modules/@testing-library/react/dist/pure.js:271:10)
          at Object.<anonymous> (/Users/yusefbach/Projekte/studynexus/frontend/src/components/study/__tests__/ModuleList.test.tsx:116:11)
          at Promise.then.completed (/Users/yusefbach/Projekte/studynexus/frontend/node_modules/jest-circus/build/utils.js:298:28)
          at new Promise (<anonymous>)
          at callAsyncCircusFn (/Users/yusefbach/Projekte/studynexus/frontend/node_modules/jest-circus/build/utils.js:231:10)
          at _callCircusTest (/Users/yusefbach/Projekte/studynexus/frontend/node_modules/jest-circus/build/run.js:316:40)
          at processTicksAndRejections (node:internal/process/task_queues:104:5)
          at _runTest (/Users/yusefbach/Projekte/studynexus/frontend/node_modules/jest-circus/build/run.js:252:3)
          at _runTestsForDescribeBlock (/Users/yusefbach/Projekte/studynexus/frontend/node_modules/jest-circus/build/run.js:126:9)
          at _runTestsForDescribeBlock (/Users/yusefbach/Projekte/studynexus/frontend/node_modules/jest-circus/build/run.js:121:9)
          at run (/Users/yusefbach/Projekte/studynexus/frontend/node_modules/jest-circus/build/run.js:71:3)
          at runAndTransformResultsToJestFormat (/Users/yusefbach/Projekte/studynexus/frontend/node_modules/jest-circus/build/legacy-code-todo-rewrite/jestAdapterInit.js:122:21)
          at jestAdapter (/Users/yusefbach/Projekte/studynexus/frontend/node_modules/jest-circus/build/legacy-code-todo-rewrite/jestAdapter.js:79:19)
          at runTestInternal (/Users/yusefbach/Projekte/studynexus/frontend/node_modules/jest-runner/build/runTest.js:367:16)
          at runTest (/Users/yusefbach/Projekte/studynexus/frontend/node_modules/jest-runner/build/runTest.js:444:34)
          at Object.worker (/Users/yusefbach/Projekte/studynexus/frontend/node_modules/jest-runner/build/testWorker.js:106:12) {
        detail: Error: No QueryClient set, use QueryClientProvider to set one
            at useQueryClient (/Users/yusefbach/Projekte/studynexus/frontend/node_modules/@tanstack/react-query/src/QueryClientProvider.tsx:18:11)
            at useBaseQuery (/Users/yusefbach/Projekte/studynexus/frontend/node_modules/@tanstack/react-query/src/useBaseQuery.ts:54:18)
            at useQuery (/Users/yusefbach/Projekte/studynexus/frontend/node_modules/@tanstack/react-query/src/useQuery.ts:51:10)
            at useUserModules (/Users/yusefbach/Projekte/studynexus/frontend/src/hooks/queries/useUserModules.ts:7:18)
            at ModuleList (/Users/yusefbach/Projekte/studynexus/frontend/src/components/study/ModuleList.tsx:31:71)
            at renderWithHooks (/Users/yusefbach/Projekte/studynexus/frontend/node_modules/react-dom/cjs/react-dom.development.js:15486:18)
            at mountIndeterminateComponent (/Users/yusefbach/Projekte/studynexus/frontend/node_modules/react-dom/cjs/react-dom.development.js:20103:13)
            at beginWork (/Users/yusefbach/Projekte/studynexus/frontend/node_modules/react-dom/cjs/react-dom.development.js:21626:16)
            at HTMLUnknownElement.callCallback (/Users/yusefbach/Projekte/studynexus/frontend/node_modules/react-dom/cjs/react-dom.development.js:4164:14)
            at HTMLUnknownElement.callTheUserObjectsOperation (/Users/yusefbach/Projekte/studynexus/frontend/node_modules/jsdom/lib/jsdom/living/generated/EventListener.js:26:30)
            at innerInvokeEventListeners (/Users/yusefbach/Projekte/studynexus/frontend/node_modules/jsdom/lib/jsdom/living/events/EventTarget-impl.js:350:25)
            at invokeEventListeners (/Users/yusefbach/Projekte/studynexus/frontend/node_modules/jsdom/lib/jsdom/living/events/EventTarget-impl.js:286:3)
            at HTMLUnknownElementImpl._dispatch (/Users/yusefbach/Projekte/studynexus/frontend/node_modules/jsdom/lib/jsdom/living/events/EventTarget-impl.js:233:9)
            at HTMLUnknownElementImpl.dispatchEvent (/Users/yusefbach/Projekte/studynexus/frontend/node_modules/jsdom/lib/jsdom/living/events/EventTarget-impl.js:104:17)
            at HTMLUnknownElement.dispatchEvent (/Users/yusefbach/Projekte/studynexus/frontend/node_modules/jsdom/lib/jsdom/living/generated/EventTarget.js:241:34)
            at Object.invokeGuardedCallbackDev (/Users/yusefbach/Projekte/studynexus/frontend/node_modules/react-dom/cjs/react-dom.development.js:4213:16)
            at invokeGuardedCallback (/Users/yusefbach/Projekte/studynexus/frontend/node_modules/react-dom/cjs/react-dom.development.js:4277:31)
            at beginWork$1 (/Users/yusefbach/Projekte/studynexus/frontend/node_modules/react-dom/cjs/react-dom.development.js:27490:7)
            at performUnitOfWork (/Users/yusefbach/Projekte/studynexus/frontend/node_modules/react-dom/cjs/react-dom.development.js:26599:12)
            at workLoopSync (/Users/yusefbach/Projekte/studynexus/frontend/node_modules/react-dom/cjs/react-dom.development.js:26505:5)
            at renderRootSync (/Users/yusefbach/Projekte/studynexus/frontend/node_modules/react-dom/cjs/react-dom.development.js:26473:7)
            at performConcurrentWorkOnRoot (/Users/yusefbach/Projekte/studynexus/frontend/node_modules/react-dom/cjs/react-dom.development.js:25777:74)
            at flushActQueue (/Users/yusefbach/Projekte/studynexus/frontend/node_modules/react/cjs/react.development.js:2667:24)
            at act (/Users/yusefbach/Projekte/studynexus/frontend/node_modules/react/cjs/react.development.js:2582:11)
            at /Users/yusefbach/Projekte/studynexus/frontend/node_modules/@testing-library/react/dist/act-compat.js:47:25
            at renderRoot (/Users/yusefbach/Projekte/studynexus/frontend/node_modules/@testing-library/react/dist/pure.js:180:26)
            at render (/Users/yusefbach/Projekte/studynexus/frontend/node_modules/@testing-library/react/dist/pure.js:271:10)
            at Object.<anonymous> (/Users/yusefbach/Projekte/studynexus/frontend/src/components/study/__tests__/ModuleList.test.tsx:116:11)
            at Promise.then.completed (/Users/yusefbach/Projekte/studynexus/frontend/node_modules/jest-circus/build/utils.js:298:28)
            at new Promise (<anonymous>)
            at callAsyncCircusFn (/Users/yusefbach/Projekte/studynexus/frontend/node_modules/jest-circus/build/utils.js:231:10)
            at _callCircusTest (/Users/yusefbach/Projekte/studynexus/frontend/node_modules/jest-circus/build/run.js:316:40)
            at processTicksAndRejections (node:internal/process/task_queues:104:5)
            at _runTest (/Users/yusefbach/Projekte/studynexus/frontend/node_modules/jest-circus/build/run.js:252:3)
            at _runTestsForDescribeBlock (/Users/yusefbach/Projekte/studynexus/frontend/node_modules/jest-circus/build/run.js:126:9)
            at _runTestsForDescribeBlock (/Users/yusefbach/Projekte/studynexus/frontend/node_modules/jest-circus/build/run.js:121:9)
            at run (/Users/yusefbach/Projekte/studynexus/frontend/node_modules/jest-circus/build/run.js:71:3)
            at runAndTransformResultsToJestFormat (/Users/yusefbach/Projekte/studynexus/frontend/node_modules/jest-circus/build/legacy-code-todo-rewrite/jestAdapterInit.js:122:21)
            at jestAdapter (/Users/yusefbach/Projekte/studynexus/frontend/node_modules/jest-circus/build/legacy-code-todo-rewrite/jestAdapter.js:79:19)
            at runTestInternal (/Users/yusefbach/Projekte/studynexus/frontend/node_modules/jest-runner/build/runTest.js:367:16)
            at runTest (/Users/yusefbach/Projekte/studynexus/frontend/node_modules/jest-runner/build/runTest.js:444:34)
            at Object.worker (/Users/yusefbach/Projekte/studynexus/frontend/node_modules/jest-runner/build/testWorker.js:106:12),
        type: 'unhandled exception'
      }

      114 |   it("renders note for passed modules", async () => {
      115 |     mockFetch(mockGroups);
    > 116 |     render(<ModuleList />);
          |           ^
      117 |     await waitFor(() => {
      118 |       expect(screen.getByText("2.3")).toBeInTheDocument();
      119 |     });

      at VirtualConsole.<anonymous> (node_modules/jest-environment-jsdom/build/index.js:63:23)
      at reportException (node_modules/jsdom/lib/jsdom/living/helpers/runtime-script-errors.js:70:28)
      at innerInvokeEventListeners (node_modules/jsdom/lib/jsdom/living/events/EventTarget-impl.js:353:9)
      at invokeEventListeners (node_modules/jsdom/lib/jsdom/living/events/EventTarget-impl.js:286:3)
      at HTMLUnknownElementImpl._dispatch (node_modules/jsdom/lib/jsdom/living/events/EventTarget-impl.js:233:9)
      at HTMLUnknownElementImpl.dispatchEvent (node_modules/jsdom/lib/jsdom/living/events/EventTarget-impl.js:104:17)
      at HTMLUnknownElement.dispatchEvent (node_modules/jsdom/lib/jsdom/living/generated/EventTarget.js:241:34)
      at Object.invokeGuardedCallbackDev (node_modules/react-dom/cjs/react-dom.development.js:4213:16)
      at invokeGuardedCallback (node_modules/react-dom/cjs/react-dom.development.js:4277:31)
      at beginWork$1 (node_modules/react-dom/cjs/react-dom.development.js:27490:7)
      at performUnitOfWork (node_modules/react-dom/cjs/react-dom.development.js:26599:12)
      at workLoopSync (node_modules/react-dom/cjs/react-dom.development.js:26505:5)
      at renderRootSync (node_modules/react-dom/cjs/react-dom.development.js:26473:7)
      at performConcurrentWorkOnRoot (node_modules/react-dom/cjs/react-dom.development.js:25777:74)
      at flushActQueue (node_modules/react/cjs/react.development.js:2667:24)
      at act (node_modules/react/cjs/react.development.js:2582:11)
      at node_modules/@testing-library/react/dist/act-compat.js:47:25
      at renderRoot (node_modules/@testing-library/react/dist/pure.js:180:26)
      at render (node_modules/@testing-library/react/dist/pure.js:271:10)
      at Object.<anonymous> (src/components/study/__tests__/ModuleList.test.tsx:116:11)

    console.error
      Error: Uncaught [Error: No QueryClient set, use QueryClientProvider to set one]
          at reportException (/Users/yusefbach/Projekte/studynexus/frontend/node_modules/jsdom/lib/jsdom/living/helpers/runtime-script-errors.js:66:24)
          at innerInvokeEventListeners (/Users/yusefbach/Projekte/studynexus/frontend/node_modules/jsdom/lib/jsdom/living/events/EventTarget-impl.js:353:9)
          at invokeEventListeners (/Users/yusefbach/Projekte/studynexus/frontend/node_modules/jsdom/lib/jsdom/living/events/EventTarget-impl.js:286:3)
          at HTMLUnknownElementImpl._dispatch (/Users/yusefbach/Projekte/studynexus/frontend/node_modules/jsdom/lib/jsdom/living/events/EventTarget-impl.js:233:9)
          at HTMLUnknownElementImpl.dispatchEvent (/Users/yusefbach/Projekte/studynexus/frontend/node_modules/jsdom/lib/jsdom/living/events/EventTarget-impl.js:104:17)
          at HTMLUnknownElement.dispatchEvent (/Users/yusefbach/Projekte/studynexus/frontend/node_modules/jsdom/lib/jsdom/living/generated/EventTarget.js:241:34)
          at Object.invokeGuardedCallbackDev (/Users/yusefbach/Projekte/studynexus/frontend/node_modules/react-dom/cjs/react-dom.development.js:4213:16)
          at invokeGuardedCallback (/Users/yusefbach/Projekte/studynexus/frontend/node_modules/react-dom/cjs/react-dom.development.js:4277:31)
          at beginWork$1 (/Users/yusefbach/Projekte/studynexus/frontend/node_modules/react-dom/cjs/react-dom.development.js:27490:7)
          at performUnitOfWork (/Users/yusefbach/Projekte/studynexus/frontend/node_modules/react-dom/cjs/react-dom.development.js:26599:12)
          at workLoopSync (/Users/yusefbach/Projekte/studynexus/frontend/node_modules/react-dom/cjs/react-dom.development.js:26505:5)
          at renderRootSync (/Users/yusefbach/Projekte/studynexus/frontend/node_modules/react-dom/cjs/react-dom.development.js:26473:7)
          at recoverFromConcurrentError (/Users/yusefbach/Projekte/studynexus/frontend/node_modules/react-dom/cjs/react-dom.development.js:25889:20)
          at performConcurrentWorkOnRoot (/Users/yusefbach/Projekte/studynexus/frontend/node_modules/react-dom/cjs/react-dom.development.js:25789:22)
          at flushActQueue (/Users/yusefbach/Projekte/studynexus/frontend/node_modules/react/cjs/react.development.js:2667:24)
          at act (/Users/yusefbach/Projekte/studynexus/frontend/node_modules/react/cjs/react.development.js:2582:11)
          at /Users/yusefbach/Projekte/studynexus/frontend/node_modules/@testing-library/react/dist/act-compat.js:47:25
          at renderRoot (/Users/yusefbach/Projekte/studynexus/frontend/node_modules/@testing-library/react/dist/pure.js:180:26)
          at render (/Users/yusefbach/Projekte/studynexus/frontend/node_modules/@testing-library/react/dist/pure.js:271:10)
          at Object.<anonymous> (/Users/yusefbach/Projekte/studynexus/frontend/src/components/study/__tests__/ModuleList.test.tsx:116:11)
          at Promise.then.completed (/Users/yusefbach/Projekte/studynexus/frontend/node_modules/jest-circus/build/utils.js:298:28)
          at new Promise (<anonymous>)
          at callAsyncCircusFn (/Users/yusefbach/Projekte/studynexus/frontend/node_modules/jest-circus/build/utils.js:231:10)
          at _callCircusTest (/Users/yusefbach/Projekte/studynexus/frontend/node_modules/jest-circus/build/run.js:316:40)
          at processTicksAndRejections (node:internal/process/task_queues:104:5)
          at _runTest (/Users/yusefbach/Projekte/studynexus/frontend/node_modules/jest-circus/build/run.js:252:3)
          at _runTestsForDescribeBlock (/Users/yusefbach/Projekte/studynexus/frontend/node_modules/jest-circus/build/run.js:126:9)
          at _runTestsForDescribeBlock (/Users/yusefbach/Projekte/studynexus/frontend/node_modules/jest-circus/build/run.js:121:9)
          at run (/Users/yusefbach/Projekte/studynexus/frontend/node_modules/jest-circus/build/run.js:71:3)
          at runAndTransformResultsToJestFormat (/Users/yusefbach/Projekte/studynexus/frontend/node_modules/jest-circus/build/legacy-code-todo-rewrite/jestAdapterInit.js:122:21)
          at jestAdapter (/Users/yusefbach/Projekte/studynexus/frontend/node_modules/jest-circus/build/legacy-code-todo-rewrite/jestAdapter.js:79:19)
          at runTestInternal (/Users/yusefbach/Projekte/studynexus/frontend/node_modules/jest-runner/build/runTest.js:367:16)
          at runTest (/Users/yusefbach/Projekte/studynexus/frontend/node_modules/jest-runner/build/runTest.js:444:34)
          at Object.worker (/Users/yusefbach/Projekte/studynexus/frontend/node_modules/jest-runner/build/testWorker.js:106:12) {
        detail: Error: No QueryClient set, use QueryClientProvider to set one
            at useQueryClient (/Users/yusefbach/Projekte/studynexus/frontend/node_modules/@tanstack/react-query/src/QueryClientProvider.tsx:18:11)
            at useBaseQuery (/Users/yusefbach/Projekte/studynexus/frontend/node_modules/@tanstack/react-query/src/useBaseQuery.ts:54:18)
            at useQuery (/Users/yusefbach/Projekte/studynexus/frontend/node_modules/@tanstack/react-query/src/useQuery.ts:51:10)
            at useUserModules (/Users/yusefbach/Projekte/studynexus/frontend/src/hooks/queries/useUserModules.ts:7:18)
            at ModuleList (/Users/yusefbach/Projekte/studynexus/frontend/src/components/study/ModuleList.tsx:31:71)
            at renderWithHooks (/Users/yusefbach/Projekte/studynexus/frontend/node_modules/react-dom/cjs/react-dom.development.js:15486:18)
            at mountIndeterminateComponent (/Users/yusefbach/Projekte/studynexus/frontend/node_modules/react-dom/cjs/react-dom.development.js:20103:13)
            at beginWork (/Users/yusefbach/Projekte/studynexus/frontend/node_modules/react-dom/cjs/react-dom.development.js:21626:16)
            at HTMLUnknownElement.callCallback (/Users/yusefbach/Projekte/studynexus/frontend/node_modules/react-dom/cjs/react-dom.development.js:4164:14)
            at HTMLUnknownElement.callTheUserObjectsOperation (/Users/yusefbach/Projekte/studynexus/frontend/node_modules/jsdom/lib/jsdom/living/generated/EventListener.js:26:30)
            at innerInvokeEventListeners (/Users/yusefbach/Projekte/studynexus/frontend/node_modules/jsdom/lib/jsdom/living/events/EventTarget-impl.js:350:25)
            at invokeEventListeners (/Users/yusefbach/Projekte/studynexus/frontend/node_modules/jsdom/lib/jsdom/living/events/EventTarget-impl.js:286:3)
            at HTMLUnknownElementImpl._dispatch (/Users/yusefbach/Projekte/studynexus/frontend/node_modules/jsdom/lib/jsdom/living/events/EventTarget-impl.js:233:9)
            at HTMLUnknownElementImpl.dispatchEvent (/Users/yusefbach/Projekte/studynexus/frontend/node_modules/jsdom/lib/jsdom/living/events/EventTarget-impl.js:104:17)
            at HTMLUnknownElement.dispatchEvent (/Users/yusefbach/Projekte/studynexus/frontend/node_modules/jsdom/lib/jsdom/living/generated/EventTarget.js:241:34)
            at Object.invokeGuardedCallbackDev (/Users/yusefbach/Projekte/studynexus/frontend/node_modules/react-dom/cjs/react-dom.development.js:4213:16)
            at invokeGuardedCallback (/Users/yusefbach/Projekte/studynexus/frontend/node_modules/react-dom/cjs/react-dom.development.js:4277:31)
            at beginWork$1 (/Users/yusefbach/Projekte/studynexus/frontend/node_modules/react-dom/cjs/react-dom.development.js:27490:7)
            at performUnitOfWork (/Users/yusefbach/Projekte/studynexus/frontend/node_modules/react-dom/cjs/react-dom.development.js:26599:12)
            at workLoopSync (/Users/yusefbach/Projekte/studynexus/frontend/node_modules/react-dom/cjs/react-dom.development.js:26505:5)
            at renderRootSync (/Users/yusefbach/Projekte/studynexus/frontend/node_modules/react-dom/cjs/react-dom.development.js:26473:7)
            at recoverFromConcurrentError (/Users/yusefbach/Projekte/studynexus/frontend/node_modules/react-dom/cjs/react-dom.development.js:25889:20)
            at performConcurrentWorkOnRoot (/Users/yusefbach/Projekte/studynexus/frontend/node_modules/react-dom/cjs/react-dom.development.js:25789:22)
            at flushActQueue (/Users/yusefbach/Projekte/studynexus/frontend/node_modules/react/cjs/react.development.js:2667:24)
            at act (/Users/yusefbach/Projekte/studynexus/frontend/node_modules/react/cjs/react.development.js:2582:11)
            at /Users/yusefbach/Projekte/studynexus/frontend/node_modules/@testing-library/react/dist/act-compat.js:47:25
            at renderRoot (/Users/yusefbach/Projekte/studynexus/frontend/node_modules/@testing-library/react/dist/pure.js:180:26)
            at render (/Users/yusefbach/Projekte/studynexus/frontend/node_modules/@testing-library/react/dist/pure.js:271:10)
            at Object.<anonymous> (/Users/yusefbach/Projekte/studynexus/frontend/src/components/study/__tests__/ModuleList.test.tsx:116:11)
            at Promise.then.completed (/Users/yusefbach/Projekte/studynexus/frontend/node_modules/jest-circus/build/utils.js:298:28)
            at new Promise (<anonymous>)
            at callAsyncCircusFn (/Users/yusefbach/Projekte/studynexus/frontend/node_modules/jest-circus/build/utils.js:231:10)
            at _callCircusTest (/Users/yusefbach/Projekte/studynexus/frontend/node_modules/jest-circus/build/run.js:316:40)
            at processTicksAndRejections (node:internal/process/task_queues:104:5)
            at _runTest (/Users/yusefbach/Projekte/studynexus/frontend/node_modules/jest-circus/build/run.js:252:3)
            at _runTestsForDescribeBlock (/Users/yusefbach/Projekte/studynexus/frontend/node_modules/jest-circus/build/run.js:126:9)
            at _runTestsForDescribeBlock (/Users/yusefbach/Projekte/studynexus/frontend/node_modules/jest-circus/build/run.js:121:9)
            at run (/Users/yusefbach/Projekte/studynexus/frontend/node_modules/jest-circus/build/run.js:71:3)
            at runAndTransformResultsToJestFormat (/Users/yusefbach/Projekte/studynexus/frontend/node_modules/jest-circus/build/legacy-code-todo-rewrite/jestAdapterInit.js:122:21)
            at jestAdapter (/Users/yusefbach/Projekte/studynexus/frontend/node_modules/jest-circus/build/legacy-code-todo-rewrite/jestAdapter.js:79:19)
            at runTestInternal (/Users/yusefbach/Projekte/studynexus/frontend/node_modules/jest-runner/build/runTest.js:367:16)
            at runTest (/Users/yusefbach/Projekte/studynexus/frontend/node_modules/jest-runner/build/runTest.js:444:34)
            at Object.worker (/Users/yusefbach/Projekte/studynexus/frontend/node_modules/jest-runner/build/testWorker.js:106:12),
        type: 'unhandled exception'
      }

      114 |   it("renders note for passed modules", async () => {
      115 |     mockFetch(mockGroups);
    > 116 |     render(<ModuleList />);
          |           ^
      117 |     await waitFor(() => {
      118 |       expect(screen.getByText("2.3")).toBeInTheDocument();
      119 |     });

      at VirtualConsole.<anonymous> (node_modules/jest-environment-jsdom/build/index.js:63:23)
      at reportException (node_modules/jsdom/lib/jsdom/living/helpers/runtime-script-errors.js:70:28)
      at innerInvokeEventListeners (node_modules/jsdom/lib/jsdom/living/events/EventTarget-impl.js:353:9)
      at invokeEventListeners (node_modules/jsdom/lib/jsdom/living/events/EventTarget-impl.js:286:3)
      at HTMLUnknownElementImpl._dispatch (node_modules/jsdom/lib/jsdom/living/events/EventTarget-impl.js:233:9)
      at HTMLUnknownElementImpl.dispatchEvent (node_modules/jsdom/lib/jsdom/living/events/EventTarget-impl.js:104:17)
      at HTMLUnknownElement.dispatchEvent (node_modules/jsdom/lib/jsdom/living/generated/EventTarget.js:241:34)
      at Object.invokeGuardedCallbackDev (node_modules/react-dom/cjs/react-dom.development.js:4213:16)
      at invokeGuardedCallback (node_modules/react-dom/cjs/react-dom.development.js:4277:31)
      at beginWork$1 (node_modules/react-dom/cjs/react-dom.development.js:27490:7)
      at performUnitOfWork (node_modules/react-dom/cjs/react-dom.development.js:26599:12)
      at workLoopSync (node_modules/react-dom/cjs/react-dom.development.js:26505:5)
      at renderRootSync (node_modules/react-dom/cjs/react-dom.development.js:26473:7)
      at recoverFromConcurrentError (node_modules/react-dom/cjs/react-dom.development.js:25889:20)
      at performConcurrentWorkOnRoot (node_modules/react-dom/cjs/react-dom.development.js:25789:22)
      at flushActQueue (node_modules/react/cjs/react.development.js:2667:24)
      at act (node_modules/react/cjs/react.development.js:2582:11)
      at node_modules/@testing-library/react/dist/act-compat.js:47:25
      at renderRoot (node_modules/@testing-library/react/dist/pure.js:180:26)
      at render (node_modules/@testing-library/react/dist/pure.js:271:10)
      at Object.<anonymous> (src/components/study/__tests__/ModuleList.test.tsx:116:11)

    console.error
      The above error occurred in the <ModuleList> component:
      
          at ModuleList (/Users/yusefbach/Projekte/studynexus/frontend/src/components/study/ModuleList.tsx:31:71)
      
      Consider adding an error boundary to your tree to customize error handling behavior.
      Visit https://reactjs.org/link/error-boundaries to learn more about error boundaries.

      114 |   it("renders note for passed modules", async () => {
      115 |     mockFetch(mockGroups);
    > 116 |     render(<ModuleList />);
          |           ^
      117 |     await waitFor(() => {
      118 |       expect(screen.getByText("2.3")).toBeInTheDocument();
      119 |     });

      at logCapturedError (node_modules/react-dom/cjs/react-dom.development.js:18704:23)
      at update.callback (node_modules/react-dom/cjs/react-dom.development.js:18737:5)
      at callCallback (node_modules/react-dom/cjs/react-dom.development.js:15036:12)
      at commitUpdateQueue (node_modules/react-dom/cjs/react-dom.development.js:15057:9)
      at commitLayoutEffectOnFiber (node_modules/react-dom/cjs/react-dom.development.js:23430:13)
      at commitLayoutMountEffects_complete (node_modules/react-dom/cjs/react-dom.development.js:24727:9)
      at commitLayoutEffects_begin (node_modules/react-dom/cjs/react-dom.development.js:24713:7)
      at commitLayoutEffects (node_modules/react-dom/cjs/react-dom.development.js:24651:3)
      at commitRootImpl (node_modules/react-dom/cjs/react-dom.development.js:26862:5)
      at commitRoot (node_modules/react-dom/cjs/react-dom.development.js:26721:5)
      at finishConcurrentRender (node_modules/react-dom/cjs/react-dom.development.js:25931:9)
      at performConcurrentWorkOnRoot (node_modules/react-dom/cjs/react-dom.development.js:25848:7)
      at flushActQueue (node_modules/react/cjs/react.development.js:2667:24)
      at act (node_modules/react/cjs/react.development.js:2582:11)
      at node_modules/@testing-library/react/dist/act-compat.js:47:25
      at renderRoot (node_modules/@testing-library/react/dist/pure.js:180:26)
      at render (node_modules/@testing-library/react/dist/pure.js:271:10)
      at Object.<anonymous> (src/components/study/__tests__/ModuleList.test.tsx:116:11)

    console.error
      Error: Uncaught [Error: No QueryClient set, use QueryClientProvider to set one]
          at reportException (/Users/yusefbach/Projekte/studynexus/frontend/node_modules/jsdom/lib/jsdom/living/helpers/runtime-script-errors.js:66:24)
          at innerInvokeEventListeners (/Users/yusefbach/Projekte/studynexus/frontend/node_modules/jsdom/lib/jsdom/living/events/EventTarget-impl.js:353:9)
          at invokeEventListeners (/Users/yusefbach/Projekte/studynexus/frontend/node_modules/jsdom/lib/jsdom/living/events/EventTarget-impl.js:286:3)
          at HTMLUnknownElementImpl._dispatch (/Users/yusefbach/Projekte/studynexus/frontend/node_modules/jsdom/lib/jsdom/living/events/EventTarget-impl.js:233:9)
          at HTMLUnknownElementImpl.dispatchEvent (/Users/yusefbach/Projekte/studynexus/frontend/node_modules/jsdom/lib/jsdom/living/events/EventTarget-impl.js:104:17)
          at HTMLUnknownElement.dispatchEvent (/Users/yusefbach/Projekte/studynexus/frontend/node_modules/jsdom/lib/jsdom/living/generated/EventTarget.js:241:34)
          at Object.invokeGuardedCallbackDev (/Users/yusefbach/Projekte/studynexus/frontend/node_modules/react-dom/cjs/react-dom.development.js:4213:16)
          at invokeGuardedCallback (/Users/yusefbach/Projekte/studynexus/frontend/node_modules/react-dom/cjs/react-dom.development.js:4277:31)
          at beginWork$1 (/Users/yusefbach/Projekte/studynexus/frontend/node_modules/react-dom/cjs/react-dom.development.js:27490:7)
          at performUnitOfWork (/Users/yusefbach/Projekte/studynexus/frontend/node_modules/react-dom/cjs/react-dom.development.js:26599:12)
          at workLoopSync (/Users/yusefbach/Projekte/studynexus/frontend/node_modules/react-dom/cjs/react-dom.development.js:26505:5)
          at renderRootSync (/Users/yusefbach/Projekte/studynexus/frontend/node_modules/react-dom/cjs/react-dom.development.js:26473:7)
          at performConcurrentWorkOnRoot (/Users/yusefbach/Projekte/studynexus/frontend/node_modules/react-dom/cjs/react-dom.development.js:25777:74)
          at flushActQueue (/Users/yusefbach/Projekte/studynexus/frontend/node_modules/react/cjs/react.development.js:2667:24)
          at act (/Users/yusefbach/Projekte/studynexus/frontend/node_modules/react/cjs/react.development.js:2582:11)
          at /Users/yusefbach/Projekte/studynexus/frontend/node_modules/@testing-library/react/dist/act-compat.js:47:25
          at renderRoot (/Users/yusefbach/Projekte/studynexus/frontend/node_modules/@testing-library/react/dist/pure.js:180:26)
          at render (/Users/yusefbach/Projekte/studynexus/frontend/node_modules/@testing-library/react/dist/pure.js:271:10)
          at Object.<anonymous> (/Users/yusefbach/Projekte/studynexus/frontend/src/components/study/__tests__/ModuleList.test.tsx:124:11)
          at Promise.then.completed (/Users/yusefbach/Projekte/studynexus/frontend/node_modules/jest-circus/build/utils.js:298:28)
          at new Promise (<anonymous>)
          at callAsyncCircusFn (/Users/yusefbach/Projekte/studynexus/frontend/node_modules/jest-circus/build/utils.js:231:10)
          at _callCircusTest (/Users/yusefbach/Projekte/studynexus/frontend/node_modules/jest-circus/build/run.js:316:40)
          at processTicksAndRejections (node:internal/process/task_queues:104:5)
          at _runTest (/Users/yusefbach/Projekte/studynexus/frontend/node_modules/jest-circus/build/run.js:252:3)
          at _runTestsForDescribeBlock (/Users/yusefbach/Projekte/studynexus/frontend/node_modules/jest-circus/build/run.js:126:9)
          at _runTestsForDescribeBlock (/Users/yusefbach/Projekte/studynexus/frontend/node_modules/jest-circus/build/run.js:121:9)
          at run (/Users/yusefbach/Projekte/studynexus/frontend/node_modules/jest-circus/build/run.js:71:3)
          at runAndTransformResultsToJestFormat (/Users/yusefbach/Projekte/studynexus/frontend/node_modules/jest-circus/build/legacy-code-todo-rewrite/jestAdapterInit.js:122:21)
          at jestAdapter (/Users/yusefbach/Projekte/studynexus/frontend/node_modules/jest-circus/build/legacy-code-todo-rewrite/jestAdapter.js:79:19)
          at runTestInternal (/Users/yusefbach/Projekte/studynexus/frontend/node_modules/jest-runner/build/runTest.js:367:16)
          at runTest (/Users/yusefbach/Projekte/studynexus/frontend/node_modules/jest-runner/build/runTest.js:444:34)
          at Object.worker (/Users/yusefbach/Projekte/studynexus/frontend/node_modules/jest-runner/build/testWorker.js:106:12) {
        detail: Error: No QueryClient set, use QueryClientProvider to set one
            at useQueryClient (/Users/yusefbach/Projekte/studynexus/frontend/node_modules/@tanstack/react-query/src/QueryClientProvider.tsx:18:11)
            at useBaseQuery (/Users/yusefbach/Projekte/studynexus/frontend/node_modules/@tanstack/react-query/src/useBaseQuery.ts:54:18)
            at useQuery (/Users/yusefbach/Projekte/studynexus/frontend/node_modules/@tanstack/react-query/src/useQuery.ts:51:10)
            at useUserModules (/Users/yusefbach/Projekte/studynexus/frontend/src/hooks/queries/useUserModules.ts:7:18)
            at ModuleList (/Users/yusefbach/Projekte/studynexus/frontend/src/components/study/ModuleList.tsx:31:71)
            at renderWithHooks (/Users/yusefbach/Projekte/studynexus/frontend/node_modules/react-dom/cjs/react-dom.development.js:15486:18)
            at mountIndeterminateComponent (/Users/yusefbach/Projekte/studynexus/frontend/node_modules/react-dom/cjs/react-dom.development.js:20103:13)
            at beginWork (/Users/yusefbach/Projekte/studynexus/frontend/node_modules/react-dom/cjs/react-dom.development.js:21626:16)
            at HTMLUnknownElement.callCallback (/Users/yusefbach/Projekte/studynexus/frontend/node_modules/react-dom/cjs/react-dom.development.js:4164:14)
            at HTMLUnknownElement.callTheUserObjectsOperation (/Users/yusefbach/Projekte/studynexus/frontend/node_modules/jsdom/lib/jsdom/living/generated/EventListener.js:26:30)
            at innerInvokeEventListeners (/Users/yusefbach/Projekte/studynexus/frontend/node_modules/jsdom/lib/jsdom/living/events/EventTarget-impl.js:350:25)
            at invokeEventListeners (/Users/yusefbach/Projekte/studynexus/frontend/node_modules/jsdom/lib/jsdom/living/events/EventTarget-impl.js:286:3)
            at HTMLUnknownElementImpl._dispatch (/Users/yusefbach/Projekte/studynexus/frontend/node_modules/jsdom/lib/jsdom/living/events/EventTarget-impl.js:233:9)
            at HTMLUnknownElementImpl.dispatchEvent (/Users/yusefbach/Projekte/studynexus/frontend/node_modules/jsdom/lib/jsdom/living/events/EventTarget-impl.js:104:17)
            at HTMLUnknownElement.dispatchEvent (/Users/yusefbach/Projekte/studynexus/frontend/node_modules/jsdom/lib/jsdom/living/generated/EventTarget.js:241:34)
            at Object.invokeGuardedCallbackDev (/Users/yusefbach/Projekte/studynexus/frontend/node_modules/react-dom/cjs/react-dom.development.js:4213:16)
            at invokeGuardedCallback (/Users/yusefbach/Projekte/studynexus/frontend/node_modules/react-dom/cjs/react-dom.development.js:4277:31)
            at beginWork$1 (/Users/yusefbach/Projekte/studynexus/frontend/node_modules/react-dom/cjs/react-dom.development.js:27490:7)
            at performUnitOfWork (/Users/yusefbach/Projekte/studynexus/frontend/node_modules/react-dom/cjs/react-dom.development.js:26599:12)
            at workLoopSync (/Users/yusefbach/Projekte/studynexus/frontend/node_modules/react-dom/cjs/react-dom.development.js:26505:5)
            at renderRootSync (/Users/yusefbach/Projekte/studynexus/frontend/node_modules/react-dom/cjs/react-dom.development.js:26473:7)
            at performConcurrentWorkOnRoot (/Users/yusefbach/Projekte/studynexus/frontend/node_modules/react-dom/cjs/react-dom.development.js:25777:74)
            at flushActQueue (/Users/yusefbach/Projekte/studynexus/frontend/node_modules/react/cjs/react.development.js:2667:24)
            at act (/Users/yusefbach/Projekte/studynexus/frontend/node_modules/react/cjs/react.development.js:2582:11)
            at /Users/yusefbach/Projekte/studynexus/frontend/node_modules/@testing-library/react/dist/act-compat.js:47:25
            at renderRoot (/Users/yusefbach/Projekte/studynexus/frontend/node_modules/@testing-library/react/dist/pure.js:180:26)
            at render (/Users/yusefbach/Projekte/studynexus/frontend/node_modules/@testing-library/react/dist/pure.js:271:10)
            at Object.<anonymous> (/Users/yusefbach/Projekte/studynexus/frontend/src/components/study/__tests__/ModuleList.test.tsx:124:11)
            at Promise.then.completed (/Users/yusefbach/Projekte/studynexus/frontend/node_modules/jest-circus/build/utils.js:298:28)
            at new Promise (<anonymous>)
            at callAsyncCircusFn (/Users/yusefbach/Projekte/studynexus/frontend/node_modules/jest-circus/build/utils.js:231:10)
            at _callCircusTest (/Users/yusefbach/Projekte/studynexus/frontend/node_modules/jest-circus/build/run.js:316:40)
            at processTicksAndRejections (node:internal/process/task_queues:104:5)
            at _runTest (/Users/yusefbach/Projekte/studynexus/frontend/node_modules/jest-circus/build/run.js:252:3)
            at _runTestsForDescribeBlock (/Users/yusefbach/Projekte/studynexus/frontend/node_modules/jest-circus/build/run.js:126:9)
            at _runTestsForDescribeBlock (/Users/yusefbach/Projekte/studynexus/frontend/node_modules/jest-circus/build/run.js:121:9)
            at run (/Users/yusefbach/Projekte/studynexus/frontend/node_modules/jest-circus/build/run.js:71:3)
            at runAndTransformResultsToJestFormat (/Users/yusefbach/Projekte/studynexus/frontend/node_modules/jest-circus/build/legacy-code-todo-rewrite/jestAdapterInit.js:122:21)
            at jestAdapter (/Users/yusefbach/Projekte/studynexus/frontend/node_modules/jest-circus/build/legacy-code-todo-rewrite/jestAdapter.js:79:19)
            at runTestInternal (/Users/yusefbach/Projekte/studynexus/frontend/node_modules/jest-runner/build/runTest.js:367:16)
            at runTest (/Users/yusefbach/Projekte/studynexus/frontend/node_modules/jest-runner/build/runTest.js:444:34)
            at Object.worker (/Users/yusefbach/Projekte/studynexus/frontend/node_modules/jest-runner/build/testWorker.js:106:12),
        type: 'unhandled exception'
      }

      122 |   it("shows empty state when no modules", async () => {
      123 |     mockFetch([]);
    > 124 |     render(<ModuleList />);
          |           ^
      125 |     await waitFor(() => {
      126 |       expect(screen.getByText("dashboard.modules.noModules")).toBeInTheDocument();
      127 |     });

      at VirtualConsole.<anonymous> (node_modules/jest-environment-jsdom/build/index.js:63:23)
      at reportException (node_modules/jsdom/lib/jsdom/living/helpers/runtime-script-errors.js:70:28)
      at innerInvokeEventListeners (node_modules/jsdom/lib/jsdom/living/events/EventTarget-impl.js:353:9)
      at invokeEventListeners (node_modules/jsdom/lib/jsdom/living/events/EventTarget-impl.js:286:3)
      at HTMLUnknownElementImpl._dispatch (node_modules/jsdom/lib/jsdom/living/events/EventTarget-impl.js:233:9)
      at HTMLUnknownElementImpl.dispatchEvent (node_modules/jsdom/lib/jsdom/living/events/EventTarget-impl.js:104:17)
      at HTMLUnknownElement.dispatchEvent (node_modules/jsdom/lib/jsdom/living/generated/EventTarget.js:241:34)
      at Object.invokeGuardedCallbackDev (node_modules/react-dom/cjs/react-dom.development.js:4213:16)
      at invokeGuardedCallback (node_modules/react-dom/cjs/react-dom.development.js:4277:31)
      at beginWork$1 (node_modules/react-dom/cjs/react-dom.development.js:27490:7)
      at performUnitOfWork (node_modules/react-dom/cjs/react-dom.development.js:26599:12)
      at workLoopSync (node_modules/react-dom/cjs/react-dom.development.js:26505:5)
      at renderRootSync (node_modules/react-dom/cjs/react-dom.development.js:26473:7)
      at performConcurrentWorkOnRoot (node_modules/react-dom/cjs/react-dom.development.js:25777:74)
      at flushActQueue (node_modules/react/cjs/react.development.js:2667:24)
      at act (node_modules/react/cjs/react.development.js:2582:11)
      at node_modules/@testing-library/react/dist/act-compat.js:47:25
      at renderRoot (node_modules/@testing-library/react/dist/pure.js:180:26)
      at render (node_modules/@testing-library/react/dist/pure.js:271:10)
      at Object.<anonymous> (src/components/study/__tests__/ModuleList.test.tsx:124:11)

    console.error
      Error: Uncaught [Error: No QueryClient set, use QueryClientProvider to set one]
          at reportException (/Users/yusefbach/Projekte/studynexus/frontend/node_modules/jsdom/lib/jsdom/living/helpers/runtime-script-errors.js:66:24)
          at innerInvokeEventListeners (/Users/yusefbach/Projekte/studynexus/frontend/node_modules/jsdom/lib/jsdom/living/events/EventTarget-impl.js:353:9)
          at invokeEventListeners (/Users/yusefbach/Projekte/studynexus/frontend/node_modules/jsdom/lib/jsdom/living/events/EventTarget-impl.js:286:3)
          at HTMLUnknownElementImpl._dispatch (/Users/yusefbach/Projekte/studynexus/frontend/node_modules/jsdom/lib/jsdom/living/events/EventTarget-impl.js:233:9)
          at HTMLUnknownElementImpl.dispatchEvent (/Users/yusefbach/Projekte/studynexus/frontend/node_modules/jsdom/lib/jsdom/living/events/EventTarget-impl.js:104:17)
          at HTMLUnknownElement.dispatchEvent (/Users/yusefbach/Projekte/studynexus/frontend/node_modules/jsdom/lib/jsdom/living/generated/EventTarget.js:241:34)
          at Object.invokeGuardedCallbackDev (/Users/yusefbach/Projekte/studynexus/frontend/node_modules/react-dom/cjs/react-dom.development.js:4213:16)
          at invokeGuardedCallback (/Users/yusefbach/Projekte/studynexus/frontend/node_modules/react-dom/cjs/react-dom.development.js:4277:31)
          at beginWork$1 (/Users/yusefbach/Projekte/studynexus/frontend/node_modules/react-dom/cjs/react-dom.development.js:27490:7)
          at performUnitOfWork (/Users/yusefbach/Projekte/studynexus/frontend/node_modules/react-dom/cjs/react-dom.development.js:26599:12)
          at workLoopSync (/Users/yusefbach/Projekte/studynexus/frontend/node_modules/react-dom/cjs/react-dom.development.js:26505:5)
          at renderRootSync (/Users/yusefbach/Projekte/studynexus/frontend/node_modules/react-dom/cjs/react-dom.development.js:26473:7)
          at recoverFromConcurrentError (/Users/yusefbach/Projekte/studynexus/frontend/node_modules/react-dom/cjs/react-dom.development.js:25889:20)
          at performConcurrentWorkOnRoot (/Users/yusefbach/Projekte/studynexus/frontend/node_modules/react-dom/cjs/react-dom.development.js:25789:22)
          at flushActQueue (/Users/yusefbach/Projekte/studynexus/frontend/node_modules/react/cjs/react.development.js:2667:24)
          at act (/Users/yusefbach/Projekte/studynexus/frontend/node_modules/react/cjs/react.development.js:2582:11)
          at /Users/yusefbach/Projekte/studynexus/frontend/node_modules/@testing-library/react/dist/act-compat.js:47:25
          at renderRoot (/Users/yusefbach/Projekte/studynexus/frontend/node_modules/@testing-library/react/dist/pure.js:180:26)
          at render (/Users/yusefbach/Projekte/studynexus/frontend/node_modules/@testing-library/react/dist/pure.js:271:10)
          at Object.<anonymous> (/Users/yusefbach/Projekte/studynexus/frontend/src/components/study/__tests__/ModuleList.test.tsx:124:11)
          at Promise.then.completed (/Users/yusefbach/Projekte/studynexus/frontend/node_modules/jest-circus/build/utils.js:298:28)
          at new Promise (<anonymous>)
          at callAsyncCircusFn (/Users/yusefbach/Projekte/studynexus/frontend/node_modules/jest-circus/build/utils.js:231:10)
          at _callCircusTest (/Users/yusefbach/Projekte/studynexus/frontend/node_modules/jest-circus/build/run.js:316:40)
          at processTicksAndRejections (node:internal/process/task_queues:104:5)
          at _runTest (/Users/yusefbach/Projekte/studynexus/frontend/node_modules/jest-circus/build/run.js:252:3)
          at _runTestsForDescribeBlock (/Users/yusefbach/Projekte/studynexus/frontend/node_modules/jest-circus/build/run.js:126:9)
          at _runTestsForDescribeBlock (/Users/yusefbach/Projekte/studynexus/frontend/node_modules/jest-circus/build/run.js:121:9)
          at run (/Users/yusefbach/Projekte/studynexus/frontend/node_modules/jest-circus/build/run.js:71:3)
          at runAndTransformResultsToJestFormat (/Users/yusefbach/Projekte/studynexus/frontend/node_modules/jest-circus/build/legacy-code-todo-rewrite/jestAdapterInit.js:122:21)
          at jestAdapter (/Users/yusefbach/Projekte/studynexus/frontend/node_modules/jest-circus/build/legacy-code-todo-rewrite/jestAdapter.js:79:19)
          at runTestInternal (/Users/yusefbach/Projekte/studynexus/frontend/node_modules/jest-runner/build/runTest.js:367:16)
          at runTest (/Users/yusefbach/Projekte/studynexus/frontend/node_modules/jest-runner/build/runTest.js:444:34)
          at Object.worker (/Users/yusefbach/Projekte/studynexus/frontend/node_modules/jest-runner/build/testWorker.js:106:12) {
        detail: Error: No QueryClient set, use QueryClientProvider to set one
            at useQueryClient (/Users/yusefbach/Projekte/studynexus/frontend/node_modules/@tanstack/react-query/src/QueryClientProvider.tsx:18:11)
            at useBaseQuery (/Users/yusefbach/Projekte/studynexus/frontend/node_modules/@tanstack/react-query/src/useBaseQuery.ts:54:18)
            at useQuery (/Users/yusefbach/Projekte/studynexus/frontend/node_modules/@tanstack/react-query/src/useQuery.ts:51:10)
            at useUserModules (/Users/yusefbach/Projekte/studynexus/frontend/src/hooks/queries/useUserModules.ts:7:18)
            at ModuleList (/Users/yusefbach/Projekte/studynexus/frontend/src/components/study/ModuleList.tsx:31:71)
            at renderWithHooks (/Users/yusefbach/Projekte/studynexus/frontend/node_modules/react-dom/cjs/react-dom.development.js:15486:18)
            at mountIndeterminateComponent (/Users/yusefbach/Projekte/studynexus/frontend/node_modules/react-dom/cjs/react-dom.development.js:20103:13)
            at beginWork (/Users/yusefbach/Projekte/studynexus/frontend/node_modules/react-dom/cjs/react-dom.development.js:21626:16)
            at HTMLUnknownElement.callCallback (/Users/yusefbach/Projekte/studynexus/frontend/node_modules/react-dom/cjs/react-dom.development.js:4164:14)
            at HTMLUnknownElement.callTheUserObjectsOperation (/Users/yusefbach/Projekte/studynexus/frontend/node_modules/jsdom/lib/jsdom/living/generated/EventListener.js:26:30)
            at innerInvokeEventListeners (/Users/yusefbach/Projekte/studynexus/frontend/node_modules/jsdom/lib/jsdom/living/events/EventTarget-impl.js:350:25)
            at invokeEventListeners (/Users/yusefbach/Projekte/studynexus/frontend/node_modules/jsdom/lib/jsdom/living/events/EventTarget-impl.js:286:3)
            at HTMLUnknownElementImpl._dispatch (/Users/yusefbach/Projekte/studynexus/frontend/node_modules/jsdom/lib/jsdom/living/events/EventTarget-impl.js:233:9)
            at HTMLUnknownElementImpl.dispatchEvent (/Users/yusefbach/Projekte/studynexus/frontend/node_modules/jsdom/lib/jsdom/living/events/EventTarget-impl.js:104:17)
            at HTMLUnknownElement.dispatchEvent (/Users/yusefbach/Projekte/studynexus/frontend/node_modules/jsdom/lib/jsdom/living/generated/EventTarget.js:241:34)
            at Object.invokeGuardedCallbackDev (/Users/yusefbach/Projekte/studynexus/frontend/node_modules/react-dom/cjs/react-dom.development.js:4213:16)
            at invokeGuardedCallback (/Users/yusefbach/Projekte/studynexus/frontend/node_modules/react-dom/cjs/react-dom.development.js:4277:31)
            at beginWork$1 (/Users/yusefbach/Projekte/studynexus/frontend/node_modules/react-dom/cjs/react-dom.development.js:27490:7)
            at performUnitOfWork (/Users/yusefbach/Projekte/studynexus/frontend/node_modules/react-dom/cjs/react-dom.development.js:26599:12)
            at workLoopSync (/Users/yusefbach/Projekte/studynexus/frontend/node_modules/react-dom/cjs/react-dom.development.js:26505:5)
            at renderRootSync (/Users/yusefbach/Projekte/studynexus/frontend/node_modules/react-dom/cjs/react-dom.development.js:26473:7)
            at recoverFromConcurrentError (/Users/yusefbach/Projekte/studynexus/frontend/node_modules/react-dom/cjs/react-dom.development.js:25889:20)
            at performConcurrentWorkOnRoot (/Users/yusefbach/Projekte/studynexus/frontend/node_modules/react-dom/cjs/react-dom.development.js:25789:22)
            at flushActQueue (/Users/yusefbach/Projekte/studynexus/frontend/node_modules/react/cjs/react.development.js:2667:24)
            at act (/Users/yusefbach/Projekte/studynexus/frontend/node_modules/react/cjs/react.development.js:2582:11)
            at /Users/yusefbach/Projekte/studynexus/frontend/node_modules/@testing-library/react/dist/act-compat.js:47:25
            at renderRoot (/Users/yusefbach/Projekte/studynexus/frontend/node_modules/@testing-library/react/dist/pure.js:180:26)
            at render (/Users/yusefbach/Projekte/studynexus/frontend/node_modules/@testing-library/react/dist/pure.js:271:10)
            at Object.<anonymous> (/Users/yusefbach/Projekte/studynexus/frontend/src/components/study/__tests__/ModuleList.test.tsx:124:11)
            at Promise.then.completed (/Users/yusefbach/Projekte/studynexus/frontend/node_modules/jest-circus/build/utils.js:298:28)
            at new Promise (<anonymous>)
            at callAsyncCircusFn (/Users/yusefbach/Projekte/studynexus/frontend/node_modules/jest-circus/build/utils.js:231:10)
            at _callCircusTest (/Users/yusefbach/Projekte/studynexus/frontend/node_modules/jest-circus/build/run.js:316:40)
            at processTicksAndRejections (node:internal/process/task_queues:104:5)
            at _runTest (/Users/yusefbach/Projekte/studynexus/frontend/node_modules/jest-circus/build/run.js:252:3)
            at _runTestsForDescribeBlock (/Users/yusefbach/Projekte/studynexus/frontend/node_modules/jest-circus/build/run.js:126:9)
            at _runTestsForDescribeBlock (/Users/yusefbach/Projekte/studynexus/frontend/node_modules/jest-circus/build/run.js:121:9)
            at run (/Users/yusefbach/Projekte/studynexus/frontend/node_modules/jest-circus/build/run.js:71:3)
            at runAndTransformResultsToJestFormat (/Users/yusefbach/Projekte/studynexus/frontend/node_modules/jest-circus/build/legacy-code-todo-rewrite/jestAdapterInit.js:122:21)
            at jestAdapter (/Users/yusefbach/Projekte/studynexus/frontend/node_modules/jest-circus/build/legacy-code-todo-rewrite/jestAdapter.js:79:19)
            at runTestInternal (/Users/yusefbach/Projekte/studynexus/frontend/node_modules/jest-runner/build/runTest.js:367:16)
            at runTest (/Users/yusefbach/Projekte/studynexus/frontend/node_modules/jest-runner/build/runTest.js:444:34)
            at Object.worker (/Users/yusefbach/Projekte/studynexus/frontend/node_modules/jest-runner/build/testWorker.js:106:12),
        type: 'unhandled exception'
      }

      122 |   it("shows empty state when no modules", async () => {
      123 |     mockFetch([]);
    > 124 |     render(<ModuleList />);
          |           ^
      125 |     await waitFor(() => {
      126 |       expect(screen.getByText("dashboard.modules.noModules")).toBeInTheDocument();
      127 |     });

      at VirtualConsole.<anonymous> (node_modules/jest-environment-jsdom/build/index.js:63:23)
      at reportException (node_modules/jsdom/lib/jsdom/living/helpers/runtime-script-errors.js:70:28)
      at innerInvokeEventListeners (node_modules/jsdom/lib/jsdom/living/events/EventTarget-impl.js:353:9)
      at invokeEventListeners (node_modules/jsdom/lib/jsdom/living/events/EventTarget-impl.js:286:3)
      at HTMLUnknownElementImpl._dispatch (node_modules/jsdom/lib/jsdom/living/events/EventTarget-impl.js:233:9)
      at HTMLUnknownElementImpl.dispatchEvent (node_modules/jsdom/lib/jsdom/living/events/EventTarget-impl.js:104:17)
      at HTMLUnknownElement.dispatchEvent (node_modules/jsdom/lib/jsdom/living/generated/EventTarget.js:241:34)
      at Object.invokeGuardedCallbackDev (node_modules/react-dom/cjs/react-dom.development.js:4213:16)
      at invokeGuardedCallback (node_modules/react-dom/cjs/react-dom.development.js:4277:31)
      at beginWork$1 (node_modules/react-dom/cjs/react-dom.development.js:27490:7)
      at performUnitOfWork (node_modules/react-dom/cjs/react-dom.development.js:26599:12)
      at workLoopSync (node_modules/react-dom/cjs/react-dom.development.js:26505:5)
      at renderRootSync (node_modules/react-dom/cjs/react-dom.development.js:26473:7)
      at recoverFromConcurrentError (node_modules/react-dom/cjs/react-dom.development.js:25889:20)
      at performConcurrentWorkOnRoot (node_modules/react-dom/cjs/react-dom.development.js:25789:22)
      at flushActQueue (node_modules/react/cjs/react.development.js:2667:24)
      at act (node_modules/react/cjs/react.development.js:2582:11)
      at node_modules/@testing-library/react/dist/act-compat.js:47:25
      at renderRoot (node_modules/@testing-library/react/dist/pure.js:180:26)
      at render (node_modules/@testing-library/react/dist/pure.js:271:10)
      at Object.<anonymous> (src/components/study/__tests__/ModuleList.test.tsx:124:11)

    console.error
      The above error occurred in the <ModuleList> component:
      
          at ModuleList (/Users/yusefbach/Projekte/studynexus/frontend/src/components/study/ModuleList.tsx:31:71)
      
      Consider adding an error boundary to your tree to customize error handling behavior.
      Visit https://reactjs.org/link/error-boundaries to learn more about error boundaries.

      122 |   it("shows empty state when no modules", async () => {
      123 |     mockFetch([]);
    > 124 |     render(<ModuleList />);
          |           ^
      125 |     await waitFor(() => {
      126 |       expect(screen.getByText("dashboard.modules.noModules")).toBeInTheDocument();
      127 |     });

      at logCapturedError (node_modules/react-dom/cjs/react-dom.development.js:18704:23)
      at update.callback (node_modules/react-dom/cjs/react-dom.development.js:18737:5)
      at callCallback (node_modules/react-dom/cjs/react-dom.development.js:15036:12)
      at commitUpdateQueue (node_modules/react-dom/cjs/react-dom.development.js:15057:9)
      at commitLayoutEffectOnFiber (node_modules/react-dom/cjs/react-dom.development.js:23430:13)
      at commitLayoutMountEffects_complete (node_modules/react-dom/cjs/react-dom.development.js:24727:9)
      at commitLayoutEffects_begin (node_modules/react-dom/cjs/react-dom.development.js:24713:7)
      at commitLayoutEffects (node_modules/react-dom/cjs/react-dom.development.js:24651:3)
      at commitRootImpl (node_modules/react-dom/cjs/react-dom.development.js:26862:5)
      at commitRoot (node_modules/react-dom/cjs/react-dom.development.js:26721:5)
      at finishConcurrentRender (node_modules/react-dom/cjs/react-dom.development.js:25931:9)
      at performConcurrentWorkOnRoot (node_modules/react-dom/cjs/react-dom.development.js:25848:7)
      at flushActQueue (node_modules/react/cjs/react.development.js:2667:24)
      at act (node_modules/react/cjs/react.development.js:2582:11)
      at node_modules/@testing-library/react/dist/act-compat.js:47:25
      at renderRoot (node_modules/@testing-library/react/dist/pure.js:180:26)
      at render (node_modules/@testing-library/react/dist/pure.js:271:10)
      at Object.<anonymous> (src/components/study/__tests__/ModuleList.test.tsx:124:11)

    console.error
      Error: Uncaught [Error: No QueryClient set, use QueryClientProvider to set one]
          at reportException (/Users/yusefbach/Projekte/studynexus/frontend/node_modules/jsdom/lib/jsdom/living/helpers/runtime-script-errors.js:66:24)
          at innerInvokeEventListeners (/Users/yusefbach/Projekte/studynexus/frontend/node_modules/jsdom/lib/jsdom/living/events/EventTarget-impl.js:353:9)
          at invokeEventListeners (/Users/yusefbach/Projekte/studynexus/frontend/node_modules/jsdom/lib/jsdom/living/events/EventTarget-impl.js:286:3)
          at HTMLUnknownElementImpl._dispatch (/Users/yusefbach/Projekte/studynexus/frontend/node_modules/jsdom/lib/jsdom/living/events/EventTarget-impl.js:233:9)
          at HTMLUnknownElementImpl.dispatchEvent (/Users/yusefbach/Projekte/studynexus/frontend/node_modules/jsdom/lib/jsdom/living/events/EventTarget-impl.js:104:17)
          at HTMLUnknownElement.dispatchEvent (/Users/yusefbach/Projekte/studynexus/frontend/node_modules/jsdom/lib/jsdom/living/generated/EventTarget.js:241:34)
          at Object.invokeGuardedCallbackDev (/Users/yusefbach/Projekte/studynexus/frontend/node_modules/react-dom/cjs/react-dom.development.js:4213:16)
          at invokeGuardedCallback (/Users/yusefbach/Projekte/studynexus/frontend/node_modules/react-dom/cjs/react-dom.development.js:4277:31)
          at beginWork$1 (/Users/yusefbach/Projekte/studynexus/frontend/node_modules/react-dom/cjs/react-dom.development.js:27490:7)
          at performUnitOfWork (/Users/yusefbach/Projekte/studynexus/frontend/node_modules/react-dom/cjs/react-dom.development.js:26599:12)
          at workLoopSync (/Users/yusefbach/Projekte/studynexus/frontend/node_modules/react-dom/cjs/react-dom.development.js:26505:5)
          at renderRootSync (/Users/yusefbach/Projekte/studynexus/frontend/node_modules/react-dom/cjs/react-dom.development.js:26473:7)
          at performConcurrentWorkOnRoot (/Users/yusefbach/Projekte/studynexus/frontend/node_modules/react-dom/cjs/react-dom.development.js:25777:74)
          at flushActQueue (/Users/yusefbach/Projekte/studynexus/frontend/node_modules/react/cjs/react.development.js:2667:24)
          at act (/Users/yusefbach/Projekte/studynexus/frontend/node_modules/react/cjs/react.development.js:2582:11)
          at /Users/yusefbach/Projekte/studynexus/frontend/node_modules/@testing-library/react/dist/act-compat.js:47:25
          at renderRoot (/Users/yusefbach/Projekte/studynexus/frontend/node_modules/@testing-library/react/dist/pure.js:180:26)
          at render (/Users/yusefbach/Projekte/studynexus/frontend/node_modules/@testing-library/react/dist/pure.js:271:10)
          at Object.<anonymous> (/Users/yusefbach/Projekte/studynexus/frontend/src/components/study/__tests__/ModuleList.test.tsx:132:11)
          at Promise.then.completed (/Users/yusefbach/Projekte/studynexus/frontend/node_modules/jest-circus/build/utils.js:298:28)
          at new Promise (<anonymous>)
          at callAsyncCircusFn (/Users/yusefbach/Projekte/studynexus/frontend/node_modules/jest-circus/build/utils.js:231:10)
          at _callCircusTest (/Users/yusefbach/Projekte/studynexus/frontend/node_modules/jest-circus/build/run.js:316:40)
          at processTicksAndRejections (node:internal/process/task_queues:104:5)
          at _runTest (/Users/yusefbach/Projekte/studynexus/frontend/node_modules/jest-circus/build/run.js:252:3)
          at _runTestsForDescribeBlock (/Users/yusefbach/Projekte/studynexus/frontend/node_modules/jest-circus/build/run.js:126:9)
          at _runTestsForDescribeBlock (/Users/yusefbach/Projekte/studynexus/frontend/node_modules/jest-circus/build/run.js:121:9)
          at run (/Users/yusefbach/Projekte/studynexus/frontend/node_modules/jest-circus/build/run.js:71:3)
          at runAndTransformResultsToJestFormat (/Users/yusefbach/Projekte/studynexus/frontend/node_modules/jest-circus/build/legacy-code-todo-rewrite/jestAdapterInit.js:122:21)
          at jestAdapter (/Users/yusefbach/Projekte/studynexus/frontend/node_modules/jest-circus/build/legacy-code-todo-rewrite/jestAdapter.js:79:19)
          at runTestInternal (/Users/yusefbach/Projekte/studynexus/frontend/node_modules/jest-runner/build/runTest.js:367:16)
          at runTest (/Users/yusefbach/Projekte/studynexus/frontend/node_modules/jest-runner/build/runTest.js:444:34)
          at Object.worker (/Users/yusefbach/Projekte/studynexus/frontend/node_modules/jest-runner/build/testWorker.js:106:12) {
        detail: Error: No QueryClient set, use QueryClientProvider to set one
            at useQueryClient (/Users/yusefbach/Projekte/studynexus/frontend/node_modules/@tanstack/react-query/src/QueryClientProvider.tsx:18:11)
            at useBaseQuery (/Users/yusefbach/Projekte/studynexus/frontend/node_modules/@tanstack/react-query/src/useBaseQuery.ts:54:18)
            at useQuery (/Users/yusefbach/Projekte/studynexus/frontend/node_modules/@tanstack/react-query/src/useQuery.ts:51:10)
            at useUserModules (/Users/yusefbach/Projekte/studynexus/frontend/src/hooks/queries/useUserModules.ts:7:18)
            at ModuleList (/Users/yusefbach/Projekte/studynexus/frontend/src/components/study/ModuleList.tsx:31:71)
            at renderWithHooks (/Users/yusefbach/Projekte/studynexus/frontend/node_modules/react-dom/cjs/react-dom.development.js:15486:18)
            at mountIndeterminateComponent (/Users/yusefbach/Projekte/studynexus/frontend/node_modules/react-dom/cjs/react-dom.development.js:20103:13)
            at beginWork (/Users/yusefbach/Projekte/studynexus/frontend/node_modules/react-dom/cjs/react-dom.development.js:21626:16)
            at HTMLUnknownElement.callCallback (/Users/yusefbach/Projekte/studynexus/frontend/node_modules/react-dom/cjs/react-dom.development.js:4164:14)
            at HTMLUnknownElement.callTheUserObjectsOperation (/Users/yusefbach/Projekte/studynexus/frontend/node_modules/jsdom/lib/jsdom/living/generated/EventListener.js:26:30)
            at innerInvokeEventListeners (/Users/yusefbach/Projekte/studynexus/frontend/node_modules/jsdom/lib/jsdom/living/events/EventTarget-impl.js:350:25)
            at invokeEventListeners (/Users/yusefbach/Projekte/studynexus/frontend/node_modules/jsdom/lib/jsdom/living/events/EventTarget-impl.js:286:3)
            at HTMLUnknownElementImpl._dispatch (/Users/yusefbach/Projekte/studynexus/frontend/node_modules/jsdom/lib/jsdom/living/events/EventTarget-impl.js:233:9)
            at HTMLUnknownElementImpl.dispatchEvent (/Users/yusefbach/Projekte/studynexus/frontend/node_modules/jsdom/lib/jsdom/living/events/EventTarget-impl.js:104:17)
            at HTMLUnknownElement.dispatchEvent (/Users/yusefbach/Projekte/studynexus/frontend/node_modules/jsdom/lib/jsdom/living/generated/EventTarget.js:241:34)
            at Object.invokeGuardedCallbackDev (/Users/yusefbach/Projekte/studynexus/frontend/node_modules/react-dom/cjs/react-dom.development.js:4213:16)
            at invokeGuardedCallback (/Users/yusefbach/Projekte/studynexus/frontend/node_modules/react-dom/cjs/react-dom.development.js:4277:31)
            at beginWork$1 (/Users/yusefbach/Projekte/studynexus/frontend/node_modules/react-dom/cjs/react-dom.development.js:27490:7)
            at performUnitOfWork (/Users/yusefbach/Projekte/studynexus/frontend/node_modules/react-dom/cjs/react-dom.development.js:26599:12)
            at workLoopSync (/Users/yusefbach/Projekte/studynexus/frontend/node_modules/react-dom/cjs/react-dom.development.js:26505:5)
            at renderRootSync (/Users/yusefbach/Projekte/studynexus/frontend/node_modules/react-dom/cjs/react-dom.development.js:26473:7)
            at performConcurrentWorkOnRoot (/Users/yusefbach/Projekte/studynexus/frontend/node_modules/react-dom/cjs/react-dom.development.js:25777:74)
            at flushActQueue (/Users/yusefbach/Projekte/studynexus/frontend/node_modules/react/cjs/react.development.js:2667:24)
            at act (/Users/yusefbach/Projekte/studynexus/frontend/node_modules/react/cjs/react.development.js:2582:11)
            at /Users/yusefbach/Projekte/studynexus/frontend/node_modules/@testing-library/react/dist/act-compat.js:47:25
            at renderRoot (/Users/yusefbach/Projekte/studynexus/frontend/node_modules/@testing-library/react/dist/pure.js:180:26)
            at render (/Users/yusefbach/Projekte/studynexus/frontend/node_modules/@testing-library/react/dist/pure.js:271:10)
            at Object.<anonymous> (/Users/yusefbach/Projekte/studynexus/frontend/src/components/study/__tests__/ModuleList.test.tsx:132:11)
            at Promise.then.completed (/Users/yusefbach/Projekte/studynexus/frontend/node_modules/jest-circus/build/utils.js:298:28)
            at new Promise (<anonymous>)
            at callAsyncCircusFn (/Users/yusefbach/Projekte/studynexus/frontend/node_modules/jest-circus/build/utils.js:231:10)
            at _callCircusTest (/Users/yusefbach/Projekte/studynexus/frontend/node_modules/jest-circus/build/run.js:316:40)
            at processTicksAndRejections (node:internal/process/task_queues:104:5)
            at _runTest (/Users/yusefbach/Projekte/studynexus/frontend/node_modules/jest-circus/build/run.js:252:3)
            at _runTestsForDescribeBlock (/Users/yusefbach/Projekte/studynexus/frontend/node_modules/jest-circus/build/run.js:126:9)
            at _runTestsForDescribeBlock (/Users/yusefbach/Projekte/studynexus/frontend/node_modules/jest-circus/build/run.js:121:9)
            at run (/Users/yusefbach/Projekte/studynexus/frontend/node_modules/jest-circus/build/run.js:71:3)
            at runAndTransformResultsToJestFormat (/Users/yusefbach/Projekte/studynexus/frontend/node_modules/jest-circus/build/legacy-code-todo-rewrite/jestAdapterInit.js:122:21)
            at jestAdapter (/Users/yusefbach/Projekte/studynexus/frontend/node_modules/jest-circus/build/legacy-code-todo-rewrite/jestAdapter.js:79:19)
            at runTestInternal (/Users/yusefbach/Projekte/studynexus/frontend/node_modules/jest-runner/build/runTest.js:367:16)
            at runTest (/Users/yusefbach/Projekte/studynexus/frontend/node_modules/jest-runner/build/runTest.js:444:34)
            at Object.worker (/Users/yusefbach/Projekte/studynexus/frontend/node_modules/jest-runner/build/testWorker.js:106:12),
        type: 'unhandled exception'
      }

      130 |   it("shows error on fetch failure", async () => {
      131 |     mockFetch({}, false);
    > 132 |     render(<ModuleList />);
          |           ^
      133 |     await waitFor(() => {
      134 |       expect(screen.getByText("dashboard.modules.loadError")).toBeInTheDocument();
      135 |     });

      at VirtualConsole.<anonymous> (node_modules/jest-environment-jsdom/build/index.js:63:23)
      at reportException (node_modules/jsdom/lib/jsdom/living/helpers/runtime-script-errors.js:70:28)
      at innerInvokeEventListeners (node_modules/jsdom/lib/jsdom/living/events/EventTarget-impl.js:353:9)
      at invokeEventListeners (node_modules/jsdom/lib/jsdom/living/events/EventTarget-impl.js:286:3)
      at HTMLUnknownElementImpl._dispatch (node_modules/jsdom/lib/jsdom/living/events/EventTarget-impl.js:233:9)
      at HTMLUnknownElementImpl.dispatchEvent (node_modules/jsdom/lib/jsdom/living/events/EventTarget-impl.js:104:17)
      at HTMLUnknownElement.dispatchEvent (node_modules/jsdom/lib/jsdom/living/generated/EventTarget.js:241:34)
      at Object.invokeGuardedCallbackDev (node_modules/react-dom/cjs/react-dom.development.js:4213:16)
      at invokeGuardedCallback (node_modules/react-dom/cjs/react-dom.development.js:4277:31)
      at beginWork$1 (node_modules/react-dom/cjs/react-dom.development.js:27490:7)
      at performUnitOfWork (node_modules/react-dom/cjs/react-dom.development.js:26599:12)
      at workLoopSync (node_modules/react-dom/cjs/react-dom.development.js:26505:5)
      at renderRootSync (node_modules/react-dom/cjs/react-dom.development.js:26473:7)
      at performConcurrentWorkOnRoot (node_modules/react-dom/cjs/react-dom.development.js:25777:74)
      at flushActQueue (node_modules/react/cjs/react.development.js:2667:24)
      at act (node_modules/react/cjs/react.development.js:2582:11)
      at node_modules/@testing-library/react/dist/act-compat.js:47:25
      at renderRoot (node_modules/@testing-library/react/dist/pure.js:180:26)
      at render (node_modules/@testing-library/react/dist/pure.js:271:10)
      at Object.<anonymous> (src/components/study/__tests__/ModuleList.test.tsx:132:11)

    console.error
      Error: Uncaught [Error: No QueryClient set, use QueryClientProvider to set one]
          at reportException (/Users/yusefbach/Projekte/studynexus/frontend/node_modules/jsdom/lib/jsdom/living/helpers/runtime-script-errors.js:66:24)
          at innerInvokeEventListeners (/Users/yusefbach/Projekte/studynexus/frontend/node_modules/jsdom/lib/jsdom/living/events/EventTarget-impl.js:353:9)
          at invokeEventListeners (/Users/yusefbach/Projekte/studynexus/frontend/node_modules/jsdom/lib/jsdom/living/events/EventTarget-impl.js:286:3)
          at HTMLUnknownElementImpl._dispatch (/Users/yusefbach/Projekte/studynexus/frontend/node_modules/jsdom/lib/jsdom/living/events/EventTarget-impl.js:233:9)
          at HTMLUnknownElementImpl.dispatchEvent (/Users/yusefbach/Projekte/studynexus/frontend/node_modules/jsdom/lib/jsdom/living/events/EventTarget-impl.js:104:17)
          at HTMLUnknownElement.dispatchEvent (/Users/yusefbach/Projekte/studynexus/frontend/node_modules/jsdom/lib/jsdom/living/generated/EventTarget.js:241:34)
          at Object.invokeGuardedCallbackDev (/Users/yusefbach/Projekte/studynexus/frontend/node_modules/react-dom/cjs/react-dom.development.js:4213:16)
          at invokeGuardedCallback (/Users/yusefbach/Projekte/studynexus/frontend/node_modules/react-dom/cjs/react-dom.development.js:4277:31)
          at beginWork$1 (/Users/yusefbach/Projekte/studynexus/frontend/node_modules/react-dom/cjs/react-dom.development.js:27490:7)
          at performUnitOfWork (/Users/yusefbach/Projekte/studynexus/frontend/node_modules/react-dom/cjs/react-dom.development.js:26599:12)
          at workLoopSync (/Users/yusefbach/Projekte/studynexus/frontend/node_modules/react-dom/cjs/react-dom.development.js:26505:5)
          at renderRootSync (/Users/yusefbach/Projekte/studynexus/frontend/node_modules/react-dom/cjs/react-dom.development.js:26473:7)
          at recoverFromConcurrentError (/Users/yusefbach/Projekte/studynexus/frontend/node_modules/react-dom/cjs/react-dom.development.js:25889:20)
          at performConcurrentWorkOnRoot (/Users/yusefbach/Projekte/studynexus/frontend/node_modules/react-dom/cjs/react-dom.development.js:25789:22)
          at flushActQueue (/Users/yusefbach/Projekte/studynexus/frontend/node_modules/react/cjs/react.development.js:2667:24)
          at act (/Users/yusefbach/Projekte/studynexus/frontend/node_modules/react/cjs/react.development.js:2582:11)
          at /Users/yusefbach/Projekte/studynexus/frontend/node_modules/@testing-library/react/dist/act-compat.js:47:25
          at renderRoot (/Users/yusefbach/Projekte/studynexus/frontend/node_modules/@testing-library/react/dist/pure.js:180:26)
          at render (/Users/yusefbach/Projekte/studynexus/frontend/node_modules/@testing-library/react/dist/pure.js:271:10)
          at Object.<anonymous> (/Users/yusefbach/Projekte/studynexus/frontend/src/components/study/__tests__/ModuleList.test.tsx:132:11)
          at Promise.then.completed (/Users/yusefbach/Projekte/studynexus/frontend/node_modules/jest-circus/build/utils.js:298:28)
          at new Promise (<anonymous>)
          at callAsyncCircusFn (/Users/yusefbach/Projekte/studynexus/frontend/node_modules/jest-circus/build/utils.js:231:10)
          at _callCircusTest (/Users/yusefbach/Projekte/studynexus/frontend/node_modules/jest-circus/build/run.js:316:40)
          at processTicksAndRejections (node:internal/process/task_queues:104:5)
          at _runTest (/Users/yusefbach/Projekte/studynexus/frontend/node_modules/jest-circus/build/run.js:252:3)
          at _runTestsForDescribeBlock (/Users/yusefbach/Projekte/studynexus/frontend/node_modules/jest-circus/build/run.js:126:9)
          at _runTestsForDescribeBlock (/Users/yusefbach/Projekte/studynexus/frontend/node_modules/jest-circus/build/run.js:121:9)
          at run (/Users/yusefbach/Projekte/studynexus/frontend/node_modules/jest-circus/build/run.js:71:3)
          at runAndTransformResultsToJestFormat (/Users/yusefbach/Projekte/studynexus/frontend/node_modules/jest-circus/build/legacy-code-todo-rewrite/jestAdapterInit.js:122:21)
          at jestAdapter (/Users/yusefbach/Projekte/studynexus/frontend/node_modules/jest-circus/build/legacy-code-todo-rewrite/jestAdapter.js:79:19)
          at runTestInternal (/Users/yusefbach/Projekte/studynexus/frontend/node_modules/jest-runner/build/runTest.js:367:16)
          at runTest (/Users/yusefbach/Projekte/studynexus/frontend/node_modules/jest-runner/build/runTest.js:444:34)
          at Object.worker (/Users/yusefbach/Projekte/studynexus/frontend/node_modules/jest-runner/build/testWorker.js:106:12) {
        detail: Error: No QueryClient set, use QueryClientProvider to set one
            at useQueryClient (/Users/yusefbach/Projekte/studynexus/frontend/node_modules/@tanstack/react-query/src/QueryClientProvider.tsx:18:11)
            at useBaseQuery (/Users/yusefbach/Projekte/studynexus/frontend/node_modules/@tanstack/react-query/src/useBaseQuery.ts:54:18)
            at useQuery (/Users/yusefbach/Projekte/studynexus/frontend/node_modules/@tanstack/react-query/src/useQuery.ts:51:10)
            at useUserModules (/Users/yusefbach/Projekte/studynexus/frontend/src/hooks/queries/useUserModules.ts:7:18)
            at ModuleList (/Users/yusefbach/Projekte/studynexus/frontend/src/components/study/ModuleList.tsx:31:71)
            at renderWithHooks (/Users/yusefbach/Projekte/studynexus/frontend/node_modules/react-dom/cjs/react-dom.development.js:15486:18)
            at mountIndeterminateComponent (/Users/yusefbach/Projekte/studynexus/frontend/node_modules/react-dom/cjs/react-dom.development.js:20103:13)
            at beginWork (/Users/yusefbach/Projekte/studynexus/frontend/node_modules/react-dom/cjs/react-dom.development.js:21626:16)
            at HTMLUnknownElement.callCallback (/Users/yusefbach/Projekte/studynexus/frontend/node_modules/react-dom/cjs/react-dom.development.js:4164:14)
            at HTMLUnknownElement.callTheUserObjectsOperation (/Users/yusefbach/Projekte/studynexus/frontend/node_modules/jsdom/lib/jsdom/living/generated/EventListener.js:26:30)
            at innerInvokeEventListeners (/Users/yusefbach/Projekte/studynexus/frontend/node_modules/jsdom/lib/jsdom/living/events/EventTarget-impl.js:350:25)
            at invokeEventListeners (/Users/yusefbach/Projekte/studynexus/frontend/node_modules/jsdom/lib/jsdom/living/events/EventTarget-impl.js:286:3)
            at HTMLUnknownElementImpl._dispatch (/Users/yusefbach/Projekte/studynexus/frontend/node_modules/jsdom/lib/jsdom/living/events/EventTarget-impl.js:233:9)
            at HTMLUnknownElementImpl.dispatchEvent (/Users/yusefbach/Projekte/studynexus/frontend/node_modules/jsdom/lib/jsdom/living/events/EventTarget-impl.js:104:17)
            at HTMLUnknownElement.dispatchEvent (/Users/yusefbach/Projekte/studynexus/frontend/node_modules/jsdom/lib/jsdom/living/generated/EventTarget.js:241:34)
            at Object.invokeGuardedCallbackDev (/Users/yusefbach/Projekte/studynexus/frontend/node_modules/react-dom/cjs/react-dom.development.js:4213:16)
            at invokeGuardedCallback (/Users/yusefbach/Projekte/studynexus/frontend/node_modules/react-dom/cjs/react-dom.development.js:4277:31)
            at beginWork$1 (/Users/yusefbach/Projekte/studynexus/frontend/node_modules/react-dom/cjs/react-dom.development.js:27490:7)
            at performUnitOfWork (/Users/yusefbach/Projekte/studynexus/frontend/node_modules/react-dom/cjs/react-dom.development.js:26599:12)
            at workLoopSync (/Users/yusefbach/Projekte/studynexus/frontend/node_modules/react-dom/cjs/react-dom.development.js:26505:5)
            at renderRootSync (/Users/yusefbach/Projekte/studynexus/frontend/node_modules/react-dom/cjs/react-dom.development.js:26473:7)
            at recoverFromConcurrentError (/Users/yusefbach/Projekte/studynexus/frontend/node_modules/react-dom/cjs/react-dom.development.js:25889:20)
            at performConcurrentWorkOnRoot (/Users/yusefbach/Projekte/studynexus/frontend/node_modules/react-dom/cjs/react-dom.development.js:25789:22)
            at flushActQueue (/Users/yusefbach/Projekte/studynexus/frontend/node_modules/react/cjs/react.development.js:2667:24)
            at act (/Users/yusefbach/Projekte/studynexus/frontend/node_modules/react/cjs/react.development.js:2582:11)
            at /Users/yusefbach/Projekte/studynexus/frontend/node_modules/@testing-library/react/dist/act-compat.js:47:25
            at renderRoot (/Users/yusefbach/Projekte/studynexus/frontend/node_modules/@testing-library/react/dist/pure.js:180:26)
            at render (/Users/yusefbach/Projekte/studynexus/frontend/node_modules/@testing-library/react/dist/pure.js:271:10)
            at Object.<anonymous> (/Users/yusefbach/Projekte/studynexus/frontend/src/components/study/__tests__/ModuleList.test.tsx:132:11)
            at Promise.then.completed (/Users/yusefbach/Projekte/studynexus/frontend/node_modules/jest-circus/build/utils.js:298:28)
            at new Promise (<anonymous>)
            at callAsyncCircusFn (/Users/yusefbach/Projekte/studynexus/frontend/node_modules/jest-circus/build/utils.js:231:10)
            at _callCircusTest (/Users/yusefbach/Projekte/studynexus/frontend/node_modules/jest-circus/build/run.js:316:40)
            at processTicksAndRejections (node:internal/process/task_queues:104:5)
            at _runTest (/Users/yusefbach/Projekte/studynexus/frontend/node_modules/jest-circus/build/run.js:252:3)
            at _runTestsForDescribeBlock (/Users/yusefbach/Projekte/studynexus/frontend/node_modules/jest-circus/build/run.js:126:9)
            at _runTestsForDescribeBlock (/Users/yusefbach/Projekte/studynexus/frontend/node_modules/jest-circus/build/run.js:121:9)
            at run (/Users/yusefbach/Projekte/studynexus/frontend/node_modules/jest-circus/build/run.js:71:3)
            at runAndTransformResultsToJestFormat (/Users/yusefbach/Projekte/studynexus/frontend/node_modules/jest-circus/build/legacy-code-todo-rewrite/jestAdapterInit.js:122:21)
            at jestAdapter (/Users/yusefbach/Projekte/studynexus/frontend/node_modules/jest-circus/build/legacy-code-todo-rewrite/jestAdapter.js:79:19)
            at runTestInternal (/Users/yusefbach/Projekte/studynexus/frontend/node_modules/jest-runner/build/runTest.js:367:16)
            at runTest (/Users/yusefbach/Projekte/studynexus/frontend/node_modules/jest-runner/build/runTest.js:444:34)
            at Object.worker (/Users/yusefbach/Projekte/studynexus/frontend/node_modules/jest-runner/build/testWorker.js:106:12),
        type: 'unhandled exception'
      }

      130 |   it("shows error on fetch failure", async () => {
      131 |     mockFetch({}, false);
    > 132 |     render(<ModuleList />);
          |           ^
      133 |     await waitFor(() => {
      134 |       expect(screen.getByText("dashboard.modules.loadError")).toBeInTheDocument();
      135 |     });

      at VirtualConsole.<anonymous> (node_modules/jest-environment-jsdom/build/index.js:63:23)
      at reportException (node_modules/jsdom/lib/jsdom/living/helpers/runtime-script-errors.js:70:28)
      at innerInvokeEventListeners (node_modules/jsdom/lib/jsdom/living/events/EventTarget-impl.js:353:9)
      at invokeEventListeners (node_modules/jsdom/lib/jsdom/living/events/EventTarget-impl.js:286:3)
      at HTMLUnknownElementImpl._dispatch (node_modules/jsdom/lib/jsdom/living/events/EventTarget-impl.js:233:9)
      at HTMLUnknownElementImpl.dispatchEvent (node_modules/jsdom/lib/jsdom/living/events/EventTarget-impl.js:104:17)
      at HTMLUnknownElement.dispatchEvent (node_modules/jsdom/lib/jsdom/living/generated/EventTarget.js:241:34)
      at Object.invokeGuardedCallbackDev (node_modules/react-dom/cjs/react-dom.development.js:4213:16)
      at invokeGuardedCallback (node_modules/react-dom/cjs/react-dom.development.js:4277:31)
      at beginWork$1 (node_modules/react-dom/cjs/react-dom.development.js:27490:7)
      at performUnitOfWork (node_modules/react-dom/cjs/react-dom.development.js:26599:12)
      at workLoopSync (node_modules/react-dom/cjs/react-dom.development.js:26505:5)
      at renderRootSync (node_modules/react-dom/cjs/react-dom.development.js:26473:7)
      at recoverFromConcurrentError (node_modules/react-dom/cjs/react-dom.development.js:25889:20)
      at performConcurrentWorkOnRoot (node_modules/react-dom/cjs/react-dom.development.js:25789:22)
      at flushActQueue (node_modules/react/cjs/react.development.js:2667:24)
      at act (node_modules/react/cjs/react.development.js:2582:11)
      at node_modules/@testing-library/react/dist/act-compat.js:47:25
      at renderRoot (node_modules/@testing-library/react/dist/pure.js:180:26)
      at render (node_modules/@testing-library/react/dist/pure.js:271:10)
      at Object.<anonymous> (src/components/study/__tests__/ModuleList.test.tsx:132:11)

    console.error
      The above error occurred in the <ModuleList> component:
      
          at ModuleList (/Users/yusefbach/Projekte/studynexus/frontend/src/components/study/ModuleList.tsx:31:71)
      
      Consider adding an error boundary to your tree to customize error handling behavior.
      Visit https://reactjs.org/link/error-boundaries to learn more about error boundaries.

      130 |   it("shows error on fetch failure", async () => {
      131 |     mockFetch({}, false);
    > 132 |     render(<ModuleList />);
          |           ^
      133 |     await waitFor(() => {
      134 |       expect(screen.getByText("dashboard.modules.loadError")).toBeInTheDocument();
      135 |     });

      at logCapturedError (node_modules/react-dom/cjs/react-dom.development.js:18704:23)
      at update.callback (node_modules/react-dom/cjs/react-dom.development.js:18737:5)
      at callCallback (node_modules/react-dom/cjs/react-dom.development.js:15036:12)
      at commitUpdateQueue (node_modules/react-dom/cjs/react-dom.development.js:15057:9)
      at commitLayoutEffectOnFiber (node_modules/react-dom/cjs/react-dom.development.js:23430:13)
      at commitLayoutMountEffects_complete (node_modules/react-dom/cjs/react-dom.development.js:24727:9)
      at commitLayoutEffects_begin (node_modules/react-dom/cjs/react-dom.development.js:24713:7)
      at commitLayoutEffects (node_modules/react-dom/cjs/react-dom.development.js:24651:3)
      at commitRootImpl (node_modules/react-dom/cjs/react-dom.development.js:26862:5)
      at commitRoot (node_modules/react-dom/cjs/react-dom.development.js:26721:5)
      at finishConcurrentRender (node_modules/react-dom/cjs/react-dom.development.js:25931:9)
      at performConcurrentWorkOnRoot (node_modules/react-dom/cjs/react-dom.development.js:25848:7)
      at flushActQueue (node_modules/react/cjs/react.development.js:2667:24)
      at act (node_modules/react/cjs/react.development.js:2582:11)
      at node_modules/@testing-library/react/dist/act-compat.js:47:25
      at renderRoot (node_modules/@testing-library/react/dist/pure.js:180:26)
      at render (node_modules/@testing-library/react/dist/pure.js:271:10)
      at Object.<anonymous> (src/components/study/__tests__/ModuleList.test.tsx:132:11)

    console.error
      Error: Uncaught [Error: No QueryClient set, use QueryClientProvider to set one]
          at reportException (/Users/yusefbach/Projekte/studynexus/frontend/node_modules/jsdom/lib/jsdom/living/helpers/runtime-script-errors.js:66:24)
          at innerInvokeEventListeners (/Users/yusefbach/Projekte/studynexus/frontend/node_modules/jsdom/lib/jsdom/living/events/EventTarget-impl.js:353:9)
          at invokeEventListeners (/Users/yusefbach/Projekte/studynexus/frontend/node_modules/jsdom/lib/jsdom/living/events/EventTarget-impl.js:286:3)
          at HTMLUnknownElementImpl._dispatch (/Users/yusefbach/Projekte/studynexus/frontend/node_modules/jsdom/lib/jsdom/living/events/EventTarget-impl.js:233:9)
          at HTMLUnknownElementImpl.dispatchEvent (/Users/yusefbach/Projekte/studynexus/frontend/node_modules/jsdom/lib/jsdom/living/events/EventTarget-impl.js:104:17)
          at HTMLUnknownElement.dispatchEvent (/Users/yusefbach/Projekte/studynexus/frontend/node_modules/jsdom/lib/jsdom/living/generated/EventTarget.js:241:34)
          at Object.invokeGuardedCallbackDev (/Users/yusefbach/Projekte/studynexus/frontend/node_modules/react-dom/cjs/react-dom.development.js:4213:16)
          at invokeGuardedCallback (/Users/yusefbach/Projekte/studynexus/frontend/node_modules/react-dom/cjs/react-dom.development.js:4277:31)
          at beginWork$1 (/Users/yusefbach/Projekte/studynexus/frontend/node_modules/react-dom/cjs/react-dom.development.js:27490:7)
          at performUnitOfWork (/Users/yusefbach/Projekte/studynexus/frontend/node_modules/react-dom/cjs/react-dom.development.js:26599:12)
          at workLoopSync (/Users/yusefbach/Projekte/studynexus/frontend/node_modules/react-dom/cjs/react-dom.development.js:26505:5)
          at renderRootSync (/Users/yusefbach/Projekte/studynexus/frontend/node_modules/react-dom/cjs/react-dom.development.js:26473:7)
          at performConcurrentWorkOnRoot (/Users/yusefbach/Projekte/studynexus/frontend/node_modules/react-dom/cjs/react-dom.development.js:25777:74)
          at flushActQueue (/Users/yusefbach/Projekte/studynexus/frontend/node_modules/react/cjs/react.development.js:2667:24)
          at act (/Users/yusefbach/Projekte/studynexus/frontend/node_modules/react/cjs/react.development.js:2582:11)
          at /Users/yusefbach/Projekte/studynexus/frontend/node_modules/@testing-library/react/dist/act-compat.js:47:25
          at renderRoot (/Users/yusefbach/Projekte/studynexus/frontend/node_modules/@testing-library/react/dist/pure.js:180:26)
          at render (/Users/yusefbach/Projekte/studynexus/frontend/node_modules/@testing-library/react/dist/pure.js:271:10)
          at Object.<anonymous> (/Users/yusefbach/Projekte/studynexus/frontend/src/components/study/__tests__/ModuleList.test.tsx:140:11)
          at Promise.then.completed (/Users/yusefbach/Projekte/studynexus/frontend/node_modules/jest-circus/build/utils.js:298:28)
          at new Promise (<anonymous>)
          at callAsyncCircusFn (/Users/yusefbach/Projekte/studynexus/frontend/node_modules/jest-circus/build/utils.js:231:10)
          at _callCircusTest (/Users/yusefbach/Projekte/studynexus/frontend/node_modules/jest-circus/build/run.js:316:40)
          at processTicksAndRejections (node:internal/process/task_queues:104:5)
          at _runTest (/Users/yusefbach/Projekte/studynexus/frontend/node_modules/jest-circus/build/run.js:252:3)
          at _runTestsForDescribeBlock (/Users/yusefbach/Projekte/studynexus/frontend/node_modules/jest-circus/build/run.js:126:9)
          at _runTestsForDescribeBlock (/Users/yusefbach/Projekte/studynexus/frontend/node_modules/jest-circus/build/run.js:121:9)
          at run (/Users/yusefbach/Projekte/studynexus/frontend/node_modules/jest-circus/build/run.js:71:3)
          at runAndTransformResultsToJestFormat (/Users/yusefbach/Projekte/studynexus/frontend/node_modules/jest-circus/build/legacy-code-todo-rewrite/jestAdapterInit.js:122:21)
          at jestAdapter (/Users/yusefbach/Projekte/studynexus/frontend/node_modules/jest-circus/build/legacy-code-todo-rewrite/jestAdapter.js:79:19)
          at runTestInternal (/Users/yusefbach/Projekte/studynexus/frontend/node_modules/jest-runner/build/runTest.js:367:16)
          at runTest (/Users/yusefbach/Projekte/studynexus/frontend/node_modules/jest-runner/build/runTest.js:444:34)
          at Object.worker (/Users/yusefbach/Projekte/studynexus/frontend/node_modules/jest-runner/build/testWorker.js:106:12) {
        detail: Error: No QueryClient set, use QueryClientProvider to set one
            at useQueryClient (/Users/yusefbach/Projekte/studynexus/frontend/node_modules/@tanstack/react-query/src/QueryClientProvider.tsx:18:11)
            at useBaseQuery (/Users/yusefbach/Projekte/studynexus/frontend/node_modules/@tanstack/react-query/src/useBaseQuery.ts:54:18)
            at useQuery (/Users/yusefbach/Projekte/studynexus/frontend/node_modules/@tanstack/react-query/src/useQuery.ts:51:10)
            at useUserModules (/Users/yusefbach/Projekte/studynexus/frontend/src/hooks/queries/useUserModules.ts:7:18)
            at ModuleList (/Users/yusefbach/Projekte/studynexus/frontend/src/components/study/ModuleList.tsx:31:71)
            at renderWithHooks (/Users/yusefbach/Projekte/studynexus/frontend/node_modules/react-dom/cjs/react-dom.development.js:15486:18)
            at mountIndeterminateComponent (/Users/yusefbach/Projekte/studynexus/frontend/node_modules/react-dom/cjs/react-dom.development.js:20103:13)
            at beginWork (/Users/yusefbach/Projekte/studynexus/frontend/node_modules/react-dom/cjs/react-dom.development.js:21626:16)
            at HTMLUnknownElement.callCallback (/Users/yusefbach/Projekte/studynexus/frontend/node_modules/react-dom/cjs/react-dom.development.js:4164:14)
            at HTMLUnknownElement.callTheUserObjectsOperation (/Users/yusefbach/Projekte/studynexus/frontend/node_modules/jsdom/lib/jsdom/living/generated/EventListener.js:26:30)
            at innerInvokeEventListeners (/Users/yusefbach/Projekte/studynexus/frontend/node_modules/jsdom/lib/jsdom/living/events/EventTarget-impl.js:350:25)
            at invokeEventListeners (/Users/yusefbach/Projekte/studynexus/frontend/node_modules/jsdom/lib/jsdom/living/events/EventTarget-impl.js:286:3)
            at HTMLUnknownElementImpl._dispatch (/Users/yusefbach/Projekte/studynexus/frontend/node_modules/jsdom/lib/jsdom/living/events/EventTarget-impl.js:233:9)
            at HTMLUnknownElementImpl.dispatchEvent (/Users/yusefbach/Projekte/studynexus/frontend/node_modules/jsdom/lib/jsdom/living/events/EventTarget-impl.js:104:17)
            at HTMLUnknownElement.dispatchEvent (/Users/yusefbach/Projekte/studynexus/frontend/node_modules/jsdom/lib/jsdom/living/generated/EventTarget.js:241:34)
            at Object.invokeGuardedCallbackDev (/Users/yusefbach/Projekte/studynexus/frontend/node_modules/react-dom/cjs/react-dom.development.js:4213:16)
            at invokeGuardedCallback (/Users/yusefbach/Projekte/studynexus/frontend/node_modules/react-dom/cjs/react-dom.development.js:4277:31)
            at beginWork$1 (/Users/yusefbach/Projekte/studynexus/frontend/node_modules/react-dom/cjs/react-dom.development.js:27490:7)
            at performUnitOfWork (/Users/yusefbach/Projekte/studynexus/frontend/node_modules/react-dom/cjs/react-dom.development.js:26599:12)
            at workLoopSync (/Users/yusefbach/Projekte/studynexus/frontend/node_modules/react-dom/cjs/react-dom.development.js:26505:5)
            at renderRootSync (/Users/yusefbach/Projekte/studynexus/frontend/node_modules/react-dom/cjs/react-dom.development.js:26473:7)
            at performConcurrentWorkOnRoot (/Users/yusefbach/Projekte/studynexus/frontend/node_modules/react-dom/cjs/react-dom.development.js:25777:74)
            at flushActQueue (/Users/yusefbach/Projekte/studynexus/frontend/node_modules/react/cjs/react.development.js:2667:24)
            at act (/Users/yusefbach/Projekte/studynexus/frontend/node_modules/react/cjs/react.development.js:2582:11)
            at /Users/yusefbach/Projekte/studynexus/frontend/node_modules/@testing-library/react/dist/act-compat.js:47:25
            at renderRoot (/Users/yusefbach/Projekte/studynexus/frontend/node_modules/@testing-library/react/dist/pure.js:180:26)
            at render (/Users/yusefbach/Projekte/studynexus/frontend/node_modules/@testing-library/react/dist/pure.js:271:10)
            at Object.<anonymous> (/Users/yusefbach/Projekte/studynexus/frontend/src/components/study/__tests__/ModuleList.test.tsx:140:11)
            at Promise.then.completed (/Users/yusefbach/Projekte/studynexus/frontend/node_modules/jest-circus/build/utils.js:298:28)
            at new Promise (<anonymous>)
            at callAsyncCircusFn (/Users/yusefbach/Projekte/studynexus/frontend/node_modules/jest-circus/build/utils.js:231:10)
            at _callCircusTest (/Users/yusefbach/Projekte/studynexus/frontend/node_modules/jest-circus/build/run.js:316:40)
            at processTicksAndRejections (node:internal/process/task_queues:104:5)
            at _runTest (/Users/yusefbach/Projekte/studynexus/frontend/node_modules/jest-circus/build/run.js:252:3)
            at _runTestsForDescribeBlock (/Users/yusefbach/Projekte/studynexus/frontend/node_modules/jest-circus/build/run.js:126:9)
            at _runTestsForDescribeBlock (/Users/yusefbach/Projekte/studynexus/frontend/node_modules/jest-circus/build/run.js:121:9)
            at run (/Users/yusefbach/Projekte/studynexus/frontend/node_modules/jest-circus/build/run.js:71:3)
            at runAndTransformResultsToJestFormat (/Users/yusefbach/Projekte/studynexus/frontend/node_modules/jest-circus/build/legacy-code-todo-rewrite/jestAdapterInit.js:122:21)
            at jestAdapter (/Users/yusefbach/Projekte/studynexus/frontend/node_modules/jest-circus/build/legacy-code-todo-rewrite/jestAdapter.js:79:19)
            at runTestInternal (/Users/yusefbach/Projekte/studynexus/frontend/node_modules/jest-runner/build/runTest.js:367:16)
            at runTest (/Users/yusefbach/Projekte/studynexus/frontend/node_modules/jest-runner/build/runTest.js:444:34)
            at Object.worker (/Users/yusefbach/Projekte/studynexus/frontend/node_modules/jest-runner/build/testWorker.js:106:12),
        type: 'unhandled exception'
      }

      138 |   it("opens modal when module row is clicked", async () => {
      139 |     mockFetch(mockGroups);
    > 140 |     render(<ModuleList />);
          |           ^
      141 |     await waitFor(() => screen.getByText("Programmieren 1"));
      142 |
      143 |     fireEvent.click(screen.getByText("Programmieren 1").closest("button")!);

      at VirtualConsole.<anonymous> (node_modules/jest-environment-jsdom/build/index.js:63:23)
      at reportException (node_modules/jsdom/lib/jsdom/living/helpers/runtime-script-errors.js:70:28)
      at innerInvokeEventListeners (node_modules/jsdom/lib/jsdom/living/events/EventTarget-impl.js:353:9)
      at invokeEventListeners (node_modules/jsdom/lib/jsdom/living/events/EventTarget-impl.js:286:3)
      at HTMLUnknownElementImpl._dispatch (node_modules/jsdom/lib/jsdom/living/events/EventTarget-impl.js:233:9)
      at HTMLUnknownElementImpl.dispatchEvent (node_modules/jsdom/lib/jsdom/living/events/EventTarget-impl.js:104:17)
      at HTMLUnknownElement.dispatchEvent (node_modules/jsdom/lib/jsdom/living/generated/EventTarget.js:241:34)
      at Object.invokeGuardedCallbackDev (node_modules/react-dom/cjs/react-dom.development.js:4213:16)
      at invokeGuardedCallback (node_modules/react-dom/cjs/react-dom.development.js:4277:31)
      at beginWork$1 (node_modules/react-dom/cjs/react-dom.development.js:27490:7)
      at performUnitOfWork (node_modules/react-dom/cjs/react-dom.development.js:26599:12)
      at workLoopSync (node_modules/react-dom/cjs/react-dom.development.js:26505:5)
      at renderRootSync (node_modules/react-dom/cjs/react-dom.development.js:26473:7)
      at performConcurrentWorkOnRoot (node_modules/react-dom/cjs/react-dom.development.js:25777:74)
      at flushActQueue (node_modules/react/cjs/react.development.js:2667:24)
      at act (node_modules/react/cjs/react.development.js:2582:11)
      at node_modules/@testing-library/react/dist/act-compat.js:47:25
      at renderRoot (node_modules/@testing-library/react/dist/pure.js:180:26)
      at render (node_modules/@testing-library/react/dist/pure.js:271:10)
      at Object.<anonymous> (src/components/study/__tests__/ModuleList.test.tsx:140:11)

    console.error
      Error: Uncaught [Error: No QueryClient set, use QueryClientProvider to set one]
          at reportException (/Users/yusefbach/Projekte/studynexus/frontend/node_modules/jsdom/lib/jsdom/living/helpers/runtime-script-errors.js:66:24)
          at innerInvokeEventListeners (/Users/yusefbach/Projekte/studynexus/frontend/node_modules/jsdom/lib/jsdom/living/events/EventTarget-impl.js:353:9)
          at invokeEventListeners (/Users/yusefbach/Projekte/studynexus/frontend/node_modules/jsdom/lib/jsdom/living/events/EventTarget-impl.js:286:3)
          at HTMLUnknownElementImpl._dispatch (/Users/yusefbach/Projekte/studynexus/frontend/node_modules/jsdom/lib/jsdom/living/events/EventTarget-impl.js:233:9)
          at HTMLUnknownElementImpl.dispatchEvent (/Users/yusefbach/Projekte/studynexus/frontend/node_modules/jsdom/lib/jsdom/living/events/EventTarget-impl.js:104:17)
          at HTMLUnknownElement.dispatchEvent (/Users/yusefbach/Projekte/studynexus/frontend/node_modules/jsdom/lib/jsdom/living/generated/EventTarget.js:241:34)
          at Object.invokeGuardedCallbackDev (/Users/yusefbach/Projekte/studynexus/frontend/node_modules/react-dom/cjs/react-dom.development.js:4213:16)
          at invokeGuardedCallback (/Users/yusefbach/Projekte/studynexus/frontend/node_modules/react-dom/cjs/react-dom.development.js:4277:31)
          at beginWork$1 (/Users/yusefbach/Projekte/studynexus/frontend/node_modules/react-dom/cjs/react-dom.development.js:27490:7)
          at performUnitOfWork (/Users/yusefbach/Projekte/studynexus/frontend/node_modules/react-dom/cjs/react-dom.development.js:26599:12)
          at workLoopSync (/Users/yusefbach/Projekte/studynexus/frontend/node_modules/react-dom/cjs/react-dom.development.js:26505:5)
          at renderRootSync (/Users/yusefbach/Projekte/studynexus/frontend/node_modules/react-dom/cjs/react-dom.development.js:26473:7)
          at recoverFromConcurrentError (/Users/yusefbach/Projekte/studynexus/frontend/node_modules/react-dom/cjs/react-dom.development.js:25889:20)
          at performConcurrentWorkOnRoot (/Users/yusefbach/Projekte/studynexus/frontend/node_modules/react-dom/cjs/react-dom.development.js:25789:22)
          at flushActQueue (/Users/yusefbach/Projekte/studynexus/frontend/node_modules/react/cjs/react.development.js:2667:24)
          at act (/Users/yusefbach/Projekte/studynexus/frontend/node_modules/react/cjs/react.development.js:2582:11)
          at /Users/yusefbach/Projekte/studynexus/frontend/node_modules/@testing-library/react/dist/act-compat.js:47:25
          at renderRoot (/Users/yusefbach/Projekte/studynexus/frontend/node_modules/@testing-library/react/dist/pure.js:180:26)
          at render (/Users/yusefbach/Projekte/studynexus/frontend/node_modules/@testing-library/react/dist/pure.js:271:10)
          at Object.<anonymous> (/Users/yusefbach/Projekte/studynexus/frontend/src/components/study/__tests__/ModuleList.test.tsx:140:11)
          at Promise.then.completed (/Users/yusefbach/Projekte/studynexus/frontend/node_modules/jest-circus/build/utils.js:298:28)
          at new Promise (<anonymous>)
          at callAsyncCircusFn (/Users/yusefbach/Projekte/studynexus/frontend/node_modules/jest-circus/build/utils.js:231:10)
          at _callCircusTest (/Users/yusefbach/Projekte/studynexus/frontend/node_modules/jest-circus/build/run.js:316:40)
          at processTicksAndRejections (node:internal/process/task_queues:104:5)
          at _runTest (/Users/yusefbach/Projekte/studynexus/frontend/node_modules/jest-circus/build/run.js:252:3)
          at _runTestsForDescribeBlock (/Users/yusefbach/Projekte/studynexus/frontend/node_modules/jest-circus/build/run.js:126:9)
          at _runTestsForDescribeBlock (/Users/yusefbach/Projekte/studynexus/frontend/node_modules/jest-circus/build/run.js:121:9)
          at run (/Users/yusefbach/Projekte/studynexus/frontend/node_modules/jest-circus/build/run.js:71:3)
          at runAndTransformResultsToJestFormat (/Users/yusefbach/Projekte/studynexus/frontend/node_modules/jest-circus/build/legacy-code-todo-rewrite/jestAdapterInit.js:122:21)
          at jestAdapter (/Users/yusefbach/Projekte/studynexus/frontend/node_modules/jest-circus/build/legacy-code-todo-rewrite/jestAdapter.js:79:19)
          at runTestInternal (/Users/yusefbach/Projekte/studynexus/frontend/node_modules/jest-runner/build/runTest.js:367:16)
          at runTest (/Users/yusefbach/Projekte/studynexus/frontend/node_modules/jest-runner/build/runTest.js:444:34)
          at Object.worker (/Users/yusefbach/Projekte/studynexus/frontend/node_modules/jest-runner/build/testWorker.js:106:12) {
        detail: Error: No QueryClient set, use QueryClientProvider to set one
            at useQueryClient (/Users/yusefbach/Projekte/studynexus/frontend/node_modules/@tanstack/react-query/src/QueryClientProvider.tsx:18:11)
            at useBaseQuery (/Users/yusefbach/Projekte/studynexus/frontend/node_modules/@tanstack/react-query/src/useBaseQuery.ts:54:18)
            at useQuery (/Users/yusefbach/Projekte/studynexus/frontend/node_modules/@tanstack/react-query/src/useQuery.ts:51:10)
            at useUserModules (/Users/yusefbach/Projekte/studynexus/frontend/src/hooks/queries/useUserModules.ts:7:18)
            at ModuleList (/Users/yusefbach/Projekte/studynexus/frontend/src/components/study/ModuleList.tsx:31:71)
            at renderWithHooks (/Users/yusefbach/Projekte/studynexus/frontend/node_modules/react-dom/cjs/react-dom.development.js:15486:18)
            at mountIndeterminateComponent (/Users/yusefbach/Projekte/studynexus/frontend/node_modules/react-dom/cjs/react-dom.development.js:20103:13)
            at beginWork (/Users/yusefbach/Projekte/studynexus/frontend/node_modules/react-dom/cjs/react-dom.development.js:21626:16)
            at HTMLUnknownElement.callCallback (/Users/yusefbach/Projekte/studynexus/frontend/node_modules/react-dom/cjs/react-dom.development.js:4164:14)
            at HTMLUnknownElement.callTheUserObjectsOperation (/Users/yusefbach/Projekte/studynexus/frontend/node_modules/jsdom/lib/jsdom/living/generated/EventListener.js:26:30)
            at innerInvokeEventListeners (/Users/yusefbach/Projekte/studynexus/frontend/node_modules/jsdom/lib/jsdom/living/events/EventTarget-impl.js:350:25)
            at invokeEventListeners (/Users/yusefbach/Projekte/studynexus/frontend/node_modules/jsdom/lib/jsdom/living/events/EventTarget-impl.js:286:3)
            at HTMLUnknownElementImpl._dispatch (/Users/yusefbach/Projekte/studynexus/frontend/node_modules/jsdom/lib/jsdom/living/events/EventTarget-impl.js:233:9)
            at HTMLUnknownElementImpl.dispatchEvent (/Users/yusefbach/Projekte/studynexus/frontend/node_modules/jsdom/lib/jsdom/living/events/EventTarget-impl.js:104:17)
            at HTMLUnknownElement.dispatchEvent (/Users/yusefbach/Projekte/studynexus/frontend/node_modules/jsdom/lib/jsdom/living/generated/EventTarget.js:241:34)
            at Object.invokeGuardedCallbackDev (/Users/yusefbach/Projekte/studynexus/frontend/node_modules/react-dom/cjs/react-dom.development.js:4213:16)
            at invokeGuardedCallback (/Users/yusefbach/Projekte/studynexus/frontend/node_modules/react-dom/cjs/react-dom.development.js:4277:31)
            at beginWork$1 (/Users/yusefbach/Projekte/studynexus/frontend/node_modules/react-dom/cjs/react-dom.development.js:27490:7)
            at performUnitOfWork (/Users/yusefbach/Projekte/studynexus/frontend/node_modules/react-dom/cjs/react-dom.development.js:26599:12)
            at workLoopSync (/Users/yusefbach/Projekte/studynexus/frontend/node_modules/react-dom/cjs/react-dom.development.js:26505:5)
            at renderRootSync (/Users/yusefbach/Projekte/studynexus/frontend/node_modules/react-dom/cjs/react-dom.development.js:26473:7)
            at recoverFromConcurrentError (/Users/yusefbach/Projekte/studynexus/frontend/node_modules/react-dom/cjs/react-dom.development.js:25889:20)
            at performConcurrentWorkOnRoot (/Users/yusefbach/Projekte/studynexus/frontend/node_modules/react-dom/cjs/react-dom.development.js:25789:22)
            at flushActQueue (/Users/yusefbach/Projekte/studynexus/frontend/node_modules/react/cjs/react.development.js:2667:24)
            at act (/Users/yusefbach/Projekte/studynexus/frontend/node_modules/react/cjs/react.development.js:2582:11)
            at /Users/yusefbach/Projekte/studynexus/frontend/node_modules/@testing-library/react/dist/act-compat.js:47:25
            at renderRoot (/Users/yusefbach/Projekte/studynexus/frontend/node_modules/@testing-library/react/dist/pure.js:180:26)
            at render (/Users/yusefbach/Projekte/studynexus/frontend/node_modules/@testing-library/react/dist/pure.js:271:10)
            at Object.<anonymous> (/Users/yusefbach/Projekte/studynexus/frontend/src/components/study/__tests__/ModuleList.test.tsx:140:11)
            at Promise.then.completed (/Users/yusefbach/Projekte/studynexus/frontend/node_modules/jest-circus/build/utils.js:298:28)
            at new Promise (<anonymous>)
            at callAsyncCircusFn (/Users/yusefbach/Projekte/studynexus/frontend/node_modules/jest-circus/build/utils.js:231:10)
            at _callCircusTest (/Users/yusefbach/Projekte/studynexus/frontend/node_modules/jest-circus/build/run.js:316:40)
            at processTicksAndRejections (node:internal/process/task_queues:104:5)
            at _runTest (/Users/yusefbach/Projekte/studynexus/frontend/node_modules/jest-circus/build/run.js:252:3)
            at _runTestsForDescribeBlock (/Users/yusefbach/Projekte/studynexus/frontend/node_modules/jest-circus/build/run.js:126:9)
            at _runTestsForDescribeBlock (/Users/yusefbach/Projekte/studynexus/frontend/node_modules/jest-circus/build/run.js:121:9)
            at run (/Users/yusefbach/Projekte/studynexus/frontend/node_modules/jest-circus/build/run.js:71:3)
            at runAndTransformResultsToJestFormat (/Users/yusefbach/Projekte/studynexus/frontend/node_modules/jest-circus/build/legacy-code-todo-rewrite/jestAdapterInit.js:122:21)
            at jestAdapter (/Users/yusefbach/Projekte/studynexus/frontend/node_modules/jest-circus/build/legacy-code-todo-rewrite/jestAdapter.js:79:19)
            at runTestInternal (/Users/yusefbach/Projekte/studynexus/frontend/node_modules/jest-runner/build/runTest.js:367:16)
            at runTest (/Users/yusefbach/Projekte/studynexus/frontend/node_modules/jest-runner/build/runTest.js:444:34)
            at Object.worker (/Users/yusefbach/Projekte/studynexus/frontend/node_modules/jest-runner/build/testWorker.js:106:12),
        type: 'unhandled exception'
      }

      138 |   it("opens modal when module row is clicked", async () => {
      139 |     mockFetch(mockGroups);
    > 140 |     render(<ModuleList />);
          |           ^
      141 |     await waitFor(() => screen.getByText("Programmieren 1"));
      142 |
      143 |     fireEvent.click(screen.getByText("Programmieren 1").closest("button")!);

      at VirtualConsole.<anonymous> (node_modules/jest-environment-jsdom/build/index.js:63:23)
      at reportException (node_modules/jsdom/lib/jsdom/living/helpers/runtime-script-errors.js:70:28)
      at innerInvokeEventListeners (node_modules/jsdom/lib/jsdom/living/events/EventTarget-impl.js:353:9)
      at invokeEventListeners (node_modules/jsdom/lib/jsdom/living/events/EventTarget-impl.js:286:3)
      at HTMLUnknownElementImpl._dispatch (node_modules/jsdom/lib/jsdom/living/events/EventTarget-impl.js:233:9)
      at HTMLUnknownElementImpl.dispatchEvent (node_modules/jsdom/lib/jsdom/living/events/EventTarget-impl.js:104:17)
      at HTMLUnknownElement.dispatchEvent (node_modules/jsdom/lib/jsdom/living/generated/EventTarget.js:241:34)
      at Object.invokeGuardedCallbackDev (node_modules/react-dom/cjs/react-dom.development.js:4213:16)
      at invokeGuardedCallback (node_modules/react-dom/cjs/react-dom.development.js:4277:31)
      at beginWork$1 (node_modules/react-dom/cjs/react-dom.development.js:27490:7)
      at performUnitOfWork (node_modules/react-dom/cjs/react-dom.development.js:26599:12)
      at workLoopSync (node_modules/react-dom/cjs/react-dom.development.js:26505:5)
      at renderRootSync (node_modules/react-dom/cjs/react-dom.development.js:26473:7)
      at recoverFromConcurrentError (node_modules/react-dom/cjs/react-dom.development.js:25889:20)
      at performConcurrentWorkOnRoot (node_modules/react-dom/cjs/react-dom.development.js:25789:22)
      at flushActQueue (node_modules/react/cjs/react.development.js:2667:24)
      at act (node_modules/react/cjs/react.development.js:2582:11)
      at node_modules/@testing-library/react/dist/act-compat.js:47:25
      at renderRoot (node_modules/@testing-library/react/dist/pure.js:180:26)
      at render (node_modules/@testing-library/react/dist/pure.js:271:10)
      at Object.<anonymous> (src/components/study/__tests__/ModuleList.test.tsx:140:11)

    console.error
      The above error occurred in the <ModuleList> component:
      
          at ModuleList (/Users/yusefbach/Projekte/studynexus/frontend/src/components/study/ModuleList.tsx:31:71)
      
      Consider adding an error boundary to your tree to customize error handling behavior.
      Visit https://reactjs.org/link/error-boundaries to learn more about error boundaries.

      138 |   it("opens modal when module row is clicked", async () => {
      139 |     mockFetch(mockGroups);
    > 140 |     render(<ModuleList />);
          |           ^
      141 |     await waitFor(() => screen.getByText("Programmieren 1"));
      142 |
      143 |     fireEvent.click(screen.getByText("Programmieren 1").closest("button")!);

      at logCapturedError (node_modules/react-dom/cjs/react-dom.development.js:18704:23)
      at update.callback (node_modules/react-dom/cjs/react-dom.development.js:18737:5)
      at callCallback (node_modules/react-dom/cjs/react-dom.development.js:15036:12)
      at commitUpdateQueue (node_modules/react-dom/cjs/react-dom.development.js:15057:9)
      at commitLayoutEffectOnFiber (node_modules/react-dom/cjs/react-dom.development.js:23430:13)
      at commitLayoutMountEffects_complete (node_modules/react-dom/cjs/react-dom.development.js:24727:9)
      at commitLayoutEffects_begin (node_modules/react-dom/cjs/react-dom.development.js:24713:7)
      at commitLayoutEffects (node_modules/react-dom/cjs/react-dom.development.js:24651:3)
      at commitRootImpl (node_modules/react-dom/cjs/react-dom.development.js:26862:5)
      at commitRoot (node_modules/react-dom/cjs/react-dom.development.js:26721:5)
      at finishConcurrentRender (node_modules/react-dom/cjs/react-dom.development.js:25931:9)
      at performConcurrentWorkOnRoot (node_modules/react-dom/cjs/react-dom.development.js:25848:7)
      at flushActQueue (node_modules/react/cjs/react.development.js:2667:24)
      at act (node_modules/react/cjs/react.development.js:2582:11)
      at node_modules/@testing-library/react/dist/act-compat.js:47:25
      at renderRoot (node_modules/@testing-library/react/dist/pure.js:180:26)
      at render (node_modules/@testing-library/react/dist/pure.js:271:10)
      at Object.<anonymous> (src/components/study/__tests__/ModuleList.test.tsx:140:11)

    console.error
      Error: Uncaught [Error: No QueryClient set, use QueryClientProvider to set one]
          at reportException (/Users/yusefbach/Projekte/studynexus/frontend/node_modules/jsdom/lib/jsdom/living/helpers/runtime-script-errors.js:66:24)
          at innerInvokeEventListeners (/Users/yusefbach/Projekte/studynexus/frontend/node_modules/jsdom/lib/jsdom/living/events/EventTarget-impl.js:353:9)
          at invokeEventListeners (/Users/yusefbach/Projekte/studynexus/frontend/node_modules/jsdom/lib/jsdom/living/events/EventTarget-impl.js:286:3)
          at HTMLUnknownElementImpl._dispatch (/Users/yusefbach/Projekte/studynexus/frontend/node_modules/jsdom/lib/jsdom/living/events/EventTarget-impl.js:233:9)
          at HTMLUnknownElementImpl.dispatchEvent (/Users/yusefbach/Projekte/studynexus/frontend/node_modules/jsdom/lib/jsdom/living/events/EventTarget-impl.js:104:17)
          at HTMLUnknownElement.dispatchEvent (/Users/yusefbach/Projekte/studynexus/frontend/node_modules/jsdom/lib/jsdom/living/generated/EventTarget.js:241:34)
          at Object.invokeGuardedCallbackDev (/Users/yusefbach/Projekte/studynexus/frontend/node_modules/react-dom/cjs/react-dom.development.js:4213:16)
          at invokeGuardedCallback (/Users/yusefbach/Projekte/studynexus/frontend/node_modules/react-dom/cjs/react-dom.development.js:4277:31)
          at beginWork$1 (/Users/yusefbach/Projekte/studynexus/frontend/node_modules/react-dom/cjs/react-dom.development.js:27490:7)
          at performUnitOfWork (/Users/yusefbach/Projekte/studynexus/frontend/node_modules/react-dom/cjs/react-dom.development.js:26599:12)
          at workLoopSync (/Users/yusefbach/Projekte/studynexus/frontend/node_modules/react-dom/cjs/react-dom.development.js:26505:5)
          at renderRootSync (/Users/yusefbach/Projekte/studynexus/frontend/node_modules/react-dom/cjs/react-dom.development.js:26473:7)
          at performConcurrentWorkOnRoot (/Users/yusefbach/Projekte/studynexus/frontend/node_modules/react-dom/cjs/react-dom.development.js:25777:74)
          at flushActQueue (/Users/yusefbach/Projekte/studynexus/frontend/node_modules/react/cjs/react.development.js:2667:24)
          at act (/Users/yusefbach/Projekte/studynexus/frontend/node_modules/react/cjs/react.development.js:2582:11)
          at /Users/yusefbach/Projekte/studynexus/frontend/node_modules/@testing-library/react/dist/act-compat.js:47:25
          at renderRoot (/Users/yusefbach/Projekte/studynexus/frontend/node_modules/@testing-library/react/dist/pure.js:180:26)
          at render (/Users/yusefbach/Projekte/studynexus/frontend/node_modules/@testing-library/react/dist/pure.js:271:10)
          at Object.<anonymous> (/Users/yusefbach/Projekte/studynexus/frontend/src/components/study/__tests__/ModuleList.test.tsx:149:11)
          at Promise.then.completed (/Users/yusefbach/Projekte/studynexus/frontend/node_modules/jest-circus/build/utils.js:298:28)
          at new Promise (<anonymous>)
          at callAsyncCircusFn (/Users/yusefbach/Projekte/studynexus/frontend/node_modules/jest-circus/build/utils.js:231:10)
          at _callCircusTest (/Users/yusefbach/Projekte/studynexus/frontend/node_modules/jest-circus/build/run.js:316:40)
          at processTicksAndRejections (node:internal/process/task_queues:104:5)
          at _runTest (/Users/yusefbach/Projekte/studynexus/frontend/node_modules/jest-circus/build/run.js:252:3)
          at _runTestsForDescribeBlock (/Users/yusefbach/Projekte/studynexus/frontend/node_modules/jest-circus/build/run.js:126:9)
          at _runTestsForDescribeBlock (/Users/yusefbach/Projekte/studynexus/frontend/node_modules/jest-circus/build/run.js:121:9)
          at run (/Users/yusefbach/Projekte/studynexus/frontend/node_modules/jest-circus/build/run.js:71:3)
          at runAndTransformResultsToJestFormat (/Users/yusefbach/Projekte/studynexus/frontend/node_modules/jest-circus/build/legacy-code-todo-rewrite/jestAdapterInit.js:122:21)
          at jestAdapter (/Users/yusefbach/Projekte/studynexus/frontend/node_modules/jest-circus/build/legacy-code-todo-rewrite/jestAdapter.js:79:19)
          at runTestInternal (/Users/yusefbach/Projekte/studynexus/frontend/node_modules/jest-runner/build/runTest.js:367:16)
          at runTest (/Users/yusefbach/Projekte/studynexus/frontend/node_modules/jest-runner/build/runTest.js:444:34)
          at Object.worker (/Users/yusefbach/Projekte/studynexus/frontend/node_modules/jest-runner/build/testWorker.js:106:12) {
        detail: Error: No QueryClient set, use QueryClientProvider to set one
            at useQueryClient (/Users/yusefbach/Projekte/studynexus/frontend/node_modules/@tanstack/react-query/src/QueryClientProvider.tsx:18:11)
            at useBaseQuery (/Users/yusefbach/Projekte/studynexus/frontend/node_modules/@tanstack/react-query/src/useBaseQuery.ts:54:18)
            at useQuery (/Users/yusefbach/Projekte/studynexus/frontend/node_modules/@tanstack/react-query/src/useQuery.ts:51:10)
            at useUserModules (/Users/yusefbach/Projekte/studynexus/frontend/src/hooks/queries/useUserModules.ts:7:18)
            at ModuleList (/Users/yusefbach/Projekte/studynexus/frontend/src/components/study/ModuleList.tsx:31:71)
            at renderWithHooks (/Users/yusefbach/Projekte/studynexus/frontend/node_modules/react-dom/cjs/react-dom.development.js:15486:18)
            at mountIndeterminateComponent (/Users/yusefbach/Projekte/studynexus/frontend/node_modules/react-dom/cjs/react-dom.development.js:20103:13)
            at beginWork (/Users/yusefbach/Projekte/studynexus/frontend/node_modules/react-dom/cjs/react-dom.development.js:21626:16)
            at HTMLUnknownElement.callCallback (/Users/yusefbach/Projekte/studynexus/frontend/node_modules/react-dom/cjs/react-dom.development.js:4164:14)
            at HTMLUnknownElement.callTheUserObjectsOperation (/Users/yusefbach/Projekte/studynexus/frontend/node_modules/jsdom/lib/jsdom/living/generated/EventListener.js:26:30)
            at innerInvokeEventListeners (/Users/yusefbach/Projekte/studynexus/frontend/node_modules/jsdom/lib/jsdom/living/events/EventTarget-impl.js:350:25)
            at invokeEventListeners (/Users/yusefbach/Projekte/studynexus/frontend/node_modules/jsdom/lib/jsdom/living/events/EventTarget-impl.js:286:3)
            at HTMLUnknownElementImpl._dispatch (/Users/yusefbach/Projekte/studynexus/frontend/node_modules/jsdom/lib/jsdom/living/events/EventTarget-impl.js:233:9)
            at HTMLUnknownElementImpl.dispatchEvent (/Users/yusefbach/Projekte/studynexus/frontend/node_modules/jsdom/lib/jsdom/living/events/EventTarget-impl.js:104:17)
            at HTMLUnknownElement.dispatchEvent (/Users/yusefbach/Projekte/studynexus/frontend/node_modules/jsdom/lib/jsdom/living/generated/EventTarget.js:241:34)
            at Object.invokeGuardedCallbackDev (/Users/yusefbach/Projekte/studynexus/frontend/node_modules/react-dom/cjs/react-dom.development.js:4213:16)
            at invokeGuardedCallback (/Users/yusefbach/Projekte/studynexus/frontend/node_modules/react-dom/cjs/react-dom.development.js:4277:31)
            at beginWork$1 (/Users/yusefbach/Projekte/studynexus/frontend/node_modules/react-dom/cjs/react-dom.development.js:27490:7)
            at performUnitOfWork (/Users/yusefbach/Projekte/studynexus/frontend/node_modules/react-dom/cjs/react-dom.development.js:26599:12)
            at workLoopSync (/Users/yusefbach/Projekte/studynexus/frontend/node_modules/react-dom/cjs/react-dom.development.js:26505:5)
            at renderRootSync (/Users/yusefbach/Projekte/studynexus/frontend/node_modules/react-dom/cjs/react-dom.development.js:26473:7)
            at performConcurrentWorkOnRoot (/Users/yusefbach/Projekte/studynexus/frontend/node_modules/react-dom/cjs/react-dom.development.js:25777:74)
            at flushActQueue (/Users/yusefbach/Projekte/studynexus/frontend/node_modules/react/cjs/react.development.js:2667:24)
            at act (/Users/yusefbach/Projekte/studynexus/frontend/node_modules/react/cjs/react.development.js:2582:11)
            at /Users/yusefbach/Projekte/studynexus/frontend/node_modules/@testing-library/react/dist/act-compat.js:47:25
            at renderRoot (/Users/yusefbach/Projekte/studynexus/frontend/node_modules/@testing-library/react/dist/pure.js:180:26)
            at render (/Users/yusefbach/Projekte/studynexus/frontend/node_modules/@testing-library/react/dist/pure.js:271:10)
            at Object.<anonymous> (/Users/yusefbach/Projekte/studynexus/frontend/src/components/study/__tests__/ModuleList.test.tsx:149:11)
            at Promise.then.completed (/Users/yusefbach/Projekte/studynexus/frontend/node_modules/jest-circus/build/utils.js:298:28)
            at new Promise (<anonymous>)
            at callAsyncCircusFn (/Users/yusefbach/Projekte/studynexus/frontend/node_modules/jest-circus/build/utils.js:231:10)
            at _callCircusTest (/Users/yusefbach/Projekte/studynexus/frontend/node_modules/jest-circus/build/run.js:316:40)
            at processTicksAndRejections (node:internal/process/task_queues:104:5)
            at _runTest (/Users/yusefbach/Projekte/studynexus/frontend/node_modules/jest-circus/build/run.js:252:3)
            at _runTestsForDescribeBlock (/Users/yusefbach/Projekte/studynexus/frontend/node_modules/jest-circus/build/run.js:126:9)
            at _runTestsForDescribeBlock (/Users/yusefbach/Projekte/studynexus/frontend/node_modules/jest-circus/build/run.js:121:9)
            at run (/Users/yusefbach/Projekte/studynexus/frontend/node_modules/jest-circus/build/run.js:71:3)
            at runAndTransformResultsToJestFormat (/Users/yusefbach/Projekte/studynexus/frontend/node_modules/jest-circus/build/legacy-code-todo-rewrite/jestAdapterInit.js:122:21)
            at jestAdapter (/Users/yusefbach/Projekte/studynexus/frontend/node_modules/jest-circus/build/legacy-code-todo-rewrite/jestAdapter.js:79:19)
            at runTestInternal (/Users/yusefbach/Projekte/studynexus/frontend/node_modules/jest-runner/build/runTest.js:367:16)
            at runTest (/Users/yusefbach/Projekte/studynexus/frontend/node_modules/jest-runner/build/runTest.js:444:34)
            at Object.worker (/Users/yusefbach/Projekte/studynexus/frontend/node_modules/jest-runner/build/testWorker.js:106:12),
        type: 'unhandled exception'
      }

      147 |   it("shows add module button after loading", async () => {
      148 |     mockFetch(mockGroups);
    > 149 |     render(<ModuleList />);
          |           ^
      150 |     await waitFor(() => {
      151 |       expect(screen.getByText("dashboard.modules.addButton")).toBeInTheDocument();
      152 |     });

      at VirtualConsole.<anonymous> (node_modules/jest-environment-jsdom/build/index.js:63:23)
      at reportException (node_modules/jsdom/lib/jsdom/living/helpers/runtime-script-errors.js:70:28)
      at innerInvokeEventListeners (node_modules/jsdom/lib/jsdom/living/events/EventTarget-impl.js:353:9)
      at invokeEventListeners (node_modules/jsdom/lib/jsdom/living/events/EventTarget-impl.js:286:3)
      at HTMLUnknownElementImpl._dispatch (node_modules/jsdom/lib/jsdom/living/events/EventTarget-impl.js:233:9)
      at HTMLUnknownElementImpl.dispatchEvent (node_modules/jsdom/lib/jsdom/living/events/EventTarget-impl.js:104:17)
      at HTMLUnknownElement.dispatchEvent (node_modules/jsdom/lib/jsdom/living/generated/EventTarget.js:241:34)
      at Object.invokeGuardedCallbackDev (node_modules/react-dom/cjs/react-dom.development.js:4213:16)
      at invokeGuardedCallback (node_modules/react-dom/cjs/react-dom.development.js:4277:31)
      at beginWork$1 (node_modules/react-dom/cjs/react-dom.development.js:27490:7)
      at performUnitOfWork (node_modules/react-dom/cjs/react-dom.development.js:26599:12)
      at workLoopSync (node_modules/react-dom/cjs/react-dom.development.js:26505:5)
      at renderRootSync (node_modules/react-dom/cjs/react-dom.development.js:26473:7)
      at performConcurrentWorkOnRoot (node_modules/react-dom/cjs/react-dom.development.js:25777:74)
      at flushActQueue (node_modules/react/cjs/react.development.js:2667:24)
      at act (node_modules/react/cjs/react.development.js:2582:11)
      at node_modules/@testing-library/react/dist/act-compat.js:47:25
      at renderRoot (node_modules/@testing-library/react/dist/pure.js:180:26)
      at render (node_modules/@testing-library/react/dist/pure.js:271:10)
      at Object.<anonymous> (src/components/study/__tests__/ModuleList.test.tsx:149:11)

    console.error
      Error: Uncaught [Error: No QueryClient set, use QueryClientProvider to set one]
          at reportException (/Users/yusefbach/Projekte/studynexus/frontend/node_modules/jsdom/lib/jsdom/living/helpers/runtime-script-errors.js:66:24)
          at innerInvokeEventListeners (/Users/yusefbach/Projekte/studynexus/frontend/node_modules/jsdom/lib/jsdom/living/events/EventTarget-impl.js:353:9)
          at invokeEventListeners (/Users/yusefbach/Projekte/studynexus/frontend/node_modules/jsdom/lib/jsdom/living/events/EventTarget-impl.js:286:3)
          at HTMLUnknownElementImpl._dispatch (/Users/yusefbach/Projekte/studynexus/frontend/node_modules/jsdom/lib/jsdom/living/events/EventTarget-impl.js:233:9)
          at HTMLUnknownElementImpl.dispatchEvent (/Users/yusefbach/Projekte/studynexus/frontend/node_modules/jsdom/lib/jsdom/living/events/EventTarget-impl.js:104:17)
          at HTMLUnknownElement.dispatchEvent (/Users/yusefbach/Projekte/studynexus/frontend/node_modules/jsdom/lib/jsdom/living/generated/EventTarget.js:241:34)
          at Object.invokeGuardedCallbackDev (/Users/yusefbach/Projekte/studynexus/frontend/node_modules/react-dom/cjs/react-dom.development.js:4213:16)
          at invokeGuardedCallback (/Users/yusefbach/Projekte/studynexus/frontend/node_modules/react-dom/cjs/react-dom.development.js:4277:31)
          at beginWork$1 (/Users/yusefbach/Projekte/studynexus/frontend/node_modules/react-dom/cjs/react-dom.development.js:27490:7)
          at performUnitOfWork (/Users/yusefbach/Projekte/studynexus/frontend/node_modules/react-dom/cjs/react-dom.development.js:26599:12)
          at workLoopSync (/Users/yusefbach/Projekte/studynexus/frontend/node_modules/react-dom/cjs/react-dom.development.js:26505:5)
          at renderRootSync (/Users/yusefbach/Projekte/studynexus/frontend/node_modules/react-dom/cjs/react-dom.development.js:26473:7)
          at recoverFromConcurrentError (/Users/yusefbach/Projekte/studynexus/frontend/node_modules/react-dom/cjs/react-dom.development.js:25889:20)
          at performConcurrentWorkOnRoot (/Users/yusefbach/Projekte/studynexus/frontend/node_modules/react-dom/cjs/react-dom.development.js:25789:22)
          at flushActQueue (/Users/yusefbach/Projekte/studynexus/frontend/node_modules/react/cjs/react.development.js:2667:24)
          at act (/Users/yusefbach/Projekte/studynexus/frontend/node_modules/react/cjs/react.development.js:2582:11)
          at /Users/yusefbach/Projekte/studynexus/frontend/node_modules/@testing-library/react/dist/act-compat.js:47:25
          at renderRoot (/Users/yusefbach/Projekte/studynexus/frontend/node_modules/@testing-library/react/dist/pure.js:180:26)
          at render (/Users/yusefbach/Projekte/studynexus/frontend/node_modules/@testing-library/react/dist/pure.js:271:10)
          at Object.<anonymous> (/Users/yusefbach/Projekte/studynexus/frontend/src/components/study/__tests__/ModuleList.test.tsx:149:11)
          at Promise.then.completed (/Users/yusefbach/Projekte/studynexus/frontend/node_modules/jest-circus/build/utils.js:298:28)
          at new Promise (<anonymous>)
          at callAsyncCircusFn (/Users/yusefbach/Projekte/studynexus/frontend/node_modules/jest-circus/build/utils.js:231:10)
          at _callCircusTest (/Users/yusefbach/Projekte/studynexus/frontend/node_modules/jest-circus/build/run.js:316:40)
          at processTicksAndRejections (node:internal/process/task_queues:104:5)
          at _runTest (/Users/yusefbach/Projekte/studynexus/frontend/node_modules/jest-circus/build/run.js:252:3)
          at _runTestsForDescribeBlock (/Users/yusefbach/Projekte/studynexus/frontend/node_modules/jest-circus/build/run.js:126:9)
          at _runTestsForDescribeBlock (/Users/yusefbach/Projekte/studynexus/frontend/node_modules/jest-circus/build/run.js:121:9)
          at run (/Users/yusefbach/Projekte/studynexus/frontend/node_modules/jest-circus/build/run.js:71:3)
          at runAndTransformResultsToJestFormat (/Users/yusefbach/Projekte/studynexus/frontend/node_modules/jest-circus/build/legacy-code-todo-rewrite/jestAdapterInit.js:122:21)
          at jestAdapter (/Users/yusefbach/Projekte/studynexus/frontend/node_modules/jest-circus/build/legacy-code-todo-rewrite/jestAdapter.js:79:19)
          at runTestInternal (/Users/yusefbach/Projekte/studynexus/frontend/node_modules/jest-runner/build/runTest.js:367:16)
          at runTest (/Users/yusefbach/Projekte/studynexus/frontend/node_modules/jest-runner/build/runTest.js:444:34)
          at Object.worker (/Users/yusefbach/Projekte/studynexus/frontend/node_modules/jest-runner/build/testWorker.js:106:12) {
        detail: Error: No QueryClient set, use QueryClientProvider to set one
            at useQueryClient (/Users/yusefbach/Projekte/studynexus/frontend/node_modules/@tanstack/react-query/src/QueryClientProvider.tsx:18:11)
            at useBaseQuery (/Users/yusefbach/Projekte/studynexus/frontend/node_modules/@tanstack/react-query/src/useBaseQuery.ts:54:18)
            at useQuery (/Users/yusefbach/Projekte/studynexus/frontend/node_modules/@tanstack/react-query/src/useQuery.ts:51:10)
            at useUserModules (/Users/yusefbach/Projekte/studynexus/frontend/src/hooks/queries/useUserModules.ts:7:18)
            at ModuleList (/Users/yusefbach/Projekte/studynexus/frontend/src/components/study/ModuleList.tsx:31:71)
            at renderWithHooks (/Users/yusefbach/Projekte/studynexus/frontend/node_modules/react-dom/cjs/react-dom.development.js:15486:18)
            at mountIndeterminateComponent (/Users/yusefbach/Projekte/studynexus/frontend/node_modules/react-dom/cjs/react-dom.development.js:20103:13)
            at beginWork (/Users/yusefbach/Projekte/studynexus/frontend/node_modules/react-dom/cjs/react-dom.development.js:21626:16)
            at HTMLUnknownElement.callCallback (/Users/yusefbach/Projekte/studynexus/frontend/node_modules/react-dom/cjs/react-dom.development.js:4164:14)
            at HTMLUnknownElement.callTheUserObjectsOperation (/Users/yusefbach/Projekte/studynexus/frontend/node_modules/jsdom/lib/jsdom/living/generated/EventListener.js:26:30)
            at innerInvokeEventListeners (/Users/yusefbach/Projekte/studynexus/frontend/node_modules/jsdom/lib/jsdom/living/events/EventTarget-impl.js:350:25)
            at invokeEventListeners (/Users/yusefbach/Projekte/studynexus/frontend/node_modules/jsdom/lib/jsdom/living/events/EventTarget-impl.js:286:3)
            at HTMLUnknownElementImpl._dispatch (/Users/yusefbach/Projekte/studynexus/frontend/node_modules/jsdom/lib/jsdom/living/events/EventTarget-impl.js:233:9)
            at HTMLUnknownElementImpl.dispatchEvent (/Users/yusefbach/Projekte/studynexus/frontend/node_modules/jsdom/lib/jsdom/living/events/EventTarget-impl.js:104:17)
            at HTMLUnknownElement.dispatchEvent (/Users/yusefbach/Projekte/studynexus/frontend/node_modules/jsdom/lib/jsdom/living/generated/EventTarget.js:241:34)
            at Object.invokeGuardedCallbackDev (/Users/yusefbach/Projekte/studynexus/frontend/node_modules/react-dom/cjs/react-dom.development.js:4213:16)
            at invokeGuardedCallback (/Users/yusefbach/Projekte/studynexus/frontend/node_modules/react-dom/cjs/react-dom.development.js:4277:31)
            at beginWork$1 (/Users/yusefbach/Projekte/studynexus/frontend/node_modules/react-dom/cjs/react-dom.development.js:27490:7)
            at performUnitOfWork (/Users/yusefbach/Projekte/studynexus/frontend/node_modules/react-dom/cjs/react-dom.development.js:26599:12)
            at workLoopSync (/Users/yusefbach/Projekte/studynexus/frontend/node_modules/react-dom/cjs/react-dom.development.js:26505:5)
            at renderRootSync (/Users/yusefbach/Projekte/studynexus/frontend/node_modules/react-dom/cjs/react-dom.development.js:26473:7)
            at recoverFromConcurrentError (/Users/yusefbach/Projekte/studynexus/frontend/node_modules/react-dom/cjs/react-dom.development.js:25889:20)
            at performConcurrentWorkOnRoot (/Users/yusefbach/Projekte/studynexus/frontend/node_modules/react-dom/cjs/react-dom.development.js:25789:22)
            at flushActQueue (/Users/yusefbach/Projekte/studynexus/frontend/node_modules/react/cjs/react.development.js:2667:24)
            at act (/Users/yusefbach/Projekte/studynexus/frontend/node_modules/react/cjs/react.development.js:2582:11)
            at /Users/yusefbach/Projekte/studynexus/frontend/node_modules/@testing-library/react/dist/act-compat.js:47:25
            at renderRoot (/Users/yusefbach/Projekte/studynexus/frontend/node_modules/@testing-library/react/dist/pure.js:180:26)
            at render (/Users/yusefbach/Projekte/studynexus/frontend/node_modules/@testing-library/react/dist/pure.js:271:10)
            at Object.<anonymous> (/Users/yusefbach/Projekte/studynexus/frontend/src/components/study/__tests__/ModuleList.test.tsx:149:11)
            at Promise.then.completed (/Users/yusefbach/Projekte/studynexus/frontend/node_modules/jest-circus/build/utils.js:298:28)
            at new Promise (<anonymous>)
            at callAsyncCircusFn (/Users/yusefbach/Projekte/studynexus/frontend/node_modules/jest-circus/build/utils.js:231:10)
            at _callCircusTest (/Users/yusefbach/Projekte/studynexus/frontend/node_modules/jest-circus/build/run.js:316:40)
            at processTicksAndRejections (node:internal/process/task_queues:104:5)
            at _runTest (/Users/yusefbach/Projekte/studynexus/frontend/node_modules/jest-circus/build/run.js:252:3)
            at _runTestsForDescribeBlock (/Users/yusefbach/Projekte/studynexus/frontend/node_modules/jest-circus/build/run.js:126:9)
            at _runTestsForDescribeBlock (/Users/yusefbach/Projekte/studynexus/frontend/node_modules/jest-circus/build/run.js:121:9)
            at run (/Users/yusefbach/Projekte/studynexus/frontend/node_modules/jest-circus/build/run.js:71:3)
            at runAndTransformResultsToJestFormat (/Users/yusefbach/Projekte/studynexus/frontend/node_modules/jest-circus/build/legacy-code-todo-rewrite/jestAdapterInit.js:122:21)
            at jestAdapter (/Users/yusefbach/Projekte/studynexus/frontend/node_modules/jest-circus/build/legacy-code-todo-rewrite/jestAdapter.js:79:19)
            at runTestInternal (/Users/yusefbach/Projekte/studynexus/frontend/node_modules/jest-runner/build/runTest.js:367:16)
            at runTest (/Users/yusefbach/Projekte/studynexus/frontend/node_modules/jest-runner/build/runTest.js:444:34)
            at Object.worker (/Users/yusefbach/Projekte/studynexus/frontend/node_modules/jest-runner/build/testWorker.js:106:12),
        type: 'unhandled exception'
      }

      147 |   it("shows add module button after loading", async () => {
      148 |     mockFetch(mockGroups);
    > 149 |     render(<ModuleList />);
          |           ^
      150 |     await waitFor(() => {
      151 |       expect(screen.getByText("dashboard.modules.addButton")).toBeInTheDocument();
      152 |     });

      at VirtualConsole.<anonymous> (node_modules/jest-environment-jsdom/build/index.js:63:23)
      at reportException (node_modules/jsdom/lib/jsdom/living/helpers/runtime-script-errors.js:70:28)
      at innerInvokeEventListeners (node_modules/jsdom/lib/jsdom/living/events/EventTarget-impl.js:353:9)
      at invokeEventListeners (node_modules/jsdom/lib/jsdom/living/events/EventTarget-impl.js:286:3)
      at HTMLUnknownElementImpl._dispatch (node_modules/jsdom/lib/jsdom/living/events/EventTarget-impl.js:233:9)
      at HTMLUnknownElementImpl.dispatchEvent (node_modules/jsdom/lib/jsdom/living/events/EventTarget-impl.js:104:17)
      at HTMLUnknownElement.dispatchEvent (node_modules/jsdom/lib/jsdom/living/generated/EventTarget.js:241:34)
      at Object.invokeGuardedCallbackDev (node_modules/react-dom/cjs/react-dom.development.js:4213:16)
      at invokeGuardedCallback (node_modules/react-dom/cjs/react-dom.development.js:4277:31)
      at beginWork$1 (node_modules/react-dom/cjs/react-dom.development.js:27490:7)
      at performUnitOfWork (node_modules/react-dom/cjs/react-dom.development.js:26599:12)
      at workLoopSync (node_modules/react-dom/cjs/react-dom.development.js:26505:5)
      at renderRootSync (node_modules/react-dom/cjs/react-dom.development.js:26473:7)
      at recoverFromConcurrentError (node_modules/react-dom/cjs/react-dom.development.js:25889:20)
      at performConcurrentWorkOnRoot (node_modules/react-dom/cjs/react-dom.development.js:25789:22)
      at flushActQueue (node_modules/react/cjs/react.development.js:2667:24)
      at act (node_modules/react/cjs/react.development.js:2582:11)
      at node_modules/@testing-library/react/dist/act-compat.js:47:25
      at renderRoot (node_modules/@testing-library/react/dist/pure.js:180:26)
      at render (node_modules/@testing-library/react/dist/pure.js:271:10)
      at Object.<anonymous> (src/components/study/__tests__/ModuleList.test.tsx:149:11)

    console.error
      The above error occurred in the <ModuleList> component:
      
          at ModuleList (/Users/yusefbach/Projekte/studynexus/frontend/src/components/study/ModuleList.tsx:31:71)
      
      Consider adding an error boundary to your tree to customize error handling behavior.
      Visit https://reactjs.org/link/error-boundaries to learn more about error boundaries.

      147 |   it("shows add module button after loading", async () => {
      148 |     mockFetch(mockGroups);
    > 149 |     render(<ModuleList />);
          |           ^
      150 |     await waitFor(() => {
      151 |       expect(screen.getByText("dashboard.modules.addButton")).toBeInTheDocument();
      152 |     });

      at logCapturedError (node_modules/react-dom/cjs/react-dom.development.js:18704:23)
      at update.callback (node_modules/react-dom/cjs/react-dom.development.js:18737:5)
      at callCallback (node_modules/react-dom/cjs/react-dom.development.js:15036:12)
      at commitUpdateQueue (node_modules/react-dom/cjs/react-dom.development.js:15057:9)
      at commitLayoutEffectOnFiber (node_modules/react-dom/cjs/react-dom.development.js:23430:13)
      at commitLayoutMountEffects_complete (node_modules/react-dom/cjs/react-dom.development.js:24727:9)
      at commitLayoutEffects_begin (node_modules/react-dom/cjs/react-dom.development.js:24713:7)
      at commitLayoutEffects (node_modules/react-dom/cjs/react-dom.development.js:24651:3)
      at commitRootImpl (node_modules/react-dom/cjs/react-dom.development.js:26862:5)
      at commitRoot (node_modules/react-dom/cjs/react-dom.development.js:26721:5)
      at finishConcurrentRender (node_modules/react-dom/cjs/react-dom.development.js:25931:9)
      at performConcurrentWorkOnRoot (node_modules/react-dom/cjs/react-dom.development.js:25848:7)
      at flushActQueue (node_modules/react/cjs/react.development.js:2667:24)
      at act (node_modules/react/cjs/react.development.js:2582:11)
      at node_modules/@testing-library/react/dist/act-compat.js:47:25
      at renderRoot (node_modules/@testing-library/react/dist/pure.js:180:26)
      at render (node_modules/@testing-library/react/dist/pure.js:271:10)
      at Object.<anonymous> (src/components/study/__tests__/ModuleList.test.tsx:149:11)

    console.error
      Error: Uncaught [Error: No QueryClient set, use QueryClientProvider to set one]
          at reportException (/Users/yusefbach/Projekte/studynexus/frontend/node_modules/jsdom/lib/jsdom/living/helpers/runtime-script-errors.js:66:24)
          at innerInvokeEventListeners (/Users/yusefbach/Projekte/studynexus/frontend/node_modules/jsdom/lib/jsdom/living/events/EventTarget-impl.js:353:9)
          at invokeEventListeners (/Users/yusefbach/Projekte/studynexus/frontend/node_modules/jsdom/lib/jsdom/living/events/EventTarget-impl.js:286:3)
          at HTMLUnknownElementImpl._dispatch (/Users/yusefbach/Projekte/studynexus/frontend/node_modules/jsdom/lib/jsdom/living/events/EventTarget-impl.js:233:9)
          at HTMLUnknownElementImpl.dispatchEvent (/Users/yusefbach/Projekte/studynexus/frontend/node_modules/jsdom/lib/jsdom/living/events/EventTarget-impl.js:104:17)
          at HTMLUnknownElement.dispatchEvent (/Users/yusefbach/Projekte/studynexus/frontend/node_modules/jsdom/lib/jsdom/living/generated/EventTarget.js:241:34)
          at Object.invokeGuardedCallbackDev (/Users/yusefbach/Projekte/studynexus/frontend/node_modules/react-dom/cjs/react-dom.development.js:4213:16)
          at invokeGuardedCallback (/Users/yusefbach/Projekte/studynexus/frontend/node_modules/react-dom/cjs/react-dom.development.js:4277:31)
          at beginWork$1 (/Users/yusefbach/Projekte/studynexus/frontend/node_modules/react-dom/cjs/react-dom.development.js:27490:7)
          at performUnitOfWork (/Users/yusefbach/Projekte/studynexus/frontend/node_modules/react-dom/cjs/react-dom.development.js:26599:12)
          at workLoopSync (/Users/yusefbach/Projekte/studynexus/frontend/node_modules/react-dom/cjs/react-dom.development.js:26505:5)
          at renderRootSync (/Users/yusefbach/Projekte/studynexus/frontend/node_modules/react-dom/cjs/react-dom.development.js:26473:7)
          at performConcurrentWorkOnRoot (/Users/yusefbach/Projekte/studynexus/frontend/node_modules/react-dom/cjs/react-dom.development.js:25777:74)
          at flushActQueue (/Users/yusefbach/Projekte/studynexus/frontend/node_modules/react/cjs/react.development.js:2667:24)
          at act (/Users/yusefbach/Projekte/studynexus/frontend/node_modules/react/cjs/react.development.js:2582:11)
          at /Users/yusefbach/Projekte/studynexus/frontend/node_modules/@testing-library/react/dist/act-compat.js:47:25
          at renderRoot (/Users/yusefbach/Projekte/studynexus/frontend/node_modules/@testing-library/react/dist/pure.js:180:26)
          at render (/Users/yusefbach/Projekte/studynexus/frontend/node_modules/@testing-library/react/dist/pure.js:271:10)
          at Object.<anonymous> (/Users/yusefbach/Projekte/studynexus/frontend/src/components/study/__tests__/ModuleList.test.tsx:162:11)
          at Promise.then.completed (/Users/yusefbach/Projekte/studynexus/frontend/node_modules/jest-circus/build/utils.js:298:28)
          at new Promise (<anonymous>)
          at callAsyncCircusFn (/Users/yusefbach/Projekte/studynexus/frontend/node_modules/jest-circus/build/utils.js:231:10)
          at _callCircusTest (/Users/yusefbach/Projekte/studynexus/frontend/node_modules/jest-circus/build/run.js:316:40)
          at processTicksAndRejections (node:internal/process/task_queues:104:5)
          at _runTest (/Users/yusefbach/Projekte/studynexus/frontend/node_modules/jest-circus/build/run.js:252:3)
          at _runTestsForDescribeBlock (/Users/yusefbach/Projekte/studynexus/frontend/node_modules/jest-circus/build/run.js:126:9)
          at _runTestsForDescribeBlock (/Users/yusefbach/Projekte/studynexus/frontend/node_modules/jest-circus/build/run.js:121:9)
          at run (/Users/yusefbach/Projekte/studynexus/frontend/node_modules/jest-circus/build/run.js:71:3)
          at runAndTransformResultsToJestFormat (/Users/yusefbach/Projekte/studynexus/frontend/node_modules/jest-circus/build/legacy-code-todo-rewrite/jestAdapterInit.js:122:21)
          at jestAdapter (/Users/yusefbach/Projekte/studynexus/frontend/node_modules/jest-circus/build/legacy-code-todo-rewrite/jestAdapter.js:79:19)
          at runTestInternal (/Users/yusefbach/Projekte/studynexus/frontend/node_modules/jest-runner/build/runTest.js:367:16)
          at runTest (/Users/yusefbach/Projekte/studynexus/frontend/node_modules/jest-runner/build/runTest.js:444:34)
          at Object.worker (/Users/yusefbach/Projekte/studynexus/frontend/node_modules/jest-runner/build/testWorker.js:106:12) {
        detail: Error: No QueryClient set, use QueryClientProvider to set one
            at useQueryClient (/Users/yusefbach/Projekte/studynexus/frontend/node_modules/@tanstack/react-query/src/QueryClientProvider.tsx:18:11)
            at useBaseQuery (/Users/yusefbach/Projekte/studynexus/frontend/node_modules/@tanstack/react-query/src/useBaseQuery.ts:54:18)
            at useQuery (/Users/yusefbach/Projekte/studynexus/frontend/node_modules/@tanstack/react-query/src/useQuery.ts:51:10)
            at useUserModules (/Users/yusefbach/Projekte/studynexus/frontend/src/hooks/queries/useUserModules.ts:7:18)
            at ModuleList (/Users/yusefbach/Projekte/studynexus/frontend/src/components/study/ModuleList.tsx:31:71)
            at renderWithHooks (/Users/yusefbach/Projekte/studynexus/frontend/node_modules/react-dom/cjs/react-dom.development.js:15486:18)
            at mountIndeterminateComponent (/Users/yusefbach/Projekte/studynexus/frontend/node_modules/react-dom/cjs/react-dom.development.js:20103:13)
            at beginWork (/Users/yusefbach/Projekte/studynexus/frontend/node_modules/react-dom/cjs/react-dom.development.js:21626:16)
            at HTMLUnknownElement.callCallback (/Users/yusefbach/Projekte/studynexus/frontend/node_modules/react-dom/cjs/react-dom.development.js:4164:14)
            at HTMLUnknownElement.callTheUserObjectsOperation (/Users/yusefbach/Projekte/studynexus/frontend/node_modules/jsdom/lib/jsdom/living/generated/EventListener.js:26:30)
            at innerInvokeEventListeners (/Users/yusefbach/Projekte/studynexus/frontend/node_modules/jsdom/lib/jsdom/living/events/EventTarget-impl.js:350:25)
            at invokeEventListeners (/Users/yusefbach/Projekte/studynexus/frontend/node_modules/jsdom/lib/jsdom/living/events/EventTarget-impl.js:286:3)
            at HTMLUnknownElementImpl._dispatch (/Users/yusefbach/Projekte/studynexus/frontend/node_modules/jsdom/lib/jsdom/living/events/EventTarget-impl.js:233:9)
            at HTMLUnknownElementImpl.dispatchEvent (/Users/yusefbach/Projekte/studynexus/frontend/node_modules/jsdom/lib/jsdom/living/events/EventTarget-impl.js:104:17)
            at HTMLUnknownElement.dispatchEvent (/Users/yusefbach/Projekte/studynexus/frontend/node_modules/jsdom/lib/jsdom/living/generated/EventTarget.js:241:34)
            at Object.invokeGuardedCallbackDev (/Users/yusefbach/Projekte/studynexus/frontend/node_modules/react-dom/cjs/react-dom.development.js:4213:16)
            at invokeGuardedCallback (/Users/yusefbach/Projekte/studynexus/frontend/node_modules/react-dom/cjs/react-dom.development.js:4277:31)
            at beginWork$1 (/Users/yusefbach/Projekte/studynexus/frontend/node_modules/react-dom/cjs/react-dom.development.js:27490:7)
            at performUnitOfWork (/Users/yusefbach/Projekte/studynexus/frontend/node_modules/react-dom/cjs/react-dom.development.js:26599:12)
            at workLoopSync (/Users/yusefbach/Projekte/studynexus/frontend/node_modules/react-dom/cjs/react-dom.development.js:26505:5)
            at renderRootSync (/Users/yusefbach/Projekte/studynexus/frontend/node_modules/react-dom/cjs/react-dom.development.js:26473:7)
            at performConcurrentWorkOnRoot (/Users/yusefbach/Projekte/studynexus/frontend/node_modules/react-dom/cjs/react-dom.development.js:25777:74)
            at flushActQueue (/Users/yusefbach/Projekte/studynexus/frontend/node_modules/react/cjs/react.development.js:2667:24)
            at act (/Users/yusefbach/Projekte/studynexus/frontend/node_modules/react/cjs/react.development.js:2582:11)
            at /Users/yusefbach/Projekte/studynexus/frontend/node_modules/@testing-library/react/dist/act-compat.js:47:25
            at renderRoot (/Users/yusefbach/Projekte/studynexus/frontend/node_modules/@testing-library/react/dist/pure.js:180:26)
            at render (/Users/yusefbach/Projekte/studynexus/frontend/node_modules/@testing-library/react/dist/pure.js:271:10)
            at Object.<anonymous> (/Users/yusefbach/Projekte/studynexus/frontend/src/components/study/__tests__/ModuleList.test.tsx:162:11)
            at Promise.then.completed (/Users/yusefbach/Projekte/studynexus/frontend/node_modules/jest-circus/build/utils.js:298:28)
            at new Promise (<anonymous>)
            at callAsyncCircusFn (/Users/yusefbach/Projekte/studynexus/frontend/node_modules/jest-circus/build/utils.js:231:10)
            at _callCircusTest (/Users/yusefbach/Projekte/studynexus/frontend/node_modules/jest-circus/build/run.js:316:40)
            at processTicksAndRejections (node:internal/process/task_queues:104:5)
            at _runTest (/Users/yusefbach/Projekte/studynexus/frontend/node_modules/jest-circus/build/run.js:252:3)
            at _runTestsForDescribeBlock (/Users/yusefbach/Projekte/studynexus/frontend/node_modules/jest-circus/build/run.js:126:9)
            at _runTestsForDescribeBlock (/Users/yusefbach/Projekte/studynexus/frontend/node_modules/jest-circus/build/run.js:121:9)
            at run (/Users/yusefbach/Projekte/studynexus/frontend/node_modules/jest-circus/build/run.js:71:3)
            at runAndTransformResultsToJestFormat (/Users/yusefbach/Projekte/studynexus/frontend/node_modules/jest-circus/build/legacy-code-todo-rewrite/jestAdapterInit.js:122:21)
            at jestAdapter (/Users/yusefbach/Projekte/studynexus/frontend/node_modules/jest-circus/build/legacy-code-todo-rewrite/jestAdapter.js:79:19)
            at runTestInternal (/Users/yusefbach/Projekte/studynexus/frontend/node_modules/jest-runner/build/runTest.js:367:16)
            at runTest (/Users/yusefbach/Projekte/studynexus/frontend/node_modules/jest-runner/build/runTest.js:444:34)
            at Object.worker (/Users/yusefbach/Projekte/studynexus/frontend/node_modules/jest-runner/build/testWorker.js:106:12),
        type: 'unhandled exception'
      }

      160 |
      161 |     const onModuleSaved = jest.fn();
    > 162 |     render(<ModuleList onModuleSaved={onModuleSaved} />);
          |           ^
      163 |     await waitFor(() => screen.getByText("Programmieren 1"));
      164 |
      165 |     fireEvent.click(screen.getByText("Programmieren 1").closest("button")!);

      at VirtualConsole.<anonymous> (node_modules/jest-environment-jsdom/build/index.js:63:23)
      at reportException (node_modules/jsdom/lib/jsdom/living/helpers/runtime-script-errors.js:70:28)
      at innerInvokeEventListeners (node_modules/jsdom/lib/jsdom/living/events/EventTarget-impl.js:353:9)
      at invokeEventListeners (node_modules/jsdom/lib/jsdom/living/events/EventTarget-impl.js:286:3)
      at HTMLUnknownElementImpl._dispatch (node_modules/jsdom/lib/jsdom/living/events/EventTarget-impl.js:233:9)
      at HTMLUnknownElementImpl.dispatchEvent (node_modules/jsdom/lib/jsdom/living/events/EventTarget-impl.js:104:17)
      at HTMLUnknownElement.dispatchEvent (node_modules/jsdom/lib/jsdom/living/generated/EventTarget.js:241:34)
      at Object.invokeGuardedCallbackDev (node_modules/react-dom/cjs/react-dom.development.js:4213:16)
      at invokeGuardedCallback (node_modules/react-dom/cjs/react-dom.development.js:4277:31)
      at beginWork$1 (node_modules/react-dom/cjs/react-dom.development.js:27490:7)
      at performUnitOfWork (node_modules/react-dom/cjs/react-dom.development.js:26599:12)
      at workLoopSync (node_modules/react-dom/cjs/react-dom.development.js:26505:5)
      at renderRootSync (node_modules/react-dom/cjs/react-dom.development.js:26473:7)
      at performConcurrentWorkOnRoot (node_modules/react-dom/cjs/react-dom.development.js:25777:74)
      at flushActQueue (node_modules/react/cjs/react.development.js:2667:24)
      at act (node_modules/react/cjs/react.development.js:2582:11)
      at node_modules/@testing-library/react/dist/act-compat.js:47:25
      at renderRoot (node_modules/@testing-library/react/dist/pure.js:180:26)
      at render (node_modules/@testing-library/react/dist/pure.js:271:10)
      at Object.<anonymous> (src/components/study/__tests__/ModuleList.test.tsx:162:11)

    console.error
      Error: Uncaught [Error: No QueryClient set, use QueryClientProvider to set one]
          at reportException (/Users/yusefbach/Projekte/studynexus/frontend/node_modules/jsdom/lib/jsdom/living/helpers/runtime-script-errors.js:66:24)
          at innerInvokeEventListeners (/Users/yusefbach/Projekte/studynexus/frontend/node_modules/jsdom/lib/jsdom/living/events/EventTarget-impl.js:353:9)
          at invokeEventListeners (/Users/yusefbach/Projekte/studynexus/frontend/node_modules/jsdom/lib/jsdom/living/events/EventTarget-impl.js:286:3)
          at HTMLUnknownElementImpl._dispatch (/Users/yusefbach/Projekte/studynexus/frontend/node_modules/jsdom/lib/jsdom/living/events/EventTarget-impl.js:233:9)
          at HTMLUnknownElementImpl.dispatchEvent (/Users/yusefbach/Projekte/studynexus/frontend/node_modules/jsdom/lib/jsdom/living/events/EventTarget-impl.js:104:17)
          at HTMLUnknownElement.dispatchEvent (/Users/yusefbach/Projekte/studynexus/frontend/node_modules/jsdom/lib/jsdom/living/generated/EventTarget.js:241:34)
          at Object.invokeGuardedCallbackDev (/Users/yusefbach/Projekte/studynexus/frontend/node_modules/react-dom/cjs/react-dom.development.js:4213:16)
          at invokeGuardedCallback (/Users/yusefbach/Projekte/studynexus/frontend/node_modules/react-dom/cjs/react-dom.development.js:4277:31)
          at beginWork$1 (/Users/yusefbach/Projekte/studynexus/frontend/node_modules/react-dom/cjs/react-dom.development.js:27490:7)
          at performUnitOfWork (/Users/yusefbach/Projekte/studynexus/frontend/node_modules/react-dom/cjs/react-dom.development.js:26599:12)
          at workLoopSync (/Users/yusefbach/Projekte/studynexus/frontend/node_modules/react-dom/cjs/react-dom.development.js:26505:5)
          at renderRootSync (/Users/yusefbach/Projekte/studynexus/frontend/node_modules/react-dom/cjs/react-dom.development.js:26473:7)
          at recoverFromConcurrentError (/Users/yusefbach/Projekte/studynexus/frontend/node_modules/react-dom/cjs/react-dom.development.js:25889:20)
          at performConcurrentWorkOnRoot (/Users/yusefbach/Projekte/studynexus/frontend/node_modules/react-dom/cjs/react-dom.development.js:25789:22)
          at flushActQueue (/Users/yusefbach/Projekte/studynexus/frontend/node_modules/react/cjs/react.development.js:2667:24)
          at act (/Users/yusefbach/Projekte/studynexus/frontend/node_modules/react/cjs/react.development.js:2582:11)
          at /Users/yusefbach/Projekte/studynexus/frontend/node_modules/@testing-library/react/dist/act-compat.js:47:25
          at renderRoot (/Users/yusefbach/Projekte/studynexus/frontend/node_modules/@testing-library/react/dist/pure.js:180:26)
          at render (/Users/yusefbach/Projekte/studynexus/frontend/node_modules/@testing-library/react/dist/pure.js:271:10)
          at Object.<anonymous> (/Users/yusefbach/Projekte/studynexus/frontend/src/components/study/__tests__/ModuleList.test.tsx:162:11)
          at Promise.then.completed (/Users/yusefbach/Projekte/studynexus/frontend/node_modules/jest-circus/build/utils.js:298:28)
          at new Promise (<anonymous>)
          at callAsyncCircusFn (/Users/yusefbach/Projekte/studynexus/frontend/node_modules/jest-circus/build/utils.js:231:10)
          at _callCircusTest (/Users/yusefbach/Projekte/studynexus/frontend/node_modules/jest-circus/build/run.js:316:40)
          at processTicksAndRejections (node:internal/process/task_queues:104:5)
          at _runTest (/Users/yusefbach/Projekte/studynexus/frontend/node_modules/jest-circus/build/run.js:252:3)
          at _runTestsForDescribeBlock (/Users/yusefbach/Projekte/studynexus/frontend/node_modules/jest-circus/build/run.js:126:9)
          at _runTestsForDescribeBlock (/Users/yusefbach/Projekte/studynexus/frontend/node_modules/jest-circus/build/run.js:121:9)
          at run (/Users/yusefbach/Projekte/studynexus/frontend/node_modules/jest-circus/build/run.js:71:3)
          at runAndTransformResultsToJestFormat (/Users/yusefbach/Projekte/studynexus/frontend/node_modules/jest-circus/build/legacy-code-todo-rewrite/jestAdapterInit.js:122:21)
          at jestAdapter (/Users/yusefbach/Projekte/studynexus/frontend/node_modules/jest-circus/build/legacy-code-todo-rewrite/jestAdapter.js:79:19)
          at runTestInternal (/Users/yusefbach/Projekte/studynexus/frontend/node_modules/jest-runner/build/runTest.js:367:16)
          at runTest (/Users/yusefbach/Projekte/studynexus/frontend/node_modules/jest-runner/build/runTest.js:444:34)
          at Object.worker (/Users/yusefbach/Projekte/studynexus/frontend/node_modules/jest-runner/build/testWorker.js:106:12) {
        detail: Error: No QueryClient set, use QueryClientProvider to set one
            at useQueryClient (/Users/yusefbach/Projekte/studynexus/frontend/node_modules/@tanstack/react-query/src/QueryClientProvider.tsx:18:11)
            at useBaseQuery (/Users/yusefbach/Projekte/studynexus/frontend/node_modules/@tanstack/react-query/src/useBaseQuery.ts:54:18)
            at useQuery (/Users/yusefbach/Projekte/studynexus/frontend/node_modules/@tanstack/react-query/src/useQuery.ts:51:10)
            at useUserModules (/Users/yusefbach/Projekte/studynexus/frontend/src/hooks/queries/useUserModules.ts:7:18)
            at ModuleList (/Users/yusefbach/Projekte/studynexus/frontend/src/components/study/ModuleList.tsx:31:71)
            at renderWithHooks (/Users/yusefbach/Projekte/studynexus/frontend/node_modules/react-dom/cjs/react-dom.development.js:15486:18)
            at mountIndeterminateComponent (/Users/yusefbach/Projekte/studynexus/frontend/node_modules/react-dom/cjs/react-dom.development.js:20103:13)
            at beginWork (/Users/yusefbach/Projekte/studynexus/frontend/node_modules/react-dom/cjs/react-dom.development.js:21626:16)
            at HTMLUnknownElement.callCallback (/Users/yusefbach/Projekte/studynexus/frontend/node_modules/react-dom/cjs/react-dom.development.js:4164:14)
            at HTMLUnknownElement.callTheUserObjectsOperation (/Users/yusefbach/Projekte/studynexus/frontend/node_modules/jsdom/lib/jsdom/living/generated/EventListener.js:26:30)
            at innerInvokeEventListeners (/Users/yusefbach/Projekte/studynexus/frontend/node_modules/jsdom/lib/jsdom/living/events/EventTarget-impl.js:350:25)
            at invokeEventListeners (/Users/yusefbach/Projekte/studynexus/frontend/node_modules/jsdom/lib/jsdom/living/events/EventTarget-impl.js:286:3)
            at HTMLUnknownElementImpl._dispatch (/Users/yusefbach/Projekte/studynexus/frontend/node_modules/jsdom/lib/jsdom/living/events/EventTarget-impl.js:233:9)
            at HTMLUnknownElementImpl.dispatchEvent (/Users/yusefbach/Projekte/studynexus/frontend/node_modules/jsdom/lib/jsdom/living/events/EventTarget-impl.js:104:17)
            at HTMLUnknownElement.dispatchEvent (/Users/yusefbach/Projekte/studynexus/frontend/node_modules/jsdom/lib/jsdom/living/generated/EventTarget.js:241:34)
            at Object.invokeGuardedCallbackDev (/Users/yusefbach/Projekte/studynexus/frontend/node_modules/react-dom/cjs/react-dom.development.js:4213:16)
            at invokeGuardedCallback (/Users/yusefbach/Projekte/studynexus/frontend/node_modules/react-dom/cjs/react-dom.development.js:4277:31)
            at beginWork$1 (/Users/yusefbach/Projekte/studynexus/frontend/node_modules/react-dom/cjs/react-dom.development.js:27490:7)
            at performUnitOfWork (/Users/yusefbach/Projekte/studynexus/frontend/node_modules/react-dom/cjs/react-dom.development.js:26599:12)
            at workLoopSync (/Users/yusefbach/Projekte/studynexus/frontend/node_modules/react-dom/cjs/react-dom.development.js:26505:5)
            at renderRootSync (/Users/yusefbach/Projekte/studynexus/frontend/node_modules/react-dom/cjs/react-dom.development.js:26473:7)
            at recoverFromConcurrentError (/Users/yusefbach/Projekte/studynexus/frontend/node_modules/react-dom/cjs/react-dom.development.js:25889:20)
            at performConcurrentWorkOnRoot (/Users/yusefbach/Projekte/studynexus/frontend/node_modules/react-dom/cjs/react-dom.development.js:25789:22)
            at flushActQueue (/Users/yusefbach/Projekte/studynexus/frontend/node_modules/react/cjs/react.development.js:2667:24)
            at act (/Users/yusefbach/Projekte/studynexus/frontend/node_modules/react/cjs/react.development.js:2582:11)
            at /Users/yusefbach/Projekte/studynexus/frontend/node_modules/@testing-library/react/dist/act-compat.js:47:25
            at renderRoot (/Users/yusefbach/Projekte/studynexus/frontend/node_modules/@testing-library/react/dist/pure.js:180:26)
            at render (/Users/yusefbach/Projekte/studynexus/frontend/node_modules/@testing-library/react/dist/pure.js:271:10)
            at Object.<anonymous> (/Users/yusefbach/Projekte/studynexus/frontend/src/components/study/__tests__/ModuleList.test.tsx:162:11)
            at Promise.then.completed (/Users/yusefbach/Projekte/studynexus/frontend/node_modules/jest-circus/build/utils.js:298:28)
            at new Promise (<anonymous>)
            at callAsyncCircusFn (/Users/yusefbach/Projekte/studynexus/frontend/node_modules/jest-circus/build/utils.js:231:10)
            at _callCircusTest (/Users/yusefbach/Projekte/studynexus/frontend/node_modules/jest-circus/build/run.js:316:40)
            at processTicksAndRejections (node:internal/process/task_queues:104:5)
            at _runTest (/Users/yusefbach/Projekte/studynexus/frontend/node_modules/jest-circus/build/run.js:252:3)
            at _runTestsForDescribeBlock (/Users/yusefbach/Projekte/studynexus/frontend/node_modules/jest-circus/build/run.js:126:9)
            at _runTestsForDescribeBlock (/Users/yusefbach/Projekte/studynexus/frontend/node_modules/jest-circus/build/run.js:121:9)
            at run (/Users/yusefbach/Projekte/studynexus/frontend/node_modules/jest-circus/build/run.js:71:3)
            at runAndTransformResultsToJestFormat (/Users/yusefbach/Projekte/studynexus/frontend/node_modules/jest-circus/build/legacy-code-todo-rewrite/jestAdapterInit.js:122:21)
            at jestAdapter (/Users/yusefbach/Projekte/studynexus/frontend/node_modules/jest-circus/build/legacy-code-todo-rewrite/jestAdapter.js:79:19)
            at runTestInternal (/Users/yusefbach/Projekte/studynexus/frontend/node_modules/jest-runner/build/runTest.js:367:16)
            at runTest (/Users/yusefbach/Projekte/studynexus/frontend/node_modules/jest-runner/build/runTest.js:444:34)
            at Object.worker (/Users/yusefbach/Projekte/studynexus/frontend/node_modules/jest-runner/build/testWorker.js:106:12),
        type: 'unhandled exception'
      }

      160 |
      161 |     const onModuleSaved = jest.fn();
    > 162 |     render(<ModuleList onModuleSaved={onModuleSaved} />);
          |           ^
      163 |     await waitFor(() => screen.getByText("Programmieren 1"));
      164 |
      165 |     fireEvent.click(screen.getByText("Programmieren 1").closest("button")!);

      at VirtualConsole.<anonymous> (node_modules/jest-environment-jsdom/build/index.js:63:23)
      at reportException (node_modules/jsdom/lib/jsdom/living/helpers/runtime-script-errors.js:70:28)
      at innerInvokeEventListeners (node_modules/jsdom/lib/jsdom/living/events/EventTarget-impl.js:353:9)
      at invokeEventListeners (node_modules/jsdom/lib/jsdom/living/events/EventTarget-impl.js:286:3)
      at HTMLUnknownElementImpl._dispatch (node_modules/jsdom/lib/jsdom/living/events/EventTarget-impl.js:233:9)
      at HTMLUnknownElementImpl.dispatchEvent (node_modules/jsdom/lib/jsdom/living/events/EventTarget-impl.js:104:17)
      at HTMLUnknownElement.dispatchEvent (node_modules/jsdom/lib/jsdom/living/generated/EventTarget.js:241:34)
      at Object.invokeGuardedCallbackDev (node_modules/react-dom/cjs/react-dom.development.js:4213:16)
      at invokeGuardedCallback (node_modules/react-dom/cjs/react-dom.development.js:4277:31)
      at beginWork$1 (node_modules/react-dom/cjs/react-dom.development.js:27490:7)
      at performUnitOfWork (node_modules/react-dom/cjs/react-dom.development.js:26599:12)
      at workLoopSync (node_modules/react-dom/cjs/react-dom.development.js:26505:5)
      at renderRootSync (node_modules/react-dom/cjs/react-dom.development.js:26473:7)
      at recoverFromConcurrentError (node_modules/react-dom/cjs/react-dom.development.js:25889:20)
      at performConcurrentWorkOnRoot (node_modules/react-dom/cjs/react-dom.development.js:25789:22)
      at flushActQueue (node_modules/react/cjs/react.development.js:2667:24)
      at act (node_modules/react/cjs/react.development.js:2582:11)
      at node_modules/@testing-library/react/dist/act-compat.js:47:25
      at renderRoot (node_modules/@testing-library/react/dist/pure.js:180:26)
      at render (node_modules/@testing-library/react/dist/pure.js:271:10)
      at Object.<anonymous> (src/components/study/__tests__/ModuleList.test.tsx:162:11)

    console.error
      The above error occurred in the <ModuleList> component:
      
          at ModuleList (/Users/yusefbach/Projekte/studynexus/frontend/src/components/study/ModuleList.tsx:31:71)
      
      Consider adding an error boundary to your tree to customize error handling behavior.
      Visit https://reactjs.org/link/error-boundaries to learn more about error boundaries.

      160 |
      161 |     const onModuleSaved = jest.fn();
    > 162 |     render(<ModuleList onModuleSaved={onModuleSaved} />);
          |           ^
      163 |     await waitFor(() => screen.getByText("Programmieren 1"));
      164 |
      165 |     fireEvent.click(screen.getByText("Programmieren 1").closest("button")!);

      at logCapturedError (node_modules/react-dom/cjs/react-dom.development.js:18704:23)
      at update.callback (node_modules/react-dom/cjs/react-dom.development.js:18737:5)
      at callCallback (node_modules/react-dom/cjs/react-dom.development.js:15036:12)
      at commitUpdateQueue (node_modules/react-dom/cjs/react-dom.development.js:15057:9)
      at commitLayoutEffectOnFiber (node_modules/react-dom/cjs/react-dom.development.js:23430:13)
      at commitLayoutMountEffects_complete (node_modules/react-dom/cjs/react-dom.development.js:24727:9)
      at commitLayoutEffects_begin (node_modules/react-dom/cjs/react-dom.development.js:24713:7)
      at commitLayoutEffects (node_modules/react-dom/cjs/react-dom.development.js:24651:3)
      at commitRootImpl (node_modules/react-dom/cjs/react-dom.development.js:26862:5)
      at commitRoot (node_modules/react-dom/cjs/react-dom.development.js:26721:5)
      at finishConcurrentRender (node_modules/react-dom/cjs/react-dom.development.js:25931:9)
      at performConcurrentWorkOnRoot (node_modules/react-dom/cjs/react-dom.development.js:25848:7)
      at flushActQueue (node_modules/react/cjs/react.development.js:2667:24)
      at act (node_modules/react/cjs/react.development.js:2582:11)
      at node_modules/@testing-library/react/dist/act-compat.js:47:25
      at renderRoot (node_modules/@testing-library/react/dist/pure.js:180:26)
      at render (node_modules/@testing-library/react/dist/pure.js:271:10)
      at Object.<anonymous> (src/components/study/__tests__/ModuleList.test.tsx:162:11)

  ● ModuleList › shows loading text initially

    No QueryClient set, use QueryClientProvider to set one

       5 |
       6 | export function useUserModules() {
    >  7 |   return useQuery<StudentModulesBySemester[], Error>({
         |                  ^
       8 |     queryKey: ["userModules"],
       9 |     queryFn: async () => {
      10 |       const res = await fetch("/api/study/modules");

      at useQueryClient (node_modules/@tanstack/react-query/src/QueryClientProvider.tsx:18:11)
      at useBaseQuery (node_modules/@tanstack/react-query/src/useBaseQuery.ts:54:18)
      at useQuery (node_modules/@tanstack/react-query/src/useQuery.ts:51:10)
      at useUserModules (src/hooks/queries/useUserModules.ts:7:18)
      at ModuleList (src/components/study/ModuleList.tsx:31:71)
      at renderWithHooks (node_modules/react-dom/cjs/react-dom.development.js:15486:18)
      at mountIndeterminateComponent (node_modules/react-dom/cjs/react-dom.development.js:20103:13)
      at beginWork (node_modules/react-dom/cjs/react-dom.development.js:21626:16)
      at beginWork$1 (node_modules/react-dom/cjs/react-dom.development.js:27465:14)
      at performUnitOfWork (node_modules/react-dom/cjs/react-dom.development.js:26599:12)
      at workLoopSync (node_modules/react-dom/cjs/react-dom.development.js:26505:5)
      at renderRootSync (node_modules/react-dom/cjs/react-dom.development.js:26473:7)
      at recoverFromConcurrentError (node_modules/react-dom/cjs/react-dom.development.js:25889:20)
      at performConcurrentWorkOnRoot (node_modules/react-dom/cjs/react-dom.development.js:25789:22)
      at flushActQueue (node_modules/react/cjs/react.development.js:2667:24)
      at act (node_modules/react/cjs/react.development.js:2582:11)
      at node_modules/@testing-library/react/dist/act-compat.js:47:25
      at renderRoot (node_modules/@testing-library/react/dist/pure.js:180:26)
      at render (node_modules/@testing-library/react/dist/pure.js:271:10)
      at Object.<anonymous> (src/components/study/__tests__/ModuleList.test.tsx:84:11)

  ● ModuleList › renders semester heading and modules

    No QueryClient set, use QueryClientProvider to set one

       5 |
       6 | export function useUserModules() {
    >  7 |   return useQuery<StudentModulesBySemester[], Error>({
         |                  ^
       8 |     queryKey: ["userModules"],
       9 |     queryFn: async () => {
      10 |       const res = await fetch("/api/study/modules");

      at useQueryClient (node_modules/@tanstack/react-query/src/QueryClientProvider.tsx:18:11)
      at useBaseQuery (node_modules/@tanstack/react-query/src/useBaseQuery.ts:54:18)
      at useQuery (node_modules/@tanstack/react-query/src/useQuery.ts:51:10)
      at useUserModules (src/hooks/queries/useUserModules.ts:7:18)
      at ModuleList (src/components/study/ModuleList.tsx:31:71)
      at renderWithHooks (node_modules/react-dom/cjs/react-dom.development.js:15486:18)
      at mountIndeterminateComponent (node_modules/react-dom/cjs/react-dom.development.js:20103:13)
      at beginWork (node_modules/react-dom/cjs/react-dom.development.js:21626:16)
      at beginWork$1 (node_modules/react-dom/cjs/react-dom.development.js:27465:14)
      at performUnitOfWork (node_modules/react-dom/cjs/react-dom.development.js:26599:12)
      at workLoopSync (node_modules/react-dom/cjs/react-dom.development.js:26505:5)
      at renderRootSync (node_modules/react-dom/cjs/react-dom.development.js:26473:7)
      at recoverFromConcurrentError (node_modules/react-dom/cjs/react-dom.development.js:25889:20)
      at performConcurrentWorkOnRoot (node_modules/react-dom/cjs/react-dom.development.js:25789:22)
      at flushActQueue (node_modules/react/cjs/react.development.js:2667:24)
      at act (node_modules/react/cjs/react.development.js:2582:11)
      at node_modules/@testing-library/react/dist/act-compat.js:47:25
      at renderRoot (node_modules/@testing-library/react/dist/pure.js:180:26)
      at render (node_modules/@testing-library/react/dist/pure.js:271:10)
      at Object.<anonymous> (src/components/study/__tests__/ModuleList.test.tsx:90:11)

  ● ModuleList › renders kuerzel for modules that have it

    No QueryClient set, use QueryClientProvider to set one

       5 |
       6 | export function useUserModules() {
    >  7 |   return useQuery<StudentModulesBySemester[], Error>({
         |                  ^
       8 |     queryKey: ["userModules"],
       9 |     queryFn: async () => {
      10 |       const res = await fetch("/api/study/modules");

      at useQueryClient (node_modules/@tanstack/react-query/src/QueryClientProvider.tsx:18:11)
      at useBaseQuery (node_modules/@tanstack/react-query/src/useBaseQuery.ts:54:18)
      at useQuery (node_modules/@tanstack/react-query/src/useQuery.ts:51:10)
      at useUserModules (src/hooks/queries/useUserModules.ts:7:18)
      at ModuleList (src/components/study/ModuleList.tsx:31:71)
      at renderWithHooks (node_modules/react-dom/cjs/react-dom.development.js:15486:18)
      at mountIndeterminateComponent (node_modules/react-dom/cjs/react-dom.development.js:20103:13)
      at beginWork (node_modules/react-dom/cjs/react-dom.development.js:21626:16)
      at beginWork$1 (node_modules/react-dom/cjs/react-dom.development.js:27465:14)
      at performUnitOfWork (node_modules/react-dom/cjs/react-dom.development.js:26599:12)
      at workLoopSync (node_modules/react-dom/cjs/react-dom.development.js:26505:5)
      at renderRootSync (node_modules/react-dom/cjs/react-dom.development.js:26473:7)
      at recoverFromConcurrentError (node_modules/react-dom/cjs/react-dom.development.js:25889:20)
      at performConcurrentWorkOnRoot (node_modules/react-dom/cjs/react-dom.development.js:25789:22)
      at flushActQueue (node_modules/react/cjs/react.development.js:2667:24)
      at act (node_modules/react/cjs/react.development.js:2582:11)
      at node_modules/@testing-library/react/dist/act-compat.js:47:25
      at renderRoot (node_modules/@testing-library/react/dist/pure.js:180:26)
      at render (node_modules/@testing-library/react/dist/pure.js:271:10)
      at Object.<anonymous> (src/components/study/__tests__/ModuleList.test.tsx:100:11)

  ● ModuleList › renders PASSED status badge

    No QueryClient set, use QueryClientProvider to set one

       5 |
       6 | export function useUserModules() {
    >  7 |   return useQuery<StudentModulesBySemester[], Error>({
         |                  ^
       8 |     queryKey: ["userModules"],
       9 |     queryFn: async () => {
      10 |       const res = await fetch("/api/study/modules");

      at useQueryClient (node_modules/@tanstack/react-query/src/QueryClientProvider.tsx:18:11)
      at useBaseQuery (node_modules/@tanstack/react-query/src/useBaseQuery.ts:54:18)
      at useQuery (node_modules/@tanstack/react-query/src/useQuery.ts:51:10)
      at useUserModules (src/hooks/queries/useUserModules.ts:7:18)
      at ModuleList (src/components/study/ModuleList.tsx:31:71)
      at renderWithHooks (node_modules/react-dom/cjs/react-dom.development.js:15486:18)
      at mountIndeterminateComponent (node_modules/react-dom/cjs/react-dom.development.js:20103:13)
      at beginWork (node_modules/react-dom/cjs/react-dom.development.js:21626:16)
      at beginWork$1 (node_modules/react-dom/cjs/react-dom.development.js:27465:14)
      at performUnitOfWork (node_modules/react-dom/cjs/react-dom.development.js:26599:12)
      at workLoopSync (node_modules/react-dom/cjs/react-dom.development.js:26505:5)
      at renderRootSync (node_modules/react-dom/cjs/react-dom.development.js:26473:7)
      at recoverFromConcurrentError (node_modules/react-dom/cjs/react-dom.development.js:25889:20)
      at performConcurrentWorkOnRoot (node_modules/react-dom/cjs/react-dom.development.js:25789:22)
      at flushActQueue (node_modules/react/cjs/react.development.js:2667:24)
      at act (node_modules/react/cjs/react.development.js:2582:11)
      at node_modules/@testing-library/react/dist/act-compat.js:47:25
      at renderRoot (node_modules/@testing-library/react/dist/pure.js:180:26)
      at render (node_modules/@testing-library/react/dist/pure.js:271:10)
      at Object.<anonymous> (src/components/study/__tests__/ModuleList.test.tsx:108:11)

  ● ModuleList › renders note for passed modules

    No QueryClient set, use QueryClientProvider to set one

       5 |
       6 | export function useUserModules() {
    >  7 |   return useQuery<StudentModulesBySemester[], Error>({
         |                  ^
       8 |     queryKey: ["userModules"],
       9 |     queryFn: async () => {
      10 |       const res = await fetch("/api/study/modules");

      at useQueryClient (node_modules/@tanstack/react-query/src/QueryClientProvider.tsx:18:11)
      at useBaseQuery (node_modules/@tanstack/react-query/src/useBaseQuery.ts:54:18)
      at useQuery (node_modules/@tanstack/react-query/src/useQuery.ts:51:10)
      at useUserModules (src/hooks/queries/useUserModules.ts:7:18)
      at ModuleList (src/components/study/ModuleList.tsx:31:71)
      at renderWithHooks (node_modules/react-dom/cjs/react-dom.development.js:15486:18)
      at mountIndeterminateComponent (node_modules/react-dom/cjs/react-dom.development.js:20103:13)
      at beginWork (node_modules/react-dom/cjs/react-dom.development.js:21626:16)
      at beginWork$1 (node_modules/react-dom/cjs/react-dom.development.js:27465:14)
      at performUnitOfWork (node_modules/react-dom/cjs/react-dom.development.js:26599:12)
      at workLoopSync (node_modules/react-dom/cjs/react-dom.development.js:26505:5)
      at renderRootSync (node_modules/react-dom/cjs/react-dom.development.js:26473:7)
      at recoverFromConcurrentError (node_modules/react-dom/cjs/react-dom.development.js:25889:20)
      at performConcurrentWorkOnRoot (node_modules/react-dom/cjs/react-dom.development.js:25789:22)
      at flushActQueue (node_modules/react/cjs/react.development.js:2667:24)
      at act (node_modules/react/cjs/react.development.js:2582:11)
      at node_modules/@testing-library/react/dist/act-compat.js:47:25
      at renderRoot (node_modules/@testing-library/react/dist/pure.js:180:26)
      at render (node_modules/@testing-library/react/dist/pure.js:271:10)
      at Object.<anonymous> (src/components/study/__tests__/ModuleList.test.tsx:116:11)

  ● ModuleList › shows empty state when no modules

    No QueryClient set, use QueryClientProvider to set one

       5 |
       6 | export function useUserModules() {
    >  7 |   return useQuery<StudentModulesBySemester[], Error>({
         |                  ^
       8 |     queryKey: ["userModules"],
       9 |     queryFn: async () => {
      10 |       const res = await fetch("/api/study/modules");

      at useQueryClient (node_modules/@tanstack/react-query/src/QueryClientProvider.tsx:18:11)
      at useBaseQuery (node_modules/@tanstack/react-query/src/useBaseQuery.ts:54:18)
      at useQuery (node_modules/@tanstack/react-query/src/useQuery.ts:51:10)
      at useUserModules (src/hooks/queries/useUserModules.ts:7:18)
      at ModuleList (src/components/study/ModuleList.tsx:31:71)
      at renderWithHooks (node_modules/react-dom/cjs/react-dom.development.js:15486:18)
      at mountIndeterminateComponent (node_modules/react-dom/cjs/react-dom.development.js:20103:13)
      at beginWork (node_modules/react-dom/cjs/react-dom.development.js:21626:16)
      at beginWork$1 (node_modules/react-dom/cjs/react-dom.development.js:27465:14)
      at performUnitOfWork (node_modules/react-dom/cjs/react-dom.development.js:26599:12)
      at workLoopSync (node_modules/react-dom/cjs/react-dom.development.js:26505:5)
      at renderRootSync (node_modules/react-dom/cjs/react-dom.development.js:26473:7)
      at recoverFromConcurrentError (node_modules/react-dom/cjs/react-dom.development.js:25889:20)
      at performConcurrentWorkOnRoot (node_modules/react-dom/cjs/react-dom.development.js:25789:22)
      at flushActQueue (node_modules/react/cjs/react.development.js:2667:24)
      at act (node_modules/react/cjs/react.development.js:2582:11)
      at node_modules/@testing-library/react/dist/act-compat.js:47:25
      at renderRoot (node_modules/@testing-library/react/dist/pure.js:180:26)
      at render (node_modules/@testing-library/react/dist/pure.js:271:10)
      at Object.<anonymous> (src/components/study/__tests__/ModuleList.test.tsx:124:11)

  ● ModuleList › shows error on fetch failure

    No QueryClient set, use QueryClientProvider to set one

       5 |
       6 | export function useUserModules() {
    >  7 |   return useQuery<StudentModulesBySemester[], Error>({
         |                  ^
       8 |     queryKey: ["userModules"],
       9 |     queryFn: async () => {
      10 |       const res = await fetch("/api/study/modules");

      at useQueryClient (node_modules/@tanstack/react-query/src/QueryClientProvider.tsx:18:11)
      at useBaseQuery (node_modules/@tanstack/react-query/src/useBaseQuery.ts:54:18)
      at useQuery (node_modules/@tanstack/react-query/src/useQuery.ts:51:10)
      at useUserModules (src/hooks/queries/useUserModules.ts:7:18)
      at ModuleList (src/components/study/ModuleList.tsx:31:71)
      at renderWithHooks (node_modules/react-dom/cjs/react-dom.development.js:15486:18)
      at mountIndeterminateComponent (node_modules/react-dom/cjs/react-dom.development.js:20103:13)
      at beginWork (node_modules/react-dom/cjs/react-dom.development.js:21626:16)
      at beginWork$1 (node_modules/react-dom/cjs/react-dom.development.js:27465:14)
      at performUnitOfWork (node_modules/react-dom/cjs/react-dom.development.js:26599:12)
      at workLoopSync (node_modules/react-dom/cjs/react-dom.development.js:26505:5)
      at renderRootSync (node_modules/react-dom/cjs/react-dom.development.js:26473:7)
      at recoverFromConcurrentError (node_modules/react-dom/cjs/react-dom.development.js:25889:20)
      at performConcurrentWorkOnRoot (node_modules/react-dom/cjs/react-dom.development.js:25789:22)
      at flushActQueue (node_modules/react/cjs/react.development.js:2667:24)
      at act (node_modules/react/cjs/react.development.js:2582:11)
      at node_modules/@testing-library/react/dist/act-compat.js:47:25
      at renderRoot (node_modules/@testing-library/react/dist/pure.js:180:26)
      at render (node_modules/@testing-library/react/dist/pure.js:271:10)
      at Object.<anonymous> (src/components/study/__tests__/ModuleList.test.tsx:132:11)

  ● ModuleList › opens modal when module row is clicked

    No QueryClient set, use QueryClientProvider to set one

       5 |
       6 | export function useUserModules() {
    >  7 |   return useQuery<StudentModulesBySemester[], Error>({
         |                  ^
       8 |     queryKey: ["userModules"],
       9 |     queryFn: async () => {
      10 |       const res = await fetch("/api/study/modules");

      at useQueryClient (node_modules/@tanstack/react-query/src/QueryClientProvider.tsx:18:11)
      at useBaseQuery (node_modules/@tanstack/react-query/src/useBaseQuery.ts:54:18)
      at useQuery (node_modules/@tanstack/react-query/src/useQuery.ts:51:10)
      at useUserModules (src/hooks/queries/useUserModules.ts:7:18)
      at ModuleList (src/components/study/ModuleList.tsx:31:71)
      at renderWithHooks (node_modules/react-dom/cjs/react-dom.development.js:15486:18)
      at mountIndeterminateComponent (node_modules/react-dom/cjs/react-dom.development.js:20103:13)
      at beginWork (node_modules/react-dom/cjs/react-dom.development.js:21626:16)
      at beginWork$1 (node_modules/react-dom/cjs/react-dom.development.js:27465:14)
      at performUnitOfWork (node_modules/react-dom/cjs/react-dom.development.js:26599:12)
      at workLoopSync (node_modules/react-dom/cjs/react-dom.development.js:26505:5)
      at renderRootSync (node_modules/react-dom/cjs/react-dom.development.js:26473:7)
      at recoverFromConcurrentError (node_modules/react-dom/cjs/react-dom.development.js:25889:20)
      at performConcurrentWorkOnRoot (node_modules/react-dom/cjs/react-dom.development.js:25789:22)
      at flushActQueue (node_modules/react/cjs/react.development.js:2667:24)
      at act (node_modules/react/cjs/react.development.js:2582:11)
      at node_modules/@testing-library/react/dist/act-compat.js:47:25
      at renderRoot (node_modules/@testing-library/react/dist/pure.js:180:26)
      at render (node_modules/@testing-library/react/dist/pure.js:271:10)
      at Object.<anonymous> (src/components/study/__tests__/ModuleList.test.tsx:140:11)

  ● ModuleList › shows add module button after loading

    No QueryClient set, use QueryClientProvider to set one

       5 |
       6 | export function useUserModules() {
    >  7 |   return useQuery<StudentModulesBySemester[], Error>({
         |                  ^
       8 |     queryKey: ["userModules"],
       9 |     queryFn: async () => {
      10 |       const res = await fetch("/api/study/modules");

      at useQueryClient (node_modules/@tanstack/react-query/src/QueryClientProvider.tsx:18:11)
      at useBaseQuery (node_modules/@tanstack/react-query/src/useBaseQuery.ts:54:18)
      at useQuery (node_modules/@tanstack/react-query/src/useQuery.ts:51:10)
      at useUserModules (src/hooks/queries/useUserModules.ts:7:18)
      at ModuleList (src/components/study/ModuleList.tsx:31:71)
      at renderWithHooks (node_modules/react-dom/cjs/react-dom.development.js:15486:18)
      at mountIndeterminateComponent (node_modules/react-dom/cjs/react-dom.development.js:20103:13)
      at beginWork (node_modules/react-dom/cjs/react-dom.development.js:21626:16)
      at beginWork$1 (node_modules/react-dom/cjs/react-dom.development.js:27465:14)
      at performUnitOfWork (node_modules/react-dom/cjs/react-dom.development.js:26599:12)
      at workLoopSync (node_modules/react-dom/cjs/react-dom.development.js:26505:5)
      at renderRootSync (node_modules/react-dom/cjs/react-dom.development.js:26473:7)
      at recoverFromConcurrentError (node_modules/react-dom/cjs/react-dom.development.js:25889:20)
      at performConcurrentWorkOnRoot (node_modules/react-dom/cjs/react-dom.development.js:25789:22)
      at flushActQueue (node_modules/react/cjs/react.development.js:2667:24)
      at act (node_modules/react/cjs/react.development.js:2582:11)
      at node_modules/@testing-library/react/dist/act-compat.js:47:25
      at renderRoot (node_modules/@testing-library/react/dist/pure.js:180:26)
      at render (node_modules/@testing-library/react/dist/pure.js:271:10)
      at Object.<anonymous> (src/components/study/__tests__/ModuleList.test.tsx:149:11)

  ● ModuleList › calls onModuleSaved after a successful module save

    No QueryClient set, use QueryClientProvider to set one

       5 |
       6 | export function useUserModules() {
    >  7 |   return useQuery<StudentModulesBySemester[], Error>({
         |                  ^
       8 |     queryKey: ["userModules"],
       9 |     queryFn: async () => {
      10 |       const res = await fetch("/api/study/modules");

      at useQueryClient (node_modules/@tanstack/react-query/src/QueryClientProvider.tsx:18:11)
      at useBaseQuery (node_modules/@tanstack/react-query/src/useBaseQuery.ts:54:18)
      at useQuery (node_modules/@tanstack/react-query/src/useQuery.ts:51:10)
      at useUserModules (src/hooks/queries/useUserModules.ts:7:18)
      at ModuleList (src/components/study/ModuleList.tsx:31:71)
      at renderWithHooks (node_modules/react-dom/cjs/react-dom.development.js:15486:18)
      at mountIndeterminateComponent (node_modules/react-dom/cjs/react-dom.development.js:20103:13)
      at beginWork (node_modules/react-dom/cjs/react-dom.development.js:21626:16)
      at beginWork$1 (node_modules/react-dom/cjs/react-dom.development.js:27465:14)
      at performUnitOfWork (node_modules/react-dom/cjs/react-dom.development.js:26599:12)
      at workLoopSync (node_modules/react-dom/cjs/react-dom.development.js:26505:5)
      at renderRootSync (node_modules/react-dom/cjs/react-dom.development.js:26473:7)
      at recoverFromConcurrentError (node_modules/react-dom/cjs/react-dom.development.js:25889:20)
      at performConcurrentWorkOnRoot (node_modules/react-dom/cjs/react-dom.development.js:25789:22)
      at flushActQueue (node_modules/react/cjs/react.development.js:2667:24)
      at act (node_modules/react/cjs/react.development.js:2582:11)
      at node_modules/@testing-library/react/dist/act-compat.js:47:25
      at renderRoot (node_modules/@testing-library/react/dist/pure.js:180:26)
      at render (node_modules/@testing-library/react/dist/pure.js:271:10)
      at Object.<anonymous> (src/components/study/__tests__/ModuleList.test.tsx:162:11)

FAIL src/components/auth/__tests__/RegisterForm.test.tsx
  ● Console

    console.error
      Error: Uncaught [ReferenceError: fetch is not defined]
          at reportException (/Users/yusefbach/Projekte/studynexus/frontend/node_modules/jsdom/lib/jsdom/living/helpers/runtime-script-errors.js:66:24)
          at innerInvokeEventListeners (/Users/yusefbach/Projekte/studynexus/frontend/node_modules/jsdom/lib/jsdom/living/events/EventTarget-impl.js:353:9)
          at invokeEventListeners (/Users/yusefbach/Projekte/studynexus/frontend/node_modules/jsdom/lib/jsdom/living/events/EventTarget-impl.js:286:3)
          at HTMLUnknownElementImpl._dispatch (/Users/yusefbach/Projekte/studynexus/frontend/node_modules/jsdom/lib/jsdom/living/events/EventTarget-impl.js:233:9)
          at HTMLUnknownElementImpl.dispatchEvent (/Users/yusefbach/Projekte/studynexus/frontend/node_modules/jsdom/lib/jsdom/living/events/EventTarget-impl.js:104:17)
          at HTMLUnknownElement.dispatchEvent (/Users/yusefbach/Projekte/studynexus/frontend/node_modules/jsdom/lib/jsdom/living/generated/EventTarget.js:241:34)
          at Object.invokeGuardedCallbackDev (/Users/yusefbach/Projekte/studynexus/frontend/node_modules/react-dom/cjs/react-dom.development.js:4213:16)
          at invokeGuardedCallback (/Users/yusefbach/Projekte/studynexus/frontend/node_modules/react-dom/cjs/react-dom.development.js:4277:31)
          at reportUncaughtErrorInDEV (/Users/yusefbach/Projekte/studynexus/frontend/node_modules/react-dom/cjs/react-dom.development.js:22877:5)
          at captureCommitPhaseError (/Users/yusefbach/Projekte/studynexus/frontend/node_modules/react-dom/cjs/react-dom.development.js:27165:5)
          at commitPassiveMountEffects_complete (/Users/yusefbach/Projekte/studynexus/frontend/node_modules/react-dom/cjs/react-dom.development.js:24932:9)
          at commitPassiveMountEffects_begin (/Users/yusefbach/Projekte/studynexus/frontend/node_modules/react-dom/cjs/react-dom.development.js:24917:7)
          at commitPassiveMountEffects (/Users/yusefbach/Projekte/studynexus/frontend/node_modules/react-dom/cjs/react-dom.development.js:24905:3)
          at flushPassiveEffectsImpl (/Users/yusefbach/Projekte/studynexus/frontend/node_modules/react-dom/cjs/react-dom.development.js:27078:3)
          at flushPassiveEffects (/Users/yusefbach/Projekte/studynexus/frontend/node_modules/react-dom/cjs/react-dom.development.js:27023:14)
          at /Users/yusefbach/Projekte/studynexus/frontend/node_modules/react-dom/cjs/react-dom.development.js:26808:9
          at flushActQueue (/Users/yusefbach/Projekte/studynexus/frontend/node_modules/react/cjs/react.development.js:2667:24)
          at act (/Users/yusefbach/Projekte/studynexus/frontend/node_modules/react/cjs/react.development.js:2582:11)
          at /Users/yusefbach/Projekte/studynexus/frontend/node_modules/@testing-library/react/dist/act-compat.js:47:25
          at renderRoot (/Users/yusefbach/Projekte/studynexus/frontend/node_modules/@testing-library/react/dist/pure.js:180:26)
          at render (/Users/yusefbach/Projekte/studynexus/frontend/node_modules/@testing-library/react/dist/pure.js:271:10)
          at Object.<anonymous> (/Users/yusefbach/Projekte/studynexus/frontend/src/components/auth/__tests__/RegisterForm.test.tsx:14:11)
          at Promise.then.completed (/Users/yusefbach/Projekte/studynexus/frontend/node_modules/jest-circus/build/utils.js:298:28)
          at new Promise (<anonymous>)
          at callAsyncCircusFn (/Users/yusefbach/Projekte/studynexus/frontend/node_modules/jest-circus/build/utils.js:231:10)
          at _callCircusTest (/Users/yusefbach/Projekte/studynexus/frontend/node_modules/jest-circus/build/run.js:316:40)
          at processTicksAndRejections (node:internal/process/task_queues:104:5)
          at _runTest (/Users/yusefbach/Projekte/studynexus/frontend/node_modules/jest-circus/build/run.js:252:3)
          at _runTestsForDescribeBlock (/Users/yusefbach/Projekte/studynexus/frontend/node_modules/jest-circus/build/run.js:126:9)
          at _runTestsForDescribeBlock (/Users/yusefbach/Projekte/studynexus/frontend/node_modules/jest-circus/build/run.js:121:9)
          at run (/Users/yusefbach/Projekte/studynexus/frontend/node_modules/jest-circus/build/run.js:71:3)
          at runAndTransformResultsToJestFormat (/Users/yusefbach/Projekte/studynexus/frontend/node_modules/jest-circus/build/legacy-code-todo-rewrite/jestAdapterInit.js:122:21)
          at jestAdapter (/Users/yusefbach/Projekte/studynexus/frontend/node_modules/jest-circus/build/legacy-code-todo-rewrite/jestAdapter.js:79:19)
          at runTestInternal (/Users/yusefbach/Projekte/studynexus/frontend/node_modules/jest-runner/build/runTest.js:367:16)
          at runTest (/Users/yusefbach/Projekte/studynexus/frontend/node_modules/jest-runner/build/runTest.js:444:34)
          at Object.worker (/Users/yusefbach/Projekte/studynexus/frontend/node_modules/jest-runner/build/testWorker.js:106:12) {
        detail: ReferenceError: fetch is not defined
            at fetch (/Users/yusefbach/Projekte/studynexus/frontend/src/components/auth/RegisterForm.tsx:35:5)
            at commitHookEffectListMount (/Users/yusefbach/Projekte/studynexus/frontend/node_modules/react-dom/cjs/react-dom.development.js:23189:26)
            at commitPassiveMountOnFiber (/Users/yusefbach/Projekte/studynexus/frontend/node_modules/react-dom/cjs/react-dom.development.js:24970:11)
            at commitPassiveMountEffects_complete (/Users/yusefbach/Projekte/studynexus/frontend/node_modules/react-dom/cjs/react-dom.development.js:24930:9)
            at commitPassiveMountEffects_begin (/Users/yusefbach/Projekte/studynexus/frontend/node_modules/react-dom/cjs/react-dom.development.js:24917:7)
            at commitPassiveMountEffects (/Users/yusefbach/Projekte/studynexus/frontend/node_modules/react-dom/cjs/react-dom.development.js:24905:3)
            at flushPassiveEffectsImpl (/Users/yusefbach/Projekte/studynexus/frontend/node_modules/react-dom/cjs/react-dom.development.js:27078:3)
            at flushPassiveEffects (/Users/yusefbach/Projekte/studynexus/frontend/node_modules/react-dom/cjs/react-dom.development.js:27023:14)
            at /Users/yusefbach/Projekte/studynexus/frontend/node_modules/react-dom/cjs/react-dom.development.js:26808:9
            at flushActQueue (/Users/yusefbach/Projekte/studynexus/frontend/node_modules/react/cjs/react.development.js:2667:24)
            at act (/Users/yusefbach/Projekte/studynexus/frontend/node_modules/react/cjs/react.development.js:2582:11)
            at /Users/yusefbach/Projekte/studynexus/frontend/node_modules/@testing-library/react/dist/act-compat.js:47:25
            at renderRoot (/Users/yusefbach/Projekte/studynexus/frontend/node_modules/@testing-library/react/dist/pure.js:180:26)
            at render (/Users/yusefbach/Projekte/studynexus/frontend/node_modules/@testing-library/react/dist/pure.js:271:10)
            at Object.<anonymous> (/Users/yusefbach/Projekte/studynexus/frontend/src/components/auth/__tests__/RegisterForm.test.tsx:14:11)
            at Promise.then.completed (/Users/yusefbach/Projekte/studynexus/frontend/node_modules/jest-circus/build/utils.js:298:28)
            at new Promise (<anonymous>)
            at callAsyncCircusFn (/Users/yusefbach/Projekte/studynexus/frontend/node_modules/jest-circus/build/utils.js:231:10)
            at _callCircusTest (/Users/yusefbach/Projekte/studynexus/frontend/node_modules/jest-circus/build/run.js:316:40)
            at processTicksAndRejections (node:internal/process/task_queues:104:5)
            at _runTest (/Users/yusefbach/Projekte/studynexus/frontend/node_modules/jest-circus/build/run.js:252:3)
            at _runTestsForDescribeBlock (/Users/yusefbach/Projekte/studynexus/frontend/node_modules/jest-circus/build/run.js:126:9)
            at _runTestsForDescribeBlock (/Users/yusefbach/Projekte/studynexus/frontend/node_modules/jest-circus/build/run.js:121:9)
            at run (/Users/yusefbach/Projekte/studynexus/frontend/node_modules/jest-circus/build/run.js:71:3)
            at runAndTransformResultsToJestFormat (/Users/yusefbach/Projekte/studynexus/frontend/node_modules/jest-circus/build/legacy-code-todo-rewrite/jestAdapterInit.js:122:21)
            at jestAdapter (/Users/yusefbach/Projekte/studynexus/frontend/node_modules/jest-circus/build/legacy-code-todo-rewrite/jestAdapter.js:79:19)
            at runTestInternal (/Users/yusefbach/Projekte/studynexus/frontend/node_modules/jest-runner/build/runTest.js:367:16)
            at runTest (/Users/yusefbach/Projekte/studynexus/frontend/node_modules/jest-runner/build/runTest.js:444:34)
            at Object.worker (/Users/yusefbach/Projekte/studynexus/frontend/node_modules/jest-runner/build/testWorker.js:106:12),
        type: 'unhandled exception'
      }

      12 | describe("RegisterForm", () => {
      13 |   it("renders all form fields", () => {
    > 14 |     render(<RegisterForm locale="de" />);
         |           ^
      15 |     expect(screen.getByLabelText("fields.fullName")).toBeInTheDocument();
      16 |     expect(screen.getByLabelText("fields.email")).toBeInTheDocument();
      17 |     expect(screen.getByLabelText("fields.password")).toBeInTheDocument();

      at VirtualConsole.<anonymous> (node_modules/jest-environment-jsdom/build/index.js:63:23)
      at reportException (node_modules/jsdom/lib/jsdom/living/helpers/runtime-script-errors.js:70:28)
      at innerInvokeEventListeners (node_modules/jsdom/lib/jsdom/living/events/EventTarget-impl.js:353:9)
      at invokeEventListeners (node_modules/jsdom/lib/jsdom/living/events/EventTarget-impl.js:286:3)
      at HTMLUnknownElementImpl._dispatch (node_modules/jsdom/lib/jsdom/living/events/EventTarget-impl.js:233:9)
      at HTMLUnknownElementImpl.dispatchEvent (node_modules/jsdom/lib/jsdom/living/events/EventTarget-impl.js:104:17)
      at HTMLUnknownElement.dispatchEvent (node_modules/jsdom/lib/jsdom/living/generated/EventTarget.js:241:34)
      at Object.invokeGuardedCallbackDev (node_modules/react-dom/cjs/react-dom.development.js:4213:16)
      at invokeGuardedCallback (node_modules/react-dom/cjs/react-dom.development.js:4277:31)
      at reportUncaughtErrorInDEV (node_modules/react-dom/cjs/react-dom.development.js:22877:5)
      at captureCommitPhaseError (node_modules/react-dom/cjs/react-dom.development.js:27165:5)
      at commitPassiveMountEffects_complete (node_modules/react-dom/cjs/react-dom.development.js:24932:9)
      at commitPassiveMountEffects_begin (node_modules/react-dom/cjs/react-dom.development.js:24917:7)
      at commitPassiveMountEffects (node_modules/react-dom/cjs/react-dom.development.js:24905:3)
      at flushPassiveEffectsImpl (node_modules/react-dom/cjs/react-dom.development.js:27078:3)
      at flushPassiveEffects (node_modules/react-dom/cjs/react-dom.development.js:27023:14)
      at node_modules/react-dom/cjs/react-dom.development.js:26808:9
      at flushActQueue (node_modules/react/cjs/react.development.js:2667:24)
      at act (node_modules/react/cjs/react.development.js:2582:11)
      at node_modules/@testing-library/react/dist/act-compat.js:47:25
      at renderRoot (node_modules/@testing-library/react/dist/pure.js:180:26)
      at render (node_modules/@testing-library/react/dist/pure.js:271:10)
      at Object.<anonymous> (src/components/auth/__tests__/RegisterForm.test.tsx:14:11)

    console.error
      The above error occurred in the <RegisterForm> component:
      
          at locale (/Users/yusefbach/Projekte/studynexus/frontend/src/components/auth/RegisterForm.tsx:22:32)
      
      Consider adding an error boundary to your tree to customize error handling behavior.
      Visit https://reactjs.org/link/error-boundaries to learn more about error boundaries.

      12 | describe("RegisterForm", () => {
      13 |   it("renders all form fields", () => {
    > 14 |     render(<RegisterForm locale="de" />);
         |           ^
      15 |     expect(screen.getByLabelText("fields.fullName")).toBeInTheDocument();
      16 |     expect(screen.getByLabelText("fields.email")).toBeInTheDocument();
      17 |     expect(screen.getByLabelText("fields.password")).toBeInTheDocument();

      at logCapturedError (node_modules/react-dom/cjs/react-dom.development.js:18704:23)
      at update.callback (node_modules/react-dom/cjs/react-dom.development.js:18737:5)
      at callCallback (node_modules/react-dom/cjs/react-dom.development.js:15036:12)
      at commitUpdateQueue (node_modules/react-dom/cjs/react-dom.development.js:15057:9)
      at commitLayoutEffectOnFiber (node_modules/react-dom/cjs/react-dom.development.js:23430:13)
      at commitLayoutMountEffects_complete (node_modules/react-dom/cjs/react-dom.development.js:24727:9)
      at commitLayoutEffects_begin (node_modules/react-dom/cjs/react-dom.development.js:24713:7)
      at commitLayoutEffects (node_modules/react-dom/cjs/react-dom.development.js:24651:3)
      at commitRootImpl (node_modules/react-dom/cjs/react-dom.development.js:26862:5)
      at commitRoot (node_modules/react-dom/cjs/react-dom.development.js:26721:5)
      at performSyncWorkOnRoot (node_modules/react-dom/cjs/react-dom.development.js:26156:3)
      at flushSyncCallbacks (node_modules/react-dom/cjs/react-dom.development.js:12042:22)
      at flushPassiveEffectsImpl (node_modules/react-dom/cjs/react-dom.development.js:27099:3)
      at flushPassiveEffects (node_modules/react-dom/cjs/react-dom.development.js:27023:14)
      at node_modules/react-dom/cjs/react-dom.development.js:26808:9
      at flushActQueue (node_modules/react/cjs/react.development.js:2667:24)
      at act (node_modules/react/cjs/react.development.js:2582:11)
      at node_modules/@testing-library/react/dist/act-compat.js:47:25
      at renderRoot (node_modules/@testing-library/react/dist/pure.js:180:26)
      at render (node_modules/@testing-library/react/dist/pure.js:271:10)
      at Object.<anonymous> (src/components/auth/__tests__/RegisterForm.test.tsx:14:11)

    console.error
      Error: Uncaught [ReferenceError: fetch is not defined]
          at reportException (/Users/yusefbach/Projekte/studynexus/frontend/node_modules/jsdom/lib/jsdom/living/helpers/runtime-script-errors.js:66:24)
          at innerInvokeEventListeners (/Users/yusefbach/Projekte/studynexus/frontend/node_modules/jsdom/lib/jsdom/living/events/EventTarget-impl.js:353:9)
          at invokeEventListeners (/Users/yusefbach/Projekte/studynexus/frontend/node_modules/jsdom/lib/jsdom/living/events/EventTarget-impl.js:286:3)
          at HTMLUnknownElementImpl._dispatch (/Users/yusefbach/Projekte/studynexus/frontend/node_modules/jsdom/lib/jsdom/living/events/EventTarget-impl.js:233:9)
          at HTMLUnknownElementImpl.dispatchEvent (/Users/yusefbach/Projekte/studynexus/frontend/node_modules/jsdom/lib/jsdom/living/events/EventTarget-impl.js:104:17)
          at HTMLUnknownElement.dispatchEvent (/Users/yusefbach/Projekte/studynexus/frontend/node_modules/jsdom/lib/jsdom/living/generated/EventTarget.js:241:34)
          at Object.invokeGuardedCallbackDev (/Users/yusefbach/Projekte/studynexus/frontend/node_modules/react-dom/cjs/react-dom.development.js:4213:16)
          at invokeGuardedCallback (/Users/yusefbach/Projekte/studynexus/frontend/node_modules/react-dom/cjs/react-dom.development.js:4277:31)
          at reportUncaughtErrorInDEV (/Users/yusefbach/Projekte/studynexus/frontend/node_modules/react-dom/cjs/react-dom.development.js:22877:5)
          at captureCommitPhaseError (/Users/yusefbach/Projekte/studynexus/frontend/node_modules/react-dom/cjs/react-dom.development.js:27165:5)
          at commitPassiveMountEffects_complete (/Users/yusefbach/Projekte/studynexus/frontend/node_modules/react-dom/cjs/react-dom.development.js:24932:9)
          at commitPassiveMountEffects_begin (/Users/yusefbach/Projekte/studynexus/frontend/node_modules/react-dom/cjs/react-dom.development.js:24917:7)
          at commitPassiveMountEffects (/Users/yusefbach/Projekte/studynexus/frontend/node_modules/react-dom/cjs/react-dom.development.js:24905:3)
          at flushPassiveEffectsImpl (/Users/yusefbach/Projekte/studynexus/frontend/node_modules/react-dom/cjs/react-dom.development.js:27078:3)
          at flushPassiveEffects (/Users/yusefbach/Projekte/studynexus/frontend/node_modules/react-dom/cjs/react-dom.development.js:27023:14)
          at /Users/yusefbach/Projekte/studynexus/frontend/node_modules/react-dom/cjs/react-dom.development.js:26808:9
          at flushActQueue (/Users/yusefbach/Projekte/studynexus/frontend/node_modules/react/cjs/react.development.js:2667:24)
          at act (/Users/yusefbach/Projekte/studynexus/frontend/node_modules/react/cjs/react.development.js:2582:11)
          at /Users/yusefbach/Projekte/studynexus/frontend/node_modules/@testing-library/react/dist/act-compat.js:47:25
          at renderRoot (/Users/yusefbach/Projekte/studynexus/frontend/node_modules/@testing-library/react/dist/pure.js:180:26)
          at render (/Users/yusefbach/Projekte/studynexus/frontend/node_modules/@testing-library/react/dist/pure.js:271:10)
          at Object.<anonymous> (/Users/yusefbach/Projekte/studynexus/frontend/src/components/auth/__tests__/RegisterForm.test.tsx:22:11)
          at Promise.then.completed (/Users/yusefbach/Projekte/studynexus/frontend/node_modules/jest-circus/build/utils.js:298:28)
          at new Promise (<anonymous>)
          at callAsyncCircusFn (/Users/yusefbach/Projekte/studynexus/frontend/node_modules/jest-circus/build/utils.js:231:10)
          at _callCircusTest (/Users/yusefbach/Projekte/studynexus/frontend/node_modules/jest-circus/build/run.js:316:40)
          at processTicksAndRejections (node:internal/process/task_queues:104:5)
          at _runTest (/Users/yusefbach/Projekte/studynexus/frontend/node_modules/jest-circus/build/run.js:252:3)
          at _runTestsForDescribeBlock (/Users/yusefbach/Projekte/studynexus/frontend/node_modules/jest-circus/build/run.js:126:9)
          at _runTestsForDescribeBlock (/Users/yusefbach/Projekte/studynexus/frontend/node_modules/jest-circus/build/run.js:121:9)
          at run (/Users/yusefbach/Projekte/studynexus/frontend/node_modules/jest-circus/build/run.js:71:3)
          at runAndTransformResultsToJestFormat (/Users/yusefbach/Projekte/studynexus/frontend/node_modules/jest-circus/build/legacy-code-todo-rewrite/jestAdapterInit.js:122:21)
          at jestAdapter (/Users/yusefbach/Projekte/studynexus/frontend/node_modules/jest-circus/build/legacy-code-todo-rewrite/jestAdapter.js:79:19)
          at runTestInternal (/Users/yusefbach/Projekte/studynexus/frontend/node_modules/jest-runner/build/runTest.js:367:16)
          at runTest (/Users/yusefbach/Projekte/studynexus/frontend/node_modules/jest-runner/build/runTest.js:444:34)
          at Object.worker (/Users/yusefbach/Projekte/studynexus/frontend/node_modules/jest-runner/build/testWorker.js:106:12) {
        detail: ReferenceError: fetch is not defined
            at fetch (/Users/yusefbach/Projekte/studynexus/frontend/src/components/auth/RegisterForm.tsx:35:5)
            at commitHookEffectListMount (/Users/yusefbach/Projekte/studynexus/frontend/node_modules/react-dom/cjs/react-dom.development.js:23189:26)
            at commitPassiveMountOnFiber (/Users/yusefbach/Projekte/studynexus/frontend/node_modules/react-dom/cjs/react-dom.development.js:24970:11)
            at commitPassiveMountEffects_complete (/Users/yusefbach/Projekte/studynexus/frontend/node_modules/react-dom/cjs/react-dom.development.js:24930:9)
            at commitPassiveMountEffects_begin (/Users/yusefbach/Projekte/studynexus/frontend/node_modules/react-dom/cjs/react-dom.development.js:24917:7)
            at commitPassiveMountEffects (/Users/yusefbach/Projekte/studynexus/frontend/node_modules/react-dom/cjs/react-dom.development.js:24905:3)
            at flushPassiveEffectsImpl (/Users/yusefbach/Projekte/studynexus/frontend/node_modules/react-dom/cjs/react-dom.development.js:27078:3)
            at flushPassiveEffects (/Users/yusefbach/Projekte/studynexus/frontend/node_modules/react-dom/cjs/react-dom.development.js:27023:14)
            at /Users/yusefbach/Projekte/studynexus/frontend/node_modules/react-dom/cjs/react-dom.development.js:26808:9
            at flushActQueue (/Users/yusefbach/Projekte/studynexus/frontend/node_modules/react/cjs/react.development.js:2667:24)
            at act (/Users/yusefbach/Projekte/studynexus/frontend/node_modules/react/cjs/react.development.js:2582:11)
            at /Users/yusefbach/Projekte/studynexus/frontend/node_modules/@testing-library/react/dist/act-compat.js:47:25
            at renderRoot (/Users/yusefbach/Projekte/studynexus/frontend/node_modules/@testing-library/react/dist/pure.js:180:26)
            at render (/Users/yusefbach/Projekte/studynexus/frontend/node_modules/@testing-library/react/dist/pure.js:271:10)
            at Object.<anonymous> (/Users/yusefbach/Projekte/studynexus/frontend/src/components/auth/__tests__/RegisterForm.test.tsx:22:11)
            at Promise.then.completed (/Users/yusefbach/Projekte/studynexus/frontend/node_modules/jest-circus/build/utils.js:298:28)
            at new Promise (<anonymous>)
            at callAsyncCircusFn (/Users/yusefbach/Projekte/studynexus/frontend/node_modules/jest-circus/build/utils.js:231:10)
            at _callCircusTest (/Users/yusefbach/Projekte/studynexus/frontend/node_modules/jest-circus/build/run.js:316:40)
            at processTicksAndRejections (node:internal/process/task_queues:104:5)
            at _runTest (/Users/yusefbach/Projekte/studynexus/frontend/node_modules/jest-circus/build/run.js:252:3)
            at _runTestsForDescribeBlock (/Users/yusefbach/Projekte/studynexus/frontend/node_modules/jest-circus/build/run.js:126:9)
            at _runTestsForDescribeBlock (/Users/yusefbach/Projekte/studynexus/frontend/node_modules/jest-circus/build/run.js:121:9)
            at run (/Users/yusefbach/Projekte/studynexus/frontend/node_modules/jest-circus/build/run.js:71:3)
            at runAndTransformResultsToJestFormat (/Users/yusefbach/Projekte/studynexus/frontend/node_modules/jest-circus/build/legacy-code-todo-rewrite/jestAdapterInit.js:122:21)
            at jestAdapter (/Users/yusefbach/Projekte/studynexus/frontend/node_modules/jest-circus/build/legacy-code-todo-rewrite/jestAdapter.js:79:19)
            at runTestInternal (/Users/yusefbach/Projekte/studynexus/frontend/node_modules/jest-runner/build/runTest.js:367:16)
            at runTest (/Users/yusefbach/Projekte/studynexus/frontend/node_modules/jest-runner/build/runTest.js:444:34)
            at Object.worker (/Users/yusefbach/Projekte/studynexus/frontend/node_modules/jest-runner/build/testWorker.js:106:12),
        type: 'unhandled exception'
      }

      20 |
      21 |   it("toggles password field visibility", async () => {
    > 22 |     render(<RegisterForm locale="de" />);
         |           ^
      23 |     const passwordInput = screen.getByLabelText("fields.password");
      24 |     expect(passwordInput).toHaveAttribute("type", "password");
      25 |

      at VirtualConsole.<anonymous> (node_modules/jest-environment-jsdom/build/index.js:63:23)
      at reportException (node_modules/jsdom/lib/jsdom/living/helpers/runtime-script-errors.js:70:28)
      at innerInvokeEventListeners (node_modules/jsdom/lib/jsdom/living/events/EventTarget-impl.js:353:9)
      at invokeEventListeners (node_modules/jsdom/lib/jsdom/living/events/EventTarget-impl.js:286:3)
      at HTMLUnknownElementImpl._dispatch (node_modules/jsdom/lib/jsdom/living/events/EventTarget-impl.js:233:9)
      at HTMLUnknownElementImpl.dispatchEvent (node_modules/jsdom/lib/jsdom/living/events/EventTarget-impl.js:104:17)
      at HTMLUnknownElement.dispatchEvent (node_modules/jsdom/lib/jsdom/living/generated/EventTarget.js:241:34)
      at Object.invokeGuardedCallbackDev (node_modules/react-dom/cjs/react-dom.development.js:4213:16)
      at invokeGuardedCallback (node_modules/react-dom/cjs/react-dom.development.js:4277:31)
      at reportUncaughtErrorInDEV (node_modules/react-dom/cjs/react-dom.development.js:22877:5)
      at captureCommitPhaseError (node_modules/react-dom/cjs/react-dom.development.js:27165:5)
      at commitPassiveMountEffects_complete (node_modules/react-dom/cjs/react-dom.development.js:24932:9)
      at commitPassiveMountEffects_begin (node_modules/react-dom/cjs/react-dom.development.js:24917:7)
      at commitPassiveMountEffects (node_modules/react-dom/cjs/react-dom.development.js:24905:3)
      at flushPassiveEffectsImpl (node_modules/react-dom/cjs/react-dom.development.js:27078:3)
      at flushPassiveEffects (node_modules/react-dom/cjs/react-dom.development.js:27023:14)
      at node_modules/react-dom/cjs/react-dom.development.js:26808:9
      at flushActQueue (node_modules/react/cjs/react.development.js:2667:24)
      at act (node_modules/react/cjs/react.development.js:2582:11)
      at node_modules/@testing-library/react/dist/act-compat.js:47:25
      at renderRoot (node_modules/@testing-library/react/dist/pure.js:180:26)
      at render (node_modules/@testing-library/react/dist/pure.js:271:10)
      at Object.<anonymous> (src/components/auth/__tests__/RegisterForm.test.tsx:22:11)

    console.error
      The above error occurred in the <RegisterForm> component:
      
          at locale (/Users/yusefbach/Projekte/studynexus/frontend/src/components/auth/RegisterForm.tsx:22:32)
      
      Consider adding an error boundary to your tree to customize error handling behavior.
      Visit https://reactjs.org/link/error-boundaries to learn more about error boundaries.

      20 |
      21 |   it("toggles password field visibility", async () => {
    > 22 |     render(<RegisterForm locale="de" />);
         |           ^
      23 |     const passwordInput = screen.getByLabelText("fields.password");
      24 |     expect(passwordInput).toHaveAttribute("type", "password");
      25 |

      at logCapturedError (node_modules/react-dom/cjs/react-dom.development.js:18704:23)
      at update.callback (node_modules/react-dom/cjs/react-dom.development.js:18737:5)
      at callCallback (node_modules/react-dom/cjs/react-dom.development.js:15036:12)
      at commitUpdateQueue (node_modules/react-dom/cjs/react-dom.development.js:15057:9)
      at commitLayoutEffectOnFiber (node_modules/react-dom/cjs/react-dom.development.js:23430:13)
      at commitLayoutMountEffects_complete (node_modules/react-dom/cjs/react-dom.development.js:24727:9)
      at commitLayoutEffects_begin (node_modules/react-dom/cjs/react-dom.development.js:24713:7)
      at commitLayoutEffects (node_modules/react-dom/cjs/react-dom.development.js:24651:3)
      at commitRootImpl (node_modules/react-dom/cjs/react-dom.development.js:26862:5)
      at commitRoot (node_modules/react-dom/cjs/react-dom.development.js:26721:5)
      at performSyncWorkOnRoot (node_modules/react-dom/cjs/react-dom.development.js:26156:3)
      at flushSyncCallbacks (node_modules/react-dom/cjs/react-dom.development.js:12042:22)
      at flushPassiveEffectsImpl (node_modules/react-dom/cjs/react-dom.development.js:27099:3)
      at flushPassiveEffects (node_modules/react-dom/cjs/react-dom.development.js:27023:14)
      at node_modules/react-dom/cjs/react-dom.development.js:26808:9
      at flushActQueue (node_modules/react/cjs/react.development.js:2667:24)
      at act (node_modules/react/cjs/react.development.js:2582:11)
      at node_modules/@testing-library/react/dist/act-compat.js:47:25
      at renderRoot (node_modules/@testing-library/react/dist/pure.js:180:26)
      at render (node_modules/@testing-library/react/dist/pure.js:271:10)
      at Object.<anonymous> (src/components/auth/__tests__/RegisterForm.test.tsx:22:11)

    console.error
      Error: Uncaught [ReferenceError: fetch is not defined]
          at reportException (/Users/yusefbach/Projekte/studynexus/frontend/node_modules/jsdom/lib/jsdom/living/helpers/runtime-script-errors.js:66:24)
          at innerInvokeEventListeners (/Users/yusefbach/Projekte/studynexus/frontend/node_modules/jsdom/lib/jsdom/living/events/EventTarget-impl.js:353:9)
          at invokeEventListeners (/Users/yusefbach/Projekte/studynexus/frontend/node_modules/jsdom/lib/jsdom/living/events/EventTarget-impl.js:286:3)
          at HTMLUnknownElementImpl._dispatch (/Users/yusefbach/Projekte/studynexus/frontend/node_modules/jsdom/lib/jsdom/living/events/EventTarget-impl.js:233:9)
          at HTMLUnknownElementImpl.dispatchEvent (/Users/yusefbach/Projekte/studynexus/frontend/node_modules/jsdom/lib/jsdom/living/events/EventTarget-impl.js:104:17)
          at HTMLUnknownElement.dispatchEvent (/Users/yusefbach/Projekte/studynexus/frontend/node_modules/jsdom/lib/jsdom/living/generated/EventTarget.js:241:34)
          at Object.invokeGuardedCallbackDev (/Users/yusefbach/Projekte/studynexus/frontend/node_modules/react-dom/cjs/react-dom.development.js:4213:16)
          at invokeGuardedCallback (/Users/yusefbach/Projekte/studynexus/frontend/node_modules/react-dom/cjs/react-dom.development.js:4277:31)
          at reportUncaughtErrorInDEV (/Users/yusefbach/Projekte/studynexus/frontend/node_modules/react-dom/cjs/react-dom.development.js:22877:5)
          at captureCommitPhaseError (/Users/yusefbach/Projekte/studynexus/frontend/node_modules/react-dom/cjs/react-dom.development.js:27165:5)
          at commitPassiveMountEffects_complete (/Users/yusefbach/Projekte/studynexus/frontend/node_modules/react-dom/cjs/react-dom.development.js:24932:9)
          at commitPassiveMountEffects_begin (/Users/yusefbach/Projekte/studynexus/frontend/node_modules/react-dom/cjs/react-dom.development.js:24917:7)
          at commitPassiveMountEffects (/Users/yusefbach/Projekte/studynexus/frontend/node_modules/react-dom/cjs/react-dom.development.js:24905:3)
          at flushPassiveEffectsImpl (/Users/yusefbach/Projekte/studynexus/frontend/node_modules/react-dom/cjs/react-dom.development.js:27078:3)
          at flushPassiveEffects (/Users/yusefbach/Projekte/studynexus/frontend/node_modules/react-dom/cjs/react-dom.development.js:27023:14)
          at /Users/yusefbach/Projekte/studynexus/frontend/node_modules/react-dom/cjs/react-dom.development.js:26808:9
          at flushActQueue (/Users/yusefbach/Projekte/studynexus/frontend/node_modules/react/cjs/react.development.js:2667:24)
          at act (/Users/yusefbach/Projekte/studynexus/frontend/node_modules/react/cjs/react.development.js:2582:11)
          at /Users/yusefbach/Projekte/studynexus/frontend/node_modules/@testing-library/react/dist/act-compat.js:47:25
          at renderRoot (/Users/yusefbach/Projekte/studynexus/frontend/node_modules/@testing-library/react/dist/pure.js:180:26)
          at render (/Users/yusefbach/Projekte/studynexus/frontend/node_modules/@testing-library/react/dist/pure.js:271:10)
          at Object.<anonymous> (/Users/yusefbach/Projekte/studynexus/frontend/src/components/auth/__tests__/RegisterForm.test.tsx:32:11)
          at Promise.then.completed (/Users/yusefbach/Projekte/studynexus/frontend/node_modules/jest-circus/build/utils.js:298:28)
          at new Promise (<anonymous>)
          at callAsyncCircusFn (/Users/yusefbach/Projekte/studynexus/frontend/node_modules/jest-circus/build/utils.js:231:10)
          at _callCircusTest (/Users/yusefbach/Projekte/studynexus/frontend/node_modules/jest-circus/build/run.js:316:40)
          at processTicksAndRejections (node:internal/process/task_queues:104:5)
          at _runTest (/Users/yusefbach/Projekte/studynexus/frontend/node_modules/jest-circus/build/run.js:252:3)
          at _runTestsForDescribeBlock (/Users/yusefbach/Projekte/studynexus/frontend/node_modules/jest-circus/build/run.js:126:9)
          at _runTestsForDescribeBlock (/Users/yusefbach/Projekte/studynexus/frontend/node_modules/jest-circus/build/run.js:121:9)
          at run (/Users/yusefbach/Projekte/studynexus/frontend/node_modules/jest-circus/build/run.js:71:3)
          at runAndTransformResultsToJestFormat (/Users/yusefbach/Projekte/studynexus/frontend/node_modules/jest-circus/build/legacy-code-todo-rewrite/jestAdapterInit.js:122:21)
          at jestAdapter (/Users/yusefbach/Projekte/studynexus/frontend/node_modules/jest-circus/build/legacy-code-todo-rewrite/jestAdapter.js:79:19)
          at runTestInternal (/Users/yusefbach/Projekte/studynexus/frontend/node_modules/jest-runner/build/runTest.js:367:16)
          at runTest (/Users/yusefbach/Projekte/studynexus/frontend/node_modules/jest-runner/build/runTest.js:444:34)
          at Object.worker (/Users/yusefbach/Projekte/studynexus/frontend/node_modules/jest-runner/build/testWorker.js:106:12) {
        detail: ReferenceError: fetch is not defined
            at fetch (/Users/yusefbach/Projekte/studynexus/frontend/src/components/auth/RegisterForm.tsx:35:5)
            at commitHookEffectListMount (/Users/yusefbach/Projekte/studynexus/frontend/node_modules/react-dom/cjs/react-dom.development.js:23189:26)
            at commitPassiveMountOnFiber (/Users/yusefbach/Projekte/studynexus/frontend/node_modules/react-dom/cjs/react-dom.development.js:24970:11)
            at commitPassiveMountEffects_complete (/Users/yusefbach/Projekte/studynexus/frontend/node_modules/react-dom/cjs/react-dom.development.js:24930:9)
            at commitPassiveMountEffects_begin (/Users/yusefbach/Projekte/studynexus/frontend/node_modules/react-dom/cjs/react-dom.development.js:24917:7)
            at commitPassiveMountEffects (/Users/yusefbach/Projekte/studynexus/frontend/node_modules/react-dom/cjs/react-dom.development.js:24905:3)
            at flushPassiveEffectsImpl (/Users/yusefbach/Projekte/studynexus/frontend/node_modules/react-dom/cjs/react-dom.development.js:27078:3)
            at flushPassiveEffects (/Users/yusefbach/Projekte/studynexus/frontend/node_modules/react-dom/cjs/react-dom.development.js:27023:14)
            at /Users/yusefbach/Projekte/studynexus/frontend/node_modules/react-dom/cjs/react-dom.development.js:26808:9
            at flushActQueue (/Users/yusefbach/Projekte/studynexus/frontend/node_modules/react/cjs/react.development.js:2667:24)
            at act (/Users/yusefbach/Projekte/studynexus/frontend/node_modules/react/cjs/react.development.js:2582:11)
            at /Users/yusefbach/Projekte/studynexus/frontend/node_modules/@testing-library/react/dist/act-compat.js:47:25
            at renderRoot (/Users/yusefbach/Projekte/studynexus/frontend/node_modules/@testing-library/react/dist/pure.js:180:26)
            at render (/Users/yusefbach/Projekte/studynexus/frontend/node_modules/@testing-library/react/dist/pure.js:271:10)
            at Object.<anonymous> (/Users/yusefbach/Projekte/studynexus/frontend/src/components/auth/__tests__/RegisterForm.test.tsx:32:11)
            at Promise.then.completed (/Users/yusefbach/Projekte/studynexus/frontend/node_modules/jest-circus/build/utils.js:298:28)
            at new Promise (<anonymous>)
            at callAsyncCircusFn (/Users/yusefbach/Projekte/studynexus/frontend/node_modules/jest-circus/build/utils.js:231:10)
            at _callCircusTest (/Users/yusefbach/Projekte/studynexus/frontend/node_modules/jest-circus/build/run.js:316:40)
            at processTicksAndRejections (node:internal/process/task_queues:104:5)
            at _runTest (/Users/yusefbach/Projekte/studynexus/frontend/node_modules/jest-circus/build/run.js:252:3)
            at _runTestsForDescribeBlock (/Users/yusefbach/Projekte/studynexus/frontend/node_modules/jest-circus/build/run.js:126:9)
            at _runTestsForDescribeBlock (/Users/yusefbach/Projekte/studynexus/frontend/node_modules/jest-circus/build/run.js:121:9)
            at run (/Users/yusefbach/Projekte/studynexus/frontend/node_modules/jest-circus/build/run.js:71:3)
            at runAndTransformResultsToJestFormat (/Users/yusefbach/Projekte/studynexus/frontend/node_modules/jest-circus/build/legacy-code-todo-rewrite/jestAdapterInit.js:122:21)
            at jestAdapter (/Users/yusefbach/Projekte/studynexus/frontend/node_modules/jest-circus/build/legacy-code-todo-rewrite/jestAdapter.js:79:19)
            at runTestInternal (/Users/yusefbach/Projekte/studynexus/frontend/node_modules/jest-runner/build/runTest.js:367:16)
            at runTest (/Users/yusefbach/Projekte/studynexus/frontend/node_modules/jest-runner/build/runTest.js:444:34)
            at Object.worker (/Users/yusefbach/Projekte/studynexus/frontend/node_modules/jest-runner/build/testWorker.js:106:12),
        type: 'unhandled exception'
      }

      30 |
      31 |   it("toggles confirm password field visibility independently", async () => {
    > 32 |     render(<RegisterForm locale="de" />);
         |           ^
      33 |     const confirmInput = screen.getByLabelText("fields.confirmPassword");
      34 |     expect(confirmInput).toHaveAttribute("type", "password");
      35 |

      at VirtualConsole.<anonymous> (node_modules/jest-environment-jsdom/build/index.js:63:23)
      at reportException (node_modules/jsdom/lib/jsdom/living/helpers/runtime-script-errors.js:70:28)
      at innerInvokeEventListeners (node_modules/jsdom/lib/jsdom/living/events/EventTarget-impl.js:353:9)
      at invokeEventListeners (node_modules/jsdom/lib/jsdom/living/events/EventTarget-impl.js:286:3)
      at HTMLUnknownElementImpl._dispatch (node_modules/jsdom/lib/jsdom/living/events/EventTarget-impl.js:233:9)
      at HTMLUnknownElementImpl.dispatchEvent (node_modules/jsdom/lib/jsdom/living/events/EventTarget-impl.js:104:17)
      at HTMLUnknownElement.dispatchEvent (node_modules/jsdom/lib/jsdom/living/generated/EventTarget.js:241:34)
      at Object.invokeGuardedCallbackDev (node_modules/react-dom/cjs/react-dom.development.js:4213:16)
      at invokeGuardedCallback (node_modules/react-dom/cjs/react-dom.development.js:4277:31)
      at reportUncaughtErrorInDEV (node_modules/react-dom/cjs/react-dom.development.js:22877:5)
      at captureCommitPhaseError (node_modules/react-dom/cjs/react-dom.development.js:27165:5)
      at commitPassiveMountEffects_complete (node_modules/react-dom/cjs/react-dom.development.js:24932:9)
      at commitPassiveMountEffects_begin (node_modules/react-dom/cjs/react-dom.development.js:24917:7)
      at commitPassiveMountEffects (node_modules/react-dom/cjs/react-dom.development.js:24905:3)
      at flushPassiveEffectsImpl (node_modules/react-dom/cjs/react-dom.development.js:27078:3)
      at flushPassiveEffects (node_modules/react-dom/cjs/react-dom.development.js:27023:14)
      at node_modules/react-dom/cjs/react-dom.development.js:26808:9
      at flushActQueue (node_modules/react/cjs/react.development.js:2667:24)
      at act (node_modules/react/cjs/react.development.js:2582:11)
      at node_modules/@testing-library/react/dist/act-compat.js:47:25
      at renderRoot (node_modules/@testing-library/react/dist/pure.js:180:26)
      at render (node_modules/@testing-library/react/dist/pure.js:271:10)
      at Object.<anonymous> (src/components/auth/__tests__/RegisterForm.test.tsx:32:11)

    console.error
      The above error occurred in the <RegisterForm> component:
      
          at locale (/Users/yusefbach/Projekte/studynexus/frontend/src/components/auth/RegisterForm.tsx:22:32)
      
      Consider adding an error boundary to your tree to customize error handling behavior.
      Visit https://reactjs.org/link/error-boundaries to learn more about error boundaries.

      30 |
      31 |   it("toggles confirm password field visibility independently", async () => {
    > 32 |     render(<RegisterForm locale="de" />);
         |           ^
      33 |     const confirmInput = screen.getByLabelText("fields.confirmPassword");
      34 |     expect(confirmInput).toHaveAttribute("type", "password");
      35 |

      at logCapturedError (node_modules/react-dom/cjs/react-dom.development.js:18704:23)
      at update.callback (node_modules/react-dom/cjs/react-dom.development.js:18737:5)
      at callCallback (node_modules/react-dom/cjs/react-dom.development.js:15036:12)
      at commitUpdateQueue (node_modules/react-dom/cjs/react-dom.development.js:15057:9)
      at commitLayoutEffectOnFiber (node_modules/react-dom/cjs/react-dom.development.js:23430:13)
      at commitLayoutMountEffects_complete (node_modules/react-dom/cjs/react-dom.development.js:24727:9)
      at commitLayoutEffects_begin (node_modules/react-dom/cjs/react-dom.development.js:24713:7)
      at commitLayoutEffects (node_modules/react-dom/cjs/react-dom.development.js:24651:3)
      at commitRootImpl (node_modules/react-dom/cjs/react-dom.development.js:26862:5)
      at commitRoot (node_modules/react-dom/cjs/react-dom.development.js:26721:5)
      at performSyncWorkOnRoot (node_modules/react-dom/cjs/react-dom.development.js:26156:3)
      at flushSyncCallbacks (node_modules/react-dom/cjs/react-dom.development.js:12042:22)
      at flushPassiveEffectsImpl (node_modules/react-dom/cjs/react-dom.development.js:27099:3)
      at flushPassiveEffects (node_modules/react-dom/cjs/react-dom.development.js:27023:14)
      at node_modules/react-dom/cjs/react-dom.development.js:26808:9
      at flushActQueue (node_modules/react/cjs/react.development.js:2667:24)
      at act (node_modules/react/cjs/react.development.js:2582:11)
      at node_modules/@testing-library/react/dist/act-compat.js:47:25
      at renderRoot (node_modules/@testing-library/react/dist/pure.js:180:26)
      at render (node_modules/@testing-library/react/dist/pure.js:271:10)
      at Object.<anonymous> (src/components/auth/__tests__/RegisterForm.test.tsx:32:11)

    console.error
      Error: Uncaught [ReferenceError: fetch is not defined]
          at reportException (/Users/yusefbach/Projekte/studynexus/frontend/node_modules/jsdom/lib/jsdom/living/helpers/runtime-script-errors.js:66:24)
          at innerInvokeEventListeners (/Users/yusefbach/Projekte/studynexus/frontend/node_modules/jsdom/lib/jsdom/living/events/EventTarget-impl.js:353:9)
          at invokeEventListeners (/Users/yusefbach/Projekte/studynexus/frontend/node_modules/jsdom/lib/jsdom/living/events/EventTarget-impl.js:286:3)
          at HTMLUnknownElementImpl._dispatch (/Users/yusefbach/Projekte/studynexus/frontend/node_modules/jsdom/lib/jsdom/living/events/EventTarget-impl.js:233:9)
          at HTMLUnknownElementImpl.dispatchEvent (/Users/yusefbach/Projekte/studynexus/frontend/node_modules/jsdom/lib/jsdom/living/events/EventTarget-impl.js:104:17)
          at HTMLUnknownElement.dispatchEvent (/Users/yusefbach/Projekte/studynexus/frontend/node_modules/jsdom/lib/jsdom/living/generated/EventTarget.js:241:34)
          at Object.invokeGuardedCallbackDev (/Users/yusefbach/Projekte/studynexus/frontend/node_modules/react-dom/cjs/react-dom.development.js:4213:16)
          at invokeGuardedCallback (/Users/yusefbach/Projekte/studynexus/frontend/node_modules/react-dom/cjs/react-dom.development.js:4277:31)
          at reportUncaughtErrorInDEV (/Users/yusefbach/Projekte/studynexus/frontend/node_modules/react-dom/cjs/react-dom.development.js:22877:5)
          at captureCommitPhaseError (/Users/yusefbach/Projekte/studynexus/frontend/node_modules/react-dom/cjs/react-dom.development.js:27165:5)
          at commitPassiveMountEffects_complete (/Users/yusefbach/Projekte/studynexus/frontend/node_modules/react-dom/cjs/react-dom.development.js:24932:9)
          at commitPassiveMountEffects_begin (/Users/yusefbach/Projekte/studynexus/frontend/node_modules/react-dom/cjs/react-dom.development.js:24917:7)
          at commitPassiveMountEffects (/Users/yusefbach/Projekte/studynexus/frontend/node_modules/react-dom/cjs/react-dom.development.js:24905:3)
          at flushPassiveEffectsImpl (/Users/yusefbach/Projekte/studynexus/frontend/node_modules/react-dom/cjs/react-dom.development.js:27078:3)
          at flushPassiveEffects (/Users/yusefbach/Projekte/studynexus/frontend/node_modules/react-dom/cjs/react-dom.development.js:27023:14)
          at /Users/yusefbach/Projekte/studynexus/frontend/node_modules/react-dom/cjs/react-dom.development.js:26808:9
          at flushActQueue (/Users/yusefbach/Projekte/studynexus/frontend/node_modules/react/cjs/react.development.js:2667:24)
          at act (/Users/yusefbach/Projekte/studynexus/frontend/node_modules/react/cjs/react.development.js:2582:11)
          at /Users/yusefbach/Projekte/studynexus/frontend/node_modules/@testing-library/react/dist/act-compat.js:47:25
          at renderRoot (/Users/yusefbach/Projekte/studynexus/frontend/node_modules/@testing-library/react/dist/pure.js:180:26)
          at render (/Users/yusefbach/Projekte/studynexus/frontend/node_modules/@testing-library/react/dist/pure.js:271:10)
          at Object.<anonymous> (/Users/yusefbach/Projekte/studynexus/frontend/src/components/auth/__tests__/RegisterForm.test.tsx:42:11)
          at Promise.then.completed (/Users/yusefbach/Projekte/studynexus/frontend/node_modules/jest-circus/build/utils.js:298:28)
          at new Promise (<anonymous>)
          at callAsyncCircusFn (/Users/yusefbach/Projekte/studynexus/frontend/node_modules/jest-circus/build/utils.js:231:10)
          at _callCircusTest (/Users/yusefbach/Projekte/studynexus/frontend/node_modules/jest-circus/build/run.js:316:40)
          at processTicksAndRejections (node:internal/process/task_queues:104:5)
          at _runTest (/Users/yusefbach/Projekte/studynexus/frontend/node_modules/jest-circus/build/run.js:252:3)
          at _runTestsForDescribeBlock (/Users/yusefbach/Projekte/studynexus/frontend/node_modules/jest-circus/build/run.js:126:9)
          at _runTestsForDescribeBlock (/Users/yusefbach/Projekte/studynexus/frontend/node_modules/jest-circus/build/run.js:121:9)
          at run (/Users/yusefbach/Projekte/studynexus/frontend/node_modules/jest-circus/build/run.js:71:3)
          at runAndTransformResultsToJestFormat (/Users/yusefbach/Projekte/studynexus/frontend/node_modules/jest-circus/build/legacy-code-todo-rewrite/jestAdapterInit.js:122:21)
          at jestAdapter (/Users/yusefbach/Projekte/studynexus/frontend/node_modules/jest-circus/build/legacy-code-todo-rewrite/jestAdapter.js:79:19)
          at runTestInternal (/Users/yusefbach/Projekte/studynexus/frontend/node_modules/jest-runner/build/runTest.js:367:16)
          at runTest (/Users/yusefbach/Projekte/studynexus/frontend/node_modules/jest-runner/build/runTest.js:444:34)
          at Object.worker (/Users/yusefbach/Projekte/studynexus/frontend/node_modules/jest-runner/build/testWorker.js:106:12) {
        detail: ReferenceError: fetch is not defined
            at fetch (/Users/yusefbach/Projekte/studynexus/frontend/src/components/auth/RegisterForm.tsx:35:5)
            at commitHookEffectListMount (/Users/yusefbach/Projekte/studynexus/frontend/node_modules/react-dom/cjs/react-dom.development.js:23189:26)
            at commitPassiveMountOnFiber (/Users/yusefbach/Projekte/studynexus/frontend/node_modules/react-dom/cjs/react-dom.development.js:24970:11)
            at commitPassiveMountEffects_complete (/Users/yusefbach/Projekte/studynexus/frontend/node_modules/react-dom/cjs/react-dom.development.js:24930:9)
            at commitPassiveMountEffects_begin (/Users/yusefbach/Projekte/studynexus/frontend/node_modules/react-dom/cjs/react-dom.development.js:24917:7)
            at commitPassiveMountEffects (/Users/yusefbach/Projekte/studynexus/frontend/node_modules/react-dom/cjs/react-dom.development.js:24905:3)
            at flushPassiveEffectsImpl (/Users/yusefbach/Projekte/studynexus/frontend/node_modules/react-dom/cjs/react-dom.development.js:27078:3)
            at flushPassiveEffects (/Users/yusefbach/Projekte/studynexus/frontend/node_modules/react-dom/cjs/react-dom.development.js:27023:14)
            at /Users/yusefbach/Projekte/studynexus/frontend/node_modules/react-dom/cjs/react-dom.development.js:26808:9
            at flushActQueue (/Users/yusefbach/Projekte/studynexus/frontend/node_modules/react/cjs/react.development.js:2667:24)
            at act (/Users/yusefbach/Projekte/studynexus/frontend/node_modules/react/cjs/react.development.js:2582:11)
            at /Users/yusefbach/Projekte/studynexus/frontend/node_modules/@testing-library/react/dist/act-compat.js:47:25
            at renderRoot (/Users/yusefbach/Projekte/studynexus/frontend/node_modules/@testing-library/react/dist/pure.js:180:26)
            at render (/Users/yusefbach/Projekte/studynexus/frontend/node_modules/@testing-library/react/dist/pure.js:271:10)
            at Object.<anonymous> (/Users/yusefbach/Projekte/studynexus/frontend/src/components/auth/__tests__/RegisterForm.test.tsx:42:11)
            at Promise.then.completed (/Users/yusefbach/Projekte/studynexus/frontend/node_modules/jest-circus/build/utils.js:298:28)
            at new Promise (<anonymous>)
            at callAsyncCircusFn (/Users/yusefbach/Projekte/studynexus/frontend/node_modules/jest-circus/build/utils.js:231:10)
            at _callCircusTest (/Users/yusefbach/Projekte/studynexus/frontend/node_modules/jest-circus/build/run.js:316:40)
            at processTicksAndRejections (node:internal/process/task_queues:104:5)
            at _runTest (/Users/yusefbach/Projekte/studynexus/frontend/node_modules/jest-circus/build/run.js:252:3)
            at _runTestsForDescribeBlock (/Users/yusefbach/Projekte/studynexus/frontend/node_modules/jest-circus/build/run.js:126:9)
            at _runTestsForDescribeBlock (/Users/yusefbach/Projekte/studynexus/frontend/node_modules/jest-circus/build/run.js:121:9)
            at run (/Users/yusefbach/Projekte/studynexus/frontend/node_modules/jest-circus/build/run.js:71:3)
            at runAndTransformResultsToJestFormat (/Users/yusefbach/Projekte/studynexus/frontend/node_modules/jest-circus/build/legacy-code-todo-rewrite/jestAdapterInit.js:122:21)
            at jestAdapter (/Users/yusefbach/Projekte/studynexus/frontend/node_modules/jest-circus/build/legacy-code-todo-rewrite/jestAdapter.js:79:19)
            at runTestInternal (/Users/yusefbach/Projekte/studynexus/frontend/node_modules/jest-runner/build/runTest.js:367:16)
            at runTest (/Users/yusefbach/Projekte/studynexus/frontend/node_modules/jest-runner/build/runTest.js:444:34)
            at Object.worker (/Users/yusefbach/Projekte/studynexus/frontend/node_modules/jest-runner/build/testWorker.js:106:12),
        type: 'unhandled exception'
      }

      40 |
      41 |   it("shows password mismatch error", async () => {
    > 42 |     render(<RegisterForm locale="de" />);
         |           ^
      43 |
      44 |     await userEvent.type(screen.getByLabelText("fields.password"), "Password1!");
      45 |     await userEvent.type(screen.getByLabelText("fields.confirmPassword"), "Different1!");

      at VirtualConsole.<anonymous> (node_modules/jest-environment-jsdom/build/index.js:63:23)
      at reportException (node_modules/jsdom/lib/jsdom/living/helpers/runtime-script-errors.js:70:28)
      at innerInvokeEventListeners (node_modules/jsdom/lib/jsdom/living/events/EventTarget-impl.js:353:9)
      at invokeEventListeners (node_modules/jsdom/lib/jsdom/living/events/EventTarget-impl.js:286:3)
      at HTMLUnknownElementImpl._dispatch (node_modules/jsdom/lib/jsdom/living/events/EventTarget-impl.js:233:9)
      at HTMLUnknownElementImpl.dispatchEvent (node_modules/jsdom/lib/jsdom/living/events/EventTarget-impl.js:104:17)
      at HTMLUnknownElement.dispatchEvent (node_modules/jsdom/lib/jsdom/living/generated/EventTarget.js:241:34)
      at Object.invokeGuardedCallbackDev (node_modules/react-dom/cjs/react-dom.development.js:4213:16)
      at invokeGuardedCallback (node_modules/react-dom/cjs/react-dom.development.js:4277:31)
      at reportUncaughtErrorInDEV (node_modules/react-dom/cjs/react-dom.development.js:22877:5)
      at captureCommitPhaseError (node_modules/react-dom/cjs/react-dom.development.js:27165:5)
      at commitPassiveMountEffects_complete (node_modules/react-dom/cjs/react-dom.development.js:24932:9)
      at commitPassiveMountEffects_begin (node_modules/react-dom/cjs/react-dom.development.js:24917:7)
      at commitPassiveMountEffects (node_modules/react-dom/cjs/react-dom.development.js:24905:3)
      at flushPassiveEffectsImpl (node_modules/react-dom/cjs/react-dom.development.js:27078:3)
      at flushPassiveEffects (node_modules/react-dom/cjs/react-dom.development.js:27023:14)
      at node_modules/react-dom/cjs/react-dom.development.js:26808:9
      at flushActQueue (node_modules/react/cjs/react.development.js:2667:24)
      at act (node_modules/react/cjs/react.development.js:2582:11)
      at node_modules/@testing-library/react/dist/act-compat.js:47:25
      at renderRoot (node_modules/@testing-library/react/dist/pure.js:180:26)
      at render (node_modules/@testing-library/react/dist/pure.js:271:10)
      at Object.<anonymous> (src/components/auth/__tests__/RegisterForm.test.tsx:42:11)

    console.error
      The above error occurred in the <RegisterForm> component:
      
          at locale (/Users/yusefbach/Projekte/studynexus/frontend/src/components/auth/RegisterForm.tsx:22:32)
      
      Consider adding an error boundary to your tree to customize error handling behavior.
      Visit https://reactjs.org/link/error-boundaries to learn more about error boundaries.

      40 |
      41 |   it("shows password mismatch error", async () => {
    > 42 |     render(<RegisterForm locale="de" />);
         |           ^
      43 |
      44 |     await userEvent.type(screen.getByLabelText("fields.password"), "Password1!");
      45 |     await userEvent.type(screen.getByLabelText("fields.confirmPassword"), "Different1!");

      at logCapturedError (node_modules/react-dom/cjs/react-dom.development.js:18704:23)
      at update.callback (node_modules/react-dom/cjs/react-dom.development.js:18737:5)
      at callCallback (node_modules/react-dom/cjs/react-dom.development.js:15036:12)
      at commitUpdateQueue (node_modules/react-dom/cjs/react-dom.development.js:15057:9)
      at commitLayoutEffectOnFiber (node_modules/react-dom/cjs/react-dom.development.js:23430:13)
      at commitLayoutMountEffects_complete (node_modules/react-dom/cjs/react-dom.development.js:24727:9)
      at commitLayoutEffects_begin (node_modules/react-dom/cjs/react-dom.development.js:24713:7)
      at commitLayoutEffects (node_modules/react-dom/cjs/react-dom.development.js:24651:3)
      at commitRootImpl (node_modules/react-dom/cjs/react-dom.development.js:26862:5)
      at commitRoot (node_modules/react-dom/cjs/react-dom.development.js:26721:5)
      at performSyncWorkOnRoot (node_modules/react-dom/cjs/react-dom.development.js:26156:3)
      at flushSyncCallbacks (node_modules/react-dom/cjs/react-dom.development.js:12042:22)
      at flushPassiveEffectsImpl (node_modules/react-dom/cjs/react-dom.development.js:27099:3)
      at flushPassiveEffects (node_modules/react-dom/cjs/react-dom.development.js:27023:14)
      at node_modules/react-dom/cjs/react-dom.development.js:26808:9
      at flushActQueue (node_modules/react/cjs/react.development.js:2667:24)
      at act (node_modules/react/cjs/react.development.js:2582:11)
      at node_modules/@testing-library/react/dist/act-compat.js:47:25
      at renderRoot (node_modules/@testing-library/react/dist/pure.js:180:26)
      at render (node_modules/@testing-library/react/dist/pure.js:271:10)
      at Object.<anonymous> (src/components/auth/__tests__/RegisterForm.test.tsx:42:11)

    console.error
      Error: Uncaught [ReferenceError: fetch is not defined]
          at reportException (/Users/yusefbach/Projekte/studynexus/frontend/node_modules/jsdom/lib/jsdom/living/helpers/runtime-script-errors.js:66:24)
          at innerInvokeEventListeners (/Users/yusefbach/Projekte/studynexus/frontend/node_modules/jsdom/lib/jsdom/living/events/EventTarget-impl.js:353:9)
          at invokeEventListeners (/Users/yusefbach/Projekte/studynexus/frontend/node_modules/jsdom/lib/jsdom/living/events/EventTarget-impl.js:286:3)
          at HTMLUnknownElementImpl._dispatch (/Users/yusefbach/Projekte/studynexus/frontend/node_modules/jsdom/lib/jsdom/living/events/EventTarget-impl.js:233:9)
          at HTMLUnknownElementImpl.dispatchEvent (/Users/yusefbach/Projekte/studynexus/frontend/node_modules/jsdom/lib/jsdom/living/events/EventTarget-impl.js:104:17)
          at HTMLUnknownElement.dispatchEvent (/Users/yusefbach/Projekte/studynexus/frontend/node_modules/jsdom/lib/jsdom/living/generated/EventTarget.js:241:34)
          at Object.invokeGuardedCallbackDev (/Users/yusefbach/Projekte/studynexus/frontend/node_modules/react-dom/cjs/react-dom.development.js:4213:16)
          at invokeGuardedCallback (/Users/yusefbach/Projekte/studynexus/frontend/node_modules/react-dom/cjs/react-dom.development.js:4277:31)
          at reportUncaughtErrorInDEV (/Users/yusefbach/Projekte/studynexus/frontend/node_modules/react-dom/cjs/react-dom.development.js:22877:5)
          at captureCommitPhaseError (/Users/yusefbach/Projekte/studynexus/frontend/node_modules/react-dom/cjs/react-dom.development.js:27165:5)
          at commitPassiveMountEffects_complete (/Users/yusefbach/Projekte/studynexus/frontend/node_modules/react-dom/cjs/react-dom.development.js:24932:9)
          at commitPassiveMountEffects_begin (/Users/yusefbach/Projekte/studynexus/frontend/node_modules/react-dom/cjs/react-dom.development.js:24917:7)
          at commitPassiveMountEffects (/Users/yusefbach/Projekte/studynexus/frontend/node_modules/react-dom/cjs/react-dom.development.js:24905:3)
          at flushPassiveEffectsImpl (/Users/yusefbach/Projekte/studynexus/frontend/node_modules/react-dom/cjs/react-dom.development.js:27078:3)
          at flushPassiveEffects (/Users/yusefbach/Projekte/studynexus/frontend/node_modules/react-dom/cjs/react-dom.development.js:27023:14)
          at /Users/yusefbach/Projekte/studynexus/frontend/node_modules/react-dom/cjs/react-dom.development.js:26808:9
          at flushActQueue (/Users/yusefbach/Projekte/studynexus/frontend/node_modules/react/cjs/react.development.js:2667:24)
          at act (/Users/yusefbach/Projekte/studynexus/frontend/node_modules/react/cjs/react.development.js:2582:11)
          at /Users/yusefbach/Projekte/studynexus/frontend/node_modules/@testing-library/react/dist/act-compat.js:47:25
          at renderRoot (/Users/yusefbach/Projekte/studynexus/frontend/node_modules/@testing-library/react/dist/pure.js:180:26)
          at render (/Users/yusefbach/Projekte/studynexus/frontend/node_modules/@testing-library/react/dist/pure.js:271:10)
          at Object.<anonymous> (/Users/yusefbach/Projekte/studynexus/frontend/src/components/auth/__tests__/RegisterForm.test.tsx:55:11)
          at Promise.then.completed (/Users/yusefbach/Projekte/studynexus/frontend/node_modules/jest-circus/build/utils.js:298:28)
          at new Promise (<anonymous>)
          at callAsyncCircusFn (/Users/yusefbach/Projekte/studynexus/frontend/node_modules/jest-circus/build/utils.js:231:10)
          at _callCircusTest (/Users/yusefbach/Projekte/studynexus/frontend/node_modules/jest-circus/build/run.js:316:40)
          at processTicksAndRejections (node:internal/process/task_queues:104:5)
          at _runTest (/Users/yusefbach/Projekte/studynexus/frontend/node_modules/jest-circus/build/run.js:252:3)
          at _runTestsForDescribeBlock (/Users/yusefbach/Projekte/studynexus/frontend/node_modules/jest-circus/build/run.js:126:9)
          at _runTestsForDescribeBlock (/Users/yusefbach/Projekte/studynexus/frontend/node_modules/jest-circus/build/run.js:121:9)
          at run (/Users/yusefbach/Projekte/studynexus/frontend/node_modules/jest-circus/build/run.js:71:3)
          at runAndTransformResultsToJestFormat (/Users/yusefbach/Projekte/studynexus/frontend/node_modules/jest-circus/build/legacy-code-todo-rewrite/jestAdapterInit.js:122:21)
          at jestAdapter (/Users/yusefbach/Projekte/studynexus/frontend/node_modules/jest-circus/build/legacy-code-todo-rewrite/jestAdapter.js:79:19)
          at runTestInternal (/Users/yusefbach/Projekte/studynexus/frontend/node_modules/jest-runner/build/runTest.js:367:16)
          at runTest (/Users/yusefbach/Projekte/studynexus/frontend/node_modules/jest-runner/build/runTest.js:444:34)
          at Object.worker (/Users/yusefbach/Projekte/studynexus/frontend/node_modules/jest-runner/build/testWorker.js:106:12) {
        detail: ReferenceError: fetch is not defined
            at fetch (/Users/yusefbach/Projekte/studynexus/frontend/src/components/auth/RegisterForm.tsx:35:5)
            at commitHookEffectListMount (/Users/yusefbach/Projekte/studynexus/frontend/node_modules/react-dom/cjs/react-dom.development.js:23189:26)
            at commitPassiveMountOnFiber (/Users/yusefbach/Projekte/studynexus/frontend/node_modules/react-dom/cjs/react-dom.development.js:24970:11)
            at commitPassiveMountEffects_complete (/Users/yusefbach/Projekte/studynexus/frontend/node_modules/react-dom/cjs/react-dom.development.js:24930:9)
            at commitPassiveMountEffects_begin (/Users/yusefbach/Projekte/studynexus/frontend/node_modules/react-dom/cjs/react-dom.development.js:24917:7)
            at commitPassiveMountEffects (/Users/yusefbach/Projekte/studynexus/frontend/node_modules/react-dom/cjs/react-dom.development.js:24905:3)
            at flushPassiveEffectsImpl (/Users/yusefbach/Projekte/studynexus/frontend/node_modules/react-dom/cjs/react-dom.development.js:27078:3)
            at flushPassiveEffects (/Users/yusefbach/Projekte/studynexus/frontend/node_modules/react-dom/cjs/react-dom.development.js:27023:14)
            at /Users/yusefbach/Projekte/studynexus/frontend/node_modules/react-dom/cjs/react-dom.development.js:26808:9
            at flushActQueue (/Users/yusefbach/Projekte/studynexus/frontend/node_modules/react/cjs/react.development.js:2667:24)
            at act (/Users/yusefbach/Projekte/studynexus/frontend/node_modules/react/cjs/react.development.js:2582:11)
            at /Users/yusefbach/Projekte/studynexus/frontend/node_modules/@testing-library/react/dist/act-compat.js:47:25
            at renderRoot (/Users/yusefbach/Projekte/studynexus/frontend/node_modules/@testing-library/react/dist/pure.js:180:26)
            at render (/Users/yusefbach/Projekte/studynexus/frontend/node_modules/@testing-library/react/dist/pure.js:271:10)
            at Object.<anonymous> (/Users/yusefbach/Projekte/studynexus/frontend/src/components/auth/__tests__/RegisterForm.test.tsx:55:11)
            at Promise.then.completed (/Users/yusefbach/Projekte/studynexus/frontend/node_modules/jest-circus/build/utils.js:298:28)
            at new Promise (<anonymous>)
            at callAsyncCircusFn (/Users/yusefbach/Projekte/studynexus/frontend/node_modules/jest-circus/build/utils.js:231:10)
            at _callCircusTest (/Users/yusefbach/Projekte/studynexus/frontend/node_modules/jest-circus/build/run.js:316:40)
            at processTicksAndRejections (node:internal/process/task_queues:104:5)
            at _runTest (/Users/yusefbach/Projekte/studynexus/frontend/node_modules/jest-circus/build/run.js:252:3)
            at _runTestsForDescribeBlock (/Users/yusefbach/Projekte/studynexus/frontend/node_modules/jest-circus/build/run.js:126:9)
            at _runTestsForDescribeBlock (/Users/yusefbach/Projekte/studynexus/frontend/node_modules/jest-circus/build/run.js:121:9)
            at run (/Users/yusefbach/Projekte/studynexus/frontend/node_modules/jest-circus/build/run.js:71:3)
            at runAndTransformResultsToJestFormat (/Users/yusefbach/Projekte/studynexus/frontend/node_modules/jest-circus/build/legacy-code-todo-rewrite/jestAdapterInit.js:122:21)
            at jestAdapter (/Users/yusefbach/Projekte/studynexus/frontend/node_modules/jest-circus/build/legacy-code-todo-rewrite/jestAdapter.js:79:19)
            at runTestInternal (/Users/yusefbach/Projekte/studynexus/frontend/node_modules/jest-runner/build/runTest.js:367:16)
            at runTest (/Users/yusefbach/Projekte/studynexus/frontend/node_modules/jest-runner/build/runTest.js:444:34)
            at Object.worker (/Users/yusefbach/Projekte/studynexus/frontend/node_modules/jest-runner/build/testWorker.js:106:12),
        type: 'unhandled exception'
      }

      53 |
      54 |   it("renders link to login page", () => {
    > 55 |     render(<RegisterForm locale="de" />);
         |           ^
      56 |     expect(screen.getByRole("link", { name: "register.loginLink" })).toHaveAttribute(
      57 |       "href",
      58 |       "/de/login"

      at VirtualConsole.<anonymous> (node_modules/jest-environment-jsdom/build/index.js:63:23)
      at reportException (node_modules/jsdom/lib/jsdom/living/helpers/runtime-script-errors.js:70:28)
      at innerInvokeEventListeners (node_modules/jsdom/lib/jsdom/living/events/EventTarget-impl.js:353:9)
      at invokeEventListeners (node_modules/jsdom/lib/jsdom/living/events/EventTarget-impl.js:286:3)
      at HTMLUnknownElementImpl._dispatch (node_modules/jsdom/lib/jsdom/living/events/EventTarget-impl.js:233:9)
      at HTMLUnknownElementImpl.dispatchEvent (node_modules/jsdom/lib/jsdom/living/events/EventTarget-impl.js:104:17)
      at HTMLUnknownElement.dispatchEvent (node_modules/jsdom/lib/jsdom/living/generated/EventTarget.js:241:34)
      at Object.invokeGuardedCallbackDev (node_modules/react-dom/cjs/react-dom.development.js:4213:16)
      at invokeGuardedCallback (node_modules/react-dom/cjs/react-dom.development.js:4277:31)
      at reportUncaughtErrorInDEV (node_modules/react-dom/cjs/react-dom.development.js:22877:5)
      at captureCommitPhaseError (node_modules/react-dom/cjs/react-dom.development.js:27165:5)
      at commitPassiveMountEffects_complete (node_modules/react-dom/cjs/react-dom.development.js:24932:9)
      at commitPassiveMountEffects_begin (node_modules/react-dom/cjs/react-dom.development.js:24917:7)
      at commitPassiveMountEffects (node_modules/react-dom/cjs/react-dom.development.js:24905:3)
      at flushPassiveEffectsImpl (node_modules/react-dom/cjs/react-dom.development.js:27078:3)
      at flushPassiveEffects (node_modules/react-dom/cjs/react-dom.development.js:27023:14)
      at node_modules/react-dom/cjs/react-dom.development.js:26808:9
      at flushActQueue (node_modules/react/cjs/react.development.js:2667:24)
      at act (node_modules/react/cjs/react.development.js:2582:11)
      at node_modules/@testing-library/react/dist/act-compat.js:47:25
      at renderRoot (node_modules/@testing-library/react/dist/pure.js:180:26)
      at render (node_modules/@testing-library/react/dist/pure.js:271:10)
      at Object.<anonymous> (src/components/auth/__tests__/RegisterForm.test.tsx:55:11)

    console.error
      The above error occurred in the <RegisterForm> component:
      
          at locale (/Users/yusefbach/Projekte/studynexus/frontend/src/components/auth/RegisterForm.tsx:22:32)
      
      Consider adding an error boundary to your tree to customize error handling behavior.
      Visit https://reactjs.org/link/error-boundaries to learn more about error boundaries.

      53 |
      54 |   it("renders link to login page", () => {
    > 55 |     render(<RegisterForm locale="de" />);
         |           ^
      56 |     expect(screen.getByRole("link", { name: "register.loginLink" })).toHaveAttribute(
      57 |       "href",
      58 |       "/de/login"

      at logCapturedError (node_modules/react-dom/cjs/react-dom.development.js:18704:23)
      at update.callback (node_modules/react-dom/cjs/react-dom.development.js:18737:5)
      at callCallback (node_modules/react-dom/cjs/react-dom.development.js:15036:12)
      at commitUpdateQueue (node_modules/react-dom/cjs/react-dom.development.js:15057:9)
      at commitLayoutEffectOnFiber (node_modules/react-dom/cjs/react-dom.development.js:23430:13)
      at commitLayoutMountEffects_complete (node_modules/react-dom/cjs/react-dom.development.js:24727:9)
      at commitLayoutEffects_begin (node_modules/react-dom/cjs/react-dom.development.js:24713:7)
      at commitLayoutEffects (node_modules/react-dom/cjs/react-dom.development.js:24651:3)
      at commitRootImpl (node_modules/react-dom/cjs/react-dom.development.js:26862:5)
      at commitRoot (node_modules/react-dom/cjs/react-dom.development.js:26721:5)
      at performSyncWorkOnRoot (node_modules/react-dom/cjs/react-dom.development.js:26156:3)
      at flushSyncCallbacks (node_modules/react-dom/cjs/react-dom.development.js:12042:22)
      at flushPassiveEffectsImpl (node_modules/react-dom/cjs/react-dom.development.js:27099:3)
      at flushPassiveEffects (node_modules/react-dom/cjs/react-dom.development.js:27023:14)
      at node_modules/react-dom/cjs/react-dom.development.js:26808:9
      at flushActQueue (node_modules/react/cjs/react.development.js:2667:24)
      at act (node_modules/react/cjs/react.development.js:2582:11)
      at node_modules/@testing-library/react/dist/act-compat.js:47:25
      at renderRoot (node_modules/@testing-library/react/dist/pure.js:180:26)
      at render (node_modules/@testing-library/react/dist/pure.js:271:10)
      at Object.<anonymous> (src/components/auth/__tests__/RegisterForm.test.tsx:55:11)

    console.error
      Error: Uncaught [TypeError: universities.map is not a function]
          at reportException (/Users/yusefbach/Projekte/studynexus/frontend/node_modules/jsdom/lib/jsdom/living/helpers/runtime-script-errors.js:66:24)
          at innerInvokeEventListeners (/Users/yusefbach/Projekte/studynexus/frontend/node_modules/jsdom/lib/jsdom/living/events/EventTarget-impl.js:353:9)
          at invokeEventListeners (/Users/yusefbach/Projekte/studynexus/frontend/node_modules/jsdom/lib/jsdom/living/events/EventTarget-impl.js:286:3)
          at HTMLUnknownElementImpl._dispatch (/Users/yusefbach/Projekte/studynexus/frontend/node_modules/jsdom/lib/jsdom/living/events/EventTarget-impl.js:233:9)
          at HTMLUnknownElementImpl.dispatchEvent (/Users/yusefbach/Projekte/studynexus/frontend/node_modules/jsdom/lib/jsdom/living/events/EventTarget-impl.js:104:17)
          at HTMLUnknownElement.dispatchEvent (/Users/yusefbach/Projekte/studynexus/frontend/node_modules/jsdom/lib/jsdom/living/generated/EventTarget.js:241:34)
          at Object.invokeGuardedCallbackDev (/Users/yusefbach/Projekte/studynexus/frontend/node_modules/react-dom/cjs/react-dom.development.js:4213:16)
          at invokeGuardedCallback (/Users/yusefbach/Projekte/studynexus/frontend/node_modules/react-dom/cjs/react-dom.development.js:4277:31)
          at beginWork$1 (/Users/yusefbach/Projekte/studynexus/frontend/node_modules/react-dom/cjs/react-dom.development.js:27490:7)
          at performUnitOfWork (/Users/yusefbach/Projekte/studynexus/frontend/node_modules/react-dom/cjs/react-dom.development.js:26599:12)
          at workLoopSync (/Users/yusefbach/Projekte/studynexus/frontend/node_modules/react-dom/cjs/react-dom.development.js:26505:5)
          at renderRootSync (/Users/yusefbach/Projekte/studynexus/frontend/node_modules/react-dom/cjs/react-dom.development.js:26473:7)
          at performConcurrentWorkOnRoot (/Users/yusefbach/Projekte/studynexus/frontend/node_modules/react-dom/cjs/react-dom.development.js:25777:74)
          at workLoop (/Users/yusefbach/Projekte/studynexus/frontend/node_modules/scheduler/cjs/scheduler.development.js:266:34)
          at flushWork (/Users/yusefbach/Projekte/studynexus/frontend/node_modules/scheduler/cjs/scheduler.development.js:239:14)
          at performWorkUntilDeadline (/Users/yusefbach/Projekte/studynexus/frontend/node_modules/scheduler/cjs/scheduler.development.js:533:21)
          at Timeout.task [as _onTimeout] (/Users/yusefbach/Projekte/studynexus/frontend/node_modules/jsdom/lib/jsdom/browser/Window.js:520:19)
          at listOnTimeout (node:internal/timers:605:17)
          at processTimers (node:internal/timers:541:7) {
        detail: TypeError: universities.map is not a function
            at map (/Users/yusefbach/Projekte/studynexus/frontend/src/components/auth/RegisterForm.tsx:148:27)
            at renderWithHooks (/Users/yusefbach/Projekte/studynexus/frontend/node_modules/react-dom/cjs/react-dom.development.js:15486:18)
            at updateFunctionComponent (/Users/yusefbach/Projekte/studynexus/frontend/node_modules/react-dom/cjs/react-dom.development.js:19617:20)
            at beginWork (/Users/yusefbach/Projekte/studynexus/frontend/node_modules/react-dom/cjs/react-dom.development.js:21640:16)
            at HTMLUnknownElement.callCallback (/Users/yusefbach/Projekte/studynexus/frontend/node_modules/react-dom/cjs/react-dom.development.js:4164:14)
            at HTMLUnknownElement.callTheUserObjectsOperation (/Users/yusefbach/Projekte/studynexus/frontend/node_modules/jsdom/lib/jsdom/living/generated/EventListener.js:26:30)
            at innerInvokeEventListeners (/Users/yusefbach/Projekte/studynexus/frontend/node_modules/jsdom/lib/jsdom/living/events/EventTarget-impl.js:350:25)
            at invokeEventListeners (/Users/yusefbach/Projekte/studynexus/frontend/node_modules/jsdom/lib/jsdom/living/events/EventTarget-impl.js:286:3)
            at HTMLUnknownElementImpl._dispatch (/Users/yusefbach/Projekte/studynexus/frontend/node_modules/jsdom/lib/jsdom/living/events/EventTarget-impl.js:233:9)
            at HTMLUnknownElementImpl.dispatchEvent (/Users/yusefbach/Projekte/studynexus/frontend/node_modules/jsdom/lib/jsdom/living/events/EventTarget-impl.js:104:17)
            at HTMLUnknownElement.dispatchEvent (/Users/yusefbach/Projekte/studynexus/frontend/node_modules/jsdom/lib/jsdom/living/generated/EventTarget.js:241:34)
            at Object.invokeGuardedCallbackDev (/Users/yusefbach/Projekte/studynexus/frontend/node_modules/react-dom/cjs/react-dom.development.js:4213:16)
            at invokeGuardedCallback (/Users/yusefbach/Projekte/studynexus/frontend/node_modules/react-dom/cjs/react-dom.development.js:4277:31)
            at beginWork$1 (/Users/yusefbach/Projekte/studynexus/frontend/node_modules/react-dom/cjs/react-dom.development.js:27490:7)
            at performUnitOfWork (/Users/yusefbach/Projekte/studynexus/frontend/node_modules/react-dom/cjs/react-dom.development.js:26599:12)
            at workLoopSync (/Users/yusefbach/Projekte/studynexus/frontend/node_modules/react-dom/cjs/react-dom.development.js:26505:5)
            at renderRootSync (/Users/yusefbach/Projekte/studynexus/frontend/node_modules/react-dom/cjs/react-dom.development.js:26473:7)
            at performConcurrentWorkOnRoot (/Users/yusefbach/Projekte/studynexus/frontend/node_modules/react-dom/cjs/react-dom.development.js:25777:74)
            at workLoop (/Users/yusefbach/Projekte/studynexus/frontend/node_modules/scheduler/cjs/scheduler.development.js:266:34)
            at flushWork (/Users/yusefbach/Projekte/studynexus/frontend/node_modules/scheduler/cjs/scheduler.development.js:239:14)
            at performWorkUntilDeadline (/Users/yusefbach/Projekte/studynexus/frontend/node_modules/scheduler/cjs/scheduler.development.js:533:21)
            at Timeout.task [as _onTimeout] (/Users/yusefbach/Projekte/studynexus/frontend/node_modules/jsdom/lib/jsdom/browser/Window.js:520:19)
            at listOnTimeout (node:internal/timers:605:17)
            at processTimers (node:internal/timers:541:7),
        type: 'unhandled exception'
      }

      at VirtualConsole.<anonymous> (node_modules/jest-environment-jsdom/build/index.js:63:23)
      at reportException (node_modules/jsdom/lib/jsdom/living/helpers/runtime-script-errors.js:70:28)
      at innerInvokeEventListeners (node_modules/jsdom/lib/jsdom/living/events/EventTarget-impl.js:353:9)
      at invokeEventListeners (node_modules/jsdom/lib/jsdom/living/events/EventTarget-impl.js:286:3)
      at HTMLUnknownElementImpl._dispatch (node_modules/jsdom/lib/jsdom/living/events/EventTarget-impl.js:233:9)
      at HTMLUnknownElementImpl.dispatchEvent (node_modules/jsdom/lib/jsdom/living/events/EventTarget-impl.js:104:17)
      at HTMLUnknownElement.dispatchEvent (node_modules/jsdom/lib/jsdom/living/generated/EventTarget.js:241:34)
      at Object.invokeGuardedCallbackDev (node_modules/react-dom/cjs/react-dom.development.js:4213:16)
      at invokeGuardedCallback (node_modules/react-dom/cjs/react-dom.development.js:4277:31)
      at beginWork$1 (node_modules/react-dom/cjs/react-dom.development.js:27490:7)
      at performUnitOfWork (node_modules/react-dom/cjs/react-dom.development.js:26599:12)
      at workLoopSync (node_modules/react-dom/cjs/react-dom.development.js:26505:5)
      at renderRootSync (node_modules/react-dom/cjs/react-dom.development.js:26473:7)
      at performConcurrentWorkOnRoot (node_modules/react-dom/cjs/react-dom.development.js:25777:74)
      at workLoop (node_modules/scheduler/cjs/scheduler.development.js:266:34)
      at flushWork (node_modules/scheduler/cjs/scheduler.development.js:239:14)
      at performWorkUntilDeadline (node_modules/scheduler/cjs/scheduler.development.js:533:21)
      at Timeout.task [as _onTimeout] (node_modules/jsdom/lib/jsdom/browser/Window.js:520:19)

    console.error
      Error: Uncaught [TypeError: universities.map is not a function]
          at reportException (/Users/yusefbach/Projekte/studynexus/frontend/node_modules/jsdom/lib/jsdom/living/helpers/runtime-script-errors.js:66:24)
          at innerInvokeEventListeners (/Users/yusefbach/Projekte/studynexus/frontend/node_modules/jsdom/lib/jsdom/living/events/EventTarget-impl.js:353:9)
          at invokeEventListeners (/Users/yusefbach/Projekte/studynexus/frontend/node_modules/jsdom/lib/jsdom/living/events/EventTarget-impl.js:286:3)
          at HTMLUnknownElementImpl._dispatch (/Users/yusefbach/Projekte/studynexus/frontend/node_modules/jsdom/lib/jsdom/living/events/EventTarget-impl.js:233:9)
          at HTMLUnknownElementImpl.dispatchEvent (/Users/yusefbach/Projekte/studynexus/frontend/node_modules/jsdom/lib/jsdom/living/events/EventTarget-impl.js:104:17)
          at HTMLUnknownElement.dispatchEvent (/Users/yusefbach/Projekte/studynexus/frontend/node_modules/jsdom/lib/jsdom/living/generated/EventTarget.js:241:34)
          at Object.invokeGuardedCallbackDev (/Users/yusefbach/Projekte/studynexus/frontend/node_modules/react-dom/cjs/react-dom.development.js:4213:16)
          at invokeGuardedCallback (/Users/yusefbach/Projekte/studynexus/frontend/node_modules/react-dom/cjs/react-dom.development.js:4277:31)
          at beginWork$1 (/Users/yusefbach/Projekte/studynexus/frontend/node_modules/react-dom/cjs/react-dom.development.js:27490:7)
          at performUnitOfWork (/Users/yusefbach/Projekte/studynexus/frontend/node_modules/react-dom/cjs/react-dom.development.js:26599:12)
          at workLoopSync (/Users/yusefbach/Projekte/studynexus/frontend/node_modules/react-dom/cjs/react-dom.development.js:26505:5)
          at renderRootSync (/Users/yusefbach/Projekte/studynexus/frontend/node_modules/react-dom/cjs/react-dom.development.js:26473:7)
          at recoverFromConcurrentError (/Users/yusefbach/Projekte/studynexus/frontend/node_modules/react-dom/cjs/react-dom.development.js:25889:20)
          at performConcurrentWorkOnRoot (/Users/yusefbach/Projekte/studynexus/frontend/node_modules/react-dom/cjs/react-dom.development.js:25789:22)
          at workLoop (/Users/yusefbach/Projekte/studynexus/frontend/node_modules/scheduler/cjs/scheduler.development.js:266:34)
          at flushWork (/Users/yusefbach/Projekte/studynexus/frontend/node_modules/scheduler/cjs/scheduler.development.js:239:14)
          at performWorkUntilDeadline (/Users/yusefbach/Projekte/studynexus/frontend/node_modules/scheduler/cjs/scheduler.development.js:533:21)
          at Timeout.task [as _onTimeout] (/Users/yusefbach/Projekte/studynexus/frontend/node_modules/jsdom/lib/jsdom/browser/Window.js:520:19)
          at listOnTimeout (node:internal/timers:605:17)
          at processTimers (node:internal/timers:541:7) {
        detail: TypeError: universities.map is not a function
            at map (/Users/yusefbach/Projekte/studynexus/frontend/src/components/auth/RegisterForm.tsx:148:27)
            at renderWithHooks (/Users/yusefbach/Projekte/studynexus/frontend/node_modules/react-dom/cjs/react-dom.development.js:15486:18)
            at updateFunctionComponent (/Users/yusefbach/Projekte/studynexus/frontend/node_modules/react-dom/cjs/react-dom.development.js:19617:20)
            at beginWork (/Users/yusefbach/Projekte/studynexus/frontend/node_modules/react-dom/cjs/react-dom.development.js:21640:16)
            at HTMLUnknownElement.callCallback (/Users/yusefbach/Projekte/studynexus/frontend/node_modules/react-dom/cjs/react-dom.development.js:4164:14)
            at HTMLUnknownElement.callTheUserObjectsOperation (/Users/yusefbach/Projekte/studynexus/frontend/node_modules/jsdom/lib/jsdom/living/generated/EventListener.js:26:30)
            at innerInvokeEventListeners (/Users/yusefbach/Projekte/studynexus/frontend/node_modules/jsdom/lib/jsdom/living/events/EventTarget-impl.js:350:25)
            at invokeEventListeners (/Users/yusefbach/Projekte/studynexus/frontend/node_modules/jsdom/lib/jsdom/living/events/EventTarget-impl.js:286:3)
            at HTMLUnknownElementImpl._dispatch (/Users/yusefbach/Projekte/studynexus/frontend/node_modules/jsdom/lib/jsdom/living/events/EventTarget-impl.js:233:9)
            at HTMLUnknownElementImpl.dispatchEvent (/Users/yusefbach/Projekte/studynexus/frontend/node_modules/jsdom/lib/jsdom/living/events/EventTarget-impl.js:104:17)
            at HTMLUnknownElement.dispatchEvent (/Users/yusefbach/Projekte/studynexus/frontend/node_modules/jsdom/lib/jsdom/living/generated/EventTarget.js:241:34)
            at Object.invokeGuardedCallbackDev (/Users/yusefbach/Projekte/studynexus/frontend/node_modules/react-dom/cjs/react-dom.development.js:4213:16)
            at invokeGuardedCallback (/Users/yusefbach/Projekte/studynexus/frontend/node_modules/react-dom/cjs/react-dom.development.js:4277:31)
            at beginWork$1 (/Users/yusefbach/Projekte/studynexus/frontend/node_modules/react-dom/cjs/react-dom.development.js:27490:7)
            at performUnitOfWork (/Users/yusefbach/Projekte/studynexus/frontend/node_modules/react-dom/cjs/react-dom.development.js:26599:12)
            at workLoopSync (/Users/yusefbach/Projekte/studynexus/frontend/node_modules/react-dom/cjs/react-dom.development.js:26505:5)
            at renderRootSync (/Users/yusefbach/Projekte/studynexus/frontend/node_modules/react-dom/cjs/react-dom.development.js:26473:7)
            at recoverFromConcurrentError (/Users/yusefbach/Projekte/studynexus/frontend/node_modules/react-dom/cjs/react-dom.development.js:25889:20)
            at performConcurrentWorkOnRoot (/Users/yusefbach/Projekte/studynexus/frontend/node_modules/react-dom/cjs/react-dom.development.js:25789:22)
            at workLoop (/Users/yusefbach/Projekte/studynexus/frontend/node_modules/scheduler/cjs/scheduler.development.js:266:34)
            at flushWork (/Users/yusefbach/Projekte/studynexus/frontend/node_modules/scheduler/cjs/scheduler.development.js:239:14)
            at performWorkUntilDeadline (/Users/yusefbach/Projekte/studynexus/frontend/node_modules/scheduler/cjs/scheduler.development.js:533:21)
            at Timeout.task [as _onTimeout] (/Users/yusefbach/Projekte/studynexus/frontend/node_modules/jsdom/lib/jsdom/browser/Window.js:520:19)
            at listOnTimeout (node:internal/timers:605:17)
            at processTimers (node:internal/timers:541:7),
        type: 'unhandled exception'
      }

      at VirtualConsole.<anonymous> (node_modules/jest-environment-jsdom/build/index.js:63:23)
      at reportException (node_modules/jsdom/lib/jsdom/living/helpers/runtime-script-errors.js:70:28)
      at innerInvokeEventListeners (node_modules/jsdom/lib/jsdom/living/events/EventTarget-impl.js:353:9)
      at invokeEventListeners (node_modules/jsdom/lib/jsdom/living/events/EventTarget-impl.js:286:3)
      at HTMLUnknownElementImpl._dispatch (node_modules/jsdom/lib/jsdom/living/events/EventTarget-impl.js:233:9)
      at HTMLUnknownElementImpl.dispatchEvent (node_modules/jsdom/lib/jsdom/living/events/EventTarget-impl.js:104:17)
      at HTMLUnknownElement.dispatchEvent (node_modules/jsdom/lib/jsdom/living/generated/EventTarget.js:241:34)
      at Object.invokeGuardedCallbackDev (node_modules/react-dom/cjs/react-dom.development.js:4213:16)
      at invokeGuardedCallback (node_modules/react-dom/cjs/react-dom.development.js:4277:31)
      at beginWork$1 (node_modules/react-dom/cjs/react-dom.development.js:27490:7)
      at performUnitOfWork (node_modules/react-dom/cjs/react-dom.development.js:26599:12)
      at workLoopSync (node_modules/react-dom/cjs/react-dom.development.js:26505:5)
      at renderRootSync (node_modules/react-dom/cjs/react-dom.development.js:26473:7)
      at recoverFromConcurrentError (node_modules/react-dom/cjs/react-dom.development.js:25889:20)
      at performConcurrentWorkOnRoot (node_modules/react-dom/cjs/react-dom.development.js:25789:22)
      at workLoop (node_modules/scheduler/cjs/scheduler.development.js:266:34)
      at flushWork (node_modules/scheduler/cjs/scheduler.development.js:239:14)
      at performWorkUntilDeadline (node_modules/scheduler/cjs/scheduler.development.js:533:21)
      at Timeout.task [as _onTimeout] (node_modules/jsdom/lib/jsdom/browser/Window.js:520:19)

    console.error
      The above error occurred in the <RegisterForm> component:
      
          at locale (/Users/yusefbach/Projekte/studynexus/frontend/src/components/auth/RegisterForm.tsx:22:32)
      
      Consider adding an error boundary to your tree to customize error handling behavior.
      Visit https://reactjs.org/link/error-boundaries to learn more about error boundaries.

      at logCapturedError (node_modules/react-dom/cjs/react-dom.development.js:18704:23)
      at update.callback (node_modules/react-dom/cjs/react-dom.development.js:18737:5)
      at callCallback (node_modules/react-dom/cjs/react-dom.development.js:15036:12)
      at commitUpdateQueue (node_modules/react-dom/cjs/react-dom.development.js:15057:9)
      at commitLayoutEffectOnFiber (node_modules/react-dom/cjs/react-dom.development.js:23430:13)
      at commitLayoutMountEffects_complete (node_modules/react-dom/cjs/react-dom.development.js:24727:9)
      at commitLayoutEffects_begin (node_modules/react-dom/cjs/react-dom.development.js:24713:7)
      at commitLayoutEffects (node_modules/react-dom/cjs/react-dom.development.js:24651:3)
      at commitRootImpl (node_modules/react-dom/cjs/react-dom.development.js:26862:5)
      at commitRoot (node_modules/react-dom/cjs/react-dom.development.js:26721:5)
      at finishConcurrentRender (node_modules/react-dom/cjs/react-dom.development.js:25931:9)
      at performConcurrentWorkOnRoot (node_modules/react-dom/cjs/react-dom.development.js:25848:7)
      at workLoop (node_modules/scheduler/cjs/scheduler.development.js:266:34)
      at flushWork (node_modules/scheduler/cjs/scheduler.development.js:239:14)
      at performWorkUntilDeadline (node_modules/scheduler/cjs/scheduler.development.js:533:21)
      at Timeout.task [as _onTimeout] (node_modules/jsdom/lib/jsdom/browser/Window.js:520:19)

    console.error
      Error: Uncaught [TypeError: universities.map is not a function]
          at reportException (/Users/yusefbach/Projekte/studynexus/frontend/node_modules/jsdom/lib/jsdom/living/helpers/runtime-script-errors.js:66:24)
          at Timeout.task [as _onTimeout] (/Users/yusefbach/Projekte/studynexus/frontend/node_modules/jsdom/lib/jsdom/browser/Window.js:525:9)
          at listOnTimeout (node:internal/timers:605:17)
          at processTimers (node:internal/timers:541:7) {
        detail: TypeError: universities.map is not a function
            at map (/Users/yusefbach/Projekte/studynexus/frontend/src/components/auth/RegisterForm.tsx:148:27)
            at renderWithHooks (/Users/yusefbach/Projekte/studynexus/frontend/node_modules/react-dom/cjs/react-dom.development.js:15486:18)
            at updateFunctionComponent (/Users/yusefbach/Projekte/studynexus/frontend/node_modules/react-dom/cjs/react-dom.development.js:19617:20)
            at beginWork (/Users/yusefbach/Projekte/studynexus/frontend/node_modules/react-dom/cjs/react-dom.development.js:21640:16)
            at beginWork$1 (/Users/yusefbach/Projekte/studynexus/frontend/node_modules/react-dom/cjs/react-dom.development.js:27465:14)
            at performUnitOfWork (/Users/yusefbach/Projekte/studynexus/frontend/node_modules/react-dom/cjs/react-dom.development.js:26599:12)
            at workLoopSync (/Users/yusefbach/Projekte/studynexus/frontend/node_modules/react-dom/cjs/react-dom.development.js:26505:5)
            at renderRootSync (/Users/yusefbach/Projekte/studynexus/frontend/node_modules/react-dom/cjs/react-dom.development.js:26473:7)
            at recoverFromConcurrentError (/Users/yusefbach/Projekte/studynexus/frontend/node_modules/react-dom/cjs/react-dom.development.js:25889:20)
            at performConcurrentWorkOnRoot (/Users/yusefbach/Projekte/studynexus/frontend/node_modules/react-dom/cjs/react-dom.development.js:25789:22)
            at workLoop (/Users/yusefbach/Projekte/studynexus/frontend/node_modules/scheduler/cjs/scheduler.development.js:266:34)
            at flushWork (/Users/yusefbach/Projekte/studynexus/frontend/node_modules/scheduler/cjs/scheduler.development.js:239:14)
            at performWorkUntilDeadline (/Users/yusefbach/Projekte/studynexus/frontend/node_modules/scheduler/cjs/scheduler.development.js:533:21)
            at Timeout.task [as _onTimeout] (/Users/yusefbach/Projekte/studynexus/frontend/node_modules/jsdom/lib/jsdom/browser/Window.js:520:19)
            at listOnTimeout (node:internal/timers:605:17)
            at processTimers (node:internal/timers:541:7),
        type: 'unhandled exception'
      }

      at VirtualConsole.<anonymous> (node_modules/jest-environment-jsdom/build/index.js:63:23)
      at reportException (node_modules/jsdom/lib/jsdom/living/helpers/runtime-script-errors.js:70:28)
      at Timeout.task [as _onTimeout] (node_modules/jsdom/lib/jsdom/browser/Window.js:525:9)

  ● RegisterForm › renders all form fields

    ReferenceError: fetch is not defined

      33 |
      34 |   useEffect(() => {
    > 35 |     fetch("/api/universities")
         |     ^
      36 |       .then((r) => r.json())
      37 |       .then((data: University[]) => {
      38 |         setUniversities(data);

      at fetch (src/components/auth/RegisterForm.tsx:35:5)
      at commitHookEffectListMount (node_modules/react-dom/cjs/react-dom.development.js:23189:26)
      at commitPassiveMountOnFiber (node_modules/react-dom/cjs/react-dom.development.js:24970:11)
      at commitPassiveMountEffects_complete (node_modules/react-dom/cjs/react-dom.development.js:24930:9)
      at commitPassiveMountEffects_begin (node_modules/react-dom/cjs/react-dom.development.js:24917:7)
      at commitPassiveMountEffects (node_modules/react-dom/cjs/react-dom.development.js:24905:3)
      at flushPassiveEffectsImpl (node_modules/react-dom/cjs/react-dom.development.js:27078:3)
      at flushPassiveEffects (node_modules/react-dom/cjs/react-dom.development.js:27023:14)
      at node_modules/react-dom/cjs/react-dom.development.js:26808:9
      at flushActQueue (node_modules/react/cjs/react.development.js:2667:24)
      at act (node_modules/react/cjs/react.development.js:2582:11)
      at node_modules/@testing-library/react/dist/act-compat.js:47:25
      at renderRoot (node_modules/@testing-library/react/dist/pure.js:180:26)
      at render (node_modules/@testing-library/react/dist/pure.js:271:10)
      at Object.<anonymous> (src/components/auth/__tests__/RegisterForm.test.tsx:14:11)

  ● RegisterForm › toggles password field visibility

    ReferenceError: fetch is not defined

      33 |
      34 |   useEffect(() => {
    > 35 |     fetch("/api/universities")
         |     ^
      36 |       .then((r) => r.json())
      37 |       .then((data: University[]) => {
      38 |         setUniversities(data);

      at fetch (src/components/auth/RegisterForm.tsx:35:5)
      at commitHookEffectListMount (node_modules/react-dom/cjs/react-dom.development.js:23189:26)
      at commitPassiveMountOnFiber (node_modules/react-dom/cjs/react-dom.development.js:24970:11)
      at commitPassiveMountEffects_complete (node_modules/react-dom/cjs/react-dom.development.js:24930:9)
      at commitPassiveMountEffects_begin (node_modules/react-dom/cjs/react-dom.development.js:24917:7)
      at commitPassiveMountEffects (node_modules/react-dom/cjs/react-dom.development.js:24905:3)
      at flushPassiveEffectsImpl (node_modules/react-dom/cjs/react-dom.development.js:27078:3)
      at flushPassiveEffects (node_modules/react-dom/cjs/react-dom.development.js:27023:14)
      at node_modules/react-dom/cjs/react-dom.development.js:26808:9
      at flushActQueue (node_modules/react/cjs/react.development.js:2667:24)
      at act (node_modules/react/cjs/react.development.js:2582:11)
      at node_modules/@testing-library/react/dist/act-compat.js:47:25
      at renderRoot (node_modules/@testing-library/react/dist/pure.js:180:26)
      at render (node_modules/@testing-library/react/dist/pure.js:271:10)
      at Object.<anonymous> (src/components/auth/__tests__/RegisterForm.test.tsx:22:11)

  ● RegisterForm › toggles confirm password field visibility independently

    ReferenceError: fetch is not defined

      33 |
      34 |   useEffect(() => {
    > 35 |     fetch("/api/universities")
         |     ^
      36 |       .then((r) => r.json())
      37 |       .then((data: University[]) => {
      38 |         setUniversities(data);

      at fetch (src/components/auth/RegisterForm.tsx:35:5)
      at commitHookEffectListMount (node_modules/react-dom/cjs/react-dom.development.js:23189:26)
      at commitPassiveMountOnFiber (node_modules/react-dom/cjs/react-dom.development.js:24970:11)
      at commitPassiveMountEffects_complete (node_modules/react-dom/cjs/react-dom.development.js:24930:9)
      at commitPassiveMountEffects_begin (node_modules/react-dom/cjs/react-dom.development.js:24917:7)
      at commitPassiveMountEffects (node_modules/react-dom/cjs/react-dom.development.js:24905:3)
      at flushPassiveEffectsImpl (node_modules/react-dom/cjs/react-dom.development.js:27078:3)
      at flushPassiveEffects (node_modules/react-dom/cjs/react-dom.development.js:27023:14)
      at node_modules/react-dom/cjs/react-dom.development.js:26808:9
      at flushActQueue (node_modules/react/cjs/react.development.js:2667:24)
      at act (node_modules/react/cjs/react.development.js:2582:11)
      at node_modules/@testing-library/react/dist/act-compat.js:47:25
      at renderRoot (node_modules/@testing-library/react/dist/pure.js:180:26)
      at render (node_modules/@testing-library/react/dist/pure.js:271:10)
      at Object.<anonymous> (src/components/auth/__tests__/RegisterForm.test.tsx:32:11)

  ● RegisterForm › shows password mismatch error

    ReferenceError: fetch is not defined

      33 |
      34 |   useEffect(() => {
    > 35 |     fetch("/api/universities")
         |     ^
      36 |       .then((r) => r.json())
      37 |       .then((data: University[]) => {
      38 |         setUniversities(data);

      at fetch (src/components/auth/RegisterForm.tsx:35:5)
      at commitHookEffectListMount (node_modules/react-dom/cjs/react-dom.development.js:23189:26)
      at commitPassiveMountOnFiber (node_modules/react-dom/cjs/react-dom.development.js:24970:11)
      at commitPassiveMountEffects_complete (node_modules/react-dom/cjs/react-dom.development.js:24930:9)
      at commitPassiveMountEffects_begin (node_modules/react-dom/cjs/react-dom.development.js:24917:7)
      at commitPassiveMountEffects (node_modules/react-dom/cjs/react-dom.development.js:24905:3)
      at flushPassiveEffectsImpl (node_modules/react-dom/cjs/react-dom.development.js:27078:3)
      at flushPassiveEffects (node_modules/react-dom/cjs/react-dom.development.js:27023:14)
      at node_modules/react-dom/cjs/react-dom.development.js:26808:9
      at flushActQueue (node_modules/react/cjs/react.development.js:2667:24)
      at act (node_modules/react/cjs/react.development.js:2582:11)
      at node_modules/@testing-library/react/dist/act-compat.js:47:25
      at renderRoot (node_modules/@testing-library/react/dist/pure.js:180:26)
      at render (node_modules/@testing-library/react/dist/pure.js:271:10)
      at Object.<anonymous> (src/components/auth/__tests__/RegisterForm.test.tsx:42:11)

  ● RegisterForm › renders link to login page

    ReferenceError: fetch is not defined

      33 |
      34 |   useEffect(() => {
    > 35 |     fetch("/api/universities")
         |     ^
      36 |       .then((r) => r.json())
      37 |       .then((data: University[]) => {
      38 |         setUniversities(data);

      at fetch (src/components/auth/RegisterForm.tsx:35:5)
      at commitHookEffectListMount (node_modules/react-dom/cjs/react-dom.development.js:23189:26)
      at commitPassiveMountOnFiber (node_modules/react-dom/cjs/react-dom.development.js:24970:11)
      at commitPassiveMountEffects_complete (node_modules/react-dom/cjs/react-dom.development.js:24930:9)
      at commitPassiveMountEffects_begin (node_modules/react-dom/cjs/react-dom.development.js:24917:7)
      at commitPassiveMountEffects (node_modules/react-dom/cjs/react-dom.development.js:24905:3)
      at flushPassiveEffectsImpl (node_modules/react-dom/cjs/react-dom.development.js:27078:3)
      at flushPassiveEffects (node_modules/react-dom/cjs/react-dom.development.js:27023:14)
      at node_modules/react-dom/cjs/react-dom.development.js:26808:9
      at flushActQueue (node_modules/react/cjs/react.development.js:2667:24)
      at act (node_modules/react/cjs/react.development.js:2582:11)
      at node_modules/@testing-library/react/dist/act-compat.js:47:25
      at renderRoot (node_modules/@testing-library/react/dist/pure.js:180:26)
      at render (node_modules/@testing-library/react/dist/pure.js:271:10)
      at Object.<anonymous> (src/components/auth/__tests__/RegisterForm.test.tsx:55:11)

  ● RegisterForm › shows backend error on failed registration

    TypeError: universities.map is not a function

      146 |           >
      147 |             <option value="" disabled>{univLoading ? "…" : t("fields.selectUniversity")}</option>
    > 148 |             {universities.map((u) => (
          |                           ^
      149 |               <option key={u.id} value={u.name}>{u.name}</option>
      150 |             ))}
      151 |           </select>

      at map (src/components/auth/RegisterForm.tsx:148:27)
      at renderWithHooks (node_modules/react-dom/cjs/react-dom.development.js:15486:18)
      at updateFunctionComponent (node_modules/react-dom/cjs/react-dom.development.js:19617:20)
      at beginWork (node_modules/react-dom/cjs/react-dom.development.js:21640:16)
      at beginWork$1 (node_modules/react-dom/cjs/react-dom.development.js:27465:14)
      at performUnitOfWork (node_modules/react-dom/cjs/react-dom.development.js:26599:12)
      at workLoopSync (node_modules/react-dom/cjs/react-dom.development.js:26505:5)
      at renderRootSync (node_modules/react-dom/cjs/react-dom.development.js:26473:7)
      at recoverFromConcurrentError (node_modules/react-dom/cjs/react-dom.development.js:25889:20)
      at performConcurrentWorkOnRoot (node_modules/react-dom/cjs/react-dom.development.js:25789:22)
      at workLoop (node_modules/scheduler/cjs/scheduler.development.js:266:34)
      at flushWork (node_modules/scheduler/cjs/scheduler.development.js:239:14)
      at performWorkUntilDeadline (node_modules/scheduler/cjs/scheduler.development.js:533:21)
      at Timeout.task [as _onTimeout] (node_modules/jsdom/lib/jsdom/browser/Window.js:520:19)

  ● RegisterForm › shows backend error on failed registration

    TestingLibraryElementError: Unable to find a label with the text of: fields.confirmPassword

    Ignored nodes: comments, script, style
    [36m<body>[39m
      [36m<div />[39m
    [36m</body>[39m

      69 |
      70 |     await userEvent.type(screen.getByLabelText("fields.password"), "Password1!");
    > 71 |     await userEvent.type(screen.getByLabelText("fields.confirmPassword"), "Password1!");
         |                                 ^
      72 |
      73 |     fireEvent.submit(screen.getByRole("button", { name: "register.submit" }).closest("form")!);
      74 |

      at Object.getElementError (node_modules/@testing-library/dom/dist/config.js:37:19)
      at getAllByLabelText (node_modules/@testing-library/dom/dist/queries/label-text.js:111:38)
      at node_modules/@testing-library/dom/dist/query-helpers.js:52:17
      at node_modules/@testing-library/dom/dist/query-helpers.js:95:19
      at Object.getByLabelText (src/components/auth/__tests__/RegisterForm.test.tsx:71:33)

PASS src/app/[locale]/admin/universities/__tests__/page.test.tsx
PASS src/app/[locale]/admin/users/[id]/__tests__/page.test.tsx
PASS src/app/[locale]/admin/import/__tests__/page.test.tsx
PASS src/app/[locale]/admin/programs/__tests__/page.test.tsx
PASS src/app/[locale]/admin/exam-regulations/[id]/__tests__/page.test.tsx
  ● Console

    console.error
      IntlError: MISSING_MESSAGE: Could not resolve `admin.archiveDialog.title` in messages for locale `de`.
          at getFallbackFromErrorAndNotify (/Users/yusefbach/Projekte/studynexus/frontend/node_modules/use-intl/dist/development/createFormatter-QqAaZwGD.js:159:19)
          at translateBaseFn (/Users/yusefbach/Projekte/studynexus/frontend/node_modules/use-intl/dist/development/createFormatter-QqAaZwGD.js:184:14)
          at translateFn (/Users/yusefbach/Projekte/studynexus/frontend/node_modules/use-intl/dist/development/createFormatter-QqAaZwGD.js:258:20)
          at t (/Users/yusefbach/Projekte/studynexus/frontend/src/components/admin/ArchiveDialog.tsx:53:52)
          at renderWithHooks (/Users/yusefbach/Projekte/studynexus/frontend/node_modules/react-dom/cjs/react-dom.development.js:15486:18)
          at updateFunctionComponent (/Users/yusefbach/Projekte/studynexus/frontend/node_modules/react-dom/cjs/react-dom.development.js:19617:20)
          at beginWork (/Users/yusefbach/Projekte/studynexus/frontend/node_modules/react-dom/cjs/react-dom.development.js:21640:16)
          at beginWork$1 (/Users/yusefbach/Projekte/studynexus/frontend/node_modules/react-dom/cjs/react-dom.development.js:27465:14)
          at performUnitOfWork (/Users/yusefbach/Projekte/studynexus/frontend/node_modules/react-dom/cjs/react-dom.development.js:26599:12)
          at workLoopSync (/Users/yusefbach/Projekte/studynexus/frontend/node_modules/react-dom/cjs/react-dom.development.js:26505:5)
          at renderRootSync (/Users/yusefbach/Projekte/studynexus/frontend/node_modules/react-dom/cjs/react-dom.development.js:26473:7)
          at performSyncWorkOnRoot (/Users/yusefbach/Projekte/studynexus/frontend/node_modules/react-dom/cjs/react-dom.development.js:26124:20)
          at flushSyncCallbacks (/Users/yusefbach/Projekte/studynexus/frontend/node_modules/react-dom/cjs/react-dom.development.js:12042:22)
          at flushActQueue (/Users/yusefbach/Projekte/studynexus/frontend/node_modules/react/cjs/react.development.js:2667:24)
          at act (/Users/yusefbach/Projekte/studynexus/frontend/node_modules/react/cjs/react.development.js:2582:11)
          at /Users/yusefbach/Projekte/studynexus/frontend/node_modules/@testing-library/react/dist/act-compat.js:47:25
          at Object.eventWrapper (/Users/yusefbach/Projekte/studynexus/frontend/node_modules/@testing-library/react/dist/pure.js:107:28)
          at fireEvent (/Users/yusefbach/Projekte/studynexus/frontend/node_modules/@testing-library/dom/dist/events.js:12:35)
          at fireEvent.<computed> [as click] (/Users/yusefbach/Projekte/studynexus/frontend/node_modules/@testing-library/dom/dist/events.js:110:36)
          at fireEvent.<computed> [as click] (/Users/yusefbach/Projekte/studynexus/frontend/node_modules/@testing-library/react/dist/fire-event.js:15:52)
          at Object.click (/Users/yusefbach/Projekte/studynexus/frontend/src/app/[locale]/admin/exam-regulations/[id]/__tests__/page.test.tsx:442:15)
          at Promise.then.completed (/Users/yusefbach/Projekte/studynexus/frontend/node_modules/jest-circus/build/utils.js:298:28)
          at new Promise (<anonymous>)
          at callAsyncCircusFn (/Users/yusefbach/Projekte/studynexus/frontend/node_modules/jest-circus/build/utils.js:231:10)
          at _callCircusTest (/Users/yusefbach/Projekte/studynexus/frontend/node_modules/jest-circus/build/run.js:316:40)
          at _runTest (/Users/yusefbach/Projekte/studynexus/frontend/node_modules/jest-circus/build/run.js:252:3)
          at _runTestsForDescribeBlock (/Users/yusefbach/Projekte/studynexus/frontend/node_modules/jest-circus/build/run.js:126:9)
          at _runTestsForDescribeBlock (/Users/yusefbach/Projekte/studynexus/frontend/node_modules/jest-circus/build/run.js:121:9)
          at run (/Users/yusefbach/Projekte/studynexus/frontend/node_modules/jest-circus/build/run.js:71:3)
          at runAndTransformResultsToJestFormat (/Users/yusefbach/Projekte/studynexus/frontend/node_modules/jest-circus/build/legacy-code-todo-rewrite/jestAdapterInit.js:122:21)
          at jestAdapter (/Users/yusefbach/Projekte/studynexus/frontend/node_modules/jest-circus/build/legacy-code-todo-rewrite/jestAdapter.js:79:19)
          at runTestInternal (/Users/yusefbach/Projekte/studynexus/frontend/node_modules/jest-runner/build/runTest.js:367:16)
          at runTest (/Users/yusefbach/Projekte/studynexus/frontend/node_modules/jest-runner/build/runTest.js:444:34)
          at Object.worker (/Users/yusefbach/Projekte/studynexus/frontend/node_modules/jest-runner/build/testWorker.js:106:12) {
        code: 'MISSING_MESSAGE',
        originalMessage: 'Could not resolve `admin.archiveDialog.title` in messages for locale `de`.'
      }

      51 |             <AlertTriangle className="h-5 w-5 text-amber-600 dark:text-amber-400" />
      52 |           </div>
    > 53 |           <h2 className="text-base font-semibold">{t("title")}</h2>
         |                                                    ^
      54 |         </div>
      55 |
      56 |         {/* Body */}

      at defaultOnError (node_modules/use-intl/dist/development/initializeConfig-BhfMSHP7.js:70:11)
      at getFallbackFromErrorAndNotify (node_modules/use-intl/dist/development/createFormatter-QqAaZwGD.js:160:5)
      at translateBaseFn (node_modules/use-intl/dist/development/createFormatter-QqAaZwGD.js:184:14)
      at translateFn (node_modules/use-intl/dist/development/createFormatter-QqAaZwGD.js:258:20)
      at t (src/components/admin/ArchiveDialog.tsx:53:52)
      at renderWithHooks (node_modules/react-dom/cjs/react-dom.development.js:15486:18)
      at updateFunctionComponent (node_modules/react-dom/cjs/react-dom.development.js:19617:20)
      at beginWork (node_modules/react-dom/cjs/react-dom.development.js:21640:16)
      at beginWork$1 (node_modules/react-dom/cjs/react-dom.development.js:27465:14)
      at performUnitOfWork (node_modules/react-dom/cjs/react-dom.development.js:26599:12)
      at workLoopSync (node_modules/react-dom/cjs/react-dom.development.js:26505:5)
      at renderRootSync (node_modules/react-dom/cjs/react-dom.development.js:26473:7)
      at performSyncWorkOnRoot (node_modules/react-dom/cjs/react-dom.development.js:26124:20)
      at flushSyncCallbacks (node_modules/react-dom/cjs/react-dom.development.js:12042:22)
      at flushActQueue (node_modules/react/cjs/react.development.js:2667:24)
      at act (node_modules/react/cjs/react.development.js:2582:11)
      at node_modules/@testing-library/react/dist/act-compat.js:47:25
      at Object.eventWrapper (node_modules/@testing-library/react/dist/pure.js:107:28)
      at fireEvent (node_modules/@testing-library/dom/dist/events.js:12:35)
      at fireEvent.<computed> [as click] (node_modules/@testing-library/dom/dist/events.js:110:36)
      at fireEvent.<computed> [as click] (node_modules/@testing-library/react/dist/fire-event.js:15:52)
      at Object.click (src/app/[locale]/admin/exam-regulations/[id]/__tests__/page.test.tsx:442:15)

    console.error
      IntlError: MISSING_MESSAGE: Could not resolve `admin.archiveDialog.description` in messages for locale `de`.
          at getFallbackFromErrorAndNotify (/Users/yusefbach/Projekte/studynexus/frontend/node_modules/use-intl/dist/development/createFormatter-QqAaZwGD.js:159:19)
          at translateBaseFn (/Users/yusefbach/Projekte/studynexus/frontend/node_modules/use-intl/dist/development/createFormatter-QqAaZwGD.js:184:14)
          at translateFn (/Users/yusefbach/Projekte/studynexus/frontend/node_modules/use-intl/dist/development/createFormatter-QqAaZwGD.js:258:20)
          at t (/Users/yusefbach/Projekte/studynexus/frontend/src/components/admin/ArchiveDialog.tsx:59:14)
          at renderWithHooks (/Users/yusefbach/Projekte/studynexus/frontend/node_modules/react-dom/cjs/react-dom.development.js:15486:18)
          at updateFunctionComponent (/Users/yusefbach/Projekte/studynexus/frontend/node_modules/react-dom/cjs/react-dom.development.js:19617:20)
          at beginWork (/Users/yusefbach/Projekte/studynexus/frontend/node_modules/react-dom/cjs/react-dom.development.js:21640:16)
          at beginWork$1 (/Users/yusefbach/Projekte/studynexus/frontend/node_modules/react-dom/cjs/react-dom.development.js:27465:14)
          at performUnitOfWork (/Users/yusefbach/Projekte/studynexus/frontend/node_modules/react-dom/cjs/react-dom.development.js:26599:12)
          at workLoopSync (/Users/yusefbach/Projekte/studynexus/frontend/node_modules/react-dom/cjs/react-dom.development.js:26505:5)
          at renderRootSync (/Users/yusefbach/Projekte/studynexus/frontend/node_modules/react-dom/cjs/react-dom.development.js:26473:7)
          at performSyncWorkOnRoot (/Users/yusefbach/Projekte/studynexus/frontend/node_modules/react-dom/cjs/react-dom.development.js:26124:20)
          at flushSyncCallbacks (/Users/yusefbach/Projekte/studynexus/frontend/node_modules/react-dom/cjs/react-dom.development.js:12042:22)
          at flushActQueue (/Users/yusefbach/Projekte/studynexus/frontend/node_modules/react/cjs/react.development.js:2667:24)
          at act (/Users/yusefbach/Projekte/studynexus/frontend/node_modules/react/cjs/react.development.js:2582:11)
          at /Users/yusefbach/Projekte/studynexus/frontend/node_modules/@testing-library/react/dist/act-compat.js:47:25
          at Object.eventWrapper (/Users/yusefbach/Projekte/studynexus/frontend/node_modules/@testing-library/react/dist/pure.js:107:28)
          at fireEvent (/Users/yusefbach/Projekte/studynexus/frontend/node_modules/@testing-library/dom/dist/events.js:12:35)
          at fireEvent.<computed> [as click] (/Users/yusefbach/Projekte/studynexus/frontend/node_modules/@testing-library/dom/dist/events.js:110:36)
          at fireEvent.<computed> [as click] (/Users/yusefbach/Projekte/studynexus/frontend/node_modules/@testing-library/react/dist/fire-event.js:15:52)
          at Object.click (/Users/yusefbach/Projekte/studynexus/frontend/src/app/[locale]/admin/exam-regulations/[id]/__tests__/page.test.tsx:442:15)
          at Promise.then.completed (/Users/yusefbach/Projekte/studynexus/frontend/node_modules/jest-circus/build/utils.js:298:28)
          at new Promise (<anonymous>)
          at callAsyncCircusFn (/Users/yusefbach/Projekte/studynexus/frontend/node_modules/jest-circus/build/utils.js:231:10)
          at _callCircusTest (/Users/yusefbach/Projekte/studynexus/frontend/node_modules/jest-circus/build/run.js:316:40)
          at _runTest (/Users/yusefbach/Projekte/studynexus/frontend/node_modules/jest-circus/build/run.js:252:3)
          at _runTestsForDescribeBlock (/Users/yusefbach/Projekte/studynexus/frontend/node_modules/jest-circus/build/run.js:126:9)
          at _runTestsForDescribeBlock (/Users/yusefbach/Projekte/studynexus/frontend/node_modules/jest-circus/build/run.js:121:9)
          at run (/Users/yusefbach/Projekte/studynexus/frontend/node_modules/jest-circus/build/run.js:71:3)
          at runAndTransformResultsToJestFormat (/Users/yusefbach/Projekte/studynexus/frontend/node_modules/jest-circus/build/legacy-code-todo-rewrite/jestAdapterInit.js:122:21)
          at jestAdapter (/Users/yusefbach/Projekte/studynexus/frontend/node_modules/jest-circus/build/legacy-code-todo-rewrite/jestAdapter.js:79:19)
          at runTestInternal (/Users/yusefbach/Projekte/studynexus/frontend/node_modules/jest-runner/build/runTest.js:367:16)
          at runTest (/Users/yusefbach/Projekte/studynexus/frontend/node_modules/jest-runner/build/runTest.js:444:34)
          at Object.worker (/Users/yusefbach/Projekte/studynexus/frontend/node_modules/jest-runner/build/testWorker.js:106:12) {
        code: 'MISSING_MESSAGE',
        originalMessage: 'Could not resolve `admin.archiveDialog.description` in messages for locale `de`.'
      }

      57 |         <div className="px-4 sm:px-6 pb-4 space-y-4">
      58 |           <p className="text-sm text-muted-foreground">
    > 59 |             {t("description", { name: entityName })}
         |              ^
      60 |           </p>
      61 |
      62 |           {!isActive && (

      at defaultOnError (node_modules/use-intl/dist/development/initializeConfig-BhfMSHP7.js:70:11)
      at getFallbackFromErrorAndNotify (node_modules/use-intl/dist/development/createFormatter-QqAaZwGD.js:160:5)
      at translateBaseFn (node_modules/use-intl/dist/development/createFormatter-QqAaZwGD.js:184:14)
      at translateFn (node_modules/use-intl/dist/development/createFormatter-QqAaZwGD.js:258:20)
      at t (src/components/admin/ArchiveDialog.tsx:59:14)
      at renderWithHooks (node_modules/react-dom/cjs/react-dom.development.js:15486:18)
      at updateFunctionComponent (node_modules/react-dom/cjs/react-dom.development.js:19617:20)
      at beginWork (node_modules/react-dom/cjs/react-dom.development.js:21640:16)
      at beginWork$1 (node_modules/react-dom/cjs/react-dom.development.js:27465:14)
      at performUnitOfWork (node_modules/react-dom/cjs/react-dom.development.js:26599:12)
      at workLoopSync (node_modules/react-dom/cjs/react-dom.development.js:26505:5)
      at renderRootSync (node_modules/react-dom/cjs/react-dom.development.js:26473:7)
      at performSyncWorkOnRoot (node_modules/react-dom/cjs/react-dom.development.js:26124:20)
      at flushSyncCallbacks (node_modules/react-dom/cjs/react-dom.development.js:12042:22)
      at flushActQueue (node_modules/react/cjs/react.development.js:2667:24)
      at act (node_modules/react/cjs/react.development.js:2582:11)
      at node_modules/@testing-library/react/dist/act-compat.js:47:25
      at Object.eventWrapper (node_modules/@testing-library/react/dist/pure.js:107:28)
      at fireEvent (node_modules/@testing-library/dom/dist/events.js:12:35)
      at fireEvent.<computed> [as click] (node_modules/@testing-library/dom/dist/events.js:110:36)
      at fireEvent.<computed> [as click] (node_modules/@testing-library/react/dist/fire-event.js:15:52)
      at Object.click (src/app/[locale]/admin/exam-regulations/[id]/__tests__/page.test.tsx:442:15)

    console.error
      IntlError: MISSING_MESSAGE: Could not resolve `admin.archiveDialog.reasonLabel` in messages for locale `de`.
          at getFallbackFromErrorAndNotify (/Users/yusefbach/Projekte/studynexus/frontend/node_modules/use-intl/dist/development/createFormatter-QqAaZwGD.js:159:19)
          at translateBaseFn (/Users/yusefbach/Projekte/studynexus/frontend/node_modules/use-intl/dist/development/createFormatter-QqAaZwGD.js:184:14)
          at translateFn (/Users/yusefbach/Projekte/studynexus/frontend/node_modules/use-intl/dist/development/createFormatter-QqAaZwGD.js:258:20)
          at t (/Users/yusefbach/Projekte/studynexus/frontend/src/components/admin/ArchiveDialog.tsx:70:16)
          at renderWithHooks (/Users/yusefbach/Projekte/studynexus/frontend/node_modules/react-dom/cjs/react-dom.development.js:15486:18)
          at updateFunctionComponent (/Users/yusefbach/Projekte/studynexus/frontend/node_modules/react-dom/cjs/react-dom.development.js:19617:20)
          at beginWork (/Users/yusefbach/Projekte/studynexus/frontend/node_modules/react-dom/cjs/react-dom.development.js:21640:16)
          at beginWork$1 (/Users/yusefbach/Projekte/studynexus/frontend/node_modules/react-dom/cjs/react-dom.development.js:27465:14)
          at performUnitOfWork (/Users/yusefbach/Projekte/studynexus/frontend/node_modules/react-dom/cjs/react-dom.development.js:26599:12)
          at workLoopSync (/Users/yusefbach/Projekte/studynexus/frontend/node_modules/react-dom/cjs/react-dom.development.js:26505:5)
          at renderRootSync (/Users/yusefbach/Projekte/studynexus/frontend/node_modules/react-dom/cjs/react-dom.development.js:26473:7)
          at performSyncWorkOnRoot (/Users/yusefbach/Projekte/studynexus/frontend/node_modules/react-dom/cjs/react-dom.development.js:26124:20)
          at flushSyncCallbacks (/Users/yusefbach/Projekte/studynexus/frontend/node_modules/react-dom/cjs/react-dom.development.js:12042:22)
          at flushActQueue (/Users/yusefbach/Projekte/studynexus/frontend/node_modules/react/cjs/react.development.js:2667:24)
          at act (/Users/yusefbach/Projekte/studynexus/frontend/node_modules/react/cjs/react.development.js:2582:11)
          at /Users/yusefbach/Projekte/studynexus/frontend/node_modules/@testing-library/react/dist/act-compat.js:47:25
          at Object.eventWrapper (/Users/yusefbach/Projekte/studynexus/frontend/node_modules/@testing-library/react/dist/pure.js:107:28)
          at fireEvent (/Users/yusefbach/Projekte/studynexus/frontend/node_modules/@testing-library/dom/dist/events.js:12:35)
          at fireEvent.<computed> [as click] (/Users/yusefbach/Projekte/studynexus/frontend/node_modules/@testing-library/dom/dist/events.js:110:36)
          at fireEvent.<computed> [as click] (/Users/yusefbach/Projekte/studynexus/frontend/node_modules/@testing-library/react/dist/fire-event.js:15:52)
          at Object.click (/Users/yusefbach/Projekte/studynexus/frontend/src/app/[locale]/admin/exam-regulations/[id]/__tests__/page.test.tsx:442:15)
          at Promise.then.completed (/Users/yusefbach/Projekte/studynexus/frontend/node_modules/jest-circus/build/utils.js:298:28)
          at new Promise (<anonymous>)
          at callAsyncCircusFn (/Users/yusefbach/Projekte/studynexus/frontend/node_modules/jest-circus/build/utils.js:231:10)
          at _callCircusTest (/Users/yusefbach/Projekte/studynexus/frontend/node_modules/jest-circus/build/run.js:316:40)
          at _runTest (/Users/yusefbach/Projekte/studynexus/frontend/node_modules/jest-circus/build/run.js:252:3)
          at _runTestsForDescribeBlock (/Users/yusefbach/Projekte/studynexus/frontend/node_modules/jest-circus/build/run.js:126:9)
          at _runTestsForDescribeBlock (/Users/yusefbach/Projekte/studynexus/frontend/node_modules/jest-circus/build/run.js:121:9)
          at run (/Users/yusefbach/Projekte/studynexus/frontend/node_modules/jest-circus/build/run.js:71:3)
          at runAndTransformResultsToJestFormat (/Users/yusefbach/Projekte/studynexus/frontend/node_modules/jest-circus/build/legacy-code-todo-rewrite/jestAdapterInit.js:122:21)
          at jestAdapter (/Users/yusefbach/Projekte/studynexus/frontend/node_modules/jest-circus/build/legacy-code-todo-rewrite/jestAdapter.js:79:19)
          at runTestInternal (/Users/yusefbach/Projekte/studynexus/frontend/node_modules/jest-runner/build/runTest.js:367:16)
          at runTest (/Users/yusefbach/Projekte/studynexus/frontend/node_modules/jest-runner/build/runTest.js:444:34)
          at Object.worker (/Users/yusefbach/Projekte/studynexus/frontend/node_modules/jest-runner/build/testWorker.js:106:12) {
        code: 'MISSING_MESSAGE',
        originalMessage: 'Could not resolve `admin.archiveDialog.reasonLabel` in messages for locale `de`.'
      }

      68 |           <div className="space-y-1.5">
      69 |             <label className="text-sm font-medium" htmlFor="archive-reason">
    > 70 |               {t("reasonLabel")}
         |                ^
      71 |             </label>
      72 |             <textarea
      73 |               id="archive-reason"

      at defaultOnError (node_modules/use-intl/dist/development/initializeConfig-BhfMSHP7.js:70:11)
      at getFallbackFromErrorAndNotify (node_modules/use-intl/dist/development/createFormatter-QqAaZwGD.js:160:5)
      at translateBaseFn (node_modules/use-intl/dist/development/createFormatter-QqAaZwGD.js:184:14)
      at translateFn (node_modules/use-intl/dist/development/createFormatter-QqAaZwGD.js:258:20)
      at t (src/components/admin/ArchiveDialog.tsx:70:16)
      at renderWithHooks (node_modules/react-dom/cjs/react-dom.development.js:15486:18)
      at updateFunctionComponent (node_modules/react-dom/cjs/react-dom.development.js:19617:20)
      at beginWork (node_modules/react-dom/cjs/react-dom.development.js:21640:16)
      at beginWork$1 (node_modules/react-dom/cjs/react-dom.development.js:27465:14)
      at performUnitOfWork (node_modules/react-dom/cjs/react-dom.development.js:26599:12)
      at workLoopSync (node_modules/react-dom/cjs/react-dom.development.js:26505:5)
      at renderRootSync (node_modules/react-dom/cjs/react-dom.development.js:26473:7)
      at performSyncWorkOnRoot (node_modules/react-dom/cjs/react-dom.development.js:26124:20)
      at flushSyncCallbacks (node_modules/react-dom/cjs/react-dom.development.js:12042:22)
      at flushActQueue (node_modules/react/cjs/react.development.js:2667:24)
      at act (node_modules/react/cjs/react.development.js:2582:11)
      at node_modules/@testing-library/react/dist/act-compat.js:47:25
      at Object.eventWrapper (node_modules/@testing-library/react/dist/pure.js:107:28)
      at fireEvent (node_modules/@testing-library/dom/dist/events.js:12:35)
      at fireEvent.<computed> [as click] (node_modules/@testing-library/dom/dist/events.js:110:36)
      at fireEvent.<computed> [as click] (node_modules/@testing-library/react/dist/fire-event.js:15:52)
      at Object.click (src/app/[locale]/admin/exam-regulations/[id]/__tests__/page.test.tsx:442:15)

    console.error
      IntlError: MISSING_MESSAGE: Could not resolve `admin.archiveDialog.title` in messages for locale `de`.
          at getFallbackFromErrorAndNotify (/Users/yusefbach/Projekte/studynexus/frontend/node_modules/use-intl/dist/development/createFormatter-QqAaZwGD.js:159:19)
          at translateBaseFn (/Users/yusefbach/Projekte/studynexus/frontend/node_modules/use-intl/dist/development/createFormatter-QqAaZwGD.js:184:14)
          at translateFn (/Users/yusefbach/Projekte/studynexus/frontend/node_modules/use-intl/dist/development/createFormatter-QqAaZwGD.js:258:20)
          at t (/Users/yusefbach/Projekte/studynexus/frontend/src/components/admin/ArchiveDialog.tsx:53:52)
          at renderWithHooks (/Users/yusefbach/Projekte/studynexus/frontend/node_modules/react-dom/cjs/react-dom.development.js:15486:18)
          at updateFunctionComponent (/Users/yusefbach/Projekte/studynexus/frontend/node_modules/react-dom/cjs/react-dom.development.js:19617:20)
          at beginWork (/Users/yusefbach/Projekte/studynexus/frontend/node_modules/react-dom/cjs/react-dom.development.js:21640:16)
          at beginWork$1 (/Users/yusefbach/Projekte/studynexus/frontend/node_modules/react-dom/cjs/react-dom.development.js:27465:14)
          at performUnitOfWork (/Users/yusefbach/Projekte/studynexus/frontend/node_modules/react-dom/cjs/react-dom.development.js:26599:12)
          at workLoopSync (/Users/yusefbach/Projekte/studynexus/frontend/node_modules/react-dom/cjs/react-dom.development.js:26505:5)
          at renderRootSync (/Users/yusefbach/Projekte/studynexus/frontend/node_modules/react-dom/cjs/react-dom.development.js:26473:7)
          at performConcurrentWorkOnRoot (/Users/yusefbach/Projekte/studynexus/frontend/node_modules/react-dom/cjs/react-dom.development.js:25777:74)
          at flushActQueue (/Users/yusefbach/Projekte/studynexus/frontend/node_modules/react/cjs/react.development.js:2667:24)
          at act (/Users/yusefbach/Projekte/studynexus/frontend/node_modules/react/cjs/react.development.js:2582:11)
          at /Users/yusefbach/Projekte/studynexus/frontend/node_modules/@testing-library/react/dist/act-compat.js:47:25
          at Object.eventWrapper (/Users/yusefbach/Projekte/studynexus/frontend/node_modules/@testing-library/react/dist/pure.js:107:28)
          at fireEvent (/Users/yusefbach/Projekte/studynexus/frontend/node_modules/@testing-library/dom/dist/events.js:12:35)
          at fireEvent.<computed> [as click] (/Users/yusefbach/Projekte/studynexus/frontend/node_modules/@testing-library/dom/dist/events.js:110:36)
          at fireEvent.<computed> [as click] (/Users/yusefbach/Projekte/studynexus/frontend/node_modules/@testing-library/react/dist/fire-event.js:15:52)
          at Object.click (/Users/yusefbach/Projekte/studynexus/frontend/src/app/[locale]/admin/exam-regulations/[id]/__tests__/page.test.tsx:442:15)
          at Promise.then.completed (/Users/yusefbach/Projekte/studynexus/frontend/node_modules/jest-circus/build/utils.js:298:28)
          at new Promise (<anonymous>)
          at callAsyncCircusFn (/Users/yusefbach/Projekte/studynexus/frontend/node_modules/jest-circus/build/utils.js:231:10)
          at _callCircusTest (/Users/yusefbach/Projekte/studynexus/frontend/node_modules/jest-circus/build/run.js:316:40)
          at _runTest (/Users/yusefbach/Projekte/studynexus/frontend/node_modules/jest-circus/build/run.js:252:3)
          at _runTestsForDescribeBlock (/Users/yusefbach/Projekte/studynexus/frontend/node_modules/jest-circus/build/run.js:126:9)
          at _runTestsForDescribeBlock (/Users/yusefbach/Projekte/studynexus/frontend/node_modules/jest-circus/build/run.js:121:9)
          at run (/Users/yusefbach/Projekte/studynexus/frontend/node_modules/jest-circus/build/run.js:71:3)
          at runAndTransformResultsToJestFormat (/Users/yusefbach/Projekte/studynexus/frontend/node_modules/jest-circus/build/legacy-code-todo-rewrite/jestAdapterInit.js:122:21)
          at jestAdapter (/Users/yusefbach/Projekte/studynexus/frontend/node_modules/jest-circus/build/legacy-code-todo-rewrite/jestAdapter.js:79:19)
          at runTestInternal (/Users/yusefbach/Projekte/studynexus/frontend/node_modules/jest-runner/build/runTest.js:367:16)
          at runTest (/Users/yusefbach/Projekte/studynexus/frontend/node_modules/jest-runner/build/runTest.js:444:34)
          at Object.worker (/Users/yusefbach/Projekte/studynexus/frontend/node_modules/jest-runner/build/testWorker.js:106:12) {
        code: 'MISSING_MESSAGE',
        originalMessage: 'Could not resolve `admin.archiveDialog.title` in messages for locale `de`.'
      }

      51 |             <AlertTriangle className="h-5 w-5 text-amber-600 dark:text-amber-400" />
      52 |           </div>
    > 53 |           <h2 className="text-base font-semibold">{t("title")}</h2>
         |                                                    ^
      54 |         </div>
      55 |
      56 |         {/* Body */}

      at defaultOnError (node_modules/use-intl/dist/development/initializeConfig-BhfMSHP7.js:70:11)
      at getFallbackFromErrorAndNotify (node_modules/use-intl/dist/development/createFormatter-QqAaZwGD.js:160:5)
      at translateBaseFn (node_modules/use-intl/dist/development/createFormatter-QqAaZwGD.js:184:14)
      at translateFn (node_modules/use-intl/dist/development/createFormatter-QqAaZwGD.js:258:20)
      at t (src/components/admin/ArchiveDialog.tsx:53:52)
      at renderWithHooks (node_modules/react-dom/cjs/react-dom.development.js:15486:18)
      at updateFunctionComponent (node_modules/react-dom/cjs/react-dom.development.js:19617:20)
      at beginWork (node_modules/react-dom/cjs/react-dom.development.js:21640:16)
      at beginWork$1 (node_modules/react-dom/cjs/react-dom.development.js:27465:14)
      at performUnitOfWork (node_modules/react-dom/cjs/react-dom.development.js:26599:12)
      at workLoopSync (node_modules/react-dom/cjs/react-dom.development.js:26505:5)
      at renderRootSync (node_modules/react-dom/cjs/react-dom.development.js:26473:7)
      at performConcurrentWorkOnRoot (node_modules/react-dom/cjs/react-dom.development.js:25777:74)
      at flushActQueue (node_modules/react/cjs/react.development.js:2667:24)
      at act (node_modules/react/cjs/react.development.js:2582:11)
      at node_modules/@testing-library/react/dist/act-compat.js:47:25
      at Object.eventWrapper (node_modules/@testing-library/react/dist/pure.js:107:28)
      at fireEvent (node_modules/@testing-library/dom/dist/events.js:12:35)
      at fireEvent.<computed> [as click] (node_modules/@testing-library/dom/dist/events.js:110:36)
      at fireEvent.<computed> [as click] (node_modules/@testing-library/react/dist/fire-event.js:15:52)
      at Object.click (src/app/[locale]/admin/exam-regulations/[id]/__tests__/page.test.tsx:442:15)

    console.error
      IntlError: MISSING_MESSAGE: Could not resolve `admin.archiveDialog.description` in messages for locale `de`.
          at getFallbackFromErrorAndNotify (/Users/yusefbach/Projekte/studynexus/frontend/node_modules/use-intl/dist/development/createFormatter-QqAaZwGD.js:159:19)
          at translateBaseFn (/Users/yusefbach/Projekte/studynexus/frontend/node_modules/use-intl/dist/development/createFormatter-QqAaZwGD.js:184:14)
          at translateFn (/Users/yusefbach/Projekte/studynexus/frontend/node_modules/use-intl/dist/development/createFormatter-QqAaZwGD.js:258:20)
          at t (/Users/yusefbach/Projekte/studynexus/frontend/src/components/admin/ArchiveDialog.tsx:59:14)
          at renderWithHooks (/Users/yusefbach/Projekte/studynexus/frontend/node_modules/react-dom/cjs/react-dom.development.js:15486:18)
          at updateFunctionComponent (/Users/yusefbach/Projekte/studynexus/frontend/node_modules/react-dom/cjs/react-dom.development.js:19617:20)
          at beginWork (/Users/yusefbach/Projekte/studynexus/frontend/node_modules/react-dom/cjs/react-dom.development.js:21640:16)
          at beginWork$1 (/Users/yusefbach/Projekte/studynexus/frontend/node_modules/react-dom/cjs/react-dom.development.js:27465:14)
          at performUnitOfWork (/Users/yusefbach/Projekte/studynexus/frontend/node_modules/react-dom/cjs/react-dom.development.js:26599:12)
          at workLoopSync (/Users/yusefbach/Projekte/studynexus/frontend/node_modules/react-dom/cjs/react-dom.development.js:26505:5)
          at renderRootSync (/Users/yusefbach/Projekte/studynexus/frontend/node_modules/react-dom/cjs/react-dom.development.js:26473:7)
          at performConcurrentWorkOnRoot (/Users/yusefbach/Projekte/studynexus/frontend/node_modules/react-dom/cjs/react-dom.development.js:25777:74)
          at flushActQueue (/Users/yusefbach/Projekte/studynexus/frontend/node_modules/react/cjs/react.development.js:2667:24)
          at act (/Users/yusefbach/Projekte/studynexus/frontend/node_modules/react/cjs/react.development.js:2582:11)
          at /Users/yusefbach/Projekte/studynexus/frontend/node_modules/@testing-library/react/dist/act-compat.js:47:25
          at Object.eventWrapper (/Users/yusefbach/Projekte/studynexus/frontend/node_modules/@testing-library/react/dist/pure.js:107:28)
          at fireEvent (/Users/yusefbach/Projekte/studynexus/frontend/node_modules/@testing-library/dom/dist/events.js:12:35)
          at fireEvent.<computed> [as click] (/Users/yusefbach/Projekte/studynexus/frontend/node_modules/@testing-library/dom/dist/events.js:110:36)
          at fireEvent.<computed> [as click] (/Users/yusefbach/Projekte/studynexus/frontend/node_modules/@testing-library/react/dist/fire-event.js:15:52)
          at Object.click (/Users/yusefbach/Projekte/studynexus/frontend/src/app/[locale]/admin/exam-regulations/[id]/__tests__/page.test.tsx:442:15)
          at Promise.then.completed (/Users/yusefbach/Projekte/studynexus/frontend/node_modules/jest-circus/build/utils.js:298:28)
          at new Promise (<anonymous>)
          at callAsyncCircusFn (/Users/yusefbach/Projekte/studynexus/frontend/node_modules/jest-circus/build/utils.js:231:10)
          at _callCircusTest (/Users/yusefbach/Projekte/studynexus/frontend/node_modules/jest-circus/build/run.js:316:40)
          at _runTest (/Users/yusefbach/Projekte/studynexus/frontend/node_modules/jest-circus/build/run.js:252:3)
          at _runTestsForDescribeBlock (/Users/yusefbach/Projekte/studynexus/frontend/node_modules/jest-circus/build/run.js:126:9)
          at _runTestsForDescribeBlock (/Users/yusefbach/Projekte/studynexus/frontend/node_modules/jest-circus/build/run.js:121:9)
          at run (/Users/yusefbach/Projekte/studynexus/frontend/node_modules/jest-circus/build/run.js:71:3)
          at runAndTransformResultsToJestFormat (/Users/yusefbach/Projekte/studynexus/frontend/node_modules/jest-circus/build/legacy-code-todo-rewrite/jestAdapterInit.js:122:21)
          at jestAdapter (/Users/yusefbach/Projekte/studynexus/frontend/node_modules/jest-circus/build/legacy-code-todo-rewrite/jestAdapter.js:79:19)
          at runTestInternal (/Users/yusefbach/Projekte/studynexus/frontend/node_modules/jest-runner/build/runTest.js:367:16)
          at runTest (/Users/yusefbach/Projekte/studynexus/frontend/node_modules/jest-runner/build/runTest.js:444:34)
          at Object.worker (/Users/yusefbach/Projekte/studynexus/frontend/node_modules/jest-runner/build/testWorker.js:106:12) {
        code: 'MISSING_MESSAGE',
        originalMessage: 'Could not resolve `admin.archiveDialog.description` in messages for locale `de`.'
      }

      57 |         <div className="px-4 sm:px-6 pb-4 space-y-4">
      58 |           <p className="text-sm text-muted-foreground">
    > 59 |             {t("description", { name: entityName })}
         |              ^
      60 |           </p>
      61 |
      62 |           {!isActive && (

      at defaultOnError (node_modules/use-intl/dist/development/initializeConfig-BhfMSHP7.js:70:11)
      at getFallbackFromErrorAndNotify (node_modules/use-intl/dist/development/createFormatter-QqAaZwGD.js:160:5)
      at translateBaseFn (node_modules/use-intl/dist/development/createFormatter-QqAaZwGD.js:184:14)
      at translateFn (node_modules/use-intl/dist/development/createFormatter-QqAaZwGD.js:258:20)
      at t (src/components/admin/ArchiveDialog.tsx:59:14)
      at renderWithHooks (node_modules/react-dom/cjs/react-dom.development.js:15486:18)
      at updateFunctionComponent (node_modules/react-dom/cjs/react-dom.development.js:19617:20)
      at beginWork (node_modules/react-dom/cjs/react-dom.development.js:21640:16)
      at beginWork$1 (node_modules/react-dom/cjs/react-dom.development.js:27465:14)
      at performUnitOfWork (node_modules/react-dom/cjs/react-dom.development.js:26599:12)
      at workLoopSync (node_modules/react-dom/cjs/react-dom.development.js:26505:5)
      at renderRootSync (node_modules/react-dom/cjs/react-dom.development.js:26473:7)
      at performConcurrentWorkOnRoot (node_modules/react-dom/cjs/react-dom.development.js:25777:74)
      at flushActQueue (node_modules/react/cjs/react.development.js:2667:24)
      at act (node_modules/react/cjs/react.development.js:2582:11)
      at node_modules/@testing-library/react/dist/act-compat.js:47:25
      at Object.eventWrapper (node_modules/@testing-library/react/dist/pure.js:107:28)
      at fireEvent (node_modules/@testing-library/dom/dist/events.js:12:35)
      at fireEvent.<computed> [as click] (node_modules/@testing-library/dom/dist/events.js:110:36)
      at fireEvent.<computed> [as click] (node_modules/@testing-library/react/dist/fire-event.js:15:52)
      at Object.click (src/app/[locale]/admin/exam-regulations/[id]/__tests__/page.test.tsx:442:15)

    console.error
      IntlError: MISSING_MESSAGE: Could not resolve `admin.archiveDialog.reasonLabel` in messages for locale `de`.
          at getFallbackFromErrorAndNotify (/Users/yusefbach/Projekte/studynexus/frontend/node_modules/use-intl/dist/development/createFormatter-QqAaZwGD.js:159:19)
          at translateBaseFn (/Users/yusefbach/Projekte/studynexus/frontend/node_modules/use-intl/dist/development/createFormatter-QqAaZwGD.js:184:14)
          at translateFn (/Users/yusefbach/Projekte/studynexus/frontend/node_modules/use-intl/dist/development/createFormatter-QqAaZwGD.js:258:20)
          at t (/Users/yusefbach/Projekte/studynexus/frontend/src/components/admin/ArchiveDialog.tsx:70:16)
          at renderWithHooks (/Users/yusefbach/Projekte/studynexus/frontend/node_modules/react-dom/cjs/react-dom.development.js:15486:18)
          at updateFunctionComponent (/Users/yusefbach/Projekte/studynexus/frontend/node_modules/react-dom/cjs/react-dom.development.js:19617:20)
          at beginWork (/Users/yusefbach/Projekte/studynexus/frontend/node_modules/react-dom/cjs/react-dom.development.js:21640:16)
          at beginWork$1 (/Users/yusefbach/Projekte/studynexus/frontend/node_modules/react-dom/cjs/react-dom.development.js:27465:14)
          at performUnitOfWork (/Users/yusefbach/Projekte/studynexus/frontend/node_modules/react-dom/cjs/react-dom.development.js:26599:12)
          at workLoopSync (/Users/yusefbach/Projekte/studynexus/frontend/node_modules/react-dom/cjs/react-dom.development.js:26505:5)
          at renderRootSync (/Users/yusefbach/Projekte/studynexus/frontend/node_modules/react-dom/cjs/react-dom.development.js:26473:7)
          at performConcurrentWorkOnRoot (/Users/yusefbach/Projekte/studynexus/frontend/node_modules/react-dom/cjs/react-dom.development.js:25777:74)
          at flushActQueue (/Users/yusefbach/Projekte/studynexus/frontend/node_modules/react/cjs/react.development.js:2667:24)
          at act (/Users/yusefbach/Projekte/studynexus/frontend/node_modules/react/cjs/react.development.js:2582:11)
          at /Users/yusefbach/Projekte/studynexus/frontend/node_modules/@testing-library/react/dist/act-compat.js:47:25
          at Object.eventWrapper (/Users/yusefbach/Projekte/studynexus/frontend/node_modules/@testing-library/react/dist/pure.js:107:28)
          at fireEvent (/Users/yusefbach/Projekte/studynexus/frontend/node_modules/@testing-library/dom/dist/events.js:12:35)
          at fireEvent.<computed> [as click] (/Users/yusefbach/Projekte/studynexus/frontend/node_modules/@testing-library/dom/dist/events.js:110:36)
          at fireEvent.<computed> [as click] (/Users/yusefbach/Projekte/studynexus/frontend/node_modules/@testing-library/react/dist/fire-event.js:15:52)
          at Object.click (/Users/yusefbach/Projekte/studynexus/frontend/src/app/[locale]/admin/exam-regulations/[id]/__tests__/page.test.tsx:442:15)
          at Promise.then.completed (/Users/yusefbach/Projekte/studynexus/frontend/node_modules/jest-circus/build/utils.js:298:28)
          at new Promise (<anonymous>)
          at callAsyncCircusFn (/Users/yusefbach/Projekte/studynexus/frontend/node_modules/jest-circus/build/utils.js:231:10)
          at _callCircusTest (/Users/yusefbach/Projekte/studynexus/frontend/node_modules/jest-circus/build/run.js:316:40)
          at _runTest (/Users/yusefbach/Projekte/studynexus/frontend/node_modules/jest-circus/build/run.js:252:3)
          at _runTestsForDescribeBlock (/Users/yusefbach/Projekte/studynexus/frontend/node_modules/jest-circus/build/run.js:126:9)
          at _runTestsForDescribeBlock (/Users/yusefbach/Projekte/studynexus/frontend/node_modules/jest-circus/build/run.js:121:9)
          at run (/Users/yusefbach/Projekte/studynexus/frontend/node_modules/jest-circus/build/run.js:71:3)
          at runAndTransformResultsToJestFormat (/Users/yusefbach/Projekte/studynexus/frontend/node_modules/jest-circus/build/legacy-code-todo-rewrite/jestAdapterInit.js:122:21)
          at jestAdapter (/Users/yusefbach/Projekte/studynexus/frontend/node_modules/jest-circus/build/legacy-code-todo-rewrite/jestAdapter.js:79:19)
          at runTestInternal (/Users/yusefbach/Projekte/studynexus/frontend/node_modules/jest-runner/build/runTest.js:367:16)
          at runTest (/Users/yusefbach/Projekte/studynexus/frontend/node_modules/jest-runner/build/runTest.js:444:34)
          at Object.worker (/Users/yusefbach/Projekte/studynexus/frontend/node_modules/jest-runner/build/testWorker.js:106:12) {
        code: 'MISSING_MESSAGE',
        originalMessage: 'Could not resolve `admin.archiveDialog.reasonLabel` in messages for locale `de`.'
      }

      68 |           <div className="space-y-1.5">
      69 |             <label className="text-sm font-medium" htmlFor="archive-reason">
    > 70 |               {t("reasonLabel")}
         |                ^
      71 |             </label>
      72 |             <textarea
      73 |               id="archive-reason"

      at defaultOnError (node_modules/use-intl/dist/development/initializeConfig-BhfMSHP7.js:70:11)
      at getFallbackFromErrorAndNotify (node_modules/use-intl/dist/development/createFormatter-QqAaZwGD.js:160:5)
      at translateBaseFn (node_modules/use-intl/dist/development/createFormatter-QqAaZwGD.js:184:14)
      at translateFn (node_modules/use-intl/dist/development/createFormatter-QqAaZwGD.js:258:20)
      at t (src/components/admin/ArchiveDialog.tsx:70:16)
      at renderWithHooks (node_modules/react-dom/cjs/react-dom.development.js:15486:18)
      at updateFunctionComponent (node_modules/react-dom/cjs/react-dom.development.js:19617:20)
      at beginWork (node_modules/react-dom/cjs/react-dom.development.js:21640:16)
      at beginWork$1 (node_modules/react-dom/cjs/react-dom.development.js:27465:14)
      at performUnitOfWork (node_modules/react-dom/cjs/react-dom.development.js:26599:12)
      at workLoopSync (node_modules/react-dom/cjs/react-dom.development.js:26505:5)
      at renderRootSync (node_modules/react-dom/cjs/react-dom.development.js:26473:7)
      at performConcurrentWorkOnRoot (node_modules/react-dom/cjs/react-dom.development.js:25777:74)
      at flushActQueue (node_modules/react/cjs/react.development.js:2667:24)
      at act (node_modules/react/cjs/react.development.js:2582:11)
      at node_modules/@testing-library/react/dist/act-compat.js:47:25
      at Object.eventWrapper (node_modules/@testing-library/react/dist/pure.js:107:28)
      at fireEvent (node_modules/@testing-library/dom/dist/events.js:12:35)
      at fireEvent.<computed> [as click] (node_modules/@testing-library/dom/dist/events.js:110:36)
      at fireEvent.<computed> [as click] (node_modules/@testing-library/react/dist/fire-event.js:15:52)
      at Object.click (src/app/[locale]/admin/exam-regulations/[id]/__tests__/page.test.tsx:442:15)

    console.error
      IntlError: MISSING_MESSAGE: Could not resolve `admin.archiveDialog.title` in messages for locale `de`.
          at getFallbackFromErrorAndNotify (/Users/yusefbach/Projekte/studynexus/frontend/node_modules/use-intl/dist/development/createFormatter-QqAaZwGD.js:159:19)
          at translateBaseFn (/Users/yusefbach/Projekte/studynexus/frontend/node_modules/use-intl/dist/development/createFormatter-QqAaZwGD.js:184:14)
          at translateFn (/Users/yusefbach/Projekte/studynexus/frontend/node_modules/use-intl/dist/development/createFormatter-QqAaZwGD.js:258:20)
          at t (/Users/yusefbach/Projekte/studynexus/frontend/src/components/admin/ArchiveDialog.tsx:53:52)
          at renderWithHooks (/Users/yusefbach/Projekte/studynexus/frontend/node_modules/react-dom/cjs/react-dom.development.js:15486:18)
          at updateFunctionComponent (/Users/yusefbach/Projekte/studynexus/frontend/node_modules/react-dom/cjs/react-dom.development.js:19617:20)
          at beginWork (/Users/yusefbach/Projekte/studynexus/frontend/node_modules/react-dom/cjs/react-dom.development.js:21640:16)
          at beginWork$1 (/Users/yusefbach/Projekte/studynexus/frontend/node_modules/react-dom/cjs/react-dom.development.js:27465:14)
          at performUnitOfWork (/Users/yusefbach/Projekte/studynexus/frontend/node_modules/react-dom/cjs/react-dom.development.js:26599:12)
          at workLoopSync (/Users/yusefbach/Projekte/studynexus/frontend/node_modules/react-dom/cjs/react-dom.development.js:26505:5)
          at renderRootSync (/Users/yusefbach/Projekte/studynexus/frontend/node_modules/react-dom/cjs/react-dom.development.js:26473:7)
          at performSyncWorkOnRoot (/Users/yusefbach/Projekte/studynexus/frontend/node_modules/react-dom/cjs/react-dom.development.js:26124:20)
          at flushSyncCallbacks (/Users/yusefbach/Projekte/studynexus/frontend/node_modules/react-dom/cjs/react-dom.development.js:12042:22)
          at flushSync (/Users/yusefbach/Projekte/studynexus/frontend/node_modules/react-dom/cjs/react-dom.development.js:26240:7)
          at finishEventHandler (/Users/yusefbach/Projekte/studynexus/frontend/node_modules/react-dom/cjs/react-dom.development.js:3976:5)
          at batchedUpdates (/Users/yusefbach/Projekte/studynexus/frontend/node_modules/react-dom/cjs/react-dom.development.js:3994:5)
          at dispatchEventForPluginEventSystem (/Users/yusefbach/Projekte/studynexus/frontend/node_modules/react-dom/cjs/react-dom.development.js:9287:3)
          at dispatchEventWithEnableCapturePhaseSelectiveHydrationWithoutDiscreteEventReplay (/Users/yusefbach/Projekte/studynexus/frontend/node_modules/react-dom/cjs/react-dom.development.js:6465:5)
          at dispatchEvent (/Users/yusefbach/Projekte/studynexus/frontend/node_modules/react-dom/cjs/react-dom.development.js:6457:5)
          at dispatchDiscreteEvent (/Users/yusefbach/Projekte/studynexus/frontend/node_modules/react-dom/cjs/react-dom.development.js:6430:5)
          at HTMLDivElement.callTheUserObjectsOperation (/Users/yusefbach/Projekte/studynexus/frontend/node_modules/jsdom/lib/jsdom/living/generated/EventListener.js:26:30)
          at innerInvokeEventListeners (/Users/yusefbach/Projekte/studynexus/frontend/node_modules/jsdom/lib/jsdom/living/events/EventTarget-impl.js:350:25)
          at invokeEventListeners (/Users/yusefbach/Projekte/studynexus/frontend/node_modules/jsdom/lib/jsdom/living/events/EventTarget-impl.js:286:3)
          at HTMLTextAreaElementImpl._dispatch (/Users/yusefbach/Projekte/studynexus/frontend/node_modules/jsdom/lib/jsdom/living/events/EventTarget-impl.js:233:9)
          at HTMLTextAreaElementImpl.dispatchEvent (/Users/yusefbach/Projekte/studynexus/frontend/node_modules/jsdom/lib/jsdom/living/events/EventTarget-impl.js:104:17)
          at HTMLTextAreaElement.dispatchEvent (/Users/yusefbach/Projekte/studynexus/frontend/node_modules/jsdom/lib/jsdom/living/generated/EventTarget.js:241:34)
          at /Users/yusefbach/Projekte/studynexus/frontend/node_modules/@testing-library/dom/dist/events.js:19:20
          at /Users/yusefbach/Projekte/studynexus/frontend/node_modules/@testing-library/react/dist/pure.js:108:16
          at /Users/yusefbach/Projekte/studynexus/frontend/node_modules/@testing-library/react/dist/act-compat.js:48:24
          at act (/Users/yusefbach/Projekte/studynexus/frontend/node_modules/react/cjs/react.development.js:2512:16)
          at /Users/yusefbach/Projekte/studynexus/frontend/node_modules/@testing-library/react/dist/act-compat.js:47:25
          at Object.eventWrapper (/Users/yusefbach/Projekte/studynexus/frontend/node_modules/@testing-library/react/dist/pure.js:107:28)
          at fireEvent (/Users/yusefbach/Projekte/studynexus/frontend/node_modules/@testing-library/dom/dist/events.js:12:35)
          at fireEvent.<computed> [as change] (/Users/yusefbach/Projekte/studynexus/frontend/node_modules/@testing-library/dom/dist/events.js:110:36)
          at fireEvent.<computed> [as change] (/Users/yusefbach/Projekte/studynexus/frontend/node_modules/@testing-library/react/dist/fire-event.js:15:52)
          at Object.change (/Users/yusefbach/Projekte/studynexus/frontend/src/app/[locale]/admin/exam-regulations/[id]/__tests__/page.test.tsx:444:15)
          at Promise.then.completed (/Users/yusefbach/Projekte/studynexus/frontend/node_modules/jest-circus/build/utils.js:298:28)
          at new Promise (<anonymous>)
          at callAsyncCircusFn (/Users/yusefbach/Projekte/studynexus/frontend/node_modules/jest-circus/build/utils.js:231:10)
          at _callCircusTest (/Users/yusefbach/Projekte/studynexus/frontend/node_modules/jest-circus/build/run.js:316:40)
          at _runTest (/Users/yusefbach/Projekte/studynexus/frontend/node_modules/jest-circus/build/run.js:252:3)
          at _runTestsForDescribeBlock (/Users/yusefbach/Projekte/studynexus/frontend/node_modules/jest-circus/build/run.js:126:9)
          at _runTestsForDescribeBlock (/Users/yusefbach/Projekte/studynexus/frontend/node_modules/jest-circus/build/run.js:121:9)
          at run (/Users/yusefbach/Projekte/studynexus/frontend/node_modules/jest-circus/build/run.js:71:3)
          at runAndTransformResultsToJestFormat (/Users/yusefbach/Projekte/studynexus/frontend/node_modules/jest-circus/build/legacy-code-todo-rewrite/jestAdapterInit.js:122:21)
          at jestAdapter (/Users/yusefbach/Projekte/studynexus/frontend/node_modules/jest-circus/build/legacy-code-todo-rewrite/jestAdapter.js:79:19)
          at runTestInternal (/Users/yusefbach/Projekte/studynexus/frontend/node_modules/jest-runner/build/runTest.js:367:16)
          at runTest (/Users/yusefbach/Projekte/studynexus/frontend/node_modules/jest-runner/build/runTest.js:444:34)
          at Object.worker (/Users/yusefbach/Projekte/studynexus/frontend/node_modules/jest-runner/build/testWorker.js:106:12) {
        code: 'MISSING_MESSAGE',
        originalMessage: 'Could not resolve `admin.archiveDialog.title` in messages for locale `de`.'
      }

      51 |             <AlertTriangle className="h-5 w-5 text-amber-600 dark:text-amber-400" />
      52 |           </div>
    > 53 |           <h2 className="text-base font-semibold">{t("title")}</h2>
         |                                                    ^
      54 |         </div>
      55 |
      56 |         {/* Body */}

      at defaultOnError (node_modules/use-intl/dist/development/initializeConfig-BhfMSHP7.js:70:11)
      at getFallbackFromErrorAndNotify (node_modules/use-intl/dist/development/createFormatter-QqAaZwGD.js:160:5)
      at translateBaseFn (node_modules/use-intl/dist/development/createFormatter-QqAaZwGD.js:184:14)
      at translateFn (node_modules/use-intl/dist/development/createFormatter-QqAaZwGD.js:258:20)
      at t (src/components/admin/ArchiveDialog.tsx:53:52)
      at renderWithHooks (node_modules/react-dom/cjs/react-dom.development.js:15486:18)
      at updateFunctionComponent (node_modules/react-dom/cjs/react-dom.development.js:19617:20)
      at beginWork (node_modules/react-dom/cjs/react-dom.development.js:21640:16)
      at beginWork$1 (node_modules/react-dom/cjs/react-dom.development.js:27465:14)
      at performUnitOfWork (node_modules/react-dom/cjs/react-dom.development.js:26599:12)
      at workLoopSync (node_modules/react-dom/cjs/react-dom.development.js:26505:5)
      at renderRootSync (node_modules/react-dom/cjs/react-dom.development.js:26473:7)
      at performSyncWorkOnRoot (node_modules/react-dom/cjs/react-dom.development.js:26124:20)
      at flushSyncCallbacks (node_modules/react-dom/cjs/react-dom.development.js:12042:22)
      at flushSync (node_modules/react-dom/cjs/react-dom.development.js:26240:7)
      at finishEventHandler (node_modules/react-dom/cjs/react-dom.development.js:3976:5)
      at batchedUpdates (node_modules/react-dom/cjs/react-dom.development.js:3994:5)
      at dispatchEventForPluginEventSystem (node_modules/react-dom/cjs/react-dom.development.js:9287:3)
      at dispatchEventWithEnableCapturePhaseSelectiveHydrationWithoutDiscreteEventReplay (node_modules/react-dom/cjs/react-dom.development.js:6465:5)
      at dispatchEvent (node_modules/react-dom/cjs/react-dom.development.js:6457:5)
      at dispatchDiscreteEvent (node_modules/react-dom/cjs/react-dom.development.js:6430:5)
      at HTMLDivElement.callTheUserObjectsOperation (node_modules/jsdom/lib/jsdom/living/generated/EventListener.js:26:30)
      at innerInvokeEventListeners (node_modules/jsdom/lib/jsdom/living/events/EventTarget-impl.js:350:25)
      at invokeEventListeners (node_modules/jsdom/lib/jsdom/living/events/EventTarget-impl.js:286:3)
      at HTMLTextAreaElementImpl._dispatch (node_modules/jsdom/lib/jsdom/living/events/EventTarget-impl.js:233:9)
      at HTMLTextAreaElementImpl.dispatchEvent (node_modules/jsdom/lib/jsdom/living/events/EventTarget-impl.js:104:17)
      at HTMLTextAreaElement.dispatchEvent (node_modules/jsdom/lib/jsdom/living/generated/EventTarget.js:241:34)
      at node_modules/@testing-library/dom/dist/events.js:19:20
      at node_modules/@testing-library/react/dist/pure.js:108:16
      at node_modules/@testing-library/react/dist/act-compat.js:48:24
      at act (node_modules/react/cjs/react.development.js:2512:16)
      at node_modules/@testing-library/react/dist/act-compat.js:47:25
      at Object.eventWrapper (node_modules/@testing-library/react/dist/pure.js:107:28)
      at fireEvent (node_modules/@testing-library/dom/dist/events.js:12:35)
      at fireEvent.<computed> [as change] (node_modules/@testing-library/dom/dist/events.js:110:36)
      at fireEvent.<computed> [as change] (node_modules/@testing-library/react/dist/fire-event.js:15:52)
      at Object.change (src/app/[locale]/admin/exam-regulations/[id]/__tests__/page.test.tsx:444:15)

    console.error
      IntlError: MISSING_MESSAGE: Could not resolve `admin.archiveDialog.description` in messages for locale `de`.
          at getFallbackFromErrorAndNotify (/Users/yusefbach/Projekte/studynexus/frontend/node_modules/use-intl/dist/development/createFormatter-QqAaZwGD.js:159:19)
          at translateBaseFn (/Users/yusefbach/Projekte/studynexus/frontend/node_modules/use-intl/dist/development/createFormatter-QqAaZwGD.js:184:14)
          at translateFn (/Users/yusefbach/Projekte/studynexus/frontend/node_modules/use-intl/dist/development/createFormatter-QqAaZwGD.js:258:20)
          at t (/Users/yusefbach/Projekte/studynexus/frontend/src/components/admin/ArchiveDialog.tsx:59:14)
          at renderWithHooks (/Users/yusefbach/Projekte/studynexus/frontend/node_modules/react-dom/cjs/react-dom.development.js:15486:18)
          at updateFunctionComponent (/Users/yusefbach/Projekte/studynexus/frontend/node_modules/react-dom/cjs/react-dom.development.js:19617:20)
          at beginWork (/Users/yusefbach/Projekte/studynexus/frontend/node_modules/react-dom/cjs/react-dom.development.js:21640:16)
          at beginWork$1 (/Users/yusefbach/Projekte/studynexus/frontend/node_modules/react-dom/cjs/react-dom.development.js:27465:14)
          at performUnitOfWork (/Users/yusefbach/Projekte/studynexus/frontend/node_modules/react-dom/cjs/react-dom.development.js:26599:12)
          at workLoopSync (/Users/yusefbach/Projekte/studynexus/frontend/node_modules/react-dom/cjs/react-dom.development.js:26505:5)
          at renderRootSync (/Users/yusefbach/Projekte/studynexus/frontend/node_modules/react-dom/cjs/react-dom.development.js:26473:7)
          at performSyncWorkOnRoot (/Users/yusefbach/Projekte/studynexus/frontend/node_modules/react-dom/cjs/react-dom.development.js:26124:20)
          at flushSyncCallbacks (/Users/yusefbach/Projekte/studynexus/frontend/node_modules/react-dom/cjs/react-dom.development.js:12042:22)
          at flushSync (/Users/yusefbach/Projekte/studynexus/frontend/node_modules/react-dom/cjs/react-dom.development.js:26240:7)
          at finishEventHandler (/Users/yusefbach/Projekte/studynexus/frontend/node_modules/react-dom/cjs/react-dom.development.js:3976:5)
          at batchedUpdates (/Users/yusefbach/Projekte/studynexus/frontend/node_modules/react-dom/cjs/react-dom.development.js:3994:5)
          at dispatchEventForPluginEventSystem (/Users/yusefbach/Projekte/studynexus/frontend/node_modules/react-dom/cjs/react-dom.development.js:9287:3)
          at dispatchEventWithEnableCapturePhaseSelectiveHydrationWithoutDiscreteEventReplay (/Users/yusefbach/Projekte/studynexus/frontend/node_modules/react-dom/cjs/react-dom.development.js:6465:5)
          at dispatchEvent (/Users/yusefbach/Projekte/studynexus/frontend/node_modules/react-dom/cjs/react-dom.development.js:6457:5)
          at dispatchDiscreteEvent (/Users/yusefbach/Projekte/studynexus/frontend/node_modules/react-dom/cjs/react-dom.development.js:6430:5)
          at HTMLDivElement.callTheUserObjectsOperation (/Users/yusefbach/Projekte/studynexus/frontend/node_modules/jsdom/lib/jsdom/living/generated/EventListener.js:26:30)
          at innerInvokeEventListeners (/Users/yusefbach/Projekte/studynexus/frontend/node_modules/jsdom/lib/jsdom/living/events/EventTarget-impl.js:350:25)
          at invokeEventListeners (/Users/yusefbach/Projekte/studynexus/frontend/node_modules/jsdom/lib/jsdom/living/events/EventTarget-impl.js:286:3)
          at HTMLTextAreaElementImpl._dispatch (/Users/yusefbach/Projekte/studynexus/frontend/node_modules/jsdom/lib/jsdom/living/events/EventTarget-impl.js:233:9)
          at HTMLTextAreaElementImpl.dispatchEvent (/Users/yusefbach/Projekte/studynexus/frontend/node_modules/jsdom/lib/jsdom/living/events/EventTarget-impl.js:104:17)
          at HTMLTextAreaElement.dispatchEvent (/Users/yusefbach/Projekte/studynexus/frontend/node_modules/jsdom/lib/jsdom/living/generated/EventTarget.js:241:34)
          at /Users/yusefbach/Projekte/studynexus/frontend/node_modules/@testing-library/dom/dist/events.js:19:20
          at /Users/yusefbach/Projekte/studynexus/frontend/node_modules/@testing-library/react/dist/pure.js:108:16
          at /Users/yusefbach/Projekte/studynexus/frontend/node_modules/@testing-library/react/dist/act-compat.js:48:24
          at act (/Users/yusefbach/Projekte/studynexus/frontend/node_modules/react/cjs/react.development.js:2512:16)
          at /Users/yusefbach/Projekte/studynexus/frontend/node_modules/@testing-library/react/dist/act-compat.js:47:25
          at Object.eventWrapper (/Users/yusefbach/Projekte/studynexus/frontend/node_modules/@testing-library/react/dist/pure.js:107:28)
          at fireEvent (/Users/yusefbach/Projekte/studynexus/frontend/node_modules/@testing-library/dom/dist/events.js:12:35)
          at fireEvent.<computed> [as change] (/Users/yusefbach/Projekte/studynexus/frontend/node_modules/@testing-library/dom/dist/events.js:110:36)
          at fireEvent.<computed> [as change] (/Users/yusefbach/Projekte/studynexus/frontend/node_modules/@testing-library/react/dist/fire-event.js:15:52)
          at Object.change (/Users/yusefbach/Projekte/studynexus/frontend/src/app/[locale]/admin/exam-regulations/[id]/__tests__/page.test.tsx:444:15)
          at Promise.then.completed (/Users/yusefbach/Projekte/studynexus/frontend/node_modules/jest-circus/build/utils.js:298:28)
          at new Promise (<anonymous>)
          at callAsyncCircusFn (/Users/yusefbach/Projekte/studynexus/frontend/node_modules/jest-circus/build/utils.js:231:10)
          at _callCircusTest (/Users/yusefbach/Projekte/studynexus/frontend/node_modules/jest-circus/build/run.js:316:40)
          at _runTest (/Users/yusefbach/Projekte/studynexus/frontend/node_modules/jest-circus/build/run.js:252:3)
          at _runTestsForDescribeBlock (/Users/yusefbach/Projekte/studynexus/frontend/node_modules/jest-circus/build/run.js:126:9)
          at _runTestsForDescribeBlock (/Users/yusefbach/Projekte/studynexus/frontend/node_modules/jest-circus/build/run.js:121:9)
          at run (/Users/yusefbach/Projekte/studynexus/frontend/node_modules/jest-circus/build/run.js:71:3)
          at runAndTransformResultsToJestFormat (/Users/yusefbach/Projekte/studynexus/frontend/node_modules/jest-circus/build/legacy-code-todo-rewrite/jestAdapterInit.js:122:21)
          at jestAdapter (/Users/yusefbach/Projekte/studynexus/frontend/node_modules/jest-circus/build/legacy-code-todo-rewrite/jestAdapter.js:79:19)
          at runTestInternal (/Users/yusefbach/Projekte/studynexus/frontend/node_modules/jest-runner/build/runTest.js:367:16)
          at runTest (/Users/yusefbach/Projekte/studynexus/frontend/node_modules/jest-runner/build/runTest.js:444:34)
          at Object.worker (/Users/yusefbach/Projekte/studynexus/frontend/node_modules/jest-runner/build/testWorker.js:106:12) {
        code: 'MISSING_MESSAGE',
        originalMessage: 'Could not resolve `admin.archiveDialog.description` in messages for locale `de`.'
      }

      57 |         <div className="px-4 sm:px-6 pb-4 space-y-4">
      58 |           <p className="text-sm text-muted-foreground">
    > 59 |             {t("description", { name: entityName })}
         |              ^
      60 |           </p>
      61 |
      62 |           {!isActive && (

      at defaultOnError (node_modules/use-intl/dist/development/initializeConfig-BhfMSHP7.js:70:11)
      at getFallbackFromErrorAndNotify (node_modules/use-intl/dist/development/createFormatter-QqAaZwGD.js:160:5)
      at translateBaseFn (node_modules/use-intl/dist/development/createFormatter-QqAaZwGD.js:184:14)
      at translateFn (node_modules/use-intl/dist/development/createFormatter-QqAaZwGD.js:258:20)
      at t (src/components/admin/ArchiveDialog.tsx:59:14)
      at renderWithHooks (node_modules/react-dom/cjs/react-dom.development.js:15486:18)
      at updateFunctionComponent (node_modules/react-dom/cjs/react-dom.development.js:19617:20)
      at beginWork (node_modules/react-dom/cjs/react-dom.development.js:21640:16)
      at beginWork$1 (node_modules/react-dom/cjs/react-dom.development.js:27465:14)
      at performUnitOfWork (node_modules/react-dom/cjs/react-dom.development.js:26599:12)
      at workLoopSync (node_modules/react-dom/cjs/react-dom.development.js:26505:5)
      at renderRootSync (node_modules/react-dom/cjs/react-dom.development.js:26473:7)
      at performSyncWorkOnRoot (node_modules/react-dom/cjs/react-dom.development.js:26124:20)
      at flushSyncCallbacks (node_modules/react-dom/cjs/react-dom.development.js:12042:22)
      at flushSync (node_modules/react-dom/cjs/react-dom.development.js:26240:7)
      at finishEventHandler (node_modules/react-dom/cjs/react-dom.development.js:3976:5)
      at batchedUpdates (node_modules/react-dom/cjs/react-dom.development.js:3994:5)
      at dispatchEventForPluginEventSystem (node_modules/react-dom/cjs/react-dom.development.js:9287:3)
      at dispatchEventWithEnableCapturePhaseSelectiveHydrationWithoutDiscreteEventReplay (node_modules/react-dom/cjs/react-dom.development.js:6465:5)
      at dispatchEvent (node_modules/react-dom/cjs/react-dom.development.js:6457:5)
      at dispatchDiscreteEvent (node_modules/react-dom/cjs/react-dom.development.js:6430:5)
      at HTMLDivElement.callTheUserObjectsOperation (node_modules/jsdom/lib/jsdom/living/generated/EventListener.js:26:30)
      at innerInvokeEventListeners (node_modules/jsdom/lib/jsdom/living/events/EventTarget-impl.js:350:25)
      at invokeEventListeners (node_modules/jsdom/lib/jsdom/living/events/EventTarget-impl.js:286:3)
      at HTMLTextAreaElementImpl._dispatch (node_modules/jsdom/lib/jsdom/living/events/EventTarget-impl.js:233:9)
      at HTMLTextAreaElementImpl.dispatchEvent (node_modules/jsdom/lib/jsdom/living/events/EventTarget-impl.js:104:17)
      at HTMLTextAreaElement.dispatchEvent (node_modules/jsdom/lib/jsdom/living/generated/EventTarget.js:241:34)
      at node_modules/@testing-library/dom/dist/events.js:19:20
      at node_modules/@testing-library/react/dist/pure.js:108:16
      at node_modules/@testing-library/react/dist/act-compat.js:48:24
      at act (node_modules/react/cjs/react.development.js:2512:16)
      at node_modules/@testing-library/react/dist/act-compat.js:47:25
      at Object.eventWrapper (node_modules/@testing-library/react/dist/pure.js:107:28)
      at fireEvent (node_modules/@testing-library/dom/dist/events.js:12:35)
      at fireEvent.<computed> [as change] (node_modules/@testing-library/dom/dist/events.js:110:36)
      at fireEvent.<computed> [as change] (node_modules/@testing-library/react/dist/fire-event.js:15:52)
      at Object.change (src/app/[locale]/admin/exam-regulations/[id]/__tests__/page.test.tsx:444:15)

    console.error
      IntlError: MISSING_MESSAGE: Could not resolve `admin.archiveDialog.reasonLabel` in messages for locale `de`.
          at getFallbackFromErrorAndNotify (/Users/yusefbach/Projekte/studynexus/frontend/node_modules/use-intl/dist/development/createFormatter-QqAaZwGD.js:159:19)
          at translateBaseFn (/Users/yusefbach/Projekte/studynexus/frontend/node_modules/use-intl/dist/development/createFormatter-QqAaZwGD.js:184:14)
          at translateFn (/Users/yusefbach/Projekte/studynexus/frontend/node_modules/use-intl/dist/development/createFormatter-QqAaZwGD.js:258:20)
          at t (/Users/yusefbach/Projekte/studynexus/frontend/src/components/admin/ArchiveDialog.tsx:70:16)
          at renderWithHooks (/Users/yusefbach/Projekte/studynexus/frontend/node_modules/react-dom/cjs/react-dom.development.js:15486:18)
          at updateFunctionComponent (/Users/yusefbach/Projekte/studynexus/frontend/node_modules/react-dom/cjs/react-dom.development.js:19617:20)
          at beginWork (/Users/yusefbach/Projekte/studynexus/frontend/node_modules/react-dom/cjs/react-dom.development.js:21640:16)
          at beginWork$1 (/Users/yusefbach/Projekte/studynexus/frontend/node_modules/react-dom/cjs/react-dom.development.js:27465:14)
          at performUnitOfWork (/Users/yusefbach/Projekte/studynexus/frontend/node_modules/react-dom/cjs/react-dom.development.js:26599:12)
          at workLoopSync (/Users/yusefbach/Projekte/studynexus/frontend/node_modules/react-dom/cjs/react-dom.development.js:26505:5)
          at renderRootSync (/Users/yusefbach/Projekte/studynexus/frontend/node_modules/react-dom/cjs/react-dom.development.js:26473:7)
          at performSyncWorkOnRoot (/Users/yusefbach/Projekte/studynexus/frontend/node_modules/react-dom/cjs/react-dom.development.js:26124:20)
          at flushSyncCallbacks (/Users/yusefbach/Projekte/studynexus/frontend/node_modules/react-dom/cjs/react-dom.development.js:12042:22)
          at flushSync (/Users/yusefbach/Projekte/studynexus/frontend/node_modules/react-dom/cjs/react-dom.development.js:26240:7)
          at finishEventHandler (/Users/yusefbach/Projekte/studynexus/frontend/node_modules/react-dom/cjs/react-dom.development.js:3976:5)
          at batchedUpdates (/Users/yusefbach/Projekte/studynexus/frontend/node_modules/react-dom/cjs/react-dom.development.js:3994:5)
          at dispatchEventForPluginEventSystem (/Users/yusefbach/Projekte/studynexus/frontend/node_modules/react-dom/cjs/react-dom.development.js:9287:3)
          at dispatchEventWithEnableCapturePhaseSelectiveHydrationWithoutDiscreteEventReplay (/Users/yusefbach/Projekte/studynexus/frontend/node_modules/react-dom/cjs/react-dom.development.js:6465:5)
          at dispatchEvent (/Users/yusefbach/Projekte/studynexus/frontend/node_modules/react-dom/cjs/react-dom.development.js:6457:5)
          at dispatchDiscreteEvent (/Users/yusefbach/Projekte/studynexus/frontend/node_modules/react-dom/cjs/react-dom.development.js:6430:5)
          at HTMLDivElement.callTheUserObjectsOperation (/Users/yusefbach/Projekte/studynexus/frontend/node_modules/jsdom/lib/jsdom/living/generated/EventListener.js:26:30)
          at innerInvokeEventListeners (/Users/yusefbach/Projekte/studynexus/frontend/node_modules/jsdom/lib/jsdom/living/events/EventTarget-impl.js:350:25)
          at invokeEventListeners (/Users/yusefbach/Projekte/studynexus/frontend/node_modules/jsdom/lib/jsdom/living/events/EventTarget-impl.js:286:3)
          at HTMLTextAreaElementImpl._dispatch (/Users/yusefbach/Projekte/studynexus/frontend/node_modules/jsdom/lib/jsdom/living/events/EventTarget-impl.js:233:9)
          at HTMLTextAreaElementImpl.dispatchEvent (/Users/yusefbach/Projekte/studynexus/frontend/node_modules/jsdom/lib/jsdom/living/events/EventTarget-impl.js:104:17)
          at HTMLTextAreaElement.dispatchEvent (/Users/yusefbach/Projekte/studynexus/frontend/node_modules/jsdom/lib/jsdom/living/generated/EventTarget.js:241:34)
          at /Users/yusefbach/Projekte/studynexus/frontend/node_modules/@testing-library/dom/dist/events.js:19:20
          at /Users/yusefbach/Projekte/studynexus/frontend/node_modules/@testing-library/react/dist/pure.js:108:16
          at /Users/yusefbach/Projekte/studynexus/frontend/node_modules/@testing-library/react/dist/act-compat.js:48:24
          at act (/Users/yusefbach/Projekte/studynexus/frontend/node_modules/react/cjs/react.development.js:2512:16)
          at /Users/yusefbach/Projekte/studynexus/frontend/node_modules/@testing-library/react/dist/act-compat.js:47:25
          at Object.eventWrapper (/Users/yusefbach/Projekte/studynexus/frontend/node_modules/@testing-library/react/dist/pure.js:107:28)
          at fireEvent (/Users/yusefbach/Projekte/studynexus/frontend/node_modules/@testing-library/dom/dist/events.js:12:35)
          at fireEvent.<computed> [as change] (/Users/yusefbach/Projekte/studynexus/frontend/node_modules/@testing-library/dom/dist/events.js:110:36)
          at fireEvent.<computed> [as change] (/Users/yusefbach/Projekte/studynexus/frontend/node_modules/@testing-library/react/dist/fire-event.js:15:52)
          at Object.change (/Users/yusefbach/Projekte/studynexus/frontend/src/app/[locale]/admin/exam-regulations/[id]/__tests__/page.test.tsx:444:15)
          at Promise.then.completed (/Users/yusefbach/Projekte/studynexus/frontend/node_modules/jest-circus/build/utils.js:298:28)
          at new Promise (<anonymous>)
          at callAsyncCircusFn (/Users/yusefbach/Projekte/studynexus/frontend/node_modules/jest-circus/build/utils.js:231:10)
          at _callCircusTest (/Users/yusefbach/Projekte/studynexus/frontend/node_modules/jest-circus/build/run.js:316:40)
          at _runTest (/Users/yusefbach/Projekte/studynexus/frontend/node_modules/jest-circus/build/run.js:252:3)
          at _runTestsForDescribeBlock (/Users/yusefbach/Projekte/studynexus/frontend/node_modules/jest-circus/build/run.js:126:9)
          at _runTestsForDescribeBlock (/Users/yusefbach/Projekte/studynexus/frontend/node_modules/jest-circus/build/run.js:121:9)
          at run (/Users/yusefbach/Projekte/studynexus/frontend/node_modules/jest-circus/build/run.js:71:3)
          at runAndTransformResultsToJestFormat (/Users/yusefbach/Projekte/studynexus/frontend/node_modules/jest-circus/build/legacy-code-todo-rewrite/jestAdapterInit.js:122:21)
          at jestAdapter (/Users/yusefbach/Projekte/studynexus/frontend/node_modules/jest-circus/build/legacy-code-todo-rewrite/jestAdapter.js:79:19)
          at runTestInternal (/Users/yusefbach/Projekte/studynexus/frontend/node_modules/jest-runner/build/runTest.js:367:16)
          at runTest (/Users/yusefbach/Projekte/studynexus/frontend/node_modules/jest-runner/build/runTest.js:444:34)
          at Object.worker (/Users/yusefbach/Projekte/studynexus/frontend/node_modules/jest-runner/build/testWorker.js:106:12) {
        code: 'MISSING_MESSAGE',
        originalMessage: 'Could not resolve `admin.archiveDialog.reasonLabel` in messages for locale `de`.'
      }

      68 |           <div className="space-y-1.5">
      69 |             <label className="text-sm font-medium" htmlFor="archive-reason">
    > 70 |               {t("reasonLabel")}
         |                ^
      71 |             </label>
      72 |             <textarea
      73 |               id="archive-reason"

      at defaultOnError (node_modules/use-intl/dist/development/initializeConfig-BhfMSHP7.js:70:11)
      at getFallbackFromErrorAndNotify (node_modules/use-intl/dist/development/createFormatter-QqAaZwGD.js:160:5)
      at translateBaseFn (node_modules/use-intl/dist/development/createFormatter-QqAaZwGD.js:184:14)
      at translateFn (node_modules/use-intl/dist/development/createFormatter-QqAaZwGD.js:258:20)
      at t (src/components/admin/ArchiveDialog.tsx:70:16)
      at renderWithHooks (node_modules/react-dom/cjs/react-dom.development.js:15486:18)
      at updateFunctionComponent (node_modules/react-dom/cjs/react-dom.development.js:19617:20)
      at beginWork (node_modules/react-dom/cjs/react-dom.development.js:21640:16)
      at beginWork$1 (node_modules/react-dom/cjs/react-dom.development.js:27465:14)
      at performUnitOfWork (node_modules/react-dom/cjs/react-dom.development.js:26599:12)
      at workLoopSync (node_modules/react-dom/cjs/react-dom.development.js:26505:5)
      at renderRootSync (node_modules/react-dom/cjs/react-dom.development.js:26473:7)
      at performSyncWorkOnRoot (node_modules/react-dom/cjs/react-dom.development.js:26124:20)
      at flushSyncCallbacks (node_modules/react-dom/cjs/react-dom.development.js:12042:22)
      at flushSync (node_modules/react-dom/cjs/react-dom.development.js:26240:7)
      at finishEventHandler (node_modules/react-dom/cjs/react-dom.development.js:3976:5)
      at batchedUpdates (node_modules/react-dom/cjs/react-dom.development.js:3994:5)
      at dispatchEventForPluginEventSystem (node_modules/react-dom/cjs/react-dom.development.js:9287:3)
      at dispatchEventWithEnableCapturePhaseSelectiveHydrationWithoutDiscreteEventReplay (node_modules/react-dom/cjs/react-dom.development.js:6465:5)
      at dispatchEvent (node_modules/react-dom/cjs/react-dom.development.js:6457:5)
      at dispatchDiscreteEvent (node_modules/react-dom/cjs/react-dom.development.js:6430:5)
      at HTMLDivElement.callTheUserObjectsOperation (node_modules/jsdom/lib/jsdom/living/generated/EventListener.js:26:30)
      at innerInvokeEventListeners (node_modules/jsdom/lib/jsdom/living/events/EventTarget-impl.js:350:25)
      at invokeEventListeners (node_modules/jsdom/lib/jsdom/living/events/EventTarget-impl.js:286:3)
      at HTMLTextAreaElementImpl._dispatch (node_modules/jsdom/lib/jsdom/living/events/EventTarget-impl.js:233:9)
      at HTMLTextAreaElementImpl.dispatchEvent (node_modules/jsdom/lib/jsdom/living/events/EventTarget-impl.js:104:17)
      at HTMLTextAreaElement.dispatchEvent (node_modules/jsdom/lib/jsdom/living/generated/EventTarget.js:241:34)
      at node_modules/@testing-library/dom/dist/events.js:19:20
      at node_modules/@testing-library/react/dist/pure.js:108:16
      at node_modules/@testing-library/react/dist/act-compat.js:48:24
      at act (node_modules/react/cjs/react.development.js:2512:16)
      at node_modules/@testing-library/react/dist/act-compat.js:47:25
      at Object.eventWrapper (node_modules/@testing-library/react/dist/pure.js:107:28)
      at fireEvent (node_modules/@testing-library/dom/dist/events.js:12:35)
      at fireEvent.<computed> [as change] (node_modules/@testing-library/dom/dist/events.js:110:36)
      at fireEvent.<computed> [as change] (node_modules/@testing-library/react/dist/fire-event.js:15:52)
      at Object.change (src/app/[locale]/admin/exam-regulations/[id]/__tests__/page.test.tsx:444:15)

    console.error
      IntlError: MISSING_MESSAGE: Could not resolve `admin.archiveDialog.title` in messages for locale `de`.
          at getFallbackFromErrorAndNotify (/Users/yusefbach/Projekte/studynexus/frontend/node_modules/use-intl/dist/development/createFormatter-QqAaZwGD.js:159:19)
          at translateBaseFn (/Users/yusefbach/Projekte/studynexus/frontend/node_modules/use-intl/dist/development/createFormatter-QqAaZwGD.js:184:14)
          at translateFn (/Users/yusefbach/Projekte/studynexus/frontend/node_modules/use-intl/dist/development/createFormatter-QqAaZwGD.js:258:20)
          at t (/Users/yusefbach/Projekte/studynexus/frontend/src/components/admin/ArchiveDialog.tsx:53:52)
          at renderWithHooks (/Users/yusefbach/Projekte/studynexus/frontend/node_modules/react-dom/cjs/react-dom.development.js:15486:18)
          at updateFunctionComponent (/Users/yusefbach/Projekte/studynexus/frontend/node_modules/react-dom/cjs/react-dom.development.js:19617:20)
          at beginWork (/Users/yusefbach/Projekte/studynexus/frontend/node_modules/react-dom/cjs/react-dom.development.js:21640:16)
          at beginWork$1 (/Users/yusefbach/Projekte/studynexus/frontend/node_modules/react-dom/cjs/react-dom.development.js:27465:14)
          at performUnitOfWork (/Users/yusefbach/Projekte/studynexus/frontend/node_modules/react-dom/cjs/react-dom.development.js:26599:12)
          at workLoopSync (/Users/yusefbach/Projekte/studynexus/frontend/node_modules/react-dom/cjs/react-dom.development.js:26505:5)
          at renderRootSync (/Users/yusefbach/Projekte/studynexus/frontend/node_modules/react-dom/cjs/react-dom.development.js:26473:7)
          at performSyncWorkOnRoot (/Users/yusefbach/Projekte/studynexus/frontend/node_modules/react-dom/cjs/react-dom.development.js:26124:20)
          at flushSyncCallbacks (/Users/yusefbach/Projekte/studynexus/frontend/node_modules/react-dom/cjs/react-dom.development.js:12042:22)
          at flushActQueue (/Users/yusefbach/Projekte/studynexus/frontend/node_modules/react/cjs/react.development.js:2667:24)
          at act (/Users/yusefbach/Projekte/studynexus/frontend/node_modules/react/cjs/react.development.js:2582:11)
          at /Users/yusefbach/Projekte/studynexus/frontend/node_modules/@testing-library/react/dist/act-compat.js:47:25
          at Object.eventWrapper (/Users/yusefbach/Projekte/studynexus/frontend/node_modules/@testing-library/react/dist/pure.js:107:28)
          at fireEvent (/Users/yusefbach/Projekte/studynexus/frontend/node_modules/@testing-library/dom/dist/events.js:12:35)
          at fireEvent.<computed> [as click] (/Users/yusefbach/Projekte/studynexus/frontend/node_modules/@testing-library/dom/dist/events.js:110:36)
          at fireEvent.<computed> [as click] (/Users/yusefbach/Projekte/studynexus/frontend/node_modules/@testing-library/react/dist/fire-event.js:15:52)
          at Object.click (/Users/yusefbach/Projekte/studynexus/frontend/src/app/[locale]/admin/exam-regulations/[id]/__tests__/page.test.tsx:445:15)
          at Promise.then.completed (/Users/yusefbach/Projekte/studynexus/frontend/node_modules/jest-circus/build/utils.js:298:28)
          at new Promise (<anonymous>)
          at callAsyncCircusFn (/Users/yusefbach/Projekte/studynexus/frontend/node_modules/jest-circus/build/utils.js:231:10)
          at _callCircusTest (/Users/yusefbach/Projekte/studynexus/frontend/node_modules/jest-circus/build/run.js:316:40)
          at _runTest (/Users/yusefbach/Projekte/studynexus/frontend/node_modules/jest-circus/build/run.js:252:3)
          at _runTestsForDescribeBlock (/Users/yusefbach/Projekte/studynexus/frontend/node_modules/jest-circus/build/run.js:126:9)
          at _runTestsForDescribeBlock (/Users/yusefbach/Projekte/studynexus/frontend/node_modules/jest-circus/build/run.js:121:9)
          at run (/Users/yusefbach/Projekte/studynexus/frontend/node_modules/jest-circus/build/run.js:71:3)
          at runAndTransformResultsToJestFormat (/Users/yusefbach/Projekte/studynexus/frontend/node_modules/jest-circus/build/legacy-code-todo-rewrite/jestAdapterInit.js:122:21)
          at jestAdapter (/Users/yusefbach/Projekte/studynexus/frontend/node_modules/jest-circus/build/legacy-code-todo-rewrite/jestAdapter.js:79:19)
          at runTestInternal (/Users/yusefbach/Projekte/studynexus/frontend/node_modules/jest-runner/build/runTest.js:367:16)
          at runTest (/Users/yusefbach/Projekte/studynexus/frontend/node_modules/jest-runner/build/runTest.js:444:34)
          at Object.worker (/Users/yusefbach/Projekte/studynexus/frontend/node_modules/jest-runner/build/testWorker.js:106:12) {
        code: 'MISSING_MESSAGE',
        originalMessage: 'Could not resolve `admin.archiveDialog.title` in messages for locale `de`.'
      }

      51 |             <AlertTriangle className="h-5 w-5 text-amber-600 dark:text-amber-400" />
      52 |           </div>
    > 53 |           <h2 className="text-base font-semibold">{t("title")}</h2>
         |                                                    ^
      54 |         </div>
      55 |
      56 |         {/* Body */}

      at defaultOnError (node_modules/use-intl/dist/development/initializeConfig-BhfMSHP7.js:70:11)
      at getFallbackFromErrorAndNotify (node_modules/use-intl/dist/development/createFormatter-QqAaZwGD.js:160:5)
      at translateBaseFn (node_modules/use-intl/dist/development/createFormatter-QqAaZwGD.js:184:14)
      at translateFn (node_modules/use-intl/dist/development/createFormatter-QqAaZwGD.js:258:20)
      at t (src/components/admin/ArchiveDialog.tsx:53:52)
      at renderWithHooks (node_modules/react-dom/cjs/react-dom.development.js:15486:18)
      at updateFunctionComponent (node_modules/react-dom/cjs/react-dom.development.js:19617:20)
      at beginWork (node_modules/react-dom/cjs/react-dom.development.js:21640:16)
      at beginWork$1 (node_modules/react-dom/cjs/react-dom.development.js:27465:14)
      at performUnitOfWork (node_modules/react-dom/cjs/react-dom.development.js:26599:12)
      at workLoopSync (node_modules/react-dom/cjs/react-dom.development.js:26505:5)
      at renderRootSync (node_modules/react-dom/cjs/react-dom.development.js:26473:7)
      at performSyncWorkOnRoot (node_modules/react-dom/cjs/react-dom.development.js:26124:20)
      at flushSyncCallbacks (node_modules/react-dom/cjs/react-dom.development.js:12042:22)
      at flushActQueue (node_modules/react/cjs/react.development.js:2667:24)
      at act (node_modules/react/cjs/react.development.js:2582:11)
      at node_modules/@testing-library/react/dist/act-compat.js:47:25
      at Object.eventWrapper (node_modules/@testing-library/react/dist/pure.js:107:28)
      at fireEvent (node_modules/@testing-library/dom/dist/events.js:12:35)
      at fireEvent.<computed> [as click] (node_modules/@testing-library/dom/dist/events.js:110:36)
      at fireEvent.<computed> [as click] (node_modules/@testing-library/react/dist/fire-event.js:15:52)
      at Object.click (src/app/[locale]/admin/exam-regulations/[id]/__tests__/page.test.tsx:445:15)

    console.error
      IntlError: MISSING_MESSAGE: Could not resolve `admin.archiveDialog.description` in messages for locale `de`.
          at getFallbackFromErrorAndNotify (/Users/yusefbach/Projekte/studynexus/frontend/node_modules/use-intl/dist/development/createFormatter-QqAaZwGD.js:159:19)
          at translateBaseFn (/Users/yusefbach/Projekte/studynexus/frontend/node_modules/use-intl/dist/development/createFormatter-QqAaZwGD.js:184:14)
          at translateFn (/Users/yusefbach/Projekte/studynexus/frontend/node_modules/use-intl/dist/development/createFormatter-QqAaZwGD.js:258:20)
          at t (/Users/yusefbach/Projekte/studynexus/frontend/src/components/admin/ArchiveDialog.tsx:59:14)
          at renderWithHooks (/Users/yusefbach/Projekte/studynexus/frontend/node_modules/react-dom/cjs/react-dom.development.js:15486:18)
          at updateFunctionComponent (/Users/yusefbach/Projekte/studynexus/frontend/node_modules/react-dom/cjs/react-dom.development.js:19617:20)
          at beginWork (/Users/yusefbach/Projekte/studynexus/frontend/node_modules/react-dom/cjs/react-dom.development.js:21640:16)
          at beginWork$1 (/Users/yusefbach/Projekte/studynexus/frontend/node_modules/react-dom/cjs/react-dom.development.js:27465:14)
          at performUnitOfWork (/Users/yusefbach/Projekte/studynexus/frontend/node_modules/react-dom/cjs/react-dom.development.js:26599:12)
          at workLoopSync (/Users/yusefbach/Projekte/studynexus/frontend/node_modules/react-dom/cjs/react-dom.development.js:26505:5)
          at renderRootSync (/Users/yusefbach/Projekte/studynexus/frontend/node_modules/react-dom/cjs/react-dom.development.js:26473:7)
          at performSyncWorkOnRoot (/Users/yusefbach/Projekte/studynexus/frontend/node_modules/react-dom/cjs/react-dom.development.js:26124:20)
          at flushSyncCallbacks (/Users/yusefbach/Projekte/studynexus/frontend/node_modules/react-dom/cjs/react-dom.development.js:12042:22)
          at flushActQueue (/Users/yusefbach/Projekte/studynexus/frontend/node_modules/react/cjs/react.development.js:2667:24)
          at act (/Users/yusefbach/Projekte/studynexus/frontend/node_modules/react/cjs/react.development.js:2582:11)
          at /Users/yusefbach/Projekte/studynexus/frontend/node_modules/@testing-library/react/dist/act-compat.js:47:25
          at Object.eventWrapper (/Users/yusefbach/Projekte/studynexus/frontend/node_modules/@testing-library/react/dist/pure.js:107:28)
          at fireEvent (/Users/yusefbach/Projekte/studynexus/frontend/node_modules/@testing-library/dom/dist/events.js:12:35)
          at fireEvent.<computed> [as click] (/Users/yusefbach/Projekte/studynexus/frontend/node_modules/@testing-library/dom/dist/events.js:110:36)
          at fireEvent.<computed> [as click] (/Users/yusefbach/Projekte/studynexus/frontend/node_modules/@testing-library/react/dist/fire-event.js:15:52)
          at Object.click (/Users/yusefbach/Projekte/studynexus/frontend/src/app/[locale]/admin/exam-regulations/[id]/__tests__/page.test.tsx:445:15)
          at Promise.then.completed (/Users/yusefbach/Projekte/studynexus/frontend/node_modules/jest-circus/build/utils.js:298:28)
          at new Promise (<anonymous>)
          at callAsyncCircusFn (/Users/yusefbach/Projekte/studynexus/frontend/node_modules/jest-circus/build/utils.js:231:10)
          at _callCircusTest (/Users/yusefbach/Projekte/studynexus/frontend/node_modules/jest-circus/build/run.js:316:40)
          at _runTest (/Users/yusefbach/Projekte/studynexus/frontend/node_modules/jest-circus/build/run.js:252:3)
          at _runTestsForDescribeBlock (/Users/yusefbach/Projekte/studynexus/frontend/node_modules/jest-circus/build/run.js:126:9)
          at _runTestsForDescribeBlock (/Users/yusefbach/Projekte/studynexus/frontend/node_modules/jest-circus/build/run.js:121:9)
          at run (/Users/yusefbach/Projekte/studynexus/frontend/node_modules/jest-circus/build/run.js:71:3)
          at runAndTransformResultsToJestFormat (/Users/yusefbach/Projekte/studynexus/frontend/node_modules/jest-circus/build/legacy-code-todo-rewrite/jestAdapterInit.js:122:21)
          at jestAdapter (/Users/yusefbach/Projekte/studynexus/frontend/node_modules/jest-circus/build/legacy-code-todo-rewrite/jestAdapter.js:79:19)
          at runTestInternal (/Users/yusefbach/Projekte/studynexus/frontend/node_modules/jest-runner/build/runTest.js:367:16)
          at runTest (/Users/yusefbach/Projekte/studynexus/frontend/node_modules/jest-runner/build/runTest.js:444:34)
          at Object.worker (/Users/yusefbach/Projekte/studynexus/frontend/node_modules/jest-runner/build/testWorker.js:106:12) {
        code: 'MISSING_MESSAGE',
        originalMessage: 'Could not resolve `admin.archiveDialog.description` in messages for locale `de`.'
      }

      57 |         <div className="px-4 sm:px-6 pb-4 space-y-4">
      58 |           <p className="text-sm text-muted-foreground">
    > 59 |             {t("description", { name: entityName })}
         |              ^
      60 |           </p>
      61 |
      62 |           {!isActive && (

      at defaultOnError (node_modules/use-intl/dist/development/initializeConfig-BhfMSHP7.js:70:11)
      at getFallbackFromErrorAndNotify (node_modules/use-intl/dist/development/createFormatter-QqAaZwGD.js:160:5)
      at translateBaseFn (node_modules/use-intl/dist/development/createFormatter-QqAaZwGD.js:184:14)
      at translateFn (node_modules/use-intl/dist/development/createFormatter-QqAaZwGD.js:258:20)
      at t (src/components/admin/ArchiveDialog.tsx:59:14)
      at renderWithHooks (node_modules/react-dom/cjs/react-dom.development.js:15486:18)
      at updateFunctionComponent (node_modules/react-dom/cjs/react-dom.development.js:19617:20)
      at beginWork (node_modules/react-dom/cjs/react-dom.development.js:21640:16)
      at beginWork$1 (node_modules/react-dom/cjs/react-dom.development.js:27465:14)
      at performUnitOfWork (node_modules/react-dom/cjs/react-dom.development.js:26599:12)
      at workLoopSync (node_modules/react-dom/cjs/react-dom.development.js:26505:5)
      at renderRootSync (node_modules/react-dom/cjs/react-dom.development.js:26473:7)
      at performSyncWorkOnRoot (node_modules/react-dom/cjs/react-dom.development.js:26124:20)
      at flushSyncCallbacks (node_modules/react-dom/cjs/react-dom.development.js:12042:22)
      at flushActQueue (node_modules/react/cjs/react.development.js:2667:24)
      at act (node_modules/react/cjs/react.development.js:2582:11)
      at node_modules/@testing-library/react/dist/act-compat.js:47:25
      at Object.eventWrapper (node_modules/@testing-library/react/dist/pure.js:107:28)
      at fireEvent (node_modules/@testing-library/dom/dist/events.js:12:35)
      at fireEvent.<computed> [as click] (node_modules/@testing-library/dom/dist/events.js:110:36)
      at fireEvent.<computed> [as click] (node_modules/@testing-library/react/dist/fire-event.js:15:52)
      at Object.click (src/app/[locale]/admin/exam-regulations/[id]/__tests__/page.test.tsx:445:15)

    console.error
      IntlError: MISSING_MESSAGE: Could not resolve `admin.archiveDialog.reasonLabel` in messages for locale `de`.
          at getFallbackFromErrorAndNotify (/Users/yusefbach/Projekte/studynexus/frontend/node_modules/use-intl/dist/development/createFormatter-QqAaZwGD.js:159:19)
          at translateBaseFn (/Users/yusefbach/Projekte/studynexus/frontend/node_modules/use-intl/dist/development/createFormatter-QqAaZwGD.js:184:14)
          at translateFn (/Users/yusefbach/Projekte/studynexus/frontend/node_modules/use-intl/dist/development/createFormatter-QqAaZwGD.js:258:20)
          at t (/Users/yusefbach/Projekte/studynexus/frontend/src/components/admin/ArchiveDialog.tsx:70:16)
          at renderWithHooks (/Users/yusefbach/Projekte/studynexus/frontend/node_modules/react-dom/cjs/react-dom.development.js:15486:18)
          at updateFunctionComponent (/Users/yusefbach/Projekte/studynexus/frontend/node_modules/react-dom/cjs/react-dom.development.js:19617:20)
          at beginWork (/Users/yusefbach/Projekte/studynexus/frontend/node_modules/react-dom/cjs/react-dom.development.js:21640:16)
          at beginWork$1 (/Users/yusefbach/Projekte/studynexus/frontend/node_modules/react-dom/cjs/react-dom.development.js:27465:14)
          at performUnitOfWork (/Users/yusefbach/Projekte/studynexus/frontend/node_modules/react-dom/cjs/react-dom.development.js:26599:12)
          at workLoopSync (/Users/yusefbach/Projekte/studynexus/frontend/node_modules/react-dom/cjs/react-dom.development.js:26505:5)
          at renderRootSync (/Users/yusefbach/Projekte/studynexus/frontend/node_modules/react-dom/cjs/react-dom.development.js:26473:7)
          at performSyncWorkOnRoot (/Users/yusefbach/Projekte/studynexus/frontend/node_modules/react-dom/cjs/react-dom.development.js:26124:20)
          at flushSyncCallbacks (/Users/yusefbach/Projekte/studynexus/frontend/node_modules/react-dom/cjs/react-dom.development.js:12042:22)
          at flushActQueue (/Users/yusefbach/Projekte/studynexus/frontend/node_modules/react/cjs/react.development.js:2667:24)
          at act (/Users/yusefbach/Projekte/studynexus/frontend/node_modules/react/cjs/react.development.js:2582:11)
          at /Users/yusefbach/Projekte/studynexus/frontend/node_modules/@testing-library/react/dist/act-compat.js:47:25
          at Object.eventWrapper (/Users/yusefbach/Projekte/studynexus/frontend/node_modules/@testing-library/react/dist/pure.js:107:28)
          at fireEvent (/Users/yusefbach/Projekte/studynexus/frontend/node_modules/@testing-library/dom/dist/events.js:12:35)
          at fireEvent.<computed> [as click] (/Users/yusefbach/Projekte/studynexus/frontend/node_modules/@testing-library/dom/dist/events.js:110:36)
          at fireEvent.<computed> [as click] (/Users/yusefbach/Projekte/studynexus/frontend/node_modules/@testing-library/react/dist/fire-event.js:15:52)
          at Object.click (/Users/yusefbach/Projekte/studynexus/frontend/src/app/[locale]/admin/exam-regulations/[id]/__tests__/page.test.tsx:445:15)
          at Promise.then.completed (/Users/yusefbach/Projekte/studynexus/frontend/node_modules/jest-circus/build/utils.js:298:28)
          at new Promise (<anonymous>)
          at callAsyncCircusFn (/Users/yusefbach/Projekte/studynexus/frontend/node_modules/jest-circus/build/utils.js:231:10)
          at _callCircusTest (/Users/yusefbach/Projekte/studynexus/frontend/node_modules/jest-circus/build/run.js:316:40)
          at _runTest (/Users/yusefbach/Projekte/studynexus/frontend/node_modules/jest-circus/build/run.js:252:3)
          at _runTestsForDescribeBlock (/Users/yusefbach/Projekte/studynexus/frontend/node_modules/jest-circus/build/run.js:126:9)
          at _runTestsForDescribeBlock (/Users/yusefbach/Projekte/studynexus/frontend/node_modules/jest-circus/build/run.js:121:9)
          at run (/Users/yusefbach/Projekte/studynexus/frontend/node_modules/jest-circus/build/run.js:71:3)
          at runAndTransformResultsToJestFormat (/Users/yusefbach/Projekte/studynexus/frontend/node_modules/jest-circus/build/legacy-code-todo-rewrite/jestAdapterInit.js:122:21)
          at jestAdapter (/Users/yusefbach/Projekte/studynexus/frontend/node_modules/jest-circus/build/legacy-code-todo-rewrite/jestAdapter.js:79:19)
          at runTestInternal (/Users/yusefbach/Projekte/studynexus/frontend/node_modules/jest-runner/build/runTest.js:367:16)
          at runTest (/Users/yusefbach/Projekte/studynexus/frontend/node_modules/jest-runner/build/runTest.js:444:34)
          at Object.worker (/Users/yusefbach/Projekte/studynexus/frontend/node_modules/jest-runner/build/testWorker.js:106:12) {
        code: 'MISSING_MESSAGE',
        originalMessage: 'Could not resolve `admin.archiveDialog.reasonLabel` in messages for locale `de`.'
      }

      68 |           <div className="space-y-1.5">
      69 |             <label className="text-sm font-medium" htmlFor="archive-reason">
    > 70 |               {t("reasonLabel")}
         |                ^
      71 |             </label>
      72 |             <textarea
      73 |               id="archive-reason"

      at defaultOnError (node_modules/use-intl/dist/development/initializeConfig-BhfMSHP7.js:70:11)
      at getFallbackFromErrorAndNotify (node_modules/use-intl/dist/development/createFormatter-QqAaZwGD.js:160:5)
      at translateBaseFn (node_modules/use-intl/dist/development/createFormatter-QqAaZwGD.js:184:14)
      at translateFn (node_modules/use-intl/dist/development/createFormatter-QqAaZwGD.js:258:20)
      at t (src/components/admin/ArchiveDialog.tsx:70:16)
      at renderWithHooks (node_modules/react-dom/cjs/react-dom.development.js:15486:18)
      at updateFunctionComponent (node_modules/react-dom/cjs/react-dom.development.js:19617:20)
      at beginWork (node_modules/react-dom/cjs/react-dom.development.js:21640:16)
      at beginWork$1 (node_modules/react-dom/cjs/react-dom.development.js:27465:14)
      at performUnitOfWork (node_modules/react-dom/cjs/react-dom.development.js:26599:12)
      at workLoopSync (node_modules/react-dom/cjs/react-dom.development.js:26505:5)
      at renderRootSync (node_modules/react-dom/cjs/react-dom.development.js:26473:7)
      at performSyncWorkOnRoot (node_modules/react-dom/cjs/react-dom.development.js:26124:20)
      at flushSyncCallbacks (node_modules/react-dom/cjs/react-dom.development.js:12042:22)
      at flushActQueue (node_modules/react/cjs/react.development.js:2667:24)
      at act (node_modules/react/cjs/react.development.js:2582:11)
      at node_modules/@testing-library/react/dist/act-compat.js:47:25
      at Object.eventWrapper (node_modules/@testing-library/react/dist/pure.js:107:28)
      at fireEvent (node_modules/@testing-library/dom/dist/events.js:12:35)
      at fireEvent.<computed> [as click] (node_modules/@testing-library/dom/dist/events.js:110:36)
      at fireEvent.<computed> [as click] (node_modules/@testing-library/react/dist/fire-event.js:15:52)
      at Object.click (src/app/[locale]/admin/exam-regulations/[id]/__tests__/page.test.tsx:445:15)

    console.error
      IntlError: MISSING_MESSAGE: Could not resolve `admin.archiveDialog.loading` in messages for locale `de`.
          at getFallbackFromErrorAndNotify (/Users/yusefbach/Projekte/studynexus/frontend/node_modules/use-intl/dist/development/createFormatter-QqAaZwGD.js:159:19)
          at translateBaseFn (/Users/yusefbach/Projekte/studynexus/frontend/node_modules/use-intl/dist/development/createFormatter-QqAaZwGD.js:184:14)
          at translateFn (/Users/yusefbach/Projekte/studynexus/frontend/node_modules/use-intl/dist/development/createFormatter-QqAaZwGD.js:258:20)
          at t (/Users/yusefbach/Projekte/studynexus/frontend/src/components/admin/ArchiveDialog.tsx:96:18)
          at renderWithHooks (/Users/yusefbach/Projekte/studynexus/frontend/node_modules/react-dom/cjs/react-dom.development.js:15486:18)
          at updateFunctionComponent (/Users/yusefbach/Projekte/studynexus/frontend/node_modules/react-dom/cjs/react-dom.development.js:19617:20)
          at beginWork (/Users/yusefbach/Projekte/studynexus/frontend/node_modules/react-dom/cjs/react-dom.development.js:21640:16)
          at beginWork$1 (/Users/yusefbach/Projekte/studynexus/frontend/node_modules/react-dom/cjs/react-dom.development.js:27465:14)
          at performUnitOfWork (/Users/yusefbach/Projekte/studynexus/frontend/node_modules/react-dom/cjs/react-dom.development.js:26599:12)
          at workLoopSync (/Users/yusefbach/Projekte/studynexus/frontend/node_modules/react-dom/cjs/react-dom.development.js:26505:5)
          at renderRootSync (/Users/yusefbach/Projekte/studynexus/frontend/node_modules/react-dom/cjs/react-dom.development.js:26473:7)
          at performSyncWorkOnRoot (/Users/yusefbach/Projekte/studynexus/frontend/node_modules/react-dom/cjs/react-dom.development.js:26124:20)
          at flushSyncCallbacks (/Users/yusefbach/Projekte/studynexus/frontend/node_modules/react-dom/cjs/react-dom.development.js:12042:22)
          at flushActQueue (/Users/yusefbach/Projekte/studynexus/frontend/node_modules/react/cjs/react.development.js:2667:24)
          at act (/Users/yusefbach/Projekte/studynexus/frontend/node_modules/react/cjs/react.development.js:2582:11)
          at /Users/yusefbach/Projekte/studynexus/frontend/node_modules/@testing-library/react/dist/act-compat.js:47:25
          at Object.eventWrapper (/Users/yusefbach/Projekte/studynexus/frontend/node_modules/@testing-library/react/dist/pure.js:107:28)
          at fireEvent (/Users/yusefbach/Projekte/studynexus/frontend/node_modules/@testing-library/dom/dist/events.js:12:35)
          at fireEvent.<computed> [as click] (/Users/yusefbach/Projekte/studynexus/frontend/node_modules/@testing-library/dom/dist/events.js:110:36)
          at fireEvent.<computed> [as click] (/Users/yusefbach/Projekte/studynexus/frontend/node_modules/@testing-library/react/dist/fire-event.js:15:52)
          at Object.click (/Users/yusefbach/Projekte/studynexus/frontend/src/app/[locale]/admin/exam-regulations/[id]/__tests__/page.test.tsx:445:15)
          at Promise.then.completed (/Users/yusefbach/Projekte/studynexus/frontend/node_modules/jest-circus/build/utils.js:298:28)
          at new Promise (<anonymous>)
          at callAsyncCircusFn (/Users/yusefbach/Projekte/studynexus/frontend/node_modules/jest-circus/build/utils.js:231:10)
          at _callCircusTest (/Users/yusefbach/Projekte/studynexus/frontend/node_modules/jest-circus/build/run.js:316:40)
          at _runTest (/Users/yusefbach/Projekte/studynexus/frontend/node_modules/jest-circus/build/run.js:252:3)
          at _runTestsForDescribeBlock (/Users/yusefbach/Projekte/studynexus/frontend/node_modules/jest-circus/build/run.js:126:9)
          at _runTestsForDescribeBlock (/Users/yusefbach/Projekte/studynexus/frontend/node_modules/jest-circus/build/run.js:121:9)
          at run (/Users/yusefbach/Projekte/studynexus/frontend/node_modules/jest-circus/build/run.js:71:3)
          at runAndTransformResultsToJestFormat (/Users/yusefbach/Projekte/studynexus/frontend/node_modules/jest-circus/build/legacy-code-todo-rewrite/jestAdapterInit.js:122:21)
          at jestAdapter (/Users/yusefbach/Projekte/studynexus/frontend/node_modules/jest-circus/build/legacy-code-todo-rewrite/jestAdapter.js:79:19)
          at runTestInternal (/Users/yusefbach/Projekte/studynexus/frontend/node_modules/jest-runner/build/runTest.js:367:16)
          at runTest (/Users/yusefbach/Projekte/studynexus/frontend/node_modules/jest-runner/build/runTest.js:444:34)
          at Object.worker (/Users/yusefbach/Projekte/studynexus/frontend/node_modules/jest-runner/build/testWorker.js:106:12) {
        code: 'MISSING_MESSAGE',
        originalMessage: 'Could not resolve `admin.archiveDialog.loading` in messages for locale `de`.'
      }

      94 |               <>
      95 |                 <Loader2 className="h-4 w-4 mr-2 animate-spin" />
    > 96 |                 {t("loading")}
         |                  ^
      97 |               </>
      98 |             ) : (
      99 |               t("confirm")

      at defaultOnError (node_modules/use-intl/dist/development/initializeConfig-BhfMSHP7.js:70:11)
      at getFallbackFromErrorAndNotify (node_modules/use-intl/dist/development/createFormatter-QqAaZwGD.js:160:5)
      at translateBaseFn (node_modules/use-intl/dist/development/createFormatter-QqAaZwGD.js:184:14)
      at translateFn (node_modules/use-intl/dist/development/createFormatter-QqAaZwGD.js:258:20)
      at t (src/components/admin/ArchiveDialog.tsx:96:18)
      at renderWithHooks (node_modules/react-dom/cjs/react-dom.development.js:15486:18)
      at updateFunctionComponent (node_modules/react-dom/cjs/react-dom.development.js:19617:20)
      at beginWork (node_modules/react-dom/cjs/react-dom.development.js:21640:16)
      at beginWork$1 (node_modules/react-dom/cjs/react-dom.development.js:27465:14)
      at performUnitOfWork (node_modules/react-dom/cjs/react-dom.development.js:26599:12)
      at workLoopSync (node_modules/react-dom/cjs/react-dom.development.js:26505:5)
      at renderRootSync (node_modules/react-dom/cjs/react-dom.development.js:26473:7)
      at performSyncWorkOnRoot (node_modules/react-dom/cjs/react-dom.development.js:26124:20)
      at flushSyncCallbacks (node_modules/react-dom/cjs/react-dom.development.js:12042:22)
      at flushActQueue (node_modules/react/cjs/react.development.js:2667:24)
      at act (node_modules/react/cjs/react.development.js:2582:11)
      at node_modules/@testing-library/react/dist/act-compat.js:47:25
      at Object.eventWrapper (node_modules/@testing-library/react/dist/pure.js:107:28)
      at fireEvent (node_modules/@testing-library/dom/dist/events.js:12:35)
      at fireEvent.<computed> [as click] (node_modules/@testing-library/dom/dist/events.js:110:36)
      at fireEvent.<computed> [as click] (node_modules/@testing-library/react/dist/fire-event.js:15:52)
      at Object.click (src/app/[locale]/admin/exam-regulations/[id]/__tests__/page.test.tsx:445:15)

    console.error
      IntlError: MISSING_MESSAGE: Could not resolve `admin.archiveDialog.title` in messages for locale `de`.
          at getFallbackFromErrorAndNotify (/Users/yusefbach/Projekte/studynexus/frontend/node_modules/use-intl/dist/development/createFormatter-QqAaZwGD.js:159:19)
          at translateBaseFn (/Users/yusefbach/Projekte/studynexus/frontend/node_modules/use-intl/dist/development/createFormatter-QqAaZwGD.js:184:14)
          at translateFn (/Users/yusefbach/Projekte/studynexus/frontend/node_modules/use-intl/dist/development/createFormatter-QqAaZwGD.js:258:20)
          at t (/Users/yusefbach/Projekte/studynexus/frontend/src/components/admin/ArchiveDialog.tsx:53:52)
          at renderWithHooks (/Users/yusefbach/Projekte/studynexus/frontend/node_modules/react-dom/cjs/react-dom.development.js:15486:18)
          at updateFunctionComponent (/Users/yusefbach/Projekte/studynexus/frontend/node_modules/react-dom/cjs/react-dom.development.js:19617:20)
          at beginWork (/Users/yusefbach/Projekte/studynexus/frontend/node_modules/react-dom/cjs/react-dom.development.js:21640:16)
          at beginWork$1 (/Users/yusefbach/Projekte/studynexus/frontend/node_modules/react-dom/cjs/react-dom.development.js:27465:14)
          at performUnitOfWork (/Users/yusefbach/Projekte/studynexus/frontend/node_modules/react-dom/cjs/react-dom.development.js:26599:12)
          at workLoopSync (/Users/yusefbach/Projekte/studynexus/frontend/node_modules/react-dom/cjs/react-dom.development.js:26505:5)
          at renderRootSync (/Users/yusefbach/Projekte/studynexus/frontend/node_modules/react-dom/cjs/react-dom.development.js:26473:7)
          at performSyncWorkOnRoot (/Users/yusefbach/Projekte/studynexus/frontend/node_modules/react-dom/cjs/react-dom.development.js:26124:20)
          at flushSyncCallbacks (/Users/yusefbach/Projekte/studynexus/frontend/node_modules/react-dom/cjs/react-dom.development.js:12042:22)
          at flushActQueue (/Users/yusefbach/Projekte/studynexus/frontend/node_modules/react/cjs/react.development.js:2667:24)
          at act (/Users/yusefbach/Projekte/studynexus/frontend/node_modules/react/cjs/react.development.js:2582:11)
          at /Users/yusefbach/Projekte/studynexus/frontend/node_modules/@testing-library/react/dist/act-compat.js:47:25
          at Object.eventWrapper (/Users/yusefbach/Projekte/studynexus/frontend/node_modules/@testing-library/react/dist/pure.js:107:28)
          at fireEvent (/Users/yusefbach/Projekte/studynexus/frontend/node_modules/@testing-library/dom/dist/events.js:12:35)
          at fireEvent.<computed> [as click] (/Users/yusefbach/Projekte/studynexus/frontend/node_modules/@testing-library/dom/dist/events.js:110:36)
          at fireEvent.<computed> [as click] (/Users/yusefbach/Projekte/studynexus/frontend/node_modules/@testing-library/react/dist/fire-event.js:15:52)
          at Object.click (/Users/yusefbach/Projekte/studynexus/frontend/src/app/[locale]/admin/exam-regulations/[id]/__tests__/page.test.tsx:534:15)
          at Promise.then.completed (/Users/yusefbach/Projekte/studynexus/frontend/node_modules/jest-circus/build/utils.js:298:28)
          at new Promise (<anonymous>)
          at callAsyncCircusFn (/Users/yusefbach/Projekte/studynexus/frontend/node_modules/jest-circus/build/utils.js:231:10)
          at _callCircusTest (/Users/yusefbach/Projekte/studynexus/frontend/node_modules/jest-circus/build/run.js:316:40)
          at runNextTicks (node:internal/process/task_queues:65:5)
          at listOnTimeout (node:internal/timers:567:9)
          at processTimers (node:internal/timers:541:7)
          at _runTest (/Users/yusefbach/Projekte/studynexus/frontend/node_modules/jest-circus/build/run.js:252:3)
          at _runTestsForDescribeBlock (/Users/yusefbach/Projekte/studynexus/frontend/node_modules/jest-circus/build/run.js:126:9)
          at _runTestsForDescribeBlock (/Users/yusefbach/Projekte/studynexus/frontend/node_modules/jest-circus/build/run.js:121:9)
          at run (/Users/yusefbach/Projekte/studynexus/frontend/node_modules/jest-circus/build/run.js:71:3)
          at runAndTransformResultsToJestFormat (/Users/yusefbach/Projekte/studynexus/frontend/node_modules/jest-circus/build/legacy-code-todo-rewrite/jestAdapterInit.js:122:21)
          at jestAdapter (/Users/yusefbach/Projekte/studynexus/frontend/node_modules/jest-circus/build/legacy-code-todo-rewrite/jestAdapter.js:79:19)
          at runTestInternal (/Users/yusefbach/Projekte/studynexus/frontend/node_modules/jest-runner/build/runTest.js:367:16)
          at runTest (/Users/yusefbach/Projekte/studynexus/frontend/node_modules/jest-runner/build/runTest.js:444:34)
          at Object.worker (/Users/yusefbach/Projekte/studynexus/frontend/node_modules/jest-runner/build/testWorker.js:106:12) {
        code: 'MISSING_MESSAGE',
        originalMessage: 'Could not resolve `admin.archiveDialog.title` in messages for locale `de`.'
      }

      51 |             <AlertTriangle className="h-5 w-5 text-amber-600 dark:text-amber-400" />
      52 |           </div>
    > 53 |           <h2 className="text-base font-semibold">{t("title")}</h2>
         |                                                    ^
      54 |         </div>
      55 |
      56 |         {/* Body */}

      at defaultOnError (node_modules/use-intl/dist/development/initializeConfig-BhfMSHP7.js:70:11)
      at getFallbackFromErrorAndNotify (node_modules/use-intl/dist/development/createFormatter-QqAaZwGD.js:160:5)
      at translateBaseFn (node_modules/use-intl/dist/development/createFormatter-QqAaZwGD.js:184:14)
      at translateFn (node_modules/use-intl/dist/development/createFormatter-QqAaZwGD.js:258:20)
      at t (src/components/admin/ArchiveDialog.tsx:53:52)
      at renderWithHooks (node_modules/react-dom/cjs/react-dom.development.js:15486:18)
      at updateFunctionComponent (node_modules/react-dom/cjs/react-dom.development.js:19617:20)
      at beginWork (node_modules/react-dom/cjs/react-dom.development.js:21640:16)
      at beginWork$1 (node_modules/react-dom/cjs/react-dom.development.js:27465:14)
      at performUnitOfWork (node_modules/react-dom/cjs/react-dom.development.js:26599:12)
      at workLoopSync (node_modules/react-dom/cjs/react-dom.development.js:26505:5)
      at renderRootSync (node_modules/react-dom/cjs/react-dom.development.js:26473:7)
      at performSyncWorkOnRoot (node_modules/react-dom/cjs/react-dom.development.js:26124:20)
      at flushSyncCallbacks (node_modules/react-dom/cjs/react-dom.development.js:12042:22)
      at flushActQueue (node_modules/react/cjs/react.development.js:2667:24)
      at act (node_modules/react/cjs/react.development.js:2582:11)
      at node_modules/@testing-library/react/dist/act-compat.js:47:25
      at Object.eventWrapper (node_modules/@testing-library/react/dist/pure.js:107:28)
      at fireEvent (node_modules/@testing-library/dom/dist/events.js:12:35)
      at fireEvent.<computed> [as click] (node_modules/@testing-library/dom/dist/events.js:110:36)
      at fireEvent.<computed> [as click] (node_modules/@testing-library/react/dist/fire-event.js:15:52)
      at Object.click (src/app/[locale]/admin/exam-regulations/[id]/__tests__/page.test.tsx:534:15)

    console.error
      IntlError: MISSING_MESSAGE: Could not resolve `admin.archiveDialog.description` in messages for locale `de`.
          at getFallbackFromErrorAndNotify (/Users/yusefbach/Projekte/studynexus/frontend/node_modules/use-intl/dist/development/createFormatter-QqAaZwGD.js:159:19)
          at translateBaseFn (/Users/yusefbach/Projekte/studynexus/frontend/node_modules/use-intl/dist/development/createFormatter-QqAaZwGD.js:184:14)
          at translateFn (/Users/yusefbach/Projekte/studynexus/frontend/node_modules/use-intl/dist/development/createFormatter-QqAaZwGD.js:258:20)
          at t (/Users/yusefbach/Projekte/studynexus/frontend/src/components/admin/ArchiveDialog.tsx:59:14)
          at renderWithHooks (/Users/yusefbach/Projekte/studynexus/frontend/node_modules/react-dom/cjs/react-dom.development.js:15486:18)
          at updateFunctionComponent (/Users/yusefbach/Projekte/studynexus/frontend/node_modules/react-dom/cjs/react-dom.development.js:19617:20)
          at beginWork (/Users/yusefbach/Projekte/studynexus/frontend/node_modules/react-dom/cjs/react-dom.development.js:21640:16)
          at beginWork$1 (/Users/yusefbach/Projekte/studynexus/frontend/node_modules/react-dom/cjs/react-dom.development.js:27465:14)
          at performUnitOfWork (/Users/yusefbach/Projekte/studynexus/frontend/node_modules/react-dom/cjs/react-dom.development.js:26599:12)
          at workLoopSync (/Users/yusefbach/Projekte/studynexus/frontend/node_modules/react-dom/cjs/react-dom.development.js:26505:5)
          at renderRootSync (/Users/yusefbach/Projekte/studynexus/frontend/node_modules/react-dom/cjs/react-dom.development.js:26473:7)
          at performSyncWorkOnRoot (/Users/yusefbach/Projekte/studynexus/frontend/node_modules/react-dom/cjs/react-dom.development.js:26124:20)
          at flushSyncCallbacks (/Users/yusefbach/Projekte/studynexus/frontend/node_modules/react-dom/cjs/react-dom.development.js:12042:22)
          at flushActQueue (/Users/yusefbach/Projekte/studynexus/frontend/node_modules/react/cjs/react.development.js:2667:24)
          at act (/Users/yusefbach/Projekte/studynexus/frontend/node_modules/react/cjs/react.development.js:2582:11)
          at /Users/yusefbach/Projekte/studynexus/frontend/node_modules/@testing-library/react/dist/act-compat.js:47:25
          at Object.eventWrapper (/Users/yusefbach/Projekte/studynexus/frontend/node_modules/@testing-library/react/dist/pure.js:107:28)
          at fireEvent (/Users/yusefbach/Projekte/studynexus/frontend/node_modules/@testing-library/dom/dist/events.js:12:35)
          at fireEvent.<computed> [as click] (/Users/yusefbach/Projekte/studynexus/frontend/node_modules/@testing-library/dom/dist/events.js:110:36)
          at fireEvent.<computed> [as click] (/Users/yusefbach/Projekte/studynexus/frontend/node_modules/@testing-library/react/dist/fire-event.js:15:52)
          at Object.click (/Users/yusefbach/Projekte/studynexus/frontend/src/app/[locale]/admin/exam-regulations/[id]/__tests__/page.test.tsx:534:15)
          at Promise.then.completed (/Users/yusefbach/Projekte/studynexus/frontend/node_modules/jest-circus/build/utils.js:298:28)
          at new Promise (<anonymous>)
          at callAsyncCircusFn (/Users/yusefbach/Projekte/studynexus/frontend/node_modules/jest-circus/build/utils.js:231:10)
          at _callCircusTest (/Users/yusefbach/Projekte/studynexus/frontend/node_modules/jest-circus/build/run.js:316:40)
          at runNextTicks (node:internal/process/task_queues:65:5)
          at listOnTimeout (node:internal/timers:567:9)
          at processTimers (node:internal/timers:541:7)
          at _runTest (/Users/yusefbach/Projekte/studynexus/frontend/node_modules/jest-circus/build/run.js:252:3)
          at _runTestsForDescribeBlock (/Users/yusefbach/Projekte/studynexus/frontend/node_modules/jest-circus/build/run.js:126:9)
          at _runTestsForDescribeBlock (/Users/yusefbach/Projekte/studynexus/frontend/node_modules/jest-circus/build/run.js:121:9)
          at run (/Users/yusefbach/Projekte/studynexus/frontend/node_modules/jest-circus/build/run.js:71:3)
          at runAndTransformResultsToJestFormat (/Users/yusefbach/Projekte/studynexus/frontend/node_modules/jest-circus/build/legacy-code-todo-rewrite/jestAdapterInit.js:122:21)
          at jestAdapter (/Users/yusefbach/Projekte/studynexus/frontend/node_modules/jest-circus/build/legacy-code-todo-rewrite/jestAdapter.js:79:19)
          at runTestInternal (/Users/yusefbach/Projekte/studynexus/frontend/node_modules/jest-runner/build/runTest.js:367:16)
          at runTest (/Users/yusefbach/Projekte/studynexus/frontend/node_modules/jest-runner/build/runTest.js:444:34)
          at Object.worker (/Users/yusefbach/Projekte/studynexus/frontend/node_modules/jest-runner/build/testWorker.js:106:12) {
        code: 'MISSING_MESSAGE',
        originalMessage: 'Could not resolve `admin.archiveDialog.description` in messages for locale `de`.'
      }

      57 |         <div className="px-4 sm:px-6 pb-4 space-y-4">
      58 |           <p className="text-sm text-muted-foreground">
    > 59 |             {t("description", { name: entityName })}
         |              ^
      60 |           </p>
      61 |
      62 |           {!isActive && (

      at defaultOnError (node_modules/use-intl/dist/development/initializeConfig-BhfMSHP7.js:70:11)
      at getFallbackFromErrorAndNotify (node_modules/use-intl/dist/development/createFormatter-QqAaZwGD.js:160:5)
      at translateBaseFn (node_modules/use-intl/dist/development/createFormatter-QqAaZwGD.js:184:14)
      at translateFn (node_modules/use-intl/dist/development/createFormatter-QqAaZwGD.js:258:20)
      at t (src/components/admin/ArchiveDialog.tsx:59:14)
      at renderWithHooks (node_modules/react-dom/cjs/react-dom.development.js:15486:18)
      at updateFunctionComponent (node_modules/react-dom/cjs/react-dom.development.js:19617:20)
      at beginWork (node_modules/react-dom/cjs/react-dom.development.js:21640:16)
      at beginWork$1 (node_modules/react-dom/cjs/react-dom.development.js:27465:14)
      at performUnitOfWork (node_modules/react-dom/cjs/react-dom.development.js:26599:12)
      at workLoopSync (node_modules/react-dom/cjs/react-dom.development.js:26505:5)
      at renderRootSync (node_modules/react-dom/cjs/react-dom.development.js:26473:7)
      at performSyncWorkOnRoot (node_modules/react-dom/cjs/react-dom.development.js:26124:20)
      at flushSyncCallbacks (node_modules/react-dom/cjs/react-dom.development.js:12042:22)
      at flushActQueue (node_modules/react/cjs/react.development.js:2667:24)
      at act (node_modules/react/cjs/react.development.js:2582:11)
      at node_modules/@testing-library/react/dist/act-compat.js:47:25
      at Object.eventWrapper (node_modules/@testing-library/react/dist/pure.js:107:28)
      at fireEvent (node_modules/@testing-library/dom/dist/events.js:12:35)
      at fireEvent.<computed> [as click] (node_modules/@testing-library/dom/dist/events.js:110:36)
      at fireEvent.<computed> [as click] (node_modules/@testing-library/react/dist/fire-event.js:15:52)
      at Object.click (src/app/[locale]/admin/exam-regulations/[id]/__tests__/page.test.tsx:534:15)

    console.error
      IntlError: MISSING_MESSAGE: Could not resolve `admin.archiveDialog.reasonLabel` in messages for locale `de`.
          at getFallbackFromErrorAndNotify (/Users/yusefbach/Projekte/studynexus/frontend/node_modules/use-intl/dist/development/createFormatter-QqAaZwGD.js:159:19)
          at translateBaseFn (/Users/yusefbach/Projekte/studynexus/frontend/node_modules/use-intl/dist/development/createFormatter-QqAaZwGD.js:184:14)
          at translateFn (/Users/yusefbach/Projekte/studynexus/frontend/node_modules/use-intl/dist/development/createFormatter-QqAaZwGD.js:258:20)
          at t (/Users/yusefbach/Projekte/studynexus/frontend/src/components/admin/ArchiveDialog.tsx:70:16)
          at renderWithHooks (/Users/yusefbach/Projekte/studynexus/frontend/node_modules/react-dom/cjs/react-dom.development.js:15486:18)
          at updateFunctionComponent (/Users/yusefbach/Projekte/studynexus/frontend/node_modules/react-dom/cjs/react-dom.development.js:19617:20)
          at beginWork (/Users/yusefbach/Projekte/studynexus/frontend/node_modules/react-dom/cjs/react-dom.development.js:21640:16)
          at beginWork$1 (/Users/yusefbach/Projekte/studynexus/frontend/node_modules/react-dom/cjs/react-dom.development.js:27465:14)
          at performUnitOfWork (/Users/yusefbach/Projekte/studynexus/frontend/node_modules/react-dom/cjs/react-dom.development.js:26599:12)
          at workLoopSync (/Users/yusefbach/Projekte/studynexus/frontend/node_modules/react-dom/cjs/react-dom.development.js:26505:5)
          at renderRootSync (/Users/yusefbach/Projekte/studynexus/frontend/node_modules/react-dom/cjs/react-dom.development.js:26473:7)
          at performSyncWorkOnRoot (/Users/yusefbach/Projekte/studynexus/frontend/node_modules/react-dom/cjs/react-dom.development.js:26124:20)
          at flushSyncCallbacks (/Users/yusefbach/Projekte/studynexus/frontend/node_modules/react-dom/cjs/react-dom.development.js:12042:22)
          at flushActQueue (/Users/yusefbach/Projekte/studynexus/frontend/node_modules/react/cjs/react.development.js:2667:24)
          at act (/Users/yusefbach/Projekte/studynexus/frontend/node_modules/react/cjs/react.development.js:2582:11)
          at /Users/yusefbach/Projekte/studynexus/frontend/node_modules/@testing-library/react/dist/act-compat.js:47:25
          at Object.eventWrapper (/Users/yusefbach/Projekte/studynexus/frontend/node_modules/@testing-library/react/dist/pure.js:107:28)
          at fireEvent (/Users/yusefbach/Projekte/studynexus/frontend/node_modules/@testing-library/dom/dist/events.js:12:35)
          at fireEvent.<computed> [as click] (/Users/yusefbach/Projekte/studynexus/frontend/node_modules/@testing-library/dom/dist/events.js:110:36)
          at fireEvent.<computed> [as click] (/Users/yusefbach/Projekte/studynexus/frontend/node_modules/@testing-library/react/dist/fire-event.js:15:52)
          at Object.click (/Users/yusefbach/Projekte/studynexus/frontend/src/app/[locale]/admin/exam-regulations/[id]/__tests__/page.test.tsx:534:15)
          at Promise.then.completed (/Users/yusefbach/Projekte/studynexus/frontend/node_modules/jest-circus/build/utils.js:298:28)
          at new Promise (<anonymous>)
          at callAsyncCircusFn (/Users/yusefbach/Projekte/studynexus/frontend/node_modules/jest-circus/build/utils.js:231:10)
          at _callCircusTest (/Users/yusefbach/Projekte/studynexus/frontend/node_modules/jest-circus/build/run.js:316:40)
          at runNextTicks (node:internal/process/task_queues:65:5)
          at listOnTimeout (node:internal/timers:567:9)
          at processTimers (node:internal/timers:541:7)
          at _runTest (/Users/yusefbach/Projekte/studynexus/frontend/node_modules/jest-circus/build/run.js:252:3)
          at _runTestsForDescribeBlock (/Users/yusefbach/Projekte/studynexus/frontend/node_modules/jest-circus/build/run.js:126:9)
          at _runTestsForDescribeBlock (/Users/yusefbach/Projekte/studynexus/frontend/node_modules/jest-circus/build/run.js:121:9)
          at run (/Users/yusefbach/Projekte/studynexus/frontend/node_modules/jest-circus/build/run.js:71:3)
          at runAndTransformResultsToJestFormat (/Users/yusefbach/Projekte/studynexus/frontend/node_modules/jest-circus/build/legacy-code-todo-rewrite/jestAdapterInit.js:122:21)
          at jestAdapter (/Users/yusefbach/Projekte/studynexus/frontend/node_modules/jest-circus/build/legacy-code-todo-rewrite/jestAdapter.js:79:19)
          at runTestInternal (/Users/yusefbach/Projekte/studynexus/frontend/node_modules/jest-runner/build/runTest.js:367:16)
          at runTest (/Users/yusefbach/Projekte/studynexus/frontend/node_modules/jest-runner/build/runTest.js:444:34)
          at Object.worker (/Users/yusefbach/Projekte/studynexus/frontend/node_modules/jest-runner/build/testWorker.js:106:12) {
        code: 'MISSING_MESSAGE',
        originalMessage: 'Could not resolve `admin.archiveDialog.reasonLabel` in messages for locale `de`.'
      }

      68 |           <div className="space-y-1.5">
      69 |             <label className="text-sm font-medium" htmlFor="archive-reason">
    > 70 |               {t("reasonLabel")}
         |                ^
      71 |             </label>
      72 |             <textarea
      73 |               id="archive-reason"

      at defaultOnError (node_modules/use-intl/dist/development/initializeConfig-BhfMSHP7.js:70:11)
      at getFallbackFromErrorAndNotify (node_modules/use-intl/dist/development/createFormatter-QqAaZwGD.js:160:5)
      at translateBaseFn (node_modules/use-intl/dist/development/createFormatter-QqAaZwGD.js:184:14)
      at translateFn (node_modules/use-intl/dist/development/createFormatter-QqAaZwGD.js:258:20)
      at t (src/components/admin/ArchiveDialog.tsx:70:16)
      at renderWithHooks (node_modules/react-dom/cjs/react-dom.development.js:15486:18)
      at updateFunctionComponent (node_modules/react-dom/cjs/react-dom.development.js:19617:20)
      at beginWork (node_modules/react-dom/cjs/react-dom.development.js:21640:16)
      at beginWork$1 (node_modules/react-dom/cjs/react-dom.development.js:27465:14)
      at performUnitOfWork (node_modules/react-dom/cjs/react-dom.development.js:26599:12)
      at workLoopSync (node_modules/react-dom/cjs/react-dom.development.js:26505:5)
      at renderRootSync (node_modules/react-dom/cjs/react-dom.development.js:26473:7)
      at performSyncWorkOnRoot (node_modules/react-dom/cjs/react-dom.development.js:26124:20)
      at flushSyncCallbacks (node_modules/react-dom/cjs/react-dom.development.js:12042:22)
      at flushActQueue (node_modules/react/cjs/react.development.js:2667:24)
      at act (node_modules/react/cjs/react.development.js:2582:11)
      at node_modules/@testing-library/react/dist/act-compat.js:47:25
      at Object.eventWrapper (node_modules/@testing-library/react/dist/pure.js:107:28)
      at fireEvent (node_modules/@testing-library/dom/dist/events.js:12:35)
      at fireEvent.<computed> [as click] (node_modules/@testing-library/dom/dist/events.js:110:36)
      at fireEvent.<computed> [as click] (node_modules/@testing-library/react/dist/fire-event.js:15:52)
      at Object.click (src/app/[locale]/admin/exam-regulations/[id]/__tests__/page.test.tsx:534:15)

PASS src/app/[locale]/admin/universities/[id]/__tests__/page.test.tsx
PASS src/app/[locale]/admin/programs/[id]/__tests__/page.test.tsx
  ● Console

    console.error
      IntlError: FORMATTING_ERROR: The intl string context variable "count" was not provided to the string "{count} Students"
          at getFallbackFromErrorAndNotify (/Users/yusefbach/Projekte/studynexus/frontend/node_modules/use-intl/dist/development/createFormatter-QqAaZwGD.js:159:19)
          at translateBaseFn (/Users/yusefbach/Projekte/studynexus/frontend/node_modules/use-intl/dist/development/createFormatter-QqAaZwGD.js:251:14)
          at translateFn (/Users/yusefbach/Projekte/studynexus/frontend/node_modules/use-intl/dist/development/createFormatter-QqAaZwGD.js:258:20)
          at t (/Users/yusefbach/Projekte/studynexus/frontend/src/app/[locale]/admin/programs/[id]/page.tsx:177:27)
          at renderWithHooks (/Users/yusefbach/Projekte/studynexus/frontend/node_modules/react-dom/cjs/react-dom.development.js:15486:18)
          at mountIndeterminateComponent (/Users/yusefbach/Projekte/studynexus/frontend/node_modules/react-dom/cjs/react-dom.development.js:20103:13)
          at beginWork (/Users/yusefbach/Projekte/studynexus/frontend/node_modules/react-dom/cjs/react-dom.development.js:21626:16)
          at beginWork$1 (/Users/yusefbach/Projekte/studynexus/frontend/node_modules/react-dom/cjs/react-dom.development.js:27465:14)
          at performUnitOfWork (/Users/yusefbach/Projekte/studynexus/frontend/node_modules/react-dom/cjs/react-dom.development.js:26599:12)
          at workLoopSync (/Users/yusefbach/Projekte/studynexus/frontend/node_modules/react-dom/cjs/react-dom.development.js:26505:5)
          at renderRootSync (/Users/yusefbach/Projekte/studynexus/frontend/node_modules/react-dom/cjs/react-dom.development.js:26473:7)
          at performConcurrentWorkOnRoot (/Users/yusefbach/Projekte/studynexus/frontend/node_modules/react-dom/cjs/react-dom.development.js:25777:74)
          at flushActQueue (/Users/yusefbach/Projekte/studynexus/frontend/node_modules/react/cjs/react.development.js:2667:24)
          at act (/Users/yusefbach/Projekte/studynexus/frontend/node_modules/react/cjs/react.development.js:2582:11)
          at /Users/yusefbach/Projekte/studynexus/frontend/node_modules/@testing-library/react/dist/act-compat.js:47:25
          at renderRoot (/Users/yusefbach/Projekte/studynexus/frontend/node_modules/@testing-library/react/dist/pure.js:180:26)
          at render (/Users/yusefbach/Projekte/studynexus/frontend/node_modules/@testing-library/react/dist/pure.js:271:10)
          at renderPage (/Users/yusefbach/Projekte/studynexus/frontend/src/app/[locale]/admin/programs/[id]/__tests__/page.test.tsx:133:18)
          at Object.renderPage (/Users/yusefbach/Projekte/studynexus/frontend/src/app/[locale]/admin/programs/[id]/__tests__/page.test.tsx:159:5)
          at Promise.then.completed (/Users/yusefbach/Projekte/studynexus/frontend/node_modules/jest-circus/build/utils.js:298:28)
          at new Promise (<anonymous>)
          at callAsyncCircusFn (/Users/yusefbach/Projekte/studynexus/frontend/node_modules/jest-circus/build/utils.js:231:10)
          at _callCircusTest (/Users/yusefbach/Projekte/studynexus/frontend/node_modules/jest-circus/build/run.js:316:40)
          at processTicksAndRejections (node:internal/process/task_queues:104:5)
          at _runTest (/Users/yusefbach/Projekte/studynexus/frontend/node_modules/jest-circus/build/run.js:252:3)
          at _runTestsForDescribeBlock (/Users/yusefbach/Projekte/studynexus/frontend/node_modules/jest-circus/build/run.js:126:9)
          at _runTestsForDescribeBlock (/Users/yusefbach/Projekte/studynexus/frontend/node_modules/jest-circus/build/run.js:121:9)
          at run (/Users/yusefbach/Projekte/studynexus/frontend/node_modules/jest-circus/build/run.js:71:3)
          at runAndTransformResultsToJestFormat (/Users/yusefbach/Projekte/studynexus/frontend/node_modules/jest-circus/build/legacy-code-todo-rewrite/jestAdapterInit.js:122:21)
          at jestAdapter (/Users/yusefbach/Projekte/studynexus/frontend/node_modules/jest-circus/build/legacy-code-todo-rewrite/jestAdapter.js:79:19)
          at runTestInternal (/Users/yusefbach/Projekte/studynexus/frontend/node_modules/jest-runner/build/runTest.js:367:16)
          at runTest (/Users/yusefbach/Projekte/studynexus/frontend/node_modules/jest-runner/build/runTest.js:444:34)
          at Object.worker (/Users/yusefbach/Projekte/studynexus/frontend/node_modules/jest-runner/build/testWorker.js:106:12) {
        code: 'FORMATTING_ERROR',
        originalMessage: 'The intl string context variable "count" was not provided to the string "{count} Students"'
      }

      175 |           <InfoRow label={t("detail.regelstudienzeit")} value={`${prog.regelstudienzeit} ${t("detail.semesterSuffix")}`} />
      176 |           <InfoRow label={t("detail.gesamtEcts")} value={`${prog.gesamt_ects} ECTS`} />
    > 177 |           <InfoRow label={t("detail.students")} value={t("detail.students", { count: prog.student_count })} />
          |                           ^
      178 |         </dl>
      179 |       </SectionCard>
      180 |

      at defaultOnError (node_modules/use-intl/dist/development/initializeConfig-BhfMSHP7.js:70:11)
      at getFallbackFromErrorAndNotify (node_modules/use-intl/dist/development/createFormatter-QqAaZwGD.js:160:5)
      at translateBaseFn (node_modules/use-intl/dist/development/createFormatter-QqAaZwGD.js:251:14)
      at translateFn (node_modules/use-intl/dist/development/createFormatter-QqAaZwGD.js:258:20)
      at t (src/app/[locale]/admin/programs/[id]/page.tsx:177:27)
      at renderWithHooks (node_modules/react-dom/cjs/react-dom.development.js:15486:18)
      at mountIndeterminateComponent (node_modules/react-dom/cjs/react-dom.development.js:20103:13)
      at beginWork (node_modules/react-dom/cjs/react-dom.development.js:21626:16)
      at beginWork$1 (node_modules/react-dom/cjs/react-dom.development.js:27465:14)
      at performUnitOfWork (node_modules/react-dom/cjs/react-dom.development.js:26599:12)
      at workLoopSync (node_modules/react-dom/cjs/react-dom.development.js:26505:5)
      at renderRootSync (node_modules/react-dom/cjs/react-dom.development.js:26473:7)
      at performConcurrentWorkOnRoot (node_modules/react-dom/cjs/react-dom.development.js:25777:74)
      at flushActQueue (node_modules/react/cjs/react.development.js:2667:24)
      at act (node_modules/react/cjs/react.development.js:2582:11)
      at node_modules/@testing-library/react/dist/act-compat.js:47:25
      at renderRoot (node_modules/@testing-library/react/dist/pure.js:180:26)
      at render (node_modules/@testing-library/react/dist/pure.js:271:10)
      at renderPage (src/app/[locale]/admin/programs/[id]/__tests__/page.test.tsx:133:18)
      at Object.renderPage (src/app/[locale]/admin/programs/[id]/__tests__/page.test.tsx:159:5)

    console.error
      IntlError: FORMATTING_ERROR: The intl string context variable "count" was not provided to the string "{count} Students"
          at getFallbackFromErrorAndNotify (/Users/yusefbach/Projekte/studynexus/frontend/node_modules/use-intl/dist/development/createFormatter-QqAaZwGD.js:159:19)
          at translateBaseFn (/Users/yusefbach/Projekte/studynexus/frontend/node_modules/use-intl/dist/development/createFormatter-QqAaZwGD.js:251:14)
          at translateFn (/Users/yusefbach/Projekte/studynexus/frontend/node_modules/use-intl/dist/development/createFormatter-QqAaZwGD.js:258:20)
          at t (/Users/yusefbach/Projekte/studynexus/frontend/src/app/[locale]/admin/programs/[id]/page.tsx:177:27)
          at renderWithHooks (/Users/yusefbach/Projekte/studynexus/frontend/node_modules/react-dom/cjs/react-dom.development.js:15486:18)
          at mountIndeterminateComponent (/Users/yusefbach/Projekte/studynexus/frontend/node_modules/react-dom/cjs/react-dom.development.js:20103:13)
          at beginWork (/Users/yusefbach/Projekte/studynexus/frontend/node_modules/react-dom/cjs/react-dom.development.js:21626:16)
          at beginWork$1 (/Users/yusefbach/Projekte/studynexus/frontend/node_modules/react-dom/cjs/react-dom.development.js:27465:14)
          at performUnitOfWork (/Users/yusefbach/Projekte/studynexus/frontend/node_modules/react-dom/cjs/react-dom.development.js:26599:12)
          at workLoopSync (/Users/yusefbach/Projekte/studynexus/frontend/node_modules/react-dom/cjs/react-dom.development.js:26505:5)
          at renderRootSync (/Users/yusefbach/Projekte/studynexus/frontend/node_modules/react-dom/cjs/react-dom.development.js:26473:7)
          at performConcurrentWorkOnRoot (/Users/yusefbach/Projekte/studynexus/frontend/node_modules/react-dom/cjs/react-dom.development.js:25777:74)
          at flushActQueue (/Users/yusefbach/Projekte/studynexus/frontend/node_modules/react/cjs/react.development.js:2667:24)
          at act (/Users/yusefbach/Projekte/studynexus/frontend/node_modules/react/cjs/react.development.js:2582:11)
          at /Users/yusefbach/Projekte/studynexus/frontend/node_modules/@testing-library/react/dist/act-compat.js:47:25
          at renderRoot (/Users/yusefbach/Projekte/studynexus/frontend/node_modules/@testing-library/react/dist/pure.js:180:26)
          at render (/Users/yusefbach/Projekte/studynexus/frontend/node_modules/@testing-library/react/dist/pure.js:271:10)
          at renderPage (/Users/yusefbach/Projekte/studynexus/frontend/src/app/[locale]/admin/programs/[id]/__tests__/page.test.tsx:133:18)
          at Object.renderPage (/Users/yusefbach/Projekte/studynexus/frontend/src/app/[locale]/admin/programs/[id]/__tests__/page.test.tsx:169:5)
          at Promise.then.completed (/Users/yusefbach/Projekte/studynexus/frontend/node_modules/jest-circus/build/utils.js:298:28)
          at new Promise (<anonymous>)
          at callAsyncCircusFn (/Users/yusefbach/Projekte/studynexus/frontend/node_modules/jest-circus/build/utils.js:231:10)
          at _callCircusTest (/Users/yusefbach/Projekte/studynexus/frontend/node_modules/jest-circus/build/run.js:316:40)
          at processTicksAndRejections (node:internal/process/task_queues:104:5)
          at _runTest (/Users/yusefbach/Projekte/studynexus/frontend/node_modules/jest-circus/build/run.js:252:3)
          at _runTestsForDescribeBlock (/Users/yusefbach/Projekte/studynexus/frontend/node_modules/jest-circus/build/run.js:126:9)
          at _runTestsForDescribeBlock (/Users/yusefbach/Projekte/studynexus/frontend/node_modules/jest-circus/build/run.js:121:9)
          at run (/Users/yusefbach/Projekte/studynexus/frontend/node_modules/jest-circus/build/run.js:71:3)
          at runAndTransformResultsToJestFormat (/Users/yusefbach/Projekte/studynexus/frontend/node_modules/jest-circus/build/legacy-code-todo-rewrite/jestAdapterInit.js:122:21)
          at jestAdapter (/Users/yusefbach/Projekte/studynexus/frontend/node_modules/jest-circus/build/legacy-code-todo-rewrite/jestAdapter.js:79:19)
          at runTestInternal (/Users/yusefbach/Projekte/studynexus/frontend/node_modules/jest-runner/build/runTest.js:367:16)
          at runTest (/Users/yusefbach/Projekte/studynexus/frontend/node_modules/jest-runner/build/runTest.js:444:34)
          at Object.worker (/Users/yusefbach/Projekte/studynexus/frontend/node_modules/jest-runner/build/testWorker.js:106:12) {
        code: 'FORMATTING_ERROR',
        originalMessage: 'The intl string context variable "count" was not provided to the string "{count} Students"'
      }

      175 |           <InfoRow label={t("detail.regelstudienzeit")} value={`${prog.regelstudienzeit} ${t("detail.semesterSuffix")}`} />
      176 |           <InfoRow label={t("detail.gesamtEcts")} value={`${prog.gesamt_ects} ECTS`} />
    > 177 |           <InfoRow label={t("detail.students")} value={t("detail.students", { count: prog.student_count })} />
          |                           ^
      178 |         </dl>
      179 |       </SectionCard>
      180 |

      at defaultOnError (node_modules/use-intl/dist/development/initializeConfig-BhfMSHP7.js:70:11)
      at getFallbackFromErrorAndNotify (node_modules/use-intl/dist/development/createFormatter-QqAaZwGD.js:160:5)
      at translateBaseFn (node_modules/use-intl/dist/development/createFormatter-QqAaZwGD.js:251:14)
      at translateFn (node_modules/use-intl/dist/development/createFormatter-QqAaZwGD.js:258:20)
      at t (src/app/[locale]/admin/programs/[id]/page.tsx:177:27)
      at renderWithHooks (node_modules/react-dom/cjs/react-dom.development.js:15486:18)
      at mountIndeterminateComponent (node_modules/react-dom/cjs/react-dom.development.js:20103:13)
      at beginWork (node_modules/react-dom/cjs/react-dom.development.js:21626:16)
      at beginWork$1 (node_modules/react-dom/cjs/react-dom.development.js:27465:14)
      at performUnitOfWork (node_modules/react-dom/cjs/react-dom.development.js:26599:12)
      at workLoopSync (node_modules/react-dom/cjs/react-dom.development.js:26505:5)
      at renderRootSync (node_modules/react-dom/cjs/react-dom.development.js:26473:7)
      at performConcurrentWorkOnRoot (node_modules/react-dom/cjs/react-dom.development.js:25777:74)
      at flushActQueue (node_modules/react/cjs/react.development.js:2667:24)
      at act (node_modules/react/cjs/react.development.js:2582:11)
      at node_modules/@testing-library/react/dist/act-compat.js:47:25
      at renderRoot (node_modules/@testing-library/react/dist/pure.js:180:26)
      at render (node_modules/@testing-library/react/dist/pure.js:271:10)
      at renderPage (src/app/[locale]/admin/programs/[id]/__tests__/page.test.tsx:133:18)
      at Object.renderPage (src/app/[locale]/admin/programs/[id]/__tests__/page.test.tsx:169:5)

    console.error
      IntlError: FORMATTING_ERROR: The intl string context variable "count" was not provided to the string "{count} Students"
          at getFallbackFromErrorAndNotify (/Users/yusefbach/Projekte/studynexus/frontend/node_modules/use-intl/dist/development/createFormatter-QqAaZwGD.js:159:19)
          at translateBaseFn (/Users/yusefbach/Projekte/studynexus/frontend/node_modules/use-intl/dist/development/createFormatter-QqAaZwGD.js:251:14)
          at translateFn (/Users/yusefbach/Projekte/studynexus/frontend/node_modules/use-intl/dist/development/createFormatter-QqAaZwGD.js:258:20)
          at t (/Users/yusefbach/Projekte/studynexus/frontend/src/app/[locale]/admin/programs/[id]/page.tsx:177:27)
          at renderWithHooks (/Users/yusefbach/Projekte/studynexus/frontend/node_modules/react-dom/cjs/react-dom.development.js:15486:18)
          at updateFunctionComponent (/Users/yusefbach/Projekte/studynexus/frontend/node_modules/react-dom/cjs/react-dom.development.js:19617:20)
          at beginWork (/Users/yusefbach/Projekte/studynexus/frontend/node_modules/react-dom/cjs/react-dom.development.js:21640:16)
          at beginWork$1 (/Users/yusefbach/Projekte/studynexus/frontend/node_modules/react-dom/cjs/react-dom.development.js:27465:14)
          at performUnitOfWork (/Users/yusefbach/Projekte/studynexus/frontend/node_modules/react-dom/cjs/react-dom.development.js:26599:12)
          at workLoopSync (/Users/yusefbach/Projekte/studynexus/frontend/node_modules/react-dom/cjs/react-dom.development.js:26505:5)
          at renderRootSync (/Users/yusefbach/Projekte/studynexus/frontend/node_modules/react-dom/cjs/react-dom.development.js:26473:7)
          at performSyncWorkOnRoot (/Users/yusefbach/Projekte/studynexus/frontend/node_modules/react-dom/cjs/react-dom.development.js:26124:20)
          at flushSyncCallbacks (/Users/yusefbach/Projekte/studynexus/frontend/node_modules/react-dom/cjs/react-dom.development.js:12042:22)
          at flushActQueue (/Users/yusefbach/Projekte/studynexus/frontend/node_modules/react/cjs/react.development.js:2667:24)
          at act (/Users/yusefbach/Projekte/studynexus/frontend/node_modules/react/cjs/react.development.js:2582:11)
          at /Users/yusefbach/Projekte/studynexus/frontend/node_modules/@testing-library/react/dist/act-compat.js:47:25
          at Object.eventWrapper (/Users/yusefbach/Projekte/studynexus/frontend/node_modules/@testing-library/react/dist/pure.js:107:28)
          at fireEvent (/Users/yusefbach/Projekte/studynexus/frontend/node_modules/@testing-library/dom/dist/events.js:12:35)
          at fireEvent.<computed> [as click] (/Users/yusefbach/Projekte/studynexus/frontend/node_modules/@testing-library/dom/dist/events.js:110:36)
          at fireEvent.<computed> [as click] (/Users/yusefbach/Projekte/studynexus/frontend/node_modules/@testing-library/react/dist/fire-event.js:15:52)
          at Object.click (/Users/yusefbach/Projekte/studynexus/frontend/src/app/[locale]/admin/programs/[id]/__tests__/page.test.tsx:172:15)
          at Promise.then.completed (/Users/yusefbach/Projekte/studynexus/frontend/node_modules/jest-circus/build/utils.js:298:28)
          at new Promise (<anonymous>)
          at callAsyncCircusFn (/Users/yusefbach/Projekte/studynexus/frontend/node_modules/jest-circus/build/utils.js:231:10)
          at _callCircusTest (/Users/yusefbach/Projekte/studynexus/frontend/node_modules/jest-circus/build/run.js:316:40)
          at processTicksAndRejections (node:internal/process/task_queues:104:5)
          at _runTest (/Users/yusefbach/Projekte/studynexus/frontend/node_modules/jest-circus/build/run.js:252:3)
          at _runTestsForDescribeBlock (/Users/yusefbach/Projekte/studynexus/frontend/node_modules/jest-circus/build/run.js:126:9)
          at _runTestsForDescribeBlock (/Users/yusefbach/Projekte/studynexus/frontend/node_modules/jest-circus/build/run.js:121:9)
          at run (/Users/yusefbach/Projekte/studynexus/frontend/node_modules/jest-circus/build/run.js:71:3)
          at runAndTransformResultsToJestFormat (/Users/yusefbach/Projekte/studynexus/frontend/node_modules/jest-circus/build/legacy-code-todo-rewrite/jestAdapterInit.js:122:21)
          at jestAdapter (/Users/yusefbach/Projekte/studynexus/frontend/node_modules/jest-circus/build/legacy-code-todo-rewrite/jestAdapter.js:79:19)
          at runTestInternal (/Users/yusefbach/Projekte/studynexus/frontend/node_modules/jest-runner/build/runTest.js:367:16)
          at runTest (/Users/yusefbach/Projekte/studynexus/frontend/node_modules/jest-runner/build/runTest.js:444:34)
          at Object.worker (/Users/yusefbach/Projekte/studynexus/frontend/node_modules/jest-runner/build/testWorker.js:106:12) {
        code: 'FORMATTING_ERROR',
        originalMessage: 'The intl string context variable "count" was not provided to the string "{count} Students"'
      }

      175 |           <InfoRow label={t("detail.regelstudienzeit")} value={`${prog.regelstudienzeit} ${t("detail.semesterSuffix")}`} />
      176 |           <InfoRow label={t("detail.gesamtEcts")} value={`${prog.gesamt_ects} ECTS`} />
    > 177 |           <InfoRow label={t("detail.students")} value={t("detail.students", { count: prog.student_count })} />
          |                           ^
      178 |         </dl>
      179 |       </SectionCard>
      180 |

      at defaultOnError (node_modules/use-intl/dist/development/initializeConfig-BhfMSHP7.js:70:11)
      at getFallbackFromErrorAndNotify (node_modules/use-intl/dist/development/createFormatter-QqAaZwGD.js:160:5)
      at translateBaseFn (node_modules/use-intl/dist/development/createFormatter-QqAaZwGD.js:251:14)
      at translateFn (node_modules/use-intl/dist/development/createFormatter-QqAaZwGD.js:258:20)
      at t (src/app/[locale]/admin/programs/[id]/page.tsx:177:27)
      at renderWithHooks (node_modules/react-dom/cjs/react-dom.development.js:15486:18)
      at updateFunctionComponent (node_modules/react-dom/cjs/react-dom.development.js:19617:20)
      at beginWork (node_modules/react-dom/cjs/react-dom.development.js:21640:16)
      at beginWork$1 (node_modules/react-dom/cjs/react-dom.development.js:27465:14)
      at performUnitOfWork (node_modules/react-dom/cjs/react-dom.development.js:26599:12)
      at workLoopSync (node_modules/react-dom/cjs/react-dom.development.js:26505:5)
      at renderRootSync (node_modules/react-dom/cjs/react-dom.development.js:26473:7)
      at performSyncWorkOnRoot (node_modules/react-dom/cjs/react-dom.development.js:26124:20)
      at flushSyncCallbacks (node_modules/react-dom/cjs/react-dom.development.js:12042:22)
      at flushActQueue (node_modules/react/cjs/react.development.js:2667:24)
      at act (node_modules/react/cjs/react.development.js:2582:11)
      at node_modules/@testing-library/react/dist/act-compat.js:47:25
      at Object.eventWrapper (node_modules/@testing-library/react/dist/pure.js:107:28)
      at fireEvent (node_modules/@testing-library/dom/dist/events.js:12:35)
      at fireEvent.<computed> [as click] (node_modules/@testing-library/dom/dist/events.js:110:36)
      at fireEvent.<computed> [as click] (node_modules/@testing-library/react/dist/fire-event.js:15:52)
      at Object.click (src/app/[locale]/admin/programs/[id]/__tests__/page.test.tsx:172:15)

    console.error
      IntlError: FORMATTING_ERROR: The intl string context variable "count" was not provided to the string "{count} Students"
          at getFallbackFromErrorAndNotify (/Users/yusefbach/Projekte/studynexus/frontend/node_modules/use-intl/dist/development/createFormatter-QqAaZwGD.js:159:19)
          at translateBaseFn (/Users/yusefbach/Projekte/studynexus/frontend/node_modules/use-intl/dist/development/createFormatter-QqAaZwGD.js:251:14)
          at translateFn (/Users/yusefbach/Projekte/studynexus/frontend/node_modules/use-intl/dist/development/createFormatter-QqAaZwGD.js:258:20)
          at t (/Users/yusefbach/Projekte/studynexus/frontend/src/app/[locale]/admin/programs/[id]/page.tsx:177:27)
          at renderWithHooks (/Users/yusefbach/Projekte/studynexus/frontend/node_modules/react-dom/cjs/react-dom.development.js:15486:18)
          at updateFunctionComponent (/Users/yusefbach/Projekte/studynexus/frontend/node_modules/react-dom/cjs/react-dom.development.js:19617:20)
          at beginWork (/Users/yusefbach/Projekte/studynexus/frontend/node_modules/react-dom/cjs/react-dom.development.js:21640:16)
          at beginWork$1 (/Users/yusefbach/Projekte/studynexus/frontend/node_modules/react-dom/cjs/react-dom.development.js:27465:14)
          at performUnitOfWork (/Users/yusefbach/Projekte/studynexus/frontend/node_modules/react-dom/cjs/react-dom.development.js:26599:12)
          at workLoopSync (/Users/yusefbach/Projekte/studynexus/frontend/node_modules/react-dom/cjs/react-dom.development.js:26505:5)
          at renderRootSync (/Users/yusefbach/Projekte/studynexus/frontend/node_modules/react-dom/cjs/react-dom.development.js:26473:7)
          at performSyncWorkOnRoot (/Users/yusefbach/Projekte/studynexus/frontend/node_modules/react-dom/cjs/react-dom.development.js:26124:20)
          at flushSyncCallbacks (/Users/yusefbach/Projekte/studynexus/frontend/node_modules/react-dom/cjs/react-dom.development.js:12042:22)
          at flushSync (/Users/yusefbach/Projekte/studynexus/frontend/node_modules/react-dom/cjs/react-dom.development.js:26240:7)
          at finishEventHandler (/Users/yusefbach/Projekte/studynexus/frontend/node_modules/react-dom/cjs/react-dom.development.js:3976:5)
          at batchedUpdates (/Users/yusefbach/Projekte/studynexus/frontend/node_modules/react-dom/cjs/react-dom.development.js:3994:5)
          at dispatchEventForPluginEventSystem (/Users/yusefbach/Projekte/studynexus/frontend/node_modules/react-dom/cjs/react-dom.development.js:9287:3)
          at dispatchEventWithEnableCapturePhaseSelectiveHydrationWithoutDiscreteEventReplay (/Users/yusefbach/Projekte/studynexus/frontend/node_modules/react-dom/cjs/react-dom.development.js:6465:5)
          at dispatchEvent (/Users/yusefbach/Projekte/studynexus/frontend/node_modules/react-dom/cjs/react-dom.development.js:6457:5)
          at dispatchDiscreteEvent (/Users/yusefbach/Projekte/studynexus/frontend/node_modules/react-dom/cjs/react-dom.development.js:6430:5)
          at HTMLDivElement.callTheUserObjectsOperation (/Users/yusefbach/Projekte/studynexus/frontend/node_modules/jsdom/lib/jsdom/living/generated/EventListener.js:26:30)
          at innerInvokeEventListeners (/Users/yusefbach/Projekte/studynexus/frontend/node_modules/jsdom/lib/jsdom/living/events/EventTarget-impl.js:350:25)
          at invokeEventListeners (/Users/yusefbach/Projekte/studynexus/frontend/node_modules/jsdom/lib/jsdom/living/events/EventTarget-impl.js:286:3)
          at HTMLInputElementImpl._dispatch (/Users/yusefbach/Projekte/studynexus/frontend/node_modules/jsdom/lib/jsdom/living/events/EventTarget-impl.js:233:9)
          at HTMLInputElementImpl.dispatchEvent (/Users/yusefbach/Projekte/studynexus/frontend/node_modules/jsdom/lib/jsdom/living/events/EventTarget-impl.js:104:17)
          at HTMLInputElement.dispatchEvent (/Users/yusefbach/Projekte/studynexus/frontend/node_modules/jsdom/lib/jsdom/living/generated/EventTarget.js:241:34)
          at /Users/yusefbach/Projekte/studynexus/frontend/node_modules/@testing-library/user-event/dist/cjs/event/dispatchEvent.js:45:43
          at /Users/yusefbach/Projekte/studynexus/frontend/node_modules/@testing-library/react/dist/pure.js:108:16
          at /Users/yusefbach/Projekte/studynexus/frontend/node_modules/@testing-library/react/dist/act-compat.js:48:24
          at act (/Users/yusefbach/Projekte/studynexus/frontend/node_modules/react/cjs/react.development.js:2512:16)
          at /Users/yusefbach/Projekte/studynexus/frontend/node_modules/@testing-library/react/dist/act-compat.js:47:25
          at Object.eventWrapper (/Users/yusefbach/Projekte/studynexus/frontend/node_modules/@testing-library/react/dist/pure.js:107:28)
          at Object.wrapEvent (/Users/yusefbach/Projekte/studynexus/frontend/node_modules/@testing-library/user-event/dist/cjs/event/wrapEvent.js:6:28)
          at Object.dispatchEvent (/Users/yusefbach/Projekte/studynexus/frontend/node_modules/@testing-library/user-event/dist/cjs/event/dispatchEvent.js:45:22)
          at Object.dispatchUIEvent (/Users/yusefbach/Projekte/studynexus/frontend/node_modules/@testing-library/user-event/dist/cjs/event/dispatchEvent.js:22:26)
          at commitInput (/Users/yusefbach/Projekte/studynexus/frontend/node_modules/@testing-library/user-event/dist/cjs/event/input.js:145:14)
          at editInputElement (/Users/yusefbach/Projekte/studynexus/frontend/node_modules/@testing-library/user-event/dist/cjs/event/input.js:115:9)
          at Object.input (/Users/yusefbach/Projekte/studynexus/frontend/node_modules/@testing-library/user-event/dist/cjs/event/input.js:37:9)
          at /Users/yusefbach/Projekte/studynexus/frontend/node_modules/@testing-library/user-event/dist/cjs/event/behavior/keypress.js:31:26
          at Object.dispatchEvent (/Users/yusefbach/Projekte/studynexus/frontend/node_modules/@testing-library/user-event/dist/cjs/event/dispatchEvent.js:41:13)
          at Object.dispatchUIEvent (/Users/yusefbach/Projekte/studynexus/frontend/node_modules/@testing-library/user-event/dist/cjs/event/dispatchEvent.js:22:26)
          at KeyboardHost.keydown (/Users/yusefbach/Projekte/studynexus/frontend/node_modules/@testing-library/user-event/dist/cjs/system/keyboard.js:76:22)
          at keyboardAction (/Users/yusefbach/Projekte/studynexus/frontend/node_modules/@testing-library/user-event/dist/cjs/keyboard/index.js:22:35)
          at Object.keyboard (/Users/yusefbach/Projekte/studynexus/frontend/node_modules/@testing-library/user-event/dist/cjs/keyboard/index.js:11:15)
          at Object.type (/Users/yusefbach/Projekte/studynexus/frontend/node_modules/@testing-library/user-event/dist/cjs/utility/type.js:17:5)
          at Object.asyncWrapper (/Users/yusefbach/Projekte/studynexus/frontend/node_modules/@testing-library/react/dist/pure.js:88:22)
          at Object.<anonymous> (/Users/yusefbach/Projekte/studynexus/frontend/src/app/[locale]/admin/programs/[id]/__tests__/page.test.tsx:178:5) {
        code: 'FORMATTING_ERROR',
        originalMessage: 'The intl string context variable "count" was not provided to the string "{count} Students"'
      }

      175 |           <InfoRow label={t("detail.regelstudienzeit")} value={`${prog.regelstudienzeit} ${t("detail.semesterSuffix")}`} />
      176 |           <InfoRow label={t("detail.gesamtEcts")} value={`${prog.gesamt_ects} ECTS`} />
    > 177 |           <InfoRow label={t("detail.students")} value={t("detail.students", { count: prog.student_count })} />
          |                           ^
      178 |         </dl>
      179 |       </SectionCard>
      180 |

      at defaultOnError (node_modules/use-intl/dist/development/initializeConfig-BhfMSHP7.js:70:11)
      at getFallbackFromErrorAndNotify (node_modules/use-intl/dist/development/createFormatter-QqAaZwGD.js:160:5)
      at translateBaseFn (node_modules/use-intl/dist/development/createFormatter-QqAaZwGD.js:251:14)
      at translateFn (node_modules/use-intl/dist/development/createFormatter-QqAaZwGD.js:258:20)
      at t (src/app/[locale]/admin/programs/[id]/page.tsx:177:27)
      at renderWithHooks (node_modules/react-dom/cjs/react-dom.development.js:15486:18)
      at updateFunctionComponent (node_modules/react-dom/cjs/react-dom.development.js:19617:20)
      at beginWork (node_modules/react-dom/cjs/react-dom.development.js:21640:16)
      at beginWork$1 (node_modules/react-dom/cjs/react-dom.development.js:27465:14)
      at performUnitOfWork (node_modules/react-dom/cjs/react-dom.development.js:26599:12)
      at workLoopSync (node_modules/react-dom/cjs/react-dom.development.js:26505:5)
      at renderRootSync (node_modules/react-dom/cjs/react-dom.development.js:26473:7)
      at performSyncWorkOnRoot (node_modules/react-dom/cjs/react-dom.development.js:26124:20)
      at flushSyncCallbacks (node_modules/react-dom/cjs/react-dom.development.js:12042:22)
      at flushSync (node_modules/react-dom/cjs/react-dom.development.js:26240:7)
      at finishEventHandler (node_modules/react-dom/cjs/react-dom.development.js:3976:5)
      at batchedUpdates (node_modules/react-dom/cjs/react-dom.development.js:3994:5)
      at dispatchEventForPluginEventSystem (node_modules/react-dom/cjs/react-dom.development.js:9287:3)
      at dispatchEventWithEnableCapturePhaseSelectiveHydrationWithoutDiscreteEventReplay (node_modules/react-dom/cjs/react-dom.development.js:6465:5)
      at dispatchEvent (node_modules/react-dom/cjs/react-dom.development.js:6457:5)
      at dispatchDiscreteEvent (node_modules/react-dom/cjs/react-dom.development.js:6430:5)
      at HTMLDivElement.callTheUserObjectsOperation (node_modules/jsdom/lib/jsdom/living/generated/EventListener.js:26:30)
      at innerInvokeEventListeners (node_modules/jsdom/lib/jsdom/living/events/EventTarget-impl.js:350:25)
      at invokeEventListeners (node_modules/jsdom/lib/jsdom/living/events/EventTarget-impl.js:286:3)
      at HTMLInputElementImpl._dispatch (node_modules/jsdom/lib/jsdom/living/events/EventTarget-impl.js:233:9)
      at HTMLInputElementImpl.dispatchEvent (node_modules/jsdom/lib/jsdom/living/events/EventTarget-impl.js:104:17)
      at HTMLInputElement.dispatchEvent (node_modules/jsdom/lib/jsdom/living/generated/EventTarget.js:241:34)
      at node_modules/@testing-library/user-event/dist/cjs/event/dispatchEvent.js:45:43
      at node_modules/@testing-library/react/dist/pure.js:108:16
      at node_modules/@testing-library/react/dist/act-compat.js:48:24
      at act (node_modules/react/cjs/react.development.js:2512:16)
      at node_modules/@testing-library/react/dist/act-compat.js:47:25
      at Object.eventWrapper (node_modules/@testing-library/react/dist/pure.js:107:28)
      at Object.wrapEvent (node_modules/@testing-library/user-event/dist/cjs/event/wrapEvent.js:6:28)
      at Object.dispatchEvent (node_modules/@testing-library/user-event/dist/cjs/event/dispatchEvent.js:45:22)
      at Object.dispatchUIEvent (node_modules/@testing-library/user-event/dist/cjs/event/dispatchEvent.js:22:26)
      at commitInput (node_modules/@testing-library/user-event/dist/cjs/event/input.js:145:14)
      at editInputElement (node_modules/@testing-library/user-event/dist/cjs/event/input.js:115:9)
      at Object.input (node_modules/@testing-library/user-event/dist/cjs/event/input.js:37:9)
      at node_modules/@testing-library/user-event/dist/cjs/event/behavior/keypress.js:31:26
      at Object.dispatchEvent (node_modules/@testing-library/user-event/dist/cjs/event/dispatchEvent.js:41:13)
      at Object.dispatchUIEvent (node_modules/@testing-library/user-event/dist/cjs/event/dispatchEvent.js:22:26)
      at KeyboardHost.keydown (node_modules/@testing-library/user-event/dist/cjs/system/keyboard.js:76:22)
      at keyboardAction (node_modules/@testing-library/user-event/dist/cjs/keyboard/index.js:22:35)
      at Object.keyboard (node_modules/@testing-library/user-event/dist/cjs/keyboard/index.js:11:15)
      at Object.type (node_modules/@testing-library/user-event/dist/cjs/utility/type.js:17:5)
      at Object.asyncWrapper (node_modules/@testing-library/react/dist/pure.js:88:22)
      at Object.<anonymous> (src/app/[locale]/admin/programs/[id]/__tests__/page.test.tsx:178:5)

    console.error
      IntlError: FORMATTING_ERROR: The intl string context variable "count" was not provided to the string "{count} Students"
          at getFallbackFromErrorAndNotify (/Users/yusefbach/Projekte/studynexus/frontend/node_modules/use-intl/dist/development/createFormatter-QqAaZwGD.js:159:19)
          at translateBaseFn (/Users/yusefbach/Projekte/studynexus/frontend/node_modules/use-intl/dist/development/createFormatter-QqAaZwGD.js:251:14)
          at translateFn (/Users/yusefbach/Projekte/studynexus/frontend/node_modules/use-intl/dist/development/createFormatter-QqAaZwGD.js:258:20)
          at t (/Users/yusefbach/Projekte/studynexus/frontend/src/app/[locale]/admin/programs/[id]/page.tsx:177:27)
          at renderWithHooks (/Users/yusefbach/Projekte/studynexus/frontend/node_modules/react-dom/cjs/react-dom.development.js:15486:18)
          at updateFunctionComponent (/Users/yusefbach/Projekte/studynexus/frontend/node_modules/react-dom/cjs/react-dom.development.js:19617:20)
          at beginWork (/Users/yusefbach/Projekte/studynexus/frontend/node_modules/react-dom/cjs/react-dom.development.js:21640:16)
          at beginWork$1 (/Users/yusefbach/Projekte/studynexus/frontend/node_modules/react-dom/cjs/react-dom.development.js:27465:14)
          at performUnitOfWork (/Users/yusefbach/Projekte/studynexus/frontend/node_modules/react-dom/cjs/react-dom.development.js:26599:12)
          at workLoopSync (/Users/yusefbach/Projekte/studynexus/frontend/node_modules/react-dom/cjs/react-dom.development.js:26505:5)
          at renderRootSync (/Users/yusefbach/Projekte/studynexus/frontend/node_modules/react-dom/cjs/react-dom.development.js:26473:7)
          at performSyncWorkOnRoot (/Users/yusefbach/Projekte/studynexus/frontend/node_modules/react-dom/cjs/react-dom.development.js:26124:20)
          at flushSyncCallbacks (/Users/yusefbach/Projekte/studynexus/frontend/node_modules/react-dom/cjs/react-dom.development.js:12042:22)
          at flushSync (/Users/yusefbach/Projekte/studynexus/frontend/node_modules/react-dom/cjs/react-dom.development.js:26240:7)
          at finishEventHandler (/Users/yusefbach/Projekte/studynexus/frontend/node_modules/react-dom/cjs/react-dom.development.js:3976:5)
          at batchedUpdates (/Users/yusefbach/Projekte/studynexus/frontend/node_modules/react-dom/cjs/react-dom.development.js:3994:5)
          at dispatchEventForPluginEventSystem (/Users/yusefbach/Projekte/studynexus/frontend/node_modules/react-dom/cjs/react-dom.development.js:9287:3)
          at dispatchEventWithEnableCapturePhaseSelectiveHydrationWithoutDiscreteEventReplay (/Users/yusefbach/Projekte/studynexus/frontend/node_modules/react-dom/cjs/react-dom.development.js:6465:5)
          at dispatchEvent (/Users/yusefbach/Projekte/studynexus/frontend/node_modules/react-dom/cjs/react-dom.development.js:6457:5)
          at dispatchDiscreteEvent (/Users/yusefbach/Projekte/studynexus/frontend/node_modules/react-dom/cjs/react-dom.development.js:6430:5)
          at HTMLDivElement.callTheUserObjectsOperation (/Users/yusefbach/Projekte/studynexus/frontend/node_modules/jsdom/lib/jsdom/living/generated/EventListener.js:26:30)
          at innerInvokeEventListeners (/Users/yusefbach/Projekte/studynexus/frontend/node_modules/jsdom/lib/jsdom/living/events/EventTarget-impl.js:350:25)
          at invokeEventListeners (/Users/yusefbach/Projekte/studynexus/frontend/node_modules/jsdom/lib/jsdom/living/events/EventTarget-impl.js:286:3)
          at HTMLInputElementImpl._dispatch (/Users/yusefbach/Projekte/studynexus/frontend/node_modules/jsdom/lib/jsdom/living/events/EventTarget-impl.js:233:9)
          at HTMLInputElementImpl.dispatchEvent (/Users/yusefbach/Projekte/studynexus/frontend/node_modules/jsdom/lib/jsdom/living/events/EventTarget-impl.js:104:17)
          at HTMLInputElement.dispatchEvent (/Users/yusefbach/Projekte/studynexus/frontend/node_modules/jsdom/lib/jsdom/living/generated/EventTarget.js:241:34)
          at /Users/yusefbach/Projekte/studynexus/frontend/node_modules/@testing-library/user-event/dist/cjs/event/dispatchEvent.js:45:43
          at /Users/yusefbach/Projekte/studynexus/frontend/node_modules/@testing-library/react/dist/pure.js:108:16
          at /Users/yusefbach/Projekte/studynexus/frontend/node_modules/@testing-library/react/dist/act-compat.js:48:24
          at act (/Users/yusefbach/Projekte/studynexus/frontend/node_modules/react/cjs/react.development.js:2512:16)
          at /Users/yusefbach/Projekte/studynexus/frontend/node_modules/@testing-library/react/dist/act-compat.js:47:25
          at Object.eventWrapper (/Users/yusefbach/Projekte/studynexus/frontend/node_modules/@testing-library/react/dist/pure.js:107:28)
          at Object.wrapEvent (/Users/yusefbach/Projekte/studynexus/frontend/node_modules/@testing-library/user-event/dist/cjs/event/wrapEvent.js:6:28)
          at Object.dispatchEvent (/Users/yusefbach/Projekte/studynexus/frontend/node_modules/@testing-library/user-event/dist/cjs/event/dispatchEvent.js:45:22)
          at Object.dispatchUIEvent (/Users/yusefbach/Projekte/studynexus/frontend/node_modules/@testing-library/user-event/dist/cjs/event/dispatchEvent.js:22:26)
          at commitInput (/Users/yusefbach/Projekte/studynexus/frontend/node_modules/@testing-library/user-event/dist/cjs/event/input.js:145:14)
          at editInputElement (/Users/yusefbach/Projekte/studynexus/frontend/node_modules/@testing-library/user-event/dist/cjs/event/input.js:115:9)
          at Object.input (/Users/yusefbach/Projekte/studynexus/frontend/node_modules/@testing-library/user-event/dist/cjs/event/input.js:37:9)
          at /Users/yusefbach/Projekte/studynexus/frontend/node_modules/@testing-library/user-event/dist/cjs/event/behavior/keypress.js:31:26
          at Object.dispatchEvent (/Users/yusefbach/Projekte/studynexus/frontend/node_modules/@testing-library/user-event/dist/cjs/event/dispatchEvent.js:41:13)
          at Object.dispatchUIEvent (/Users/yusefbach/Projekte/studynexus/frontend/node_modules/@testing-library/user-event/dist/cjs/event/dispatchEvent.js:22:26)
          at KeyboardHost.keydown (/Users/yusefbach/Projekte/studynexus/frontend/node_modules/@testing-library/user-event/dist/cjs/system/keyboard.js:76:22)
          at keyboardAction (/Users/yusefbach/Projekte/studynexus/frontend/node_modules/@testing-library/user-event/dist/cjs/keyboard/index.js:22:35)
          at Object.keyboard (/Users/yusefbach/Projekte/studynexus/frontend/node_modules/@testing-library/user-event/dist/cjs/keyboard/index.js:11:15)
          at Object.type (/Users/yusefbach/Projekte/studynexus/frontend/node_modules/@testing-library/user-event/dist/cjs/utility/type.js:17:5)
          at Object.asyncWrapper (/Users/yusefbach/Projekte/studynexus/frontend/node_modules/@testing-library/react/dist/pure.js:88:22)
          at Object.<anonymous> (/Users/yusefbach/Projekte/studynexus/frontend/src/app/[locale]/admin/programs/[id]/__tests__/page.test.tsx:178:5) {
        code: 'FORMATTING_ERROR',
        originalMessage: 'The intl string context variable "count" was not provided to the string "{count} Students"'
      }

      175 |           <InfoRow label={t("detail.regelstudienzeit")} value={`${prog.regelstudienzeit} ${t("detail.semesterSuffix")}`} />
      176 |           <InfoRow label={t("detail.gesamtEcts")} value={`${prog.gesamt_ects} ECTS`} />
    > 177 |           <InfoRow label={t("detail.students")} value={t("detail.students", { count: prog.student_count })} />
          |                           ^
      178 |         </dl>
      179 |       </SectionCard>
      180 |

      at defaultOnError (node_modules/use-intl/dist/development/initializeConfig-BhfMSHP7.js:70:11)
      at getFallbackFromErrorAndNotify (node_modules/use-intl/dist/development/createFormatter-QqAaZwGD.js:160:5)
      at translateBaseFn (node_modules/use-intl/dist/development/createFormatter-QqAaZwGD.js:251:14)
      at translateFn (node_modules/use-intl/dist/development/createFormatter-QqAaZwGD.js:258:20)
      at t (src/app/[locale]/admin/programs/[id]/page.tsx:177:27)
      at renderWithHooks (node_modules/react-dom/cjs/react-dom.development.js:15486:18)
      at updateFunctionComponent (node_modules/react-dom/cjs/react-dom.development.js:19617:20)
      at beginWork (node_modules/react-dom/cjs/react-dom.development.js:21640:16)
      at beginWork$1 (node_modules/react-dom/cjs/react-dom.development.js:27465:14)
      at performUnitOfWork (node_modules/react-dom/cjs/react-dom.development.js:26599:12)
      at workLoopSync (node_modules/react-dom/cjs/react-dom.development.js:26505:5)
      at renderRootSync (node_modules/react-dom/cjs/react-dom.development.js:26473:7)
      at performSyncWorkOnRoot (node_modules/react-dom/cjs/react-dom.development.js:26124:20)
      at flushSyncCallbacks (node_modules/react-dom/cjs/react-dom.development.js:12042:22)
      at flushSync (node_modules/react-dom/cjs/react-dom.development.js:26240:7)
      at finishEventHandler (node_modules/react-dom/cjs/react-dom.development.js:3976:5)
      at batchedUpdates (node_modules/react-dom/cjs/react-dom.development.js:3994:5)
      at dispatchEventForPluginEventSystem (node_modules/react-dom/cjs/react-dom.development.js:9287:3)
      at dispatchEventWithEnableCapturePhaseSelectiveHydrationWithoutDiscreteEventReplay (node_modules/react-dom/cjs/react-dom.development.js:6465:5)
      at dispatchEvent (node_modules/react-dom/cjs/react-dom.development.js:6457:5)
      at dispatchDiscreteEvent (node_modules/react-dom/cjs/react-dom.development.js:6430:5)
      at HTMLDivElement.callTheUserObjectsOperation (node_modules/jsdom/lib/jsdom/living/generated/EventListener.js:26:30)
      at innerInvokeEventListeners (node_modules/jsdom/lib/jsdom/living/events/EventTarget-impl.js:350:25)
      at invokeEventListeners (node_modules/jsdom/lib/jsdom/living/events/EventTarget-impl.js:286:3)
      at HTMLInputElementImpl._dispatch (node_modules/jsdom/lib/jsdom/living/events/EventTarget-impl.js:233:9)
      at HTMLInputElementImpl.dispatchEvent (node_modules/jsdom/lib/jsdom/living/events/EventTarget-impl.js:104:17)
      at HTMLInputElement.dispatchEvent (node_modules/jsdom/lib/jsdom/living/generated/EventTarget.js:241:34)
      at node_modules/@testing-library/user-event/dist/cjs/event/dispatchEvent.js:45:43
      at node_modules/@testing-library/react/dist/pure.js:108:16
      at node_modules/@testing-library/react/dist/act-compat.js:48:24
      at act (node_modules/react/cjs/react.development.js:2512:16)
      at node_modules/@testing-library/react/dist/act-compat.js:47:25
      at Object.eventWrapper (node_modules/@testing-library/react/dist/pure.js:107:28)
      at Object.wrapEvent (node_modules/@testing-library/user-event/dist/cjs/event/wrapEvent.js:6:28)
      at Object.dispatchEvent (node_modules/@testing-library/user-event/dist/cjs/event/dispatchEvent.js:45:22)
      at Object.dispatchUIEvent (node_modules/@testing-library/user-event/dist/cjs/event/dispatchEvent.js:22:26)
      at commitInput (node_modules/@testing-library/user-event/dist/cjs/event/input.js:145:14)
      at editInputElement (node_modules/@testing-library/user-event/dist/cjs/event/input.js:115:9)
      at Object.input (node_modules/@testing-library/user-event/dist/cjs/event/input.js:37:9)
      at node_modules/@testing-library/user-event/dist/cjs/event/behavior/keypress.js:31:26
      at Object.dispatchEvent (node_modules/@testing-library/user-event/dist/cjs/event/dispatchEvent.js:41:13)
      at Object.dispatchUIEvent (node_modules/@testing-library/user-event/dist/cjs/event/dispatchEvent.js:22:26)
      at KeyboardHost.keydown (node_modules/@testing-library/user-event/dist/cjs/system/keyboard.js:76:22)
      at keyboardAction (node_modules/@testing-library/user-event/dist/cjs/keyboard/index.js:22:35)
      at Object.keyboard (node_modules/@testing-library/user-event/dist/cjs/keyboard/index.js:11:15)
      at Object.type (node_modules/@testing-library/user-event/dist/cjs/utility/type.js:17:5)
      at Object.asyncWrapper (node_modules/@testing-library/react/dist/pure.js:88:22)
      at Object.<anonymous> (src/app/[locale]/admin/programs/[id]/__tests__/page.test.tsx:178:5)

    console.error
      IntlError: FORMATTING_ERROR: The intl string context variable "count" was not provided to the string "{count} Students"
          at getFallbackFromErrorAndNotify (/Users/yusefbach/Projekte/studynexus/frontend/node_modules/use-intl/dist/development/createFormatter-QqAaZwGD.js:159:19)
          at translateBaseFn (/Users/yusefbach/Projekte/studynexus/frontend/node_modules/use-intl/dist/development/createFormatter-QqAaZwGD.js:251:14)
          at translateFn (/Users/yusefbach/Projekte/studynexus/frontend/node_modules/use-intl/dist/development/createFormatter-QqAaZwGD.js:258:20)
          at t (/Users/yusefbach/Projekte/studynexus/frontend/src/app/[locale]/admin/programs/[id]/page.tsx:177:27)
          at renderWithHooks (/Users/yusefbach/Projekte/studynexus/frontend/node_modules/react-dom/cjs/react-dom.development.js:15486:18)
          at updateFunctionComponent (/Users/yusefbach/Projekte/studynexus/frontend/node_modules/react-dom/cjs/react-dom.development.js:19617:20)
          at beginWork (/Users/yusefbach/Projekte/studynexus/frontend/node_modules/react-dom/cjs/react-dom.development.js:21640:16)
          at beginWork$1 (/Users/yusefbach/Projekte/studynexus/frontend/node_modules/react-dom/cjs/react-dom.development.js:27465:14)
          at performUnitOfWork (/Users/yusefbach/Projekte/studynexus/frontend/node_modules/react-dom/cjs/react-dom.development.js:26599:12)
          at workLoopSync (/Users/yusefbach/Projekte/studynexus/frontend/node_modules/react-dom/cjs/react-dom.development.js:26505:5)
          at renderRootSync (/Users/yusefbach/Projekte/studynexus/frontend/node_modules/react-dom/cjs/react-dom.development.js:26473:7)
          at performSyncWorkOnRoot (/Users/yusefbach/Projekte/studynexus/frontend/node_modules/react-dom/cjs/react-dom.development.js:26124:20)
          at flushSyncCallbacks (/Users/yusefbach/Projekte/studynexus/frontend/node_modules/react-dom/cjs/react-dom.development.js:12042:22)
          at flushSync (/Users/yusefbach/Projekte/studynexus/frontend/node_modules/react-dom/cjs/react-dom.development.js:26240:7)
          at finishEventHandler (/Users/yusefbach/Projekte/studynexus/frontend/node_modules/react-dom/cjs/react-dom.development.js:3976:5)
          at batchedUpdates (/Users/yusefbach/Projekte/studynexus/frontend/node_modules/react-dom/cjs/react-dom.development.js:3994:5)
          at dispatchEventForPluginEventSystem (/Users/yusefbach/Projekte/studynexus/frontend/node_modules/react-dom/cjs/react-dom.development.js:9287:3)
          at dispatchEventWithEnableCapturePhaseSelectiveHydrationWithoutDiscreteEventReplay (/Users/yusefbach/Projekte/studynexus/frontend/node_modules/react-dom/cjs/react-dom.development.js:6465:5)
          at dispatchEvent (/Users/yusefbach/Projekte/studynexus/frontend/node_modules/react-dom/cjs/react-dom.development.js:6457:5)
          at dispatchDiscreteEvent (/Users/yusefbach/Projekte/studynexus/frontend/node_modules/react-dom/cjs/react-dom.development.js:6430:5)
          at HTMLDivElement.callTheUserObjectsOperation (/Users/yusefbach/Projekte/studynexus/frontend/node_modules/jsdom/lib/jsdom/living/generated/EventListener.js:26:30)
          at innerInvokeEventListeners (/Users/yusefbach/Projekte/studynexus/frontend/node_modules/jsdom/lib/jsdom/living/events/EventTarget-impl.js:350:25)
          at invokeEventListeners (/Users/yusefbach/Projekte/studynexus/frontend/node_modules/jsdom/lib/jsdom/living/events/EventTarget-impl.js:286:3)
          at HTMLInputElementImpl._dispatch (/Users/yusefbach/Projekte/studynexus/frontend/node_modules/jsdom/lib/jsdom/living/events/EventTarget-impl.js:233:9)
          at HTMLInputElementImpl.dispatchEvent (/Users/yusefbach/Projekte/studynexus/frontend/node_modules/jsdom/lib/jsdom/living/events/EventTarget-impl.js:104:17)
          at HTMLInputElement.dispatchEvent (/Users/yusefbach/Projekte/studynexus/frontend/node_modules/jsdom/lib/jsdom/living/generated/EventTarget.js:241:34)
          at /Users/yusefbach/Projekte/studynexus/frontend/node_modules/@testing-library/user-event/dist/cjs/event/dispatchEvent.js:45:43
          at /Users/yusefbach/Projekte/studynexus/frontend/node_modules/@testing-library/react/dist/pure.js:108:16
          at /Users/yusefbach/Projekte/studynexus/frontend/node_modules/@testing-library/react/dist/act-compat.js:48:24
          at act (/Users/yusefbach/Projekte/studynexus/frontend/node_modules/react/cjs/react.development.js:2512:16)
          at /Users/yusefbach/Projekte/studynexus/frontend/node_modules/@testing-library/react/dist/act-compat.js:47:25
          at Object.eventWrapper (/Users/yusefbach/Projekte/studynexus/frontend/node_modules/@testing-library/react/dist/pure.js:107:28)
          at Object.wrapEvent (/Users/yusefbach/Projekte/studynexus/frontend/node_modules/@testing-library/user-event/dist/cjs/event/wrapEvent.js:6:28)
          at Object.dispatchEvent (/Users/yusefbach/Projekte/studynexus/frontend/node_modules/@testing-library/user-event/dist/cjs/event/dispatchEvent.js:45:22)
          at Object.dispatchUIEvent (/Users/yusefbach/Projekte/studynexus/frontend/node_modules/@testing-library/user-event/dist/cjs/event/dispatchEvent.js:22:26)
          at commitInput (/Users/yusefbach/Projekte/studynexus/frontend/node_modules/@testing-library/user-event/dist/cjs/event/input.js:145:14)
          at editInputElement (/Users/yusefbach/Projekte/studynexus/frontend/node_modules/@testing-library/user-event/dist/cjs/event/input.js:115:9)
          at Object.input (/Users/yusefbach/Projekte/studynexus/frontend/node_modules/@testing-library/user-event/dist/cjs/event/input.js:37:9)
          at /Users/yusefbach/Projekte/studynexus/frontend/node_modules/@testing-library/user-event/dist/cjs/event/behavior/keypress.js:31:26
          at Object.dispatchEvent (/Users/yusefbach/Projekte/studynexus/frontend/node_modules/@testing-library/user-event/dist/cjs/event/dispatchEvent.js:41:13)
          at Object.dispatchUIEvent (/Users/yusefbach/Projekte/studynexus/frontend/node_modules/@testing-library/user-event/dist/cjs/event/dispatchEvent.js:22:26)
          at KeyboardHost.keydown (/Users/yusefbach/Projekte/studynexus/frontend/node_modules/@testing-library/user-event/dist/cjs/system/keyboard.js:76:22)
          at keyboardAction (/Users/yusefbach/Projekte/studynexus/frontend/node_modules/@testing-library/user-event/dist/cjs/keyboard/index.js:22:35)
          at Object.keyboard (/Users/yusefbach/Projekte/studynexus/frontend/node_modules/@testing-library/user-event/dist/cjs/keyboard/index.js:11:15)
          at Object.type (/Users/yusefbach/Projekte/studynexus/frontend/node_modules/@testing-library/user-event/dist/cjs/utility/type.js:17:5)
          at Object.asyncWrapper (/Users/yusefbach/Projekte/studynexus/frontend/node_modules/@testing-library/react/dist/pure.js:88:22)
          at Object.<anonymous> (/Users/yusefbach/Projekte/studynexus/frontend/src/app/[locale]/admin/programs/[id]/__tests__/page.test.tsx:178:5) {
        code: 'FORMATTING_ERROR',
        originalMessage: 'The intl string context variable "count" was not provided to the string "{count} Students"'
      }

      175 |           <InfoRow label={t("detail.regelstudienzeit")} value={`${prog.regelstudienzeit} ${t("detail.semesterSuffix")}`} />
      176 |           <InfoRow label={t("detail.gesamtEcts")} value={`${prog.gesamt_ects} ECTS`} />
    > 177 |           <InfoRow label={t("detail.students")} value={t("detail.students", { count: prog.student_count })} />
          |                           ^
      178 |         </dl>
      179 |       </SectionCard>
      180 |

      at defaultOnError (node_modules/use-intl/dist/development/initializeConfig-BhfMSHP7.js:70:11)
      at getFallbackFromErrorAndNotify (node_modules/use-intl/dist/development/createFormatter-QqAaZwGD.js:160:5)
      at translateBaseFn (node_modules/use-intl/dist/development/createFormatter-QqAaZwGD.js:251:14)
      at translateFn (node_modules/use-intl/dist/development/createFormatter-QqAaZwGD.js:258:20)
      at t (src/app/[locale]/admin/programs/[id]/page.tsx:177:27)
      at renderWithHooks (node_modules/react-dom/cjs/react-dom.development.js:15486:18)
      at updateFunctionComponent (node_modules/react-dom/cjs/react-dom.development.js:19617:20)
      at beginWork (node_modules/react-dom/cjs/react-dom.development.js:21640:16)
      at beginWork$1 (node_modules/react-dom/cjs/react-dom.development.js:27465:14)
      at performUnitOfWork (node_modules/react-dom/cjs/react-dom.development.js:26599:12)
      at workLoopSync (node_modules/react-dom/cjs/react-dom.development.js:26505:5)
      at renderRootSync (node_modules/react-dom/cjs/react-dom.development.js:26473:7)
      at performSyncWorkOnRoot (node_modules/react-dom/cjs/react-dom.development.js:26124:20)
      at flushSyncCallbacks (node_modules/react-dom/cjs/react-dom.development.js:12042:22)
      at flushSync (node_modules/react-dom/cjs/react-dom.development.js:26240:7)
      at finishEventHandler (node_modules/react-dom/cjs/react-dom.development.js:3976:5)
      at batchedUpdates (node_modules/react-dom/cjs/react-dom.development.js:3994:5)
      at dispatchEventForPluginEventSystem (node_modules/react-dom/cjs/react-dom.development.js:9287:3)
      at dispatchEventWithEnableCapturePhaseSelectiveHydrationWithoutDiscreteEventReplay (node_modules/react-dom/cjs/react-dom.development.js:6465:5)
      at dispatchEvent (node_modules/react-dom/cjs/react-dom.development.js:6457:5)
      at dispatchDiscreteEvent (node_modules/react-dom/cjs/react-dom.development.js:6430:5)
      at HTMLDivElement.callTheUserObjectsOperation (node_modules/jsdom/lib/jsdom/living/generated/EventListener.js:26:30)
      at innerInvokeEventListeners (node_modules/jsdom/lib/jsdom/living/events/EventTarget-impl.js:350:25)
      at invokeEventListeners (node_modules/jsdom/lib/jsdom/living/events/EventTarget-impl.js:286:3)
      at HTMLInputElementImpl._dispatch (node_modules/jsdom/lib/jsdom/living/events/EventTarget-impl.js:233:9)
      at HTMLInputElementImpl.dispatchEvent (node_modules/jsdom/lib/jsdom/living/events/EventTarget-impl.js:104:17)
      at HTMLInputElement.dispatchEvent (node_modules/jsdom/lib/jsdom/living/generated/EventTarget.js:241:34)
      at node_modules/@testing-library/user-event/dist/cjs/event/dispatchEvent.js:45:43
      at node_modules/@testing-library/react/dist/pure.js:108:16
      at node_modules/@testing-library/react/dist/act-compat.js:48:24
      at act (node_modules/react/cjs/react.development.js:2512:16)
      at node_modules/@testing-library/react/dist/act-compat.js:47:25
      at Object.eventWrapper (node_modules/@testing-library/react/dist/pure.js:107:28)
      at Object.wrapEvent (node_modules/@testing-library/user-event/dist/cjs/event/wrapEvent.js:6:28)
      at Object.dispatchEvent (node_modules/@testing-library/user-event/dist/cjs/event/dispatchEvent.js:45:22)
      at Object.dispatchUIEvent (node_modules/@testing-library/user-event/dist/cjs/event/dispatchEvent.js:22:26)
      at commitInput (node_modules/@testing-library/user-event/dist/cjs/event/input.js:145:14)
      at editInputElement (node_modules/@testing-library/user-event/dist/cjs/event/input.js:115:9)
      at Object.input (node_modules/@testing-library/user-event/dist/cjs/event/input.js:37:9)
      at node_modules/@testing-library/user-event/dist/cjs/event/behavior/keypress.js:31:26
      at Object.dispatchEvent (node_modules/@testing-library/user-event/dist/cjs/event/dispatchEvent.js:41:13)
      at Object.dispatchUIEvent (node_modules/@testing-library/user-event/dist/cjs/event/dispatchEvent.js:22:26)
      at KeyboardHost.keydown (node_modules/@testing-library/user-event/dist/cjs/system/keyboard.js:76:22)
      at keyboardAction (node_modules/@testing-library/user-event/dist/cjs/keyboard/index.js:22:35)
      at Object.keyboard (node_modules/@testing-library/user-event/dist/cjs/keyboard/index.js:11:15)
      at Object.type (node_modules/@testing-library/user-event/dist/cjs/utility/type.js:17:5)
      at Object.asyncWrapper (node_modules/@testing-library/react/dist/pure.js:88:22)
      at Object.<anonymous> (src/app/[locale]/admin/programs/[id]/__tests__/page.test.tsx:178:5)

    console.error
      IntlError: FORMATTING_ERROR: The intl string context variable "count" was not provided to the string "{count} Students"
          at getFallbackFromErrorAndNotify (/Users/yusefbach/Projekte/studynexus/frontend/node_modules/use-intl/dist/development/createFormatter-QqAaZwGD.js:159:19)
          at translateBaseFn (/Users/yusefbach/Projekte/studynexus/frontend/node_modules/use-intl/dist/development/createFormatter-QqAaZwGD.js:251:14)
          at translateFn (/Users/yusefbach/Projekte/studynexus/frontend/node_modules/use-intl/dist/development/createFormatter-QqAaZwGD.js:258:20)
          at t (/Users/yusefbach/Projekte/studynexus/frontend/src/app/[locale]/admin/programs/[id]/page.tsx:177:27)
          at renderWithHooks (/Users/yusefbach/Projekte/studynexus/frontend/node_modules/react-dom/cjs/react-dom.development.js:15486:18)
          at updateFunctionComponent (/Users/yusefbach/Projekte/studynexus/frontend/node_modules/react-dom/cjs/react-dom.development.js:19617:20)
          at beginWork (/Users/yusefbach/Projekte/studynexus/frontend/node_modules/react-dom/cjs/react-dom.development.js:21640:16)
          at beginWork$1 (/Users/yusefbach/Projekte/studynexus/frontend/node_modules/react-dom/cjs/react-dom.development.js:27465:14)
          at performUnitOfWork (/Users/yusefbach/Projekte/studynexus/frontend/node_modules/react-dom/cjs/react-dom.development.js:26599:12)
          at workLoopSync (/Users/yusefbach/Projekte/studynexus/frontend/node_modules/react-dom/cjs/react-dom.development.js:26505:5)
          at renderRootSync (/Users/yusefbach/Projekte/studynexus/frontend/node_modules/react-dom/cjs/react-dom.development.js:26473:7)
          at performSyncWorkOnRoot (/Users/yusefbach/Projekte/studynexus/frontend/node_modules/react-dom/cjs/react-dom.development.js:26124:20)
          at flushSyncCallbacks (/Users/yusefbach/Projekte/studynexus/frontend/node_modules/react-dom/cjs/react-dom.development.js:12042:22)
          at flushSync (/Users/yusefbach/Projekte/studynexus/frontend/node_modules/react-dom/cjs/react-dom.development.js:26240:7)
          at finishEventHandler (/Users/yusefbach/Projekte/studynexus/frontend/node_modules/react-dom/cjs/react-dom.development.js:3976:5)
          at batchedUpdates (/Users/yusefbach/Projekte/studynexus/frontend/node_modules/react-dom/cjs/react-dom.development.js:3994:5)
          at dispatchEventForPluginEventSystem (/Users/yusefbach/Projekte/studynexus/frontend/node_modules/react-dom/cjs/react-dom.development.js:9287:3)
          at dispatchEventWithEnableCapturePhaseSelectiveHydrationWithoutDiscreteEventReplay (/Users/yusefbach/Projekte/studynexus/frontend/node_modules/react-dom/cjs/react-dom.development.js:6465:5)
          at dispatchEvent (/Users/yusefbach/Projekte/studynexus/frontend/node_modules/react-dom/cjs/react-dom.development.js:6457:5)
          at dispatchDiscreteEvent (/Users/yusefbach/Projekte/studynexus/frontend/node_modules/react-dom/cjs/react-dom.development.js:6430:5)
          at HTMLDivElement.callTheUserObjectsOperation (/Users/yusefbach/Projekte/studynexus/frontend/node_modules/jsdom/lib/jsdom/living/generated/EventListener.js:26:30)
          at innerInvokeEventListeners (/Users/yusefbach/Projekte/studynexus/frontend/node_modules/jsdom/lib/jsdom/living/events/EventTarget-impl.js:350:25)
          at invokeEventListeners (/Users/yusefbach/Projekte/studynexus/frontend/node_modules/jsdom/lib/jsdom/living/events/EventTarget-impl.js:286:3)
          at HTMLInputElementImpl._dispatch (/Users/yusefbach/Projekte/studynexus/frontend/node_modules/jsdom/lib/jsdom/living/events/EventTarget-impl.js:233:9)
          at HTMLInputElementImpl.dispatchEvent (/Users/yusefbach/Projekte/studynexus/frontend/node_modules/jsdom/lib/jsdom/living/events/EventTarget-impl.js:104:17)
          at HTMLInputElement.dispatchEvent (/Users/yusefbach/Projekte/studynexus/frontend/node_modules/jsdom/lib/jsdom/living/generated/EventTarget.js:241:34)
          at /Users/yusefbach/Projekte/studynexus/frontend/node_modules/@testing-library/user-event/dist/cjs/event/dispatchEvent.js:45:43
          at /Users/yusefbach/Projekte/studynexus/frontend/node_modules/@testing-library/react/dist/pure.js:108:16
          at /Users/yusefbach/Projekte/studynexus/frontend/node_modules/@testing-library/react/dist/act-compat.js:48:24
          at act (/Users/yusefbach/Projekte/studynexus/frontend/node_modules/react/cjs/react.development.js:2512:16)
          at /Users/yusefbach/Projekte/studynexus/frontend/node_modules/@testing-library/react/dist/act-compat.js:47:25
          at Object.eventWrapper (/Users/yusefbach/Projekte/studynexus/frontend/node_modules/@testing-library/react/dist/pure.js:107:28)
          at Object.wrapEvent (/Users/yusefbach/Projekte/studynexus/frontend/node_modules/@testing-library/user-event/dist/cjs/event/wrapEvent.js:6:28)
          at Object.dispatchEvent (/Users/yusefbach/Projekte/studynexus/frontend/node_modules/@testing-library/user-event/dist/cjs/event/dispatchEvent.js:45:22)
          at Object.dispatchUIEvent (/Users/yusefbach/Projekte/studynexus/frontend/node_modules/@testing-library/user-event/dist/cjs/event/dispatchEvent.js:22:26)
          at commitInput (/Users/yusefbach/Projekte/studynexus/frontend/node_modules/@testing-library/user-event/dist/cjs/event/input.js:145:14)
          at editInputElement (/Users/yusefbach/Projekte/studynexus/frontend/node_modules/@testing-library/user-event/dist/cjs/event/input.js:115:9)
          at Object.input (/Users/yusefbach/Projekte/studynexus/frontend/node_modules/@testing-library/user-event/dist/cjs/event/input.js:37:9)
          at /Users/yusefbach/Projekte/studynexus/frontend/node_modules/@testing-library/user-event/dist/cjs/event/behavior/keypress.js:31:26
          at Object.dispatchEvent (/Users/yusefbach/Projekte/studynexus/frontend/node_modules/@testing-library/user-event/dist/cjs/event/dispatchEvent.js:41:13)
          at Object.dispatchUIEvent (/Users/yusefbach/Projekte/studynexus/frontend/node_modules/@testing-library/user-event/dist/cjs/event/dispatchEvent.js:22:26)
          at KeyboardHost.keydown (/Users/yusefbach/Projekte/studynexus/frontend/node_modules/@testing-library/user-event/dist/cjs/system/keyboard.js:76:22)
          at keyboardAction (/Users/yusefbach/Projekte/studynexus/frontend/node_modules/@testing-library/user-event/dist/cjs/keyboard/index.js:22:35)
          at Object.keyboard (/Users/yusefbach/Projekte/studynexus/frontend/node_modules/@testing-library/user-event/dist/cjs/keyboard/index.js:11:15)
          at Object.type (/Users/yusefbach/Projekte/studynexus/frontend/node_modules/@testing-library/user-event/dist/cjs/utility/type.js:17:5)
          at Object.asyncWrapper (/Users/yusefbach/Projekte/studynexus/frontend/node_modules/@testing-library/react/dist/pure.js:88:22)
          at Object.<anonymous> (/Users/yusefbach/Projekte/studynexus/frontend/src/app/[locale]/admin/programs/[id]/__tests__/page.test.tsx:178:5) {
        code: 'FORMATTING_ERROR',
        originalMessage: 'The intl string context variable "count" was not provided to the string "{count} Students"'
      }

      175 |           <InfoRow label={t("detail.regelstudienzeit")} value={`${prog.regelstudienzeit} ${t("detail.semesterSuffix")}`} />
      176 |           <InfoRow label={t("detail.gesamtEcts")} value={`${prog.gesamt_ects} ECTS`} />
    > 177 |           <InfoRow label={t("detail.students")} value={t("detail.students", { count: prog.student_count })} />
          |                           ^
      178 |         </dl>
      179 |       </SectionCard>
      180 |

      at defaultOnError (node_modules/use-intl/dist/development/initializeConfig-BhfMSHP7.js:70:11)
      at getFallbackFromErrorAndNotify (node_modules/use-intl/dist/development/createFormatter-QqAaZwGD.js:160:5)
      at translateBaseFn (node_modules/use-intl/dist/development/createFormatter-QqAaZwGD.js:251:14)
      at translateFn (node_modules/use-intl/dist/development/createFormatter-QqAaZwGD.js:258:20)
      at t (src/app/[locale]/admin/programs/[id]/page.tsx:177:27)
      at renderWithHooks (node_modules/react-dom/cjs/react-dom.development.js:15486:18)
      at updateFunctionComponent (node_modules/react-dom/cjs/react-dom.development.js:19617:20)
      at beginWork (node_modules/react-dom/cjs/react-dom.development.js:21640:16)
      at beginWork$1 (node_modules/react-dom/cjs/react-dom.development.js:27465:14)
      at performUnitOfWork (node_modules/react-dom/cjs/react-dom.development.js:26599:12)
      at workLoopSync (node_modules/react-dom/cjs/react-dom.development.js:26505:5)
      at renderRootSync (node_modules/react-dom/cjs/react-dom.development.js:26473:7)
      at performSyncWorkOnRoot (node_modules/react-dom/cjs/react-dom.development.js:26124:20)
      at flushSyncCallbacks (node_modules/react-dom/cjs/react-dom.development.js:12042:22)
      at flushSync (node_modules/react-dom/cjs/react-dom.development.js:26240:7)
      at finishEventHandler (node_modules/react-dom/cjs/react-dom.development.js:3976:5)
      at batchedUpdates (node_modules/react-dom/cjs/react-dom.development.js:3994:5)
      at dispatchEventForPluginEventSystem (node_modules/react-dom/cjs/react-dom.development.js:9287:3)
      at dispatchEventWithEnableCapturePhaseSelectiveHydrationWithoutDiscreteEventReplay (node_modules/react-dom/cjs/react-dom.development.js:6465:5)
      at dispatchEvent (node_modules/react-dom/cjs/react-dom.development.js:6457:5)
      at dispatchDiscreteEvent (node_modules/react-dom/cjs/react-dom.development.js:6430:5)
      at HTMLDivElement.callTheUserObjectsOperation (node_modules/jsdom/lib/jsdom/living/generated/EventListener.js:26:30)
      at innerInvokeEventListeners (node_modules/jsdom/lib/jsdom/living/events/EventTarget-impl.js:350:25)
      at invokeEventListeners (node_modules/jsdom/lib/jsdom/living/events/EventTarget-impl.js:286:3)
      at HTMLInputElementImpl._dispatch (node_modules/jsdom/lib/jsdom/living/events/EventTarget-impl.js:233:9)
      at HTMLInputElementImpl.dispatchEvent (node_modules/jsdom/lib/jsdom/living/events/EventTarget-impl.js:104:17)
      at HTMLInputElement.dispatchEvent (node_modules/jsdom/lib/jsdom/living/generated/EventTarget.js:241:34)
      at node_modules/@testing-library/user-event/dist/cjs/event/dispatchEvent.js:45:43
      at node_modules/@testing-library/react/dist/pure.js:108:16
      at node_modules/@testing-library/react/dist/act-compat.js:48:24
      at act (node_modules/react/cjs/react.development.js:2512:16)
      at node_modules/@testing-library/react/dist/act-compat.js:47:25
      at Object.eventWrapper (node_modules/@testing-library/react/dist/pure.js:107:28)
      at Object.wrapEvent (node_modules/@testing-library/user-event/dist/cjs/event/wrapEvent.js:6:28)
      at Object.dispatchEvent (node_modules/@testing-library/user-event/dist/cjs/event/dispatchEvent.js:45:22)
      at Object.dispatchUIEvent (node_modules/@testing-library/user-event/dist/cjs/event/dispatchEvent.js:22:26)
      at commitInput (node_modules/@testing-library/user-event/dist/cjs/event/input.js:145:14)
      at editInputElement (node_modules/@testing-library/user-event/dist/cjs/event/input.js:115:9)
      at Object.input (node_modules/@testing-library/user-event/dist/cjs/event/input.js:37:9)
      at node_modules/@testing-library/user-event/dist/cjs/event/behavior/keypress.js:31:26
      at Object.dispatchEvent (node_modules/@testing-library/user-event/dist/cjs/event/dispatchEvent.js:41:13)
      at Object.dispatchUIEvent (node_modules/@testing-library/user-event/dist/cjs/event/dispatchEvent.js:22:26)
      at KeyboardHost.keydown (node_modules/@testing-library/user-event/dist/cjs/system/keyboard.js:76:22)
      at keyboardAction (node_modules/@testing-library/user-event/dist/cjs/keyboard/index.js:22:35)
      at Object.keyboard (node_modules/@testing-library/user-event/dist/cjs/keyboard/index.js:11:15)
      at Object.type (node_modules/@testing-library/user-event/dist/cjs/utility/type.js:17:5)
      at Object.asyncWrapper (node_modules/@testing-library/react/dist/pure.js:88:22)
      at Object.<anonymous> (src/app/[locale]/admin/programs/[id]/__tests__/page.test.tsx:178:5)

    console.error
      IntlError: FORMATTING_ERROR: The intl string context variable "count" was not provided to the string "{count} Students"
          at getFallbackFromErrorAndNotify (/Users/yusefbach/Projekte/studynexus/frontend/node_modules/use-intl/dist/development/createFormatter-QqAaZwGD.js:159:19)
          at translateBaseFn (/Users/yusefbach/Projekte/studynexus/frontend/node_modules/use-intl/dist/development/createFormatter-QqAaZwGD.js:251:14)
          at translateFn (/Users/yusefbach/Projekte/studynexus/frontend/node_modules/use-intl/dist/development/createFormatter-QqAaZwGD.js:258:20)
          at t (/Users/yusefbach/Projekte/studynexus/frontend/src/app/[locale]/admin/programs/[id]/page.tsx:177:27)
          at renderWithHooks (/Users/yusefbach/Projekte/studynexus/frontend/node_modules/react-dom/cjs/react-dom.development.js:15486:18)
          at updateFunctionComponent (/Users/yusefbach/Projekte/studynexus/frontend/node_modules/react-dom/cjs/react-dom.development.js:19617:20)
          at beginWork (/Users/yusefbach/Projekte/studynexus/frontend/node_modules/react-dom/cjs/react-dom.development.js:21640:16)
          at beginWork$1 (/Users/yusefbach/Projekte/studynexus/frontend/node_modules/react-dom/cjs/react-dom.development.js:27465:14)
          at performUnitOfWork (/Users/yusefbach/Projekte/studynexus/frontend/node_modules/react-dom/cjs/react-dom.development.js:26599:12)
          at workLoopSync (/Users/yusefbach/Projekte/studynexus/frontend/node_modules/react-dom/cjs/react-dom.development.js:26505:5)
          at renderRootSync (/Users/yusefbach/Projekte/studynexus/frontend/node_modules/react-dom/cjs/react-dom.development.js:26473:7)
          at performSyncWorkOnRoot (/Users/yusefbach/Projekte/studynexus/frontend/node_modules/react-dom/cjs/react-dom.development.js:26124:20)
          at flushSyncCallbacks (/Users/yusefbach/Projekte/studynexus/frontend/node_modules/react-dom/cjs/react-dom.development.js:12042:22)
          at flushSync (/Users/yusefbach/Projekte/studynexus/frontend/node_modules/react-dom/cjs/react-dom.development.js:26240:7)
          at finishEventHandler (/Users/yusefbach/Projekte/studynexus/frontend/node_modules/react-dom/cjs/react-dom.development.js:3976:5)
          at batchedUpdates (/Users/yusefbach/Projekte/studynexus/frontend/node_modules/react-dom/cjs/react-dom.development.js:3994:5)
          at dispatchEventForPluginEventSystem (/Users/yusefbach/Projekte/studynexus/frontend/node_modules/react-dom/cjs/react-dom.development.js:9287:3)
          at dispatchEventWithEnableCapturePhaseSelectiveHydrationWithoutDiscreteEventReplay (/Users/yusefbach/Projekte/studynexus/frontend/node_modules/react-dom/cjs/react-dom.development.js:6465:5)
          at dispatchEvent (/Users/yusefbach/Projekte/studynexus/frontend/node_modules/react-dom/cjs/react-dom.development.js:6457:5)
          at dispatchDiscreteEvent (/Users/yusefbach/Projekte/studynexus/frontend/node_modules/react-dom/cjs/react-dom.development.js:6430:5)
          at HTMLDivElement.callTheUserObjectsOperation (/Users/yusefbach/Projekte/studynexus/frontend/node_modules/jsdom/lib/jsdom/living/generated/EventListener.js:26:30)
          at innerInvokeEventListeners (/Users/yusefbach/Projekte/studynexus/frontend/node_modules/jsdom/lib/jsdom/living/events/EventTarget-impl.js:350:25)
          at invokeEventListeners (/Users/yusefbach/Projekte/studynexus/frontend/node_modules/jsdom/lib/jsdom/living/events/EventTarget-impl.js:286:3)
          at HTMLInputElementImpl._dispatch (/Users/yusefbach/Projekte/studynexus/frontend/node_modules/jsdom/lib/jsdom/living/events/EventTarget-impl.js:233:9)
          at HTMLInputElementImpl.dispatchEvent (/Users/yusefbach/Projekte/studynexus/frontend/node_modules/jsdom/lib/jsdom/living/events/EventTarget-impl.js:104:17)
          at HTMLInputElement.dispatchEvent (/Users/yusefbach/Projekte/studynexus/frontend/node_modules/jsdom/lib/jsdom/living/generated/EventTarget.js:241:34)
          at /Users/yusefbach/Projekte/studynexus/frontend/node_modules/@testing-library/user-event/dist/cjs/event/dispatchEvent.js:45:43
          at /Users/yusefbach/Projekte/studynexus/frontend/node_modules/@testing-library/react/dist/pure.js:108:16
          at /Users/yusefbach/Projekte/studynexus/frontend/node_modules/@testing-library/react/dist/act-compat.js:48:24
          at act (/Users/yusefbach/Projekte/studynexus/frontend/node_modules/react/cjs/react.development.js:2512:16)
          at /Users/yusefbach/Projekte/studynexus/frontend/node_modules/@testing-library/react/dist/act-compat.js:47:25
          at Object.eventWrapper (/Users/yusefbach/Projekte/studynexus/frontend/node_modules/@testing-library/react/dist/pure.js:107:28)
          at Object.wrapEvent (/Users/yusefbach/Projekte/studynexus/frontend/node_modules/@testing-library/user-event/dist/cjs/event/wrapEvent.js:6:28)
          at Object.dispatchEvent (/Users/yusefbach/Projekte/studynexus/frontend/node_modules/@testing-library/user-event/dist/cjs/event/dispatchEvent.js:45:22)
          at Object.dispatchUIEvent (/Users/yusefbach/Projekte/studynexus/frontend/node_modules/@testing-library/user-event/dist/cjs/event/dispatchEvent.js:22:26)
          at commitInput (/Users/yusefbach/Projekte/studynexus/frontend/node_modules/@testing-library/user-event/dist/cjs/event/input.js:145:14)
          at editInputElement (/Users/yusefbach/Projekte/studynexus/frontend/node_modules/@testing-library/user-event/dist/cjs/event/input.js:115:9)
          at Object.input (/Users/yusefbach/Projekte/studynexus/frontend/node_modules/@testing-library/user-event/dist/cjs/event/input.js:37:9)
          at /Users/yusefbach/Projekte/studynexus/frontend/node_modules/@testing-library/user-event/dist/cjs/event/behavior/keypress.js:31:26
          at Object.dispatchEvent (/Users/yusefbach/Projekte/studynexus/frontend/node_modules/@testing-library/user-event/dist/cjs/event/dispatchEvent.js:41:13)
          at Object.dispatchUIEvent (/Users/yusefbach/Projekte/studynexus/frontend/node_modules/@testing-library/user-event/dist/cjs/event/dispatchEvent.js:22:26)
          at KeyboardHost.keydown (/Users/yusefbach/Projekte/studynexus/frontend/node_modules/@testing-library/user-event/dist/cjs/system/keyboard.js:76:22)
          at keyboardAction (/Users/yusefbach/Projekte/studynexus/frontend/node_modules/@testing-library/user-event/dist/cjs/keyboard/index.js:22:35)
          at Object.keyboard (/Users/yusefbach/Projekte/studynexus/frontend/node_modules/@testing-library/user-event/dist/cjs/keyboard/index.js:11:15)
          at Object.type (/Users/yusefbach/Projekte/studynexus/frontend/node_modules/@testing-library/user-event/dist/cjs/utility/type.js:17:5)
          at Object.asyncWrapper (/Users/yusefbach/Projekte/studynexus/frontend/node_modules/@testing-library/react/dist/pure.js:88:22)
          at Object.<anonymous> (/Users/yusefbach/Projekte/studynexus/frontend/src/app/[locale]/admin/programs/[id]/__tests__/page.test.tsx:178:5) {
        code: 'FORMATTING_ERROR',
        originalMessage: 'The intl string context variable "count" was not provided to the string "{count} Students"'
      }

      175 |           <InfoRow label={t("detail.regelstudienzeit")} value={`${prog.regelstudienzeit} ${t("detail.semesterSuffix")}`} />
      176 |           <InfoRow label={t("detail.gesamtEcts")} value={`${prog.gesamt_ects} ECTS`} />
    > 177 |           <InfoRow label={t("detail.students")} value={t("detail.students", { count: prog.student_count })} />
          |                           ^
      178 |         </dl>
      179 |       </SectionCard>
      180 |

      at defaultOnError (node_modules/use-intl/dist/development/initializeConfig-BhfMSHP7.js:70:11)
      at getFallbackFromErrorAndNotify (node_modules/use-intl/dist/development/createFormatter-QqAaZwGD.js:160:5)
      at translateBaseFn (node_modules/use-intl/dist/development/createFormatter-QqAaZwGD.js:251:14)
      at translateFn (node_modules/use-intl/dist/development/createFormatter-QqAaZwGD.js:258:20)
      at t (src/app/[locale]/admin/programs/[id]/page.tsx:177:27)
      at renderWithHooks (node_modules/react-dom/cjs/react-dom.development.js:15486:18)
      at updateFunctionComponent (node_modules/react-dom/cjs/react-dom.development.js:19617:20)
      at beginWork (node_modules/react-dom/cjs/react-dom.development.js:21640:16)
      at beginWork$1 (node_modules/react-dom/cjs/react-dom.development.js:27465:14)
      at performUnitOfWork (node_modules/react-dom/cjs/react-dom.development.js:26599:12)
      at workLoopSync (node_modules/react-dom/cjs/react-dom.development.js:26505:5)
      at renderRootSync (node_modules/react-dom/cjs/react-dom.development.js:26473:7)
      at performSyncWorkOnRoot (node_modules/react-dom/cjs/react-dom.development.js:26124:20)
      at flushSyncCallbacks (node_modules/react-dom/cjs/react-dom.development.js:12042:22)
      at flushSync (node_modules/react-dom/cjs/react-dom.development.js:26240:7)
      at finishEventHandler (node_modules/react-dom/cjs/react-dom.development.js:3976:5)
      at batchedUpdates (node_modules/react-dom/cjs/react-dom.development.js:3994:5)
      at dispatchEventForPluginEventSystem (node_modules/react-dom/cjs/react-dom.development.js:9287:3)
      at dispatchEventWithEnableCapturePhaseSelectiveHydrationWithoutDiscreteEventReplay (node_modules/react-dom/cjs/react-dom.development.js:6465:5)
      at dispatchEvent (node_modules/react-dom/cjs/react-dom.development.js:6457:5)
      at dispatchDiscreteEvent (node_modules/react-dom/cjs/react-dom.development.js:6430:5)
      at HTMLDivElement.callTheUserObjectsOperation (node_modules/jsdom/lib/jsdom/living/generated/EventListener.js:26:30)
      at innerInvokeEventListeners (node_modules/jsdom/lib/jsdom/living/events/EventTarget-impl.js:350:25)
      at invokeEventListeners (node_modules/jsdom/lib/jsdom/living/events/EventTarget-impl.js:286:3)
      at HTMLInputElementImpl._dispatch (node_modules/jsdom/lib/jsdom/living/events/EventTarget-impl.js:233:9)
      at HTMLInputElementImpl.dispatchEvent (node_modules/jsdom/lib/jsdom/living/events/EventTarget-impl.js:104:17)
      at HTMLInputElement.dispatchEvent (node_modules/jsdom/lib/jsdom/living/generated/EventTarget.js:241:34)
      at node_modules/@testing-library/user-event/dist/cjs/event/dispatchEvent.js:45:43
      at node_modules/@testing-library/react/dist/pure.js:108:16
      at node_modules/@testing-library/react/dist/act-compat.js:48:24
      at act (node_modules/react/cjs/react.development.js:2512:16)
      at node_modules/@testing-library/react/dist/act-compat.js:47:25
      at Object.eventWrapper (node_modules/@testing-library/react/dist/pure.js:107:28)
      at Object.wrapEvent (node_modules/@testing-library/user-event/dist/cjs/event/wrapEvent.js:6:28)
      at Object.dispatchEvent (node_modules/@testing-library/user-event/dist/cjs/event/dispatchEvent.js:45:22)
      at Object.dispatchUIEvent (node_modules/@testing-library/user-event/dist/cjs/event/dispatchEvent.js:22:26)
      at commitInput (node_modules/@testing-library/user-event/dist/cjs/event/input.js:145:14)
      at editInputElement (node_modules/@testing-library/user-event/dist/cjs/event/input.js:115:9)
      at Object.input (node_modules/@testing-library/user-event/dist/cjs/event/input.js:37:9)
      at node_modules/@testing-library/user-event/dist/cjs/event/behavior/keypress.js:31:26
      at Object.dispatchEvent (node_modules/@testing-library/user-event/dist/cjs/event/dispatchEvent.js:41:13)
      at Object.dispatchUIEvent (node_modules/@testing-library/user-event/dist/cjs/event/dispatchEvent.js:22:26)
      at KeyboardHost.keydown (node_modules/@testing-library/user-event/dist/cjs/system/keyboard.js:76:22)
      at keyboardAction (node_modules/@testing-library/user-event/dist/cjs/keyboard/index.js:22:35)
      at Object.keyboard (node_modules/@testing-library/user-event/dist/cjs/keyboard/index.js:11:15)
      at Object.type (node_modules/@testing-library/user-event/dist/cjs/utility/type.js:17:5)
      at Object.asyncWrapper (node_modules/@testing-library/react/dist/pure.js:88:22)
      at Object.<anonymous> (src/app/[locale]/admin/programs/[id]/__tests__/page.test.tsx:178:5)

    console.error
      IntlError: FORMATTING_ERROR: The intl string context variable "count" was not provided to the string "{count} Students"
          at getFallbackFromErrorAndNotify (/Users/yusefbach/Projekte/studynexus/frontend/node_modules/use-intl/dist/development/createFormatter-QqAaZwGD.js:159:19)
          at translateBaseFn (/Users/yusefbach/Projekte/studynexus/frontend/node_modules/use-intl/dist/development/createFormatter-QqAaZwGD.js:251:14)
          at translateFn (/Users/yusefbach/Projekte/studynexus/frontend/node_modules/use-intl/dist/development/createFormatter-QqAaZwGD.js:258:20)
          at t (/Users/yusefbach/Projekte/studynexus/frontend/src/app/[locale]/admin/programs/[id]/page.tsx:177:27)
          at renderWithHooks (/Users/yusefbach/Projekte/studynexus/frontend/node_modules/react-dom/cjs/react-dom.development.js:15486:18)
          at updateFunctionComponent (/Users/yusefbach/Projekte/studynexus/frontend/node_modules/react-dom/cjs/react-dom.development.js:19617:20)
          at beginWork (/Users/yusefbach/Projekte/studynexus/frontend/node_modules/react-dom/cjs/react-dom.development.js:21640:16)
          at beginWork$1 (/Users/yusefbach/Projekte/studynexus/frontend/node_modules/react-dom/cjs/react-dom.development.js:27465:14)
          at performUnitOfWork (/Users/yusefbach/Projekte/studynexus/frontend/node_modules/react-dom/cjs/react-dom.development.js:26599:12)
          at workLoopSync (/Users/yusefbach/Projekte/studynexus/frontend/node_modules/react-dom/cjs/react-dom.development.js:26505:5)
          at renderRootSync (/Users/yusefbach/Projekte/studynexus/frontend/node_modules/react-dom/cjs/react-dom.development.js:26473:7)
          at performSyncWorkOnRoot (/Users/yusefbach/Projekte/studynexus/frontend/node_modules/react-dom/cjs/react-dom.development.js:26124:20)
          at flushSyncCallbacks (/Users/yusefbach/Projekte/studynexus/frontend/node_modules/react-dom/cjs/react-dom.development.js:12042:22)
          at flushSync (/Users/yusefbach/Projekte/studynexus/frontend/node_modules/react-dom/cjs/react-dom.development.js:26240:7)
          at finishEventHandler (/Users/yusefbach/Projekte/studynexus/frontend/node_modules/react-dom/cjs/react-dom.development.js:3976:5)
          at batchedUpdates (/Users/yusefbach/Projekte/studynexus/frontend/node_modules/react-dom/cjs/react-dom.development.js:3994:5)
          at dispatchEventForPluginEventSystem (/Users/yusefbach/Projekte/studynexus/frontend/node_modules/react-dom/cjs/react-dom.development.js:9287:3)
          at dispatchEventWithEnableCapturePhaseSelectiveHydrationWithoutDiscreteEventReplay (/Users/yusefbach/Projekte/studynexus/frontend/node_modules/react-dom/cjs/react-dom.development.js:6465:5)
          at dispatchEvent (/Users/yusefbach/Projekte/studynexus/frontend/node_modules/react-dom/cjs/react-dom.development.js:6457:5)
          at dispatchDiscreteEvent (/Users/yusefbach/Projekte/studynexus/frontend/node_modules/react-dom/cjs/react-dom.development.js:6430:5)
          at HTMLDivElement.callTheUserObjectsOperation (/Users/yusefbach/Projekte/studynexus/frontend/node_modules/jsdom/lib/jsdom/living/generated/EventListener.js:26:30)
          at innerInvokeEventListeners (/Users/yusefbach/Projekte/studynexus/frontend/node_modules/jsdom/lib/jsdom/living/events/EventTarget-impl.js:350:25)
          at invokeEventListeners (/Users/yusefbach/Projekte/studynexus/frontend/node_modules/jsdom/lib/jsdom/living/events/EventTarget-impl.js:286:3)
          at HTMLInputElementImpl._dispatch (/Users/yusefbach/Projekte/studynexus/frontend/node_modules/jsdom/lib/jsdom/living/events/EventTarget-impl.js:233:9)
          at HTMLInputElementImpl.dispatchEvent (/Users/yusefbach/Projekte/studynexus/frontend/node_modules/jsdom/lib/jsdom/living/events/EventTarget-impl.js:104:17)
          at HTMLInputElement.dispatchEvent (/Users/yusefbach/Projekte/studynexus/frontend/node_modules/jsdom/lib/jsdom/living/generated/EventTarget.js:241:34)
          at /Users/yusefbach/Projekte/studynexus/frontend/node_modules/@testing-library/user-event/dist/cjs/event/dispatchEvent.js:45:43
          at /Users/yusefbach/Projekte/studynexus/frontend/node_modules/@testing-library/react/dist/pure.js:108:16
          at /Users/yusefbach/Projekte/studynexus/frontend/node_modules/@testing-library/react/dist/act-compat.js:48:24
          at act (/Users/yusefbach/Projekte/studynexus/frontend/node_modules/react/cjs/react.development.js:2512:16)
          at /Users/yusefbach/Projekte/studynexus/frontend/node_modules/@testing-library/react/dist/act-compat.js:47:25
          at Object.eventWrapper (/Users/yusefbach/Projekte/studynexus/frontend/node_modules/@testing-library/react/dist/pure.js:107:28)
          at Object.wrapEvent (/Users/yusefbach/Projekte/studynexus/frontend/node_modules/@testing-library/user-event/dist/cjs/event/wrapEvent.js:6:28)
          at Object.dispatchEvent (/Users/yusefbach/Projekte/studynexus/frontend/node_modules/@testing-library/user-event/dist/cjs/event/dispatchEvent.js:45:22)
          at Object.dispatchUIEvent (/Users/yusefbach/Projekte/studynexus/frontend/node_modules/@testing-library/user-event/dist/cjs/event/dispatchEvent.js:22:26)
          at commitInput (/Users/yusefbach/Projekte/studynexus/frontend/node_modules/@testing-library/user-event/dist/cjs/event/input.js:145:14)
          at editInputElement (/Users/yusefbach/Projekte/studynexus/frontend/node_modules/@testing-library/user-event/dist/cjs/event/input.js:115:9)
          at Object.input (/Users/yusefbach/Projekte/studynexus/frontend/node_modules/@testing-library/user-event/dist/cjs/event/input.js:37:9)
          at /Users/yusefbach/Projekte/studynexus/frontend/node_modules/@testing-library/user-event/dist/cjs/event/behavior/keypress.js:31:26
          at Object.dispatchEvent (/Users/yusefbach/Projekte/studynexus/frontend/node_modules/@testing-library/user-event/dist/cjs/event/dispatchEvent.js:41:13)
          at Object.dispatchUIEvent (/Users/yusefbach/Projekte/studynexus/frontend/node_modules/@testing-library/user-event/dist/cjs/event/dispatchEvent.js:22:26)
          at KeyboardHost.keydown (/Users/yusefbach/Projekte/studynexus/frontend/node_modules/@testing-library/user-event/dist/cjs/system/keyboard.js:76:22)
          at keyboardAction (/Users/yusefbach/Projekte/studynexus/frontend/node_modules/@testing-library/user-event/dist/cjs/keyboard/index.js:22:35)
          at Object.keyboard (/Users/yusefbach/Projekte/studynexus/frontend/node_modules/@testing-library/user-event/dist/cjs/keyboard/index.js:11:15)
          at Object.type (/Users/yusefbach/Projekte/studynexus/frontend/node_modules/@testing-library/user-event/dist/cjs/utility/type.js:17:5)
          at Object.asyncWrapper (/Users/yusefbach/Projekte/studynexus/frontend/node_modules/@testing-library/react/dist/pure.js:88:22)
          at Object.<anonymous> (/Users/yusefbach/Projekte/studynexus/frontend/src/app/[locale]/admin/programs/[id]/__tests__/page.test.tsx:178:5) {
        code: 'FORMATTING_ERROR',
        originalMessage: 'The intl string context variable "count" was not provided to the string "{count} Students"'
      }

      175 |           <InfoRow label={t("detail.regelstudienzeit")} value={`${prog.regelstudienzeit} ${t("detail.semesterSuffix")}`} />
      176 |           <InfoRow label={t("detail.gesamtEcts")} value={`${prog.gesamt_ects} ECTS`} />
    > 177 |           <InfoRow label={t("detail.students")} value={t("detail.students", { count: prog.student_count })} />
          |                           ^
      178 |         </dl>
      179 |       </SectionCard>
      180 |

      at defaultOnError (node_modules/use-intl/dist/development/initializeConfig-BhfMSHP7.js:70:11)
      at getFallbackFromErrorAndNotify (node_modules/use-intl/dist/development/createFormatter-QqAaZwGD.js:160:5)
      at translateBaseFn (node_modules/use-intl/dist/development/createFormatter-QqAaZwGD.js:251:14)
      at translateFn (node_modules/use-intl/dist/development/createFormatter-QqAaZwGD.js:258:20)
      at t (src/app/[locale]/admin/programs/[id]/page.tsx:177:27)
      at renderWithHooks (node_modules/react-dom/cjs/react-dom.development.js:15486:18)
      at updateFunctionComponent (node_modules/react-dom/cjs/react-dom.development.js:19617:20)
      at beginWork (node_modules/react-dom/cjs/react-dom.development.js:21640:16)
      at beginWork$1 (node_modules/react-dom/cjs/react-dom.development.js:27465:14)
      at performUnitOfWork (node_modules/react-dom/cjs/react-dom.development.js:26599:12)
      at workLoopSync (node_modules/react-dom/cjs/react-dom.development.js:26505:5)
      at renderRootSync (node_modules/react-dom/cjs/react-dom.development.js:26473:7)
      at performSyncWorkOnRoot (node_modules/react-dom/cjs/react-dom.development.js:26124:20)
      at flushSyncCallbacks (node_modules/react-dom/cjs/react-dom.development.js:12042:22)
      at flushSync (node_modules/react-dom/cjs/react-dom.development.js:26240:7)
      at finishEventHandler (node_modules/react-dom/cjs/react-dom.development.js:3976:5)
      at batchedUpdates (node_modules/react-dom/cjs/react-dom.development.js:3994:5)
      at dispatchEventForPluginEventSystem (node_modules/react-dom/cjs/react-dom.development.js:9287:3)
      at dispatchEventWithEnableCapturePhaseSelectiveHydrationWithoutDiscreteEventReplay (node_modules/react-dom/cjs/react-dom.development.js:6465:5)
      at dispatchEvent (node_modules/react-dom/cjs/react-dom.development.js:6457:5)
      at dispatchDiscreteEvent (node_modules/react-dom/cjs/react-dom.development.js:6430:5)
      at HTMLDivElement.callTheUserObjectsOperation (node_modules/jsdom/lib/jsdom/living/generated/EventListener.js:26:30)
      at innerInvokeEventListeners (node_modules/jsdom/lib/jsdom/living/events/EventTarget-impl.js:350:25)
      at invokeEventListeners (node_modules/jsdom/lib/jsdom/living/events/EventTarget-impl.js:286:3)
      at HTMLInputElementImpl._dispatch (node_modules/jsdom/lib/jsdom/living/events/EventTarget-impl.js:233:9)
      at HTMLInputElementImpl.dispatchEvent (node_modules/jsdom/lib/jsdom/living/events/EventTarget-impl.js:104:17)
      at HTMLInputElement.dispatchEvent (node_modules/jsdom/lib/jsdom/living/generated/EventTarget.js:241:34)
      at node_modules/@testing-library/user-event/dist/cjs/event/dispatchEvent.js:45:43
      at node_modules/@testing-library/react/dist/pure.js:108:16
      at node_modules/@testing-library/react/dist/act-compat.js:48:24
      at act (node_modules/react/cjs/react.development.js:2512:16)
      at node_modules/@testing-library/react/dist/act-compat.js:47:25
      at Object.eventWrapper (node_modules/@testing-library/react/dist/pure.js:107:28)
      at Object.wrapEvent (node_modules/@testing-library/user-event/dist/cjs/event/wrapEvent.js:6:28)
      at Object.dispatchEvent (node_modules/@testing-library/user-event/dist/cjs/event/dispatchEvent.js:45:22)
      at Object.dispatchUIEvent (node_modules/@testing-library/user-event/dist/cjs/event/dispatchEvent.js:22:26)
      at commitInput (node_modules/@testing-library/user-event/dist/cjs/event/input.js:145:14)
      at editInputElement (node_modules/@testing-library/user-event/dist/cjs/event/input.js:115:9)
      at Object.input (node_modules/@testing-library/user-event/dist/cjs/event/input.js:37:9)
      at node_modules/@testing-library/user-event/dist/cjs/event/behavior/keypress.js:31:26
      at Object.dispatchEvent (node_modules/@testing-library/user-event/dist/cjs/event/dispatchEvent.js:41:13)
      at Object.dispatchUIEvent (node_modules/@testing-library/user-event/dist/cjs/event/dispatchEvent.js:22:26)
      at KeyboardHost.keydown (node_modules/@testing-library/user-event/dist/cjs/system/keyboard.js:76:22)
      at keyboardAction (node_modules/@testing-library/user-event/dist/cjs/keyboard/index.js:22:35)
      at Object.keyboard (node_modules/@testing-library/user-event/dist/cjs/keyboard/index.js:11:15)
      at Object.type (node_modules/@testing-library/user-event/dist/cjs/utility/type.js:17:5)
      at Object.asyncWrapper (node_modules/@testing-library/react/dist/pure.js:88:22)
      at Object.<anonymous> (src/app/[locale]/admin/programs/[id]/__tests__/page.test.tsx:178:5)

    console.error
      IntlError: FORMATTING_ERROR: The intl string context variable "count" was not provided to the string "{count} Students"
          at getFallbackFromErrorAndNotify (/Users/yusefbach/Projekte/studynexus/frontend/node_modules/use-intl/dist/development/createFormatter-QqAaZwGD.js:159:19)
          at translateBaseFn (/Users/yusefbach/Projekte/studynexus/frontend/node_modules/use-intl/dist/development/createFormatter-QqAaZwGD.js:251:14)
          at translateFn (/Users/yusefbach/Projekte/studynexus/frontend/node_modules/use-intl/dist/development/createFormatter-QqAaZwGD.js:258:20)
          at t (/Users/yusefbach/Projekte/studynexus/frontend/src/app/[locale]/admin/programs/[id]/page.tsx:177:27)
          at renderWithHooks (/Users/yusefbach/Projekte/studynexus/frontend/node_modules/react-dom/cjs/react-dom.development.js:15486:18)
          at updateFunctionComponent (/Users/yusefbach/Projekte/studynexus/frontend/node_modules/react-dom/cjs/react-dom.development.js:19617:20)
          at beginWork (/Users/yusefbach/Projekte/studynexus/frontend/node_modules/react-dom/cjs/react-dom.development.js:21640:16)
          at beginWork$1 (/Users/yusefbach/Projekte/studynexus/frontend/node_modules/react-dom/cjs/react-dom.development.js:27465:14)
          at performUnitOfWork (/Users/yusefbach/Projekte/studynexus/frontend/node_modules/react-dom/cjs/react-dom.development.js:26599:12)
          at workLoopSync (/Users/yusefbach/Projekte/studynexus/frontend/node_modules/react-dom/cjs/react-dom.development.js:26505:5)
          at renderRootSync (/Users/yusefbach/Projekte/studynexus/frontend/node_modules/react-dom/cjs/react-dom.development.js:26473:7)
          at performSyncWorkOnRoot (/Users/yusefbach/Projekte/studynexus/frontend/node_modules/react-dom/cjs/react-dom.development.js:26124:20)
          at flushSyncCallbacks (/Users/yusefbach/Projekte/studynexus/frontend/node_modules/react-dom/cjs/react-dom.development.js:12042:22)
          at flushSync (/Users/yusefbach/Projekte/studynexus/frontend/node_modules/react-dom/cjs/react-dom.development.js:26240:7)
          at finishEventHandler (/Users/yusefbach/Projekte/studynexus/frontend/node_modules/react-dom/cjs/react-dom.development.js:3976:5)
          at batchedUpdates (/Users/yusefbach/Projekte/studynexus/frontend/node_modules/react-dom/cjs/react-dom.development.js:3994:5)
          at dispatchEventForPluginEventSystem (/Users/yusefbach/Projekte/studynexus/frontend/node_modules/react-dom/cjs/react-dom.development.js:9287:3)
          at dispatchEventWithEnableCapturePhaseSelectiveHydrationWithoutDiscreteEventReplay (/Users/yusefbach/Projekte/studynexus/frontend/node_modules/react-dom/cjs/react-dom.development.js:6465:5)
          at dispatchEvent (/Users/yusefbach/Projekte/studynexus/frontend/node_modules/react-dom/cjs/react-dom.development.js:6457:5)
          at dispatchDiscreteEvent (/Users/yusefbach/Projekte/studynexus/frontend/node_modules/react-dom/cjs/react-dom.development.js:6430:5)
          at HTMLDivElement.callTheUserObjectsOperation (/Users/yusefbach/Projekte/studynexus/frontend/node_modules/jsdom/lib/jsdom/living/generated/EventListener.js:26:30)
          at innerInvokeEventListeners (/Users/yusefbach/Projekte/studynexus/frontend/node_modules/jsdom/lib/jsdom/living/events/EventTarget-impl.js:350:25)
          at invokeEventListeners (/Users/yusefbach/Projekte/studynexus/frontend/node_modules/jsdom/lib/jsdom/living/events/EventTarget-impl.js:286:3)
          at HTMLInputElementImpl._dispatch (/Users/yusefbach/Projekte/studynexus/frontend/node_modules/jsdom/lib/jsdom/living/events/EventTarget-impl.js:233:9)
          at HTMLInputElementImpl.dispatchEvent (/Users/yusefbach/Projekte/studynexus/frontend/node_modules/jsdom/lib/jsdom/living/events/EventTarget-impl.js:104:17)
          at HTMLInputElement.dispatchEvent (/Users/yusefbach/Projekte/studynexus/frontend/node_modules/jsdom/lib/jsdom/living/generated/EventTarget.js:241:34)
          at /Users/yusefbach/Projekte/studynexus/frontend/node_modules/@testing-library/user-event/dist/cjs/event/dispatchEvent.js:45:43
          at /Users/yusefbach/Projekte/studynexus/frontend/node_modules/@testing-library/react/dist/pure.js:108:16
          at /Users/yusefbach/Projekte/studynexus/frontend/node_modules/@testing-library/react/dist/act-compat.js:48:24
          at act (/Users/yusefbach/Projekte/studynexus/frontend/node_modules/react/cjs/react.development.js:2512:16)
          at /Users/yusefbach/Projekte/studynexus/frontend/node_modules/@testing-library/react/dist/act-compat.js:47:25
          at Object.eventWrapper (/Users/yusefbach/Projekte/studynexus/frontend/node_modules/@testing-library/react/dist/pure.js:107:28)
          at Object.wrapEvent (/Users/yusefbach/Projekte/studynexus/frontend/node_modules/@testing-library/user-event/dist/cjs/event/wrapEvent.js:6:28)
          at Object.dispatchEvent (/Users/yusefbach/Projekte/studynexus/frontend/node_modules/@testing-library/user-event/dist/cjs/event/dispatchEvent.js:45:22)
          at Object.dispatchUIEvent (/Users/yusefbach/Projekte/studynexus/frontend/node_modules/@testing-library/user-event/dist/cjs/event/dispatchEvent.js:22:26)
          at commitInput (/Users/yusefbach/Projekte/studynexus/frontend/node_modules/@testing-library/user-event/dist/cjs/event/input.js:145:14)
          at editInputElement (/Users/yusefbach/Projekte/studynexus/frontend/node_modules/@testing-library/user-event/dist/cjs/event/input.js:115:9)
          at Object.input (/Users/yusefbach/Projekte/studynexus/frontend/node_modules/@testing-library/user-event/dist/cjs/event/input.js:37:9)
          at /Users/yusefbach/Projekte/studynexus/frontend/node_modules/@testing-library/user-event/dist/cjs/event/behavior/keypress.js:31:26
          at Object.dispatchEvent (/Users/yusefbach/Projekte/studynexus/frontend/node_modules/@testing-library/user-event/dist/cjs/event/dispatchEvent.js:41:13)
          at Object.dispatchUIEvent (/Users/yusefbach/Projekte/studynexus/frontend/node_modules/@testing-library/user-event/dist/cjs/event/dispatchEvent.js:22:26)
          at KeyboardHost.keydown (/Users/yusefbach/Projekte/studynexus/frontend/node_modules/@testing-library/user-event/dist/cjs/system/keyboard.js:76:22)
          at keyboardAction (/Users/yusefbach/Projekte/studynexus/frontend/node_modules/@testing-library/user-event/dist/cjs/keyboard/index.js:22:35)
          at Object.keyboard (/Users/yusefbach/Projekte/studynexus/frontend/node_modules/@testing-library/user-event/dist/cjs/keyboard/index.js:11:15)
          at Object.type (/Users/yusefbach/Projekte/studynexus/frontend/node_modules/@testing-library/user-event/dist/cjs/utility/type.js:17:5)
          at Object.asyncWrapper (/Users/yusefbach/Projekte/studynexus/frontend/node_modules/@testing-library/react/dist/pure.js:88:22)
          at Object.<anonymous> (/Users/yusefbach/Projekte/studynexus/frontend/src/app/[locale]/admin/programs/[id]/__tests__/page.test.tsx:178:5) {
        code: 'FORMATTING_ERROR',
        originalMessage: 'The intl string context variable "count" was not provided to the string "{count} Students"'
      }

      175 |           <InfoRow label={t("detail.regelstudienzeit")} value={`${prog.regelstudienzeit} ${t("detail.semesterSuffix")}`} />
      176 |           <InfoRow label={t("detail.gesamtEcts")} value={`${prog.gesamt_ects} ECTS`} />
    > 177 |           <InfoRow label={t("detail.students")} value={t("detail.students", { count: prog.student_count })} />
          |                           ^
      178 |         </dl>
      179 |       </SectionCard>
      180 |

      at defaultOnError (node_modules/use-intl/dist/development/initializeConfig-BhfMSHP7.js:70:11)
      at getFallbackFromErrorAndNotify (node_modules/use-intl/dist/development/createFormatter-QqAaZwGD.js:160:5)
      at translateBaseFn (node_modules/use-intl/dist/development/createFormatter-QqAaZwGD.js:251:14)
      at translateFn (node_modules/use-intl/dist/development/createFormatter-QqAaZwGD.js:258:20)
      at t (src/app/[locale]/admin/programs/[id]/page.tsx:177:27)
      at renderWithHooks (node_modules/react-dom/cjs/react-dom.development.js:15486:18)
      at updateFunctionComponent (node_modules/react-dom/cjs/react-dom.development.js:19617:20)
      at beginWork (node_modules/react-dom/cjs/react-dom.development.js:21640:16)
      at beginWork$1 (node_modules/react-dom/cjs/react-dom.development.js:27465:14)
      at performUnitOfWork (node_modules/react-dom/cjs/react-dom.development.js:26599:12)
      at workLoopSync (node_modules/react-dom/cjs/react-dom.development.js:26505:5)
      at renderRootSync (node_modules/react-dom/cjs/react-dom.development.js:26473:7)
      at performSyncWorkOnRoot (node_modules/react-dom/cjs/react-dom.development.js:26124:20)
      at flushSyncCallbacks (node_modules/react-dom/cjs/react-dom.development.js:12042:22)
      at flushSync (node_modules/react-dom/cjs/react-dom.development.js:26240:7)
      at finishEventHandler (node_modules/react-dom/cjs/react-dom.development.js:3976:5)
      at batchedUpdates (node_modules/react-dom/cjs/react-dom.development.js:3994:5)
      at dispatchEventForPluginEventSystem (node_modules/react-dom/cjs/react-dom.development.js:9287:3)
      at dispatchEventWithEnableCapturePhaseSelectiveHydrationWithoutDiscreteEventReplay (node_modules/react-dom/cjs/react-dom.development.js:6465:5)
      at dispatchEvent (node_modules/react-dom/cjs/react-dom.development.js:6457:5)
      at dispatchDiscreteEvent (node_modules/react-dom/cjs/react-dom.development.js:6430:5)
      at HTMLDivElement.callTheUserObjectsOperation (node_modules/jsdom/lib/jsdom/living/generated/EventListener.js:26:30)
      at innerInvokeEventListeners (node_modules/jsdom/lib/jsdom/living/events/EventTarget-impl.js:350:25)
      at invokeEventListeners (node_modules/jsdom/lib/jsdom/living/events/EventTarget-impl.js:286:3)
      at HTMLInputElementImpl._dispatch (node_modules/jsdom/lib/jsdom/living/events/EventTarget-impl.js:233:9)
      at HTMLInputElementImpl.dispatchEvent (node_modules/jsdom/lib/jsdom/living/events/EventTarget-impl.js:104:17)
      at HTMLInputElement.dispatchEvent (node_modules/jsdom/lib/jsdom/living/generated/EventTarget.js:241:34)
      at node_modules/@testing-library/user-event/dist/cjs/event/dispatchEvent.js:45:43
      at node_modules/@testing-library/react/dist/pure.js:108:16
      at node_modules/@testing-library/react/dist/act-compat.js:48:24
      at act (node_modules/react/cjs/react.development.js:2512:16)
      at node_modules/@testing-library/react/dist/act-compat.js:47:25
      at Object.eventWrapper (node_modules/@testing-library/react/dist/pure.js:107:28)
      at Object.wrapEvent (node_modules/@testing-library/user-event/dist/cjs/event/wrapEvent.js:6:28)
      at Object.dispatchEvent (node_modules/@testing-library/user-event/dist/cjs/event/dispatchEvent.js:45:22)
      at Object.dispatchUIEvent (node_modules/@testing-library/user-event/dist/cjs/event/dispatchEvent.js:22:26)
      at commitInput (node_modules/@testing-library/user-event/dist/cjs/event/input.js:145:14)
      at editInputElement (node_modules/@testing-library/user-event/dist/cjs/event/input.js:115:9)
      at Object.input (node_modules/@testing-library/user-event/dist/cjs/event/input.js:37:9)
      at node_modules/@testing-library/user-event/dist/cjs/event/behavior/keypress.js:31:26
      at Object.dispatchEvent (node_modules/@testing-library/user-event/dist/cjs/event/dispatchEvent.js:41:13)
      at Object.dispatchUIEvent (node_modules/@testing-library/user-event/dist/cjs/event/dispatchEvent.js:22:26)
      at KeyboardHost.keydown (node_modules/@testing-library/user-event/dist/cjs/system/keyboard.js:76:22)
      at keyboardAction (node_modules/@testing-library/user-event/dist/cjs/keyboard/index.js:22:35)
      at Object.keyboard (node_modules/@testing-library/user-event/dist/cjs/keyboard/index.js:11:15)
      at Object.type (node_modules/@testing-library/user-event/dist/cjs/utility/type.js:17:5)
      at Object.asyncWrapper (node_modules/@testing-library/react/dist/pure.js:88:22)
      at Object.<anonymous> (src/app/[locale]/admin/programs/[id]/__tests__/page.test.tsx:178:5)

    console.error
      IntlError: FORMATTING_ERROR: The intl string context variable "count" was not provided to the string "{count} Students"
          at getFallbackFromErrorAndNotify (/Users/yusefbach/Projekte/studynexus/frontend/node_modules/use-intl/dist/development/createFormatter-QqAaZwGD.js:159:19)
          at translateBaseFn (/Users/yusefbach/Projekte/studynexus/frontend/node_modules/use-intl/dist/development/createFormatter-QqAaZwGD.js:251:14)
          at translateFn (/Users/yusefbach/Projekte/studynexus/frontend/node_modules/use-intl/dist/development/createFormatter-QqAaZwGD.js:258:20)
          at t (/Users/yusefbach/Projekte/studynexus/frontend/src/app/[locale]/admin/programs/[id]/page.tsx:177:27)
          at renderWithHooks (/Users/yusefbach/Projekte/studynexus/frontend/node_modules/react-dom/cjs/react-dom.development.js:15486:18)
          at updateFunctionComponent (/Users/yusefbach/Projekte/studynexus/frontend/node_modules/react-dom/cjs/react-dom.development.js:19617:20)
          at beginWork (/Users/yusefbach/Projekte/studynexus/frontend/node_modules/react-dom/cjs/react-dom.development.js:21640:16)
          at beginWork$1 (/Users/yusefbach/Projekte/studynexus/frontend/node_modules/react-dom/cjs/react-dom.development.js:27465:14)
          at performUnitOfWork (/Users/yusefbach/Projekte/studynexus/frontend/node_modules/react-dom/cjs/react-dom.development.js:26599:12)
          at workLoopSync (/Users/yusefbach/Projekte/studynexus/frontend/node_modules/react-dom/cjs/react-dom.development.js:26505:5)
          at renderRootSync (/Users/yusefbach/Projekte/studynexus/frontend/node_modules/react-dom/cjs/react-dom.development.js:26473:7)
          at performSyncWorkOnRoot (/Users/yusefbach/Projekte/studynexus/frontend/node_modules/react-dom/cjs/react-dom.development.js:26124:20)
          at flushSyncCallbacks (/Users/yusefbach/Projekte/studynexus/frontend/node_modules/react-dom/cjs/react-dom.development.js:12042:22)
          at flushSync (/Users/yusefbach/Projekte/studynexus/frontend/node_modules/react-dom/cjs/react-dom.development.js:26240:7)
          at finishEventHandler (/Users/yusefbach/Projekte/studynexus/frontend/node_modules/react-dom/cjs/react-dom.development.js:3976:5)
          at batchedUpdates (/Users/yusefbach/Projekte/studynexus/frontend/node_modules/react-dom/cjs/react-dom.development.js:3994:5)
          at dispatchEventForPluginEventSystem (/Users/yusefbach/Projekte/studynexus/frontend/node_modules/react-dom/cjs/react-dom.development.js:9287:3)
          at dispatchEventWithEnableCapturePhaseSelectiveHydrationWithoutDiscreteEventReplay (/Users/yusefbach/Projekte/studynexus/frontend/node_modules/react-dom/cjs/react-dom.development.js:6465:5)
          at dispatchEvent (/Users/yusefbach/Projekte/studynexus/frontend/node_modules/react-dom/cjs/react-dom.development.js:6457:5)
          at dispatchDiscreteEvent (/Users/yusefbach/Projekte/studynexus/frontend/node_modules/react-dom/cjs/react-dom.development.js:6430:5)
          at HTMLDivElement.callTheUserObjectsOperation (/Users/yusefbach/Projekte/studynexus/frontend/node_modules/jsdom/lib/jsdom/living/generated/EventListener.js:26:30)
          at innerInvokeEventListeners (/Users/yusefbach/Projekte/studynexus/frontend/node_modules/jsdom/lib/jsdom/living/events/EventTarget-impl.js:350:25)
          at invokeEventListeners (/Users/yusefbach/Projekte/studynexus/frontend/node_modules/jsdom/lib/jsdom/living/events/EventTarget-impl.js:286:3)
          at HTMLInputElementImpl._dispatch (/Users/yusefbach/Projekte/studynexus/frontend/node_modules/jsdom/lib/jsdom/living/events/EventTarget-impl.js:233:9)
          at HTMLInputElementImpl.dispatchEvent (/Users/yusefbach/Projekte/studynexus/frontend/node_modules/jsdom/lib/jsdom/living/events/EventTarget-impl.js:104:17)
          at HTMLInputElement.dispatchEvent (/Users/yusefbach/Projekte/studynexus/frontend/node_modules/jsdom/lib/jsdom/living/generated/EventTarget.js:241:34)
          at /Users/yusefbach/Projekte/studynexus/frontend/node_modules/@testing-library/user-event/dist/cjs/event/dispatchEvent.js:45:43
          at /Users/yusefbach/Projekte/studynexus/frontend/node_modules/@testing-library/react/dist/pure.js:108:16
          at /Users/yusefbach/Projekte/studynexus/frontend/node_modules/@testing-library/react/dist/act-compat.js:48:24
          at act (/Users/yusefbach/Projekte/studynexus/frontend/node_modules/react/cjs/react.development.js:2512:16)
          at /Users/yusefbach/Projekte/studynexus/frontend/node_modules/@testing-library/react/dist/act-compat.js:47:25
          at Object.eventWrapper (/Users/yusefbach/Projekte/studynexus/frontend/node_modules/@testing-library/react/dist/pure.js:107:28)
          at Object.wrapEvent (/Users/yusefbach/Projekte/studynexus/frontend/node_modules/@testing-library/user-event/dist/cjs/event/wrapEvent.js:6:28)
          at Object.dispatchEvent (/Users/yusefbach/Projekte/studynexus/frontend/node_modules/@testing-library/user-event/dist/cjs/event/dispatchEvent.js:45:22)
          at Object.dispatchUIEvent (/Users/yusefbach/Projekte/studynexus/frontend/node_modules/@testing-library/user-event/dist/cjs/event/dispatchEvent.js:22:26)
          at commitInput (/Users/yusefbach/Projekte/studynexus/frontend/node_modules/@testing-library/user-event/dist/cjs/event/input.js:145:14)
          at editInputElement (/Users/yusefbach/Projekte/studynexus/frontend/node_modules/@testing-library/user-event/dist/cjs/event/input.js:115:9)
          at Object.input (/Users/yusefbach/Projekte/studynexus/frontend/node_modules/@testing-library/user-event/dist/cjs/event/input.js:37:9)
          at Object.clear (/Users/yusefbach/Projekte/studynexus/frontend/node_modules/@testing-library/user-event/dist/cjs/utility/clear.js:29:11)
          at /Users/yusefbach/Projekte/studynexus/frontend/node_modules/@testing-library/user-event/dist/cjs/setup/setup.js:85:45
          at Object.asyncWrapper (/Users/yusefbach/Projekte/studynexus/frontend/node_modules/@testing-library/react/dist/pure.js:88:28)
          at Object.wrapAsync (/Users/yusefbach/Projekte/studynexus/frontend/node_modules/@testing-library/user-event/dist/cjs/setup/wrapAsync.js:8:28)
          at Object.method [as clear] (/Users/yusefbach/Projekte/studynexus/frontend/node_modules/@testing-library/user-event/dist/cjs/setup/setup.js:85:26)
          at Object.clear (/Users/yusefbach/Projekte/studynexus/frontend/src/app/[locale]/admin/programs/[id]/__tests__/page.test.tsx:182:16) {
        code: 'FORMATTING_ERROR',
        originalMessage: 'The intl string context variable "count" was not provided to the string "{count} Students"'
      }

      175 |           <InfoRow label={t("detail.regelstudienzeit")} value={`${prog.regelstudienzeit} ${t("detail.semesterSuffix")}`} />
      176 |           <InfoRow label={t("detail.gesamtEcts")} value={`${prog.gesamt_ects} ECTS`} />
    > 177 |           <InfoRow label={t("detail.students")} value={t("detail.students", { count: prog.student_count })} />
          |                           ^
      178 |         </dl>
      179 |       </SectionCard>
      180 |

      at defaultOnError (node_modules/use-intl/dist/development/initializeConfig-BhfMSHP7.js:70:11)
      at getFallbackFromErrorAndNotify (node_modules/use-intl/dist/development/createFormatter-QqAaZwGD.js:160:5)
      at translateBaseFn (node_modules/use-intl/dist/development/createFormatter-QqAaZwGD.js:251:14)
      at translateFn (node_modules/use-intl/dist/development/createFormatter-QqAaZwGD.js:258:20)
      at t (src/app/[locale]/admin/programs/[id]/page.tsx:177:27)
      at renderWithHooks (node_modules/react-dom/cjs/react-dom.development.js:15486:18)
      at updateFunctionComponent (node_modules/react-dom/cjs/react-dom.development.js:19617:20)
      at beginWork (node_modules/react-dom/cjs/react-dom.development.js:21640:16)
      at beginWork$1 (node_modules/react-dom/cjs/react-dom.development.js:27465:14)
      at performUnitOfWork (node_modules/react-dom/cjs/react-dom.development.js:26599:12)
      at workLoopSync (node_modules/react-dom/cjs/react-dom.development.js:26505:5)
      at renderRootSync (node_modules/react-dom/cjs/react-dom.development.js:26473:7)
      at performSyncWorkOnRoot (node_modules/react-dom/cjs/react-dom.development.js:26124:20)
      at flushSyncCallbacks (node_modules/react-dom/cjs/react-dom.development.js:12042:22)
      at flushSync (node_modules/react-dom/cjs/react-dom.development.js:26240:7)
      at finishEventHandler (node_modules/react-dom/cjs/react-dom.development.js:3976:5)
      at batchedUpdates (node_modules/react-dom/cjs/react-dom.development.js:3994:5)
      at dispatchEventForPluginEventSystem (node_modules/react-dom/cjs/react-dom.development.js:9287:3)
      at dispatchEventWithEnableCapturePhaseSelectiveHydrationWithoutDiscreteEventReplay (node_modules/react-dom/cjs/react-dom.development.js:6465:5)
      at dispatchEvent (node_modules/react-dom/cjs/react-dom.development.js:6457:5)
      at dispatchDiscreteEvent (node_modules/react-dom/cjs/react-dom.development.js:6430:5)
      at HTMLDivElement.callTheUserObjectsOperation (node_modules/jsdom/lib/jsdom/living/generated/EventListener.js:26:30)
      at innerInvokeEventListeners (node_modules/jsdom/lib/jsdom/living/events/EventTarget-impl.js:350:25)
      at invokeEventListeners (node_modules/jsdom/lib/jsdom/living/events/EventTarget-impl.js:286:3)
      at HTMLInputElementImpl._dispatch (node_modules/jsdom/lib/jsdom/living/events/EventTarget-impl.js:233:9)
      at HTMLInputElementImpl.dispatchEvent (node_modules/jsdom/lib/jsdom/living/events/EventTarget-impl.js:104:17)
      at HTMLInputElement.dispatchEvent (node_modules/jsdom/lib/jsdom/living/generated/EventTarget.js:241:34)
      at node_modules/@testing-library/user-event/dist/cjs/event/dispatchEvent.js:45:43
      at node_modules/@testing-library/react/dist/pure.js:108:16
      at node_modules/@testing-library/react/dist/act-compat.js:48:24
      at act (node_modules/react/cjs/react.development.js:2512:16)
      at node_modules/@testing-library/react/dist/act-compat.js:47:25
      at Object.eventWrapper (node_modules/@testing-library/react/dist/pure.js:107:28)
      at Object.wrapEvent (node_modules/@testing-library/user-event/dist/cjs/event/wrapEvent.js:6:28)
      at Object.dispatchEvent (node_modules/@testing-library/user-event/dist/cjs/event/dispatchEvent.js:45:22)
      at Object.dispatchUIEvent (node_modules/@testing-library/user-event/dist/cjs/event/dispatchEvent.js:22:26)
      at commitInput (node_modules/@testing-library/user-event/dist/cjs/event/input.js:145:14)
      at editInputElement (node_modules/@testing-library/user-event/dist/cjs/event/input.js:115:9)
      at Object.input (node_modules/@testing-library/user-event/dist/cjs/event/input.js:37:9)
      at Object.clear (node_modules/@testing-library/user-event/dist/cjs/utility/clear.js:29:11)
      at node_modules/@testing-library/user-event/dist/cjs/setup/setup.js:85:45
      at Object.asyncWrapper (node_modules/@testing-library/react/dist/pure.js:88:28)
      at Object.wrapAsync (node_modules/@testing-library/user-event/dist/cjs/setup/wrapAsync.js:8:28)
      at Object.method [as clear] (node_modules/@testing-library/user-event/dist/cjs/setup/setup.js:85:26)
      at Object.clear (src/app/[locale]/admin/programs/[id]/__tests__/page.test.tsx:182:16)

    console.error
      IntlError: FORMATTING_ERROR: The intl string context variable "count" was not provided to the string "{count} Students"
          at getFallbackFromErrorAndNotify (/Users/yusefbach/Projekte/studynexus/frontend/node_modules/use-intl/dist/development/createFormatter-QqAaZwGD.js:159:19)
          at translateBaseFn (/Users/yusefbach/Projekte/studynexus/frontend/node_modules/use-intl/dist/development/createFormatter-QqAaZwGD.js:251:14)
          at translateFn (/Users/yusefbach/Projekte/studynexus/frontend/node_modules/use-intl/dist/development/createFormatter-QqAaZwGD.js:258:20)
          at t (/Users/yusefbach/Projekte/studynexus/frontend/src/app/[locale]/admin/programs/[id]/page.tsx:177:27)
          at renderWithHooks (/Users/yusefbach/Projekte/studynexus/frontend/node_modules/react-dom/cjs/react-dom.development.js:15486:18)
          at updateFunctionComponent (/Users/yusefbach/Projekte/studynexus/frontend/node_modules/react-dom/cjs/react-dom.development.js:19617:20)
          at beginWork (/Users/yusefbach/Projekte/studynexus/frontend/node_modules/react-dom/cjs/react-dom.development.js:21640:16)
          at beginWork$1 (/Users/yusefbach/Projekte/studynexus/frontend/node_modules/react-dom/cjs/react-dom.development.js:27465:14)
          at performUnitOfWork (/Users/yusefbach/Projekte/studynexus/frontend/node_modules/react-dom/cjs/react-dom.development.js:26599:12)
          at workLoopSync (/Users/yusefbach/Projekte/studynexus/frontend/node_modules/react-dom/cjs/react-dom.development.js:26505:5)
          at renderRootSync (/Users/yusefbach/Projekte/studynexus/frontend/node_modules/react-dom/cjs/react-dom.development.js:26473:7)
          at performSyncWorkOnRoot (/Users/yusefbach/Projekte/studynexus/frontend/node_modules/react-dom/cjs/react-dom.development.js:26124:20)
          at flushSyncCallbacks (/Users/yusefbach/Projekte/studynexus/frontend/node_modules/react-dom/cjs/react-dom.development.js:12042:22)
          at flushSync (/Users/yusefbach/Projekte/studynexus/frontend/node_modules/react-dom/cjs/react-dom.development.js:26240:7)
          at finishEventHandler (/Users/yusefbach/Projekte/studynexus/frontend/node_modules/react-dom/cjs/react-dom.development.js:3976:5)
          at batchedUpdates (/Users/yusefbach/Projekte/studynexus/frontend/node_modules/react-dom/cjs/react-dom.development.js:3994:5)
          at dispatchEventForPluginEventSystem (/Users/yusefbach/Projekte/studynexus/frontend/node_modules/react-dom/cjs/react-dom.development.js:9287:3)
          at dispatchEventWithEnableCapturePhaseSelectiveHydrationWithoutDiscreteEventReplay (/Users/yusefbach/Projekte/studynexus/frontend/node_modules/react-dom/cjs/react-dom.development.js:6465:5)
          at dispatchEvent (/Users/yusefbach/Projekte/studynexus/frontend/node_modules/react-dom/cjs/react-dom.development.js:6457:5)
          at dispatchDiscreteEvent (/Users/yusefbach/Projekte/studynexus/frontend/node_modules/react-dom/cjs/react-dom.development.js:6430:5)
          at HTMLDivElement.callTheUserObjectsOperation (/Users/yusefbach/Projekte/studynexus/frontend/node_modules/jsdom/lib/jsdom/living/generated/EventListener.js:26:30)
          at innerInvokeEventListeners (/Users/yusefbach/Projekte/studynexus/frontend/node_modules/jsdom/lib/jsdom/living/events/EventTarget-impl.js:350:25)
          at invokeEventListeners (/Users/yusefbach/Projekte/studynexus/frontend/node_modules/jsdom/lib/jsdom/living/events/EventTarget-impl.js:286:3)
          at HTMLInputElementImpl._dispatch (/Users/yusefbach/Projekte/studynexus/frontend/node_modules/jsdom/lib/jsdom/living/events/EventTarget-impl.js:233:9)
          at HTMLInputElementImpl.dispatchEvent (/Users/yusefbach/Projekte/studynexus/frontend/node_modules/jsdom/lib/jsdom/living/events/EventTarget-impl.js:104:17)
          at HTMLInputElement.dispatchEvent (/Users/yusefbach/Projekte/studynexus/frontend/node_modules/jsdom/lib/jsdom/living/generated/EventTarget.js:241:34)
          at /Users/yusefbach/Projekte/studynexus/frontend/node_modules/@testing-library/user-event/dist/cjs/event/dispatchEvent.js:45:43
          at /Users/yusefbach/Projekte/studynexus/frontend/node_modules/@testing-library/react/dist/pure.js:108:16
          at /Users/yusefbach/Projekte/studynexus/frontend/node_modules/@testing-library/react/dist/act-compat.js:48:24
          at act (/Users/yusefbach/Projekte/studynexus/frontend/node_modules/react/cjs/react.development.js:2512:16)
          at /Users/yusefbach/Projekte/studynexus/frontend/node_modules/@testing-library/react/dist/act-compat.js:47:25
          at Object.eventWrapper (/Users/yusefbach/Projekte/studynexus/frontend/node_modules/@testing-library/react/dist/pure.js:107:28)
          at Object.wrapEvent (/Users/yusefbach/Projekte/studynexus/frontend/node_modules/@testing-library/user-event/dist/cjs/event/wrapEvent.js:6:28)
          at Object.dispatchEvent (/Users/yusefbach/Projekte/studynexus/frontend/node_modules/@testing-library/user-event/dist/cjs/event/dispatchEvent.js:45:22)
          at Object.dispatchUIEvent (/Users/yusefbach/Projekte/studynexus/frontend/node_modules/@testing-library/user-event/dist/cjs/event/dispatchEvent.js:22:26)
          at commitInput (/Users/yusefbach/Projekte/studynexus/frontend/node_modules/@testing-library/user-event/dist/cjs/event/input.js:145:14)
          at editInputElement (/Users/yusefbach/Projekte/studynexus/frontend/node_modules/@testing-library/user-event/dist/cjs/event/input.js:115:9)
          at Object.input (/Users/yusefbach/Projekte/studynexus/frontend/node_modules/@testing-library/user-event/dist/cjs/event/input.js:37:9)
          at /Users/yusefbach/Projekte/studynexus/frontend/node_modules/@testing-library/user-event/dist/cjs/event/behavior/keypress.js:31:26
          at Object.dispatchEvent (/Users/yusefbach/Projekte/studynexus/frontend/node_modules/@testing-library/user-event/dist/cjs/event/dispatchEvent.js:41:13)
          at Object.dispatchUIEvent (/Users/yusefbach/Projekte/studynexus/frontend/node_modules/@testing-library/user-event/dist/cjs/event/dispatchEvent.js:22:26)
          at KeyboardHost.keydown (/Users/yusefbach/Projekte/studynexus/frontend/node_modules/@testing-library/user-event/dist/cjs/system/keyboard.js:76:22)
          at keyboardAction (/Users/yusefbach/Projekte/studynexus/frontend/node_modules/@testing-library/user-event/dist/cjs/keyboard/index.js:22:35)
          at Object.keyboard (/Users/yusefbach/Projekte/studynexus/frontend/node_modules/@testing-library/user-event/dist/cjs/keyboard/index.js:11:15)
          at Object.type (/Users/yusefbach/Projekte/studynexus/frontend/node_modules/@testing-library/user-event/dist/cjs/utility/type.js:17:5)
          at Object.asyncWrapper (/Users/yusefbach/Projekte/studynexus/frontend/node_modules/@testing-library/react/dist/pure.js:88:22)
          at Object.<anonymous> (/Users/yusefbach/Projekte/studynexus/frontend/src/app/[locale]/admin/programs/[id]/__tests__/page.test.tsx:183:5) {
        code: 'FORMATTING_ERROR',
        originalMessage: 'The intl string context variable "count" was not provided to the string "{count} Students"'
      }

      175 |           <InfoRow label={t("detail.regelstudienzeit")} value={`${prog.regelstudienzeit} ${t("detail.semesterSuffix")}`} />
      176 |           <InfoRow label={t("detail.gesamtEcts")} value={`${prog.gesamt_ects} ECTS`} />
    > 177 |           <InfoRow label={t("detail.students")} value={t("detail.students", { count: prog.student_count })} />
          |                           ^
      178 |         </dl>
      179 |       </SectionCard>
      180 |

      at defaultOnError (node_modules/use-intl/dist/development/initializeConfig-BhfMSHP7.js:70:11)
      at getFallbackFromErrorAndNotify (node_modules/use-intl/dist/development/createFormatter-QqAaZwGD.js:160:5)
      at translateBaseFn (node_modules/use-intl/dist/development/createFormatter-QqAaZwGD.js:251:14)
      at translateFn (node_modules/use-intl/dist/development/createFormatter-QqAaZwGD.js:258:20)
      at t (src/app/[locale]/admin/programs/[id]/page.tsx:177:27)
      at renderWithHooks (node_modules/react-dom/cjs/react-dom.development.js:15486:18)
      at updateFunctionComponent (node_modules/react-dom/cjs/react-dom.development.js:19617:20)
      at beginWork (node_modules/react-dom/cjs/react-dom.development.js:21640:16)
      at beginWork$1 (node_modules/react-dom/cjs/react-dom.development.js:27465:14)
      at performUnitOfWork (node_modules/react-dom/cjs/react-dom.development.js:26599:12)
      at workLoopSync (node_modules/react-dom/cjs/react-dom.development.js:26505:5)
      at renderRootSync (node_modules/react-dom/cjs/react-dom.development.js:26473:7)
      at performSyncWorkOnRoot (node_modules/react-dom/cjs/react-dom.development.js:26124:20)
      at flushSyncCallbacks (node_modules/react-dom/cjs/react-dom.development.js:12042:22)
      at flushSync (node_modules/react-dom/cjs/react-dom.development.js:26240:7)
      at finishEventHandler (node_modules/react-dom/cjs/react-dom.development.js:3976:5)
      at batchedUpdates (node_modules/react-dom/cjs/react-dom.development.js:3994:5)
      at dispatchEventForPluginEventSystem (node_modules/react-dom/cjs/react-dom.development.js:9287:3)
      at dispatchEventWithEnableCapturePhaseSelectiveHydrationWithoutDiscreteEventReplay (node_modules/react-dom/cjs/react-dom.development.js:6465:5)
      at dispatchEvent (node_modules/react-dom/cjs/react-dom.development.js:6457:5)
      at dispatchDiscreteEvent (node_modules/react-dom/cjs/react-dom.development.js:6430:5)
      at HTMLDivElement.callTheUserObjectsOperation (node_modules/jsdom/lib/jsdom/living/generated/EventListener.js:26:30)
      at innerInvokeEventListeners (node_modules/jsdom/lib/jsdom/living/events/EventTarget-impl.js:350:25)
      at invokeEventListeners (node_modules/jsdom/lib/jsdom/living/events/EventTarget-impl.js:286:3)
      at HTMLInputElementImpl._dispatch (node_modules/jsdom/lib/jsdom/living/events/EventTarget-impl.js:233:9)
      at HTMLInputElementImpl.dispatchEvent (node_modules/jsdom/lib/jsdom/living/events/EventTarget-impl.js:104:17)
      at HTMLInputElement.dispatchEvent (node_modules/jsdom/lib/jsdom/living/generated/EventTarget.js:241:34)
      at node_modules/@testing-library/user-event/dist/cjs/event/dispatchEvent.js:45:43
      at node_modules/@testing-library/react/dist/pure.js:108:16
      at node_modules/@testing-library/react/dist/act-compat.js:48:24
      at act (node_modules/react/cjs/react.development.js:2512:16)
      at node_modules/@testing-library/react/dist/act-compat.js:47:25
      at Object.eventWrapper (node_modules/@testing-library/react/dist/pure.js:107:28)
      at Object.wrapEvent (node_modules/@testing-library/user-event/dist/cjs/event/wrapEvent.js:6:28)
      at Object.dispatchEvent (node_modules/@testing-library/user-event/dist/cjs/event/dispatchEvent.js:45:22)
      at Object.dispatchUIEvent (node_modules/@testing-library/user-event/dist/cjs/event/dispatchEvent.js:22:26)
      at commitInput (node_modules/@testing-library/user-event/dist/cjs/event/input.js:145:14)
      at editInputElement (node_modules/@testing-library/user-event/dist/cjs/event/input.js:115:9)
      at Object.input (node_modules/@testing-library/user-event/dist/cjs/event/input.js:37:9)
      at node_modules/@testing-library/user-event/dist/cjs/event/behavior/keypress.js:31:26
      at Object.dispatchEvent (node_modules/@testing-library/user-event/dist/cjs/event/dispatchEvent.js:41:13)
      at Object.dispatchUIEvent (node_modules/@testing-library/user-event/dist/cjs/event/dispatchEvent.js:22:26)
      at KeyboardHost.keydown (node_modules/@testing-library/user-event/dist/cjs/system/keyboard.js:76:22)
      at keyboardAction (node_modules/@testing-library/user-event/dist/cjs/keyboard/index.js:22:35)
      at Object.keyboard (node_modules/@testing-library/user-event/dist/cjs/keyboard/index.js:11:15)
      at Object.type (node_modules/@testing-library/user-event/dist/cjs/utility/type.js:17:5)
      at Object.asyncWrapper (node_modules/@testing-library/react/dist/pure.js:88:22)
      at Object.<anonymous> (src/app/[locale]/admin/programs/[id]/__tests__/page.test.tsx:183:5)

    console.error
      IntlError: FORMATTING_ERROR: The intl string context variable "count" was not provided to the string "{count} Students"
          at getFallbackFromErrorAndNotify (/Users/yusefbach/Projekte/studynexus/frontend/node_modules/use-intl/dist/development/createFormatter-QqAaZwGD.js:159:19)
          at translateBaseFn (/Users/yusefbach/Projekte/studynexus/frontend/node_modules/use-intl/dist/development/createFormatter-QqAaZwGD.js:251:14)
          at translateFn (/Users/yusefbach/Projekte/studynexus/frontend/node_modules/use-intl/dist/development/createFormatter-QqAaZwGD.js:258:20)
          at t (/Users/yusefbach/Projekte/studynexus/frontend/src/app/[locale]/admin/programs/[id]/page.tsx:177:27)
          at renderWithHooks (/Users/yusefbach/Projekte/studynexus/frontend/node_modules/react-dom/cjs/react-dom.development.js:15486:18)
          at updateFunctionComponent (/Users/yusefbach/Projekte/studynexus/frontend/node_modules/react-dom/cjs/react-dom.development.js:19617:20)
          at beginWork (/Users/yusefbach/Projekte/studynexus/frontend/node_modules/react-dom/cjs/react-dom.development.js:21640:16)
          at beginWork$1 (/Users/yusefbach/Projekte/studynexus/frontend/node_modules/react-dom/cjs/react-dom.development.js:27465:14)
          at performUnitOfWork (/Users/yusefbach/Projekte/studynexus/frontend/node_modules/react-dom/cjs/react-dom.development.js:26599:12)
          at workLoopSync (/Users/yusefbach/Projekte/studynexus/frontend/node_modules/react-dom/cjs/react-dom.development.js:26505:5)
          at renderRootSync (/Users/yusefbach/Projekte/studynexus/frontend/node_modules/react-dom/cjs/react-dom.development.js:26473:7)
          at performSyncWorkOnRoot (/Users/yusefbach/Projekte/studynexus/frontend/node_modules/react-dom/cjs/react-dom.development.js:26124:20)
          at flushSyncCallbacks (/Users/yusefbach/Projekte/studynexus/frontend/node_modules/react-dom/cjs/react-dom.development.js:12042:22)
          at flushSync (/Users/yusefbach/Projekte/studynexus/frontend/node_modules/react-dom/cjs/react-dom.development.js:26240:7)
          at finishEventHandler (/Users/yusefbach/Projekte/studynexus/frontend/node_modules/react-dom/cjs/react-dom.development.js:3976:5)
          at batchedUpdates (/Users/yusefbach/Projekte/studynexus/frontend/node_modules/react-dom/cjs/react-dom.development.js:3994:5)
          at dispatchEventForPluginEventSystem (/Users/yusefbach/Projekte/studynexus/frontend/node_modules/react-dom/cjs/react-dom.development.js:9287:3)
          at dispatchEventWithEnableCapturePhaseSelectiveHydrationWithoutDiscreteEventReplay (/Users/yusefbach/Projekte/studynexus/frontend/node_modules/react-dom/cjs/react-dom.development.js:6465:5)
          at dispatchEvent (/Users/yusefbach/Projekte/studynexus/frontend/node_modules/react-dom/cjs/react-dom.development.js:6457:5)
          at dispatchDiscreteEvent (/Users/yusefbach/Projekte/studynexus/frontend/node_modules/react-dom/cjs/react-dom.development.js:6430:5)
          at HTMLDivElement.callTheUserObjectsOperation (/Users/yusefbach/Projekte/studynexus/frontend/node_modules/jsdom/lib/jsdom/living/generated/EventListener.js:26:30)
          at innerInvokeEventListeners (/Users/yusefbach/Projekte/studynexus/frontend/node_modules/jsdom/lib/jsdom/living/events/EventTarget-impl.js:350:25)
          at invokeEventListeners (/Users/yusefbach/Projekte/studynexus/frontend/node_modules/jsdom/lib/jsdom/living/events/EventTarget-impl.js:286:3)
          at HTMLInputElementImpl._dispatch (/Users/yusefbach/Projekte/studynexus/frontend/node_modules/jsdom/lib/jsdom/living/events/EventTarget-impl.js:233:9)
          at HTMLInputElementImpl.dispatchEvent (/Users/yusefbach/Projekte/studynexus/frontend/node_modules/jsdom/lib/jsdom/living/events/EventTarget-impl.js:104:17)
          at HTMLInputElement.dispatchEvent (/Users/yusefbach/Projekte/studynexus/frontend/node_modules/jsdom/lib/jsdom/living/generated/EventTarget.js:241:34)
          at /Users/yusefbach/Projekte/studynexus/frontend/node_modules/@testing-library/user-event/dist/cjs/event/dispatchEvent.js:45:43
          at /Users/yusefbach/Projekte/studynexus/frontend/node_modules/@testing-library/react/dist/pure.js:108:16
          at /Users/yusefbach/Projekte/studynexus/frontend/node_modules/@testing-library/react/dist/act-compat.js:48:24
          at act (/Users/yusefbach/Projekte/studynexus/frontend/node_modules/react/cjs/react.development.js:2512:16)
          at /Users/yusefbach/Projekte/studynexus/frontend/node_modules/@testing-library/react/dist/act-compat.js:47:25
          at Object.eventWrapper (/Users/yusefbach/Projekte/studynexus/frontend/node_modules/@testing-library/react/dist/pure.js:107:28)
          at Object.wrapEvent (/Users/yusefbach/Projekte/studynexus/frontend/node_modules/@testing-library/user-event/dist/cjs/event/wrapEvent.js:6:28)
          at Object.dispatchEvent (/Users/yusefbach/Projekte/studynexus/frontend/node_modules/@testing-library/user-event/dist/cjs/event/dispatchEvent.js:45:22)
          at Object.dispatchUIEvent (/Users/yusefbach/Projekte/studynexus/frontend/node_modules/@testing-library/user-event/dist/cjs/event/dispatchEvent.js:22:26)
          at commitInput (/Users/yusefbach/Projekte/studynexus/frontend/node_modules/@testing-library/user-event/dist/cjs/event/input.js:145:14)
          at editInputElement (/Users/yusefbach/Projekte/studynexus/frontend/node_modules/@testing-library/user-event/dist/cjs/event/input.js:115:9)
          at Object.input (/Users/yusefbach/Projekte/studynexus/frontend/node_modules/@testing-library/user-event/dist/cjs/event/input.js:37:9)
          at Object.clear (/Users/yusefbach/Projekte/studynexus/frontend/node_modules/@testing-library/user-event/dist/cjs/utility/clear.js:29:11)
          at /Users/yusefbach/Projekte/studynexus/frontend/node_modules/@testing-library/user-event/dist/cjs/setup/setup.js:85:45
          at Object.asyncWrapper (/Users/yusefbach/Projekte/studynexus/frontend/node_modules/@testing-library/react/dist/pure.js:88:28)
          at Object.wrapAsync (/Users/yusefbach/Projekte/studynexus/frontend/node_modules/@testing-library/user-event/dist/cjs/setup/wrapAsync.js:8:28)
          at Object.method [as clear] (/Users/yusefbach/Projekte/studynexus/frontend/node_modules/@testing-library/user-event/dist/cjs/setup/setup.js:85:26)
          at Object.clear (/Users/yusefbach/Projekte/studynexus/frontend/src/app/[locale]/admin/programs/[id]/__tests__/page.test.tsx:184:16) {
        code: 'FORMATTING_ERROR',
        originalMessage: 'The intl string context variable "count" was not provided to the string "{count} Students"'
      }

      175 |           <InfoRow label={t("detail.regelstudienzeit")} value={`${prog.regelstudienzeit} ${t("detail.semesterSuffix")}`} />
      176 |           <InfoRow label={t("detail.gesamtEcts")} value={`${prog.gesamt_ects} ECTS`} />
    > 177 |           <InfoRow label={t("detail.students")} value={t("detail.students", { count: prog.student_count })} />
          |                           ^
      178 |         </dl>
      179 |       </SectionCard>
      180 |

      at defaultOnError (node_modules/use-intl/dist/development/initializeConfig-BhfMSHP7.js:70:11)
      at getFallbackFromErrorAndNotify (node_modules/use-intl/dist/development/createFormatter-QqAaZwGD.js:160:5)
      at translateBaseFn (node_modules/use-intl/dist/development/createFormatter-QqAaZwGD.js:251:14)
      at translateFn (node_modules/use-intl/dist/development/createFormatter-QqAaZwGD.js:258:20)
      at t (src/app/[locale]/admin/programs/[id]/page.tsx:177:27)
      at renderWithHooks (node_modules/react-dom/cjs/react-dom.development.js:15486:18)
      at updateFunctionComponent (node_modules/react-dom/cjs/react-dom.development.js:19617:20)
      at beginWork (node_modules/react-dom/cjs/react-dom.development.js:21640:16)
      at beginWork$1 (node_modules/react-dom/cjs/react-dom.development.js:27465:14)
      at performUnitOfWork (node_modules/react-dom/cjs/react-dom.development.js:26599:12)
      at workLoopSync (node_modules/react-dom/cjs/react-dom.development.js:26505:5)
      at renderRootSync (node_modules/react-dom/cjs/react-dom.development.js:26473:7)
      at performSyncWorkOnRoot (node_modules/react-dom/cjs/react-dom.development.js:26124:20)
      at flushSyncCallbacks (node_modules/react-dom/cjs/react-dom.development.js:12042:22)
      at flushSync (node_modules/react-dom/cjs/react-dom.development.js:26240:7)
      at finishEventHandler (node_modules/react-dom/cjs/react-dom.development.js:3976:5)
      at batchedUpdates (node_modules/react-dom/cjs/react-dom.development.js:3994:5)
      at dispatchEventForPluginEventSystem (node_modules/react-dom/cjs/react-dom.development.js:9287:3)
      at dispatchEventWithEnableCapturePhaseSelectiveHydrationWithoutDiscreteEventReplay (node_modules/react-dom/cjs/react-dom.development.js:6465:5)
      at dispatchEvent (node_modules/react-dom/cjs/react-dom.development.js:6457:5)
      at dispatchDiscreteEvent (node_modules/react-dom/cjs/react-dom.development.js:6430:5)
      at HTMLDivElement.callTheUserObjectsOperation (node_modules/jsdom/lib/jsdom/living/generated/EventListener.js:26:30)
      at innerInvokeEventListeners (node_modules/jsdom/lib/jsdom/living/events/EventTarget-impl.js:350:25)
      at invokeEventListeners (node_modules/jsdom/lib/jsdom/living/events/EventTarget-impl.js:286:3)
      at HTMLInputElementImpl._dispatch (node_modules/jsdom/lib/jsdom/living/events/EventTarget-impl.js:233:9)
      at HTMLInputElementImpl.dispatchEvent (node_modules/jsdom/lib/jsdom/living/events/EventTarget-impl.js:104:17)
      at HTMLInputElement.dispatchEvent (node_modules/jsdom/lib/jsdom/living/generated/EventTarget.js:241:34)
      at node_modules/@testing-library/user-event/dist/cjs/event/dispatchEvent.js:45:43
      at node_modules/@testing-library/react/dist/pure.js:108:16
      at node_modules/@testing-library/react/dist/act-compat.js:48:24
      at act (node_modules/react/cjs/react.development.js:2512:16)
      at node_modules/@testing-library/react/dist/act-compat.js:47:25
      at Object.eventWrapper (node_modules/@testing-library/react/dist/pure.js:107:28)
      at Object.wrapEvent (node_modules/@testing-library/user-event/dist/cjs/event/wrapEvent.js:6:28)
      at Object.dispatchEvent (node_modules/@testing-library/user-event/dist/cjs/event/dispatchEvent.js:45:22)
      at Object.dispatchUIEvent (node_modules/@testing-library/user-event/dist/cjs/event/dispatchEvent.js:22:26)
      at commitInput (node_modules/@testing-library/user-event/dist/cjs/event/input.js:145:14)
      at editInputElement (node_modules/@testing-library/user-event/dist/cjs/event/input.js:115:9)
      at Object.input (node_modules/@testing-library/user-event/dist/cjs/event/input.js:37:9)
      at Object.clear (node_modules/@testing-library/user-event/dist/cjs/utility/clear.js:29:11)
      at node_modules/@testing-library/user-event/dist/cjs/setup/setup.js:85:45
      at Object.asyncWrapper (node_modules/@testing-library/react/dist/pure.js:88:28)
      at Object.wrapAsync (node_modules/@testing-library/user-event/dist/cjs/setup/wrapAsync.js:8:28)
      at Object.method [as clear] (node_modules/@testing-library/user-event/dist/cjs/setup/setup.js:85:26)
      at Object.clear (src/app/[locale]/admin/programs/[id]/__tests__/page.test.tsx:184:16)

    console.error
      IntlError: FORMATTING_ERROR: The intl string context variable "count" was not provided to the string "{count} Students"
          at getFallbackFromErrorAndNotify (/Users/yusefbach/Projekte/studynexus/frontend/node_modules/use-intl/dist/development/createFormatter-QqAaZwGD.js:159:19)
          at translateBaseFn (/Users/yusefbach/Projekte/studynexus/frontend/node_modules/use-intl/dist/development/createFormatter-QqAaZwGD.js:251:14)
          at translateFn (/Users/yusefbach/Projekte/studynexus/frontend/node_modules/use-intl/dist/development/createFormatter-QqAaZwGD.js:258:20)
          at t (/Users/yusefbach/Projekte/studynexus/frontend/src/app/[locale]/admin/programs/[id]/page.tsx:177:27)
          at renderWithHooks (/Users/yusefbach/Projekte/studynexus/frontend/node_modules/react-dom/cjs/react-dom.development.js:15486:18)
          at updateFunctionComponent (/Users/yusefbach/Projekte/studynexus/frontend/node_modules/react-dom/cjs/react-dom.development.js:19617:20)
          at beginWork (/Users/yusefbach/Projekte/studynexus/frontend/node_modules/react-dom/cjs/react-dom.development.js:21640:16)
          at beginWork$1 (/Users/yusefbach/Projekte/studynexus/frontend/node_modules/react-dom/cjs/react-dom.development.js:27465:14)
          at performUnitOfWork (/Users/yusefbach/Projekte/studynexus/frontend/node_modules/react-dom/cjs/react-dom.development.js:26599:12)
          at workLoopSync (/Users/yusefbach/Projekte/studynexus/frontend/node_modules/react-dom/cjs/react-dom.development.js:26505:5)
          at renderRootSync (/Users/yusefbach/Projekte/studynexus/frontend/node_modules/react-dom/cjs/react-dom.development.js:26473:7)
          at performSyncWorkOnRoot (/Users/yusefbach/Projekte/studynexus/frontend/node_modules/react-dom/cjs/react-dom.development.js:26124:20)
          at flushSyncCallbacks (/Users/yusefbach/Projekte/studynexus/frontend/node_modules/react-dom/cjs/react-dom.development.js:12042:22)
          at flushSync (/Users/yusefbach/Projekte/studynexus/frontend/node_modules/react-dom/cjs/react-dom.development.js:26240:7)
          at finishEventHandler (/Users/yusefbach/Projekte/studynexus/frontend/node_modules/react-dom/cjs/react-dom.development.js:3976:5)
          at batchedUpdates (/Users/yusefbach/Projekte/studynexus/frontend/node_modules/react-dom/cjs/react-dom.development.js:3994:5)
          at dispatchEventForPluginEventSystem (/Users/yusefbach/Projekte/studynexus/frontend/node_modules/react-dom/cjs/react-dom.development.js:9287:3)
          at dispatchEventWithEnableCapturePhaseSelectiveHydrationWithoutDiscreteEventReplay (/Users/yusefbach/Projekte/studynexus/frontend/node_modules/react-dom/cjs/react-dom.development.js:6465:5)
          at dispatchEvent (/Users/yusefbach/Projekte/studynexus/frontend/node_modules/react-dom/cjs/react-dom.development.js:6457:5)
          at dispatchDiscreteEvent (/Users/yusefbach/Projekte/studynexus/frontend/node_modules/react-dom/cjs/react-dom.development.js:6430:5)
          at HTMLDivElement.callTheUserObjectsOperation (/Users/yusefbach/Projekte/studynexus/frontend/node_modules/jsdom/lib/jsdom/living/generated/EventListener.js:26:30)
          at innerInvokeEventListeners (/Users/yusefbach/Projekte/studynexus/frontend/node_modules/jsdom/lib/jsdom/living/events/EventTarget-impl.js:350:25)
          at invokeEventListeners (/Users/yusefbach/Projekte/studynexus/frontend/node_modules/jsdom/lib/jsdom/living/events/EventTarget-impl.js:286:3)
          at HTMLInputElementImpl._dispatch (/Users/yusefbach/Projekte/studynexus/frontend/node_modules/jsdom/lib/jsdom/living/events/EventTarget-impl.js:233:9)
          at HTMLInputElementImpl.dispatchEvent (/Users/yusefbach/Projekte/studynexus/frontend/node_modules/jsdom/lib/jsdom/living/events/EventTarget-impl.js:104:17)
          at HTMLInputElement.dispatchEvent (/Users/yusefbach/Projekte/studynexus/frontend/node_modules/jsdom/lib/jsdom/living/generated/EventTarget.js:241:34)
          at /Users/yusefbach/Projekte/studynexus/frontend/node_modules/@testing-library/user-event/dist/cjs/event/dispatchEvent.js:45:43
          at /Users/yusefbach/Projekte/studynexus/frontend/node_modules/@testing-library/react/dist/pure.js:108:16
          at /Users/yusefbach/Projekte/studynexus/frontend/node_modules/@testing-library/react/dist/act-compat.js:48:24
          at act (/Users/yusefbach/Projekte/studynexus/frontend/node_modules/react/cjs/react.development.js:2512:16)
          at /Users/yusefbach/Projekte/studynexus/frontend/node_modules/@testing-library/react/dist/act-compat.js:47:25
          at Object.eventWrapper (/Users/yusefbach/Projekte/studynexus/frontend/node_modules/@testing-library/react/dist/pure.js:107:28)
          at Object.wrapEvent (/Users/yusefbach/Projekte/studynexus/frontend/node_modules/@testing-library/user-event/dist/cjs/event/wrapEvent.js:6:28)
          at Object.dispatchEvent (/Users/yusefbach/Projekte/studynexus/frontend/node_modules/@testing-library/user-event/dist/cjs/event/dispatchEvent.js:45:22)
          at Object.dispatchUIEvent (/Users/yusefbach/Projekte/studynexus/frontend/node_modules/@testing-library/user-event/dist/cjs/event/dispatchEvent.js:22:26)
          at commitInput (/Users/yusefbach/Projekte/studynexus/frontend/node_modules/@testing-library/user-event/dist/cjs/event/input.js:145:14)
          at editInputElement (/Users/yusefbach/Projekte/studynexus/frontend/node_modules/@testing-library/user-event/dist/cjs/event/input.js:115:9)
          at Object.input (/Users/yusefbach/Projekte/studynexus/frontend/node_modules/@testing-library/user-event/dist/cjs/event/input.js:37:9)
          at /Users/yusefbach/Projekte/studynexus/frontend/node_modules/@testing-library/user-event/dist/cjs/event/behavior/keypress.js:31:26
          at Object.dispatchEvent (/Users/yusefbach/Projekte/studynexus/frontend/node_modules/@testing-library/user-event/dist/cjs/event/dispatchEvent.js:41:13)
          at Object.dispatchUIEvent (/Users/yusefbach/Projekte/studynexus/frontend/node_modules/@testing-library/user-event/dist/cjs/event/dispatchEvent.js:22:26)
          at KeyboardHost.keydown (/Users/yusefbach/Projekte/studynexus/frontend/node_modules/@testing-library/user-event/dist/cjs/system/keyboard.js:76:22)
          at keyboardAction (/Users/yusefbach/Projekte/studynexus/frontend/node_modules/@testing-library/user-event/dist/cjs/keyboard/index.js:22:35)
          at Object.keyboard (/Users/yusefbach/Projekte/studynexus/frontend/node_modules/@testing-library/user-event/dist/cjs/keyboard/index.js:11:15)
          at Object.type (/Users/yusefbach/Projekte/studynexus/frontend/node_modules/@testing-library/user-event/dist/cjs/utility/type.js:17:5)
          at Object.asyncWrapper (/Users/yusefbach/Projekte/studynexus/frontend/node_modules/@testing-library/react/dist/pure.js:88:22)
          at Object.<anonymous> (/Users/yusefbach/Projekte/studynexus/frontend/src/app/[locale]/admin/programs/[id]/__tests__/page.test.tsx:185:5) {
        code: 'FORMATTING_ERROR',
        originalMessage: 'The intl string context variable "count" was not provided to the string "{count} Students"'
      }

      175 |           <InfoRow label={t("detail.regelstudienzeit")} value={`${prog.regelstudienzeit} ${t("detail.semesterSuffix")}`} />
      176 |           <InfoRow label={t("detail.gesamtEcts")} value={`${prog.gesamt_ects} ECTS`} />
    > 177 |           <InfoRow label={t("detail.students")} value={t("detail.students", { count: prog.student_count })} />
          |                           ^
      178 |         </dl>
      179 |       </SectionCard>
      180 |

      at defaultOnError (node_modules/use-intl/dist/development/initializeConfig-BhfMSHP7.js:70:11)
      at getFallbackFromErrorAndNotify (node_modules/use-intl/dist/development/createFormatter-QqAaZwGD.js:160:5)
      at translateBaseFn (node_modules/use-intl/dist/development/createFormatter-QqAaZwGD.js:251:14)
      at translateFn (node_modules/use-intl/dist/development/createFormatter-QqAaZwGD.js:258:20)
      at t (src/app/[locale]/admin/programs/[id]/page.tsx:177:27)
      at renderWithHooks (node_modules/react-dom/cjs/react-dom.development.js:15486:18)
      at updateFunctionComponent (node_modules/react-dom/cjs/react-dom.development.js:19617:20)
      at beginWork (node_modules/react-dom/cjs/react-dom.development.js:21640:16)
      at beginWork$1 (node_modules/react-dom/cjs/react-dom.development.js:27465:14)
      at performUnitOfWork (node_modules/react-dom/cjs/react-dom.development.js:26599:12)
      at workLoopSync (node_modules/react-dom/cjs/react-dom.development.js:26505:5)
      at renderRootSync (node_modules/react-dom/cjs/react-dom.development.js:26473:7)
      at performSyncWorkOnRoot (node_modules/react-dom/cjs/react-dom.development.js:26124:20)
      at flushSyncCallbacks (node_modules/react-dom/cjs/react-dom.development.js:12042:22)
      at flushSync (node_modules/react-dom/cjs/react-dom.development.js:26240:7)
      at finishEventHandler (node_modules/react-dom/cjs/react-dom.development.js:3976:5)
      at batchedUpdates (node_modules/react-dom/cjs/react-dom.development.js:3994:5)
      at dispatchEventForPluginEventSystem (node_modules/react-dom/cjs/react-dom.development.js:9287:3)
      at dispatchEventWithEnableCapturePhaseSelectiveHydrationWithoutDiscreteEventReplay (node_modules/react-dom/cjs/react-dom.development.js:6465:5)
      at dispatchEvent (node_modules/react-dom/cjs/react-dom.development.js:6457:5)
      at dispatchDiscreteEvent (node_modules/react-dom/cjs/react-dom.development.js:6430:5)
      at HTMLDivElement.callTheUserObjectsOperation (node_modules/jsdom/lib/jsdom/living/generated/EventListener.js:26:30)
      at innerInvokeEventListeners (node_modules/jsdom/lib/jsdom/living/events/EventTarget-impl.js:350:25)
      at invokeEventListeners (node_modules/jsdom/lib/jsdom/living/events/EventTarget-impl.js:286:3)
      at HTMLInputElementImpl._dispatch (node_modules/jsdom/lib/jsdom/living/events/EventTarget-impl.js:233:9)
      at HTMLInputElementImpl.dispatchEvent (node_modules/jsdom/lib/jsdom/living/events/EventTarget-impl.js:104:17)
      at HTMLInputElement.dispatchEvent (node_modules/jsdom/lib/jsdom/living/generated/EventTarget.js:241:34)
      at node_modules/@testing-library/user-event/dist/cjs/event/dispatchEvent.js:45:43
      at node_modules/@testing-library/react/dist/pure.js:108:16
      at node_modules/@testing-library/react/dist/act-compat.js:48:24
      at act (node_modules/react/cjs/react.development.js:2512:16)
      at node_modules/@testing-library/react/dist/act-compat.js:47:25
      at Object.eventWrapper (node_modules/@testing-library/react/dist/pure.js:107:28)
      at Object.wrapEvent (node_modules/@testing-library/user-event/dist/cjs/event/wrapEvent.js:6:28)
      at Object.dispatchEvent (node_modules/@testing-library/user-event/dist/cjs/event/dispatchEvent.js:45:22)
      at Object.dispatchUIEvent (node_modules/@testing-library/user-event/dist/cjs/event/dispatchEvent.js:22:26)
      at commitInput (node_modules/@testing-library/user-event/dist/cjs/event/input.js:145:14)
      at editInputElement (node_modules/@testing-library/user-event/dist/cjs/event/input.js:115:9)
      at Object.input (node_modules/@testing-library/user-event/dist/cjs/event/input.js:37:9)
      at node_modules/@testing-library/user-event/dist/cjs/event/behavior/keypress.js:31:26
      at Object.dispatchEvent (node_modules/@testing-library/user-event/dist/cjs/event/dispatchEvent.js:41:13)
      at Object.dispatchUIEvent (node_modules/@testing-library/user-event/dist/cjs/event/dispatchEvent.js:22:26)
      at KeyboardHost.keydown (node_modules/@testing-library/user-event/dist/cjs/system/keyboard.js:76:22)
      at keyboardAction (node_modules/@testing-library/user-event/dist/cjs/keyboard/index.js:22:35)
      at Object.keyboard (node_modules/@testing-library/user-event/dist/cjs/keyboard/index.js:11:15)
      at Object.type (node_modules/@testing-library/user-event/dist/cjs/utility/type.js:17:5)
      at Object.asyncWrapper (node_modules/@testing-library/react/dist/pure.js:88:22)
      at Object.<anonymous> (src/app/[locale]/admin/programs/[id]/__tests__/page.test.tsx:185:5)

    console.error
      IntlError: FORMATTING_ERROR: The intl string context variable "count" was not provided to the string "{count} Students"
          at getFallbackFromErrorAndNotify (/Users/yusefbach/Projekte/studynexus/frontend/node_modules/use-intl/dist/development/createFormatter-QqAaZwGD.js:159:19)
          at translateBaseFn (/Users/yusefbach/Projekte/studynexus/frontend/node_modules/use-intl/dist/development/createFormatter-QqAaZwGD.js:251:14)
          at translateFn (/Users/yusefbach/Projekte/studynexus/frontend/node_modules/use-intl/dist/development/createFormatter-QqAaZwGD.js:258:20)
          at t (/Users/yusefbach/Projekte/studynexus/frontend/src/app/[locale]/admin/programs/[id]/page.tsx:177:27)
          at renderWithHooks (/Users/yusefbach/Projekte/studynexus/frontend/node_modules/react-dom/cjs/react-dom.development.js:15486:18)
          at updateFunctionComponent (/Users/yusefbach/Projekte/studynexus/frontend/node_modules/react-dom/cjs/react-dom.development.js:19617:20)
          at beginWork (/Users/yusefbach/Projekte/studynexus/frontend/node_modules/react-dom/cjs/react-dom.development.js:21640:16)
          at beginWork$1 (/Users/yusefbach/Projekte/studynexus/frontend/node_modules/react-dom/cjs/react-dom.development.js:27465:14)
          at performUnitOfWork (/Users/yusefbach/Projekte/studynexus/frontend/node_modules/react-dom/cjs/react-dom.development.js:26599:12)
          at workLoopSync (/Users/yusefbach/Projekte/studynexus/frontend/node_modules/react-dom/cjs/react-dom.development.js:26505:5)
          at renderRootSync (/Users/yusefbach/Projekte/studynexus/frontend/node_modules/react-dom/cjs/react-dom.development.js:26473:7)
          at performSyncWorkOnRoot (/Users/yusefbach/Projekte/studynexus/frontend/node_modules/react-dom/cjs/react-dom.development.js:26124:20)
          at flushSyncCallbacks (/Users/yusefbach/Projekte/studynexus/frontend/node_modules/react-dom/cjs/react-dom.development.js:12042:22)
          at flushSync (/Users/yusefbach/Projekte/studynexus/frontend/node_modules/react-dom/cjs/react-dom.development.js:26240:7)
          at finishEventHandler (/Users/yusefbach/Projekte/studynexus/frontend/node_modules/react-dom/cjs/react-dom.development.js:3976:5)
          at batchedUpdates (/Users/yusefbach/Projekte/studynexus/frontend/node_modules/react-dom/cjs/react-dom.development.js:3994:5)
          at dispatchEventForPluginEventSystem (/Users/yusefbach/Projekte/studynexus/frontend/node_modules/react-dom/cjs/react-dom.development.js:9287:3)
          at dispatchEventWithEnableCapturePhaseSelectiveHydrationWithoutDiscreteEventReplay (/Users/yusefbach/Projekte/studynexus/frontend/node_modules/react-dom/cjs/react-dom.development.js:6465:5)
          at dispatchEvent (/Users/yusefbach/Projekte/studynexus/frontend/node_modules/react-dom/cjs/react-dom.development.js:6457:5)
          at dispatchDiscreteEvent (/Users/yusefbach/Projekte/studynexus/frontend/node_modules/react-dom/cjs/react-dom.development.js:6430:5)
          at HTMLDivElement.callTheUserObjectsOperation (/Users/yusefbach/Projekte/studynexus/frontend/node_modules/jsdom/lib/jsdom/living/generated/EventListener.js:26:30)
          at innerInvokeEventListeners (/Users/yusefbach/Projekte/studynexus/frontend/node_modules/jsdom/lib/jsdom/living/events/EventTarget-impl.js:350:25)
          at invokeEventListeners (/Users/yusefbach/Projekte/studynexus/frontend/node_modules/jsdom/lib/jsdom/living/events/EventTarget-impl.js:286:3)
          at HTMLInputElementImpl._dispatch (/Users/yusefbach/Projekte/studynexus/frontend/node_modules/jsdom/lib/jsdom/living/events/EventTarget-impl.js:233:9)
          at HTMLInputElementImpl.dispatchEvent (/Users/yusefbach/Projekte/studynexus/frontend/node_modules/jsdom/lib/jsdom/living/events/EventTarget-impl.js:104:17)
          at HTMLInputElement.dispatchEvent (/Users/yusefbach/Projekte/studynexus/frontend/node_modules/jsdom/lib/jsdom/living/generated/EventTarget.js:241:34)
          at /Users/yusefbach/Projekte/studynexus/frontend/node_modules/@testing-library/user-event/dist/cjs/event/dispatchEvent.js:45:43
          at /Users/yusefbach/Projekte/studynexus/frontend/node_modules/@testing-library/react/dist/pure.js:108:16
          at /Users/yusefbach/Projekte/studynexus/frontend/node_modules/@testing-library/react/dist/act-compat.js:48:24
          at act (/Users/yusefbach/Projekte/studynexus/frontend/node_modules/react/cjs/react.development.js:2512:16)
          at /Users/yusefbach/Projekte/studynexus/frontend/node_modules/@testing-library/react/dist/act-compat.js:47:25
          at Object.eventWrapper (/Users/yusefbach/Projekte/studynexus/frontend/node_modules/@testing-library/react/dist/pure.js:107:28)
          at Object.wrapEvent (/Users/yusefbach/Projekte/studynexus/frontend/node_modules/@testing-library/user-event/dist/cjs/event/wrapEvent.js:6:28)
          at Object.dispatchEvent (/Users/yusefbach/Projekte/studynexus/frontend/node_modules/@testing-library/user-event/dist/cjs/event/dispatchEvent.js:45:22)
          at Object.dispatchUIEvent (/Users/yusefbach/Projekte/studynexus/frontend/node_modules/@testing-library/user-event/dist/cjs/event/dispatchEvent.js:22:26)
          at commitInput (/Users/yusefbach/Projekte/studynexus/frontend/node_modules/@testing-library/user-event/dist/cjs/event/input.js:145:14)
          at editInputElement (/Users/yusefbach/Projekte/studynexus/frontend/node_modules/@testing-library/user-event/dist/cjs/event/input.js:115:9)
          at Object.input (/Users/yusefbach/Projekte/studynexus/frontend/node_modules/@testing-library/user-event/dist/cjs/event/input.js:37:9)
          at /Users/yusefbach/Projekte/studynexus/frontend/node_modules/@testing-library/user-event/dist/cjs/event/behavior/keypress.js:31:26
          at Object.dispatchEvent (/Users/yusefbach/Projekte/studynexus/frontend/node_modules/@testing-library/user-event/dist/cjs/event/dispatchEvent.js:41:13)
          at Object.dispatchUIEvent (/Users/yusefbach/Projekte/studynexus/frontend/node_modules/@testing-library/user-event/dist/cjs/event/dispatchEvent.js:22:26)
          at KeyboardHost.keydown (/Users/yusefbach/Projekte/studynexus/frontend/node_modules/@testing-library/user-event/dist/cjs/system/keyboard.js:76:22)
          at keyboardAction (/Users/yusefbach/Projekte/studynexus/frontend/node_modules/@testing-library/user-event/dist/cjs/keyboard/index.js:22:35)
          at Object.keyboard (/Users/yusefbach/Projekte/studynexus/frontend/node_modules/@testing-library/user-event/dist/cjs/keyboard/index.js:11:15)
          at Object.type (/Users/yusefbach/Projekte/studynexus/frontend/node_modules/@testing-library/user-event/dist/cjs/utility/type.js:17:5)
          at Object.asyncWrapper (/Users/yusefbach/Projekte/studynexus/frontend/node_modules/@testing-library/react/dist/pure.js:88:22)
          at Object.<anonymous> (/Users/yusefbach/Projekte/studynexus/frontend/src/app/[locale]/admin/programs/[id]/__tests__/page.test.tsx:185:5) {
        code: 'FORMATTING_ERROR',
        originalMessage: 'The intl string context variable "count" was not provided to the string "{count} Students"'
      }

      175 |           <InfoRow label={t("detail.regelstudienzeit")} value={`${prog.regelstudienzeit} ${t("detail.semesterSuffix")}`} />
      176 |           <InfoRow label={t("detail.gesamtEcts")} value={`${prog.gesamt_ects} ECTS`} />
    > 177 |           <InfoRow label={t("detail.students")} value={t("detail.students", { count: prog.student_count })} />
          |                           ^
      178 |         </dl>
      179 |       </SectionCard>
      180 |

      at defaultOnError (node_modules/use-intl/dist/development/initializeConfig-BhfMSHP7.js:70:11)
      at getFallbackFromErrorAndNotify (node_modules/use-intl/dist/development/createFormatter-QqAaZwGD.js:160:5)
      at translateBaseFn (node_modules/use-intl/dist/development/createFormatter-QqAaZwGD.js:251:14)
      at translateFn (node_modules/use-intl/dist/development/createFormatter-QqAaZwGD.js:258:20)
      at t (src/app/[locale]/admin/programs/[id]/page.tsx:177:27)
      at renderWithHooks (node_modules/react-dom/cjs/react-dom.development.js:15486:18)
      at updateFunctionComponent (node_modules/react-dom/cjs/react-dom.development.js:19617:20)
      at beginWork (node_modules/react-dom/cjs/react-dom.development.js:21640:16)
      at beginWork$1 (node_modules/react-dom/cjs/react-dom.development.js:27465:14)
      at performUnitOfWork (node_modules/react-dom/cjs/react-dom.development.js:26599:12)
      at workLoopSync (node_modules/react-dom/cjs/react-dom.development.js:26505:5)
      at renderRootSync (node_modules/react-dom/cjs/react-dom.development.js:26473:7)
      at performSyncWorkOnRoot (node_modules/react-dom/cjs/react-dom.development.js:26124:20)
      at flushSyncCallbacks (node_modules/react-dom/cjs/react-dom.development.js:12042:22)
      at flushSync (node_modules/react-dom/cjs/react-dom.development.js:26240:7)
      at finishEventHandler (node_modules/react-dom/cjs/react-dom.development.js:3976:5)
      at batchedUpdates (node_modules/react-dom/cjs/react-dom.development.js:3994:5)
      at dispatchEventForPluginEventSystem (node_modules/react-dom/cjs/react-dom.development.js:9287:3)
      at dispatchEventWithEnableCapturePhaseSelectiveHydrationWithoutDiscreteEventReplay (node_modules/react-dom/cjs/react-dom.development.js:6465:5)
      at dispatchEvent (node_modules/react-dom/cjs/react-dom.development.js:6457:5)
      at dispatchDiscreteEvent (node_modules/react-dom/cjs/react-dom.development.js:6430:5)
      at HTMLDivElement.callTheUserObjectsOperation (node_modules/jsdom/lib/jsdom/living/generated/EventListener.js:26:30)
      at innerInvokeEventListeners (node_modules/jsdom/lib/jsdom/living/events/EventTarget-impl.js:350:25)
      at invokeEventListeners (node_modules/jsdom/lib/jsdom/living/events/EventTarget-impl.js:286:3)
      at HTMLInputElementImpl._dispatch (node_modules/jsdom/lib/jsdom/living/events/EventTarget-impl.js:233:9)
      at HTMLInputElementImpl.dispatchEvent (node_modules/jsdom/lib/jsdom/living/events/EventTarget-impl.js:104:17)
      at HTMLInputElement.dispatchEvent (node_modules/jsdom/lib/jsdom/living/generated/EventTarget.js:241:34)
      at node_modules/@testing-library/user-event/dist/cjs/event/dispatchEvent.js:45:43
      at node_modules/@testing-library/react/dist/pure.js:108:16
      at node_modules/@testing-library/react/dist/act-compat.js:48:24
      at act (node_modules/react/cjs/react.development.js:2512:16)
      at node_modules/@testing-library/react/dist/act-compat.js:47:25
      at Object.eventWrapper (node_modules/@testing-library/react/dist/pure.js:107:28)
      at Object.wrapEvent (node_modules/@testing-library/user-event/dist/cjs/event/wrapEvent.js:6:28)
      at Object.dispatchEvent (node_modules/@testing-library/user-event/dist/cjs/event/dispatchEvent.js:45:22)
      at Object.dispatchUIEvent (node_modules/@testing-library/user-event/dist/cjs/event/dispatchEvent.js:22:26)
      at commitInput (node_modules/@testing-library/user-event/dist/cjs/event/input.js:145:14)
      at editInputElement (node_modules/@testing-library/user-event/dist/cjs/event/input.js:115:9)
      at Object.input (node_modules/@testing-library/user-event/dist/cjs/event/input.js:37:9)
      at node_modules/@testing-library/user-event/dist/cjs/event/behavior/keypress.js:31:26
      at Object.dispatchEvent (node_modules/@testing-library/user-event/dist/cjs/event/dispatchEvent.js:41:13)
      at Object.dispatchUIEvent (node_modules/@testing-library/user-event/dist/cjs/event/dispatchEvent.js:22:26)
      at KeyboardHost.keydown (node_modules/@testing-library/user-event/dist/cjs/system/keyboard.js:76:22)
      at keyboardAction (node_modules/@testing-library/user-event/dist/cjs/keyboard/index.js:22:35)
      at Object.keyboard (node_modules/@testing-library/user-event/dist/cjs/keyboard/index.js:11:15)
      at Object.type (node_modules/@testing-library/user-event/dist/cjs/utility/type.js:17:5)
      at Object.asyncWrapper (node_modules/@testing-library/react/dist/pure.js:88:22)
      at Object.<anonymous> (src/app/[locale]/admin/programs/[id]/__tests__/page.test.tsx:185:5)

    console.error
      IntlError: FORMATTING_ERROR: The intl string context variable "count" was not provided to the string "{count} Students"
          at getFallbackFromErrorAndNotify (/Users/yusefbach/Projekte/studynexus/frontend/node_modules/use-intl/dist/development/createFormatter-QqAaZwGD.js:159:19)
          at translateBaseFn (/Users/yusefbach/Projekte/studynexus/frontend/node_modules/use-intl/dist/development/createFormatter-QqAaZwGD.js:251:14)
          at translateFn (/Users/yusefbach/Projekte/studynexus/frontend/node_modules/use-intl/dist/development/createFormatter-QqAaZwGD.js:258:20)
          at t (/Users/yusefbach/Projekte/studynexus/frontend/src/app/[locale]/admin/programs/[id]/page.tsx:177:27)
          at renderWithHooks (/Users/yusefbach/Projekte/studynexus/frontend/node_modules/react-dom/cjs/react-dom.development.js:15486:18)
          at updateFunctionComponent (/Users/yusefbach/Projekte/studynexus/frontend/node_modules/react-dom/cjs/react-dom.development.js:19617:20)
          at beginWork (/Users/yusefbach/Projekte/studynexus/frontend/node_modules/react-dom/cjs/react-dom.development.js:21640:16)
          at beginWork$1 (/Users/yusefbach/Projekte/studynexus/frontend/node_modules/react-dom/cjs/react-dom.development.js:27465:14)
          at performUnitOfWork (/Users/yusefbach/Projekte/studynexus/frontend/node_modules/react-dom/cjs/react-dom.development.js:26599:12)
          at workLoopSync (/Users/yusefbach/Projekte/studynexus/frontend/node_modules/react-dom/cjs/react-dom.development.js:26505:5)
          at renderRootSync (/Users/yusefbach/Projekte/studynexus/frontend/node_modules/react-dom/cjs/react-dom.development.js:26473:7)
          at performSyncWorkOnRoot (/Users/yusefbach/Projekte/studynexus/frontend/node_modules/react-dom/cjs/react-dom.development.js:26124:20)
          at flushSyncCallbacks (/Users/yusefbach/Projekte/studynexus/frontend/node_modules/react-dom/cjs/react-dom.development.js:12042:22)
          at flushSync (/Users/yusefbach/Projekte/studynexus/frontend/node_modules/react-dom/cjs/react-dom.development.js:26240:7)
          at finishEventHandler (/Users/yusefbach/Projekte/studynexus/frontend/node_modules/react-dom/cjs/react-dom.development.js:3976:5)
          at batchedUpdates (/Users/yusefbach/Projekte/studynexus/frontend/node_modules/react-dom/cjs/react-dom.development.js:3994:5)
          at dispatchEventForPluginEventSystem (/Users/yusefbach/Projekte/studynexus/frontend/node_modules/react-dom/cjs/react-dom.development.js:9287:3)
          at dispatchEventWithEnableCapturePhaseSelectiveHydrationWithoutDiscreteEventReplay (/Users/yusefbach/Projekte/studynexus/frontend/node_modules/react-dom/cjs/react-dom.development.js:6465:5)
          at dispatchEvent (/Users/yusefbach/Projekte/studynexus/frontend/node_modules/react-dom/cjs/react-dom.development.js:6457:5)
          at dispatchDiscreteEvent (/Users/yusefbach/Projekte/studynexus/frontend/node_modules/react-dom/cjs/react-dom.development.js:6430:5)
          at HTMLDivElement.callTheUserObjectsOperation (/Users/yusefbach/Projekte/studynexus/frontend/node_modules/jsdom/lib/jsdom/living/generated/EventListener.js:26:30)
          at innerInvokeEventListeners (/Users/yusefbach/Projekte/studynexus/frontend/node_modules/jsdom/lib/jsdom/living/events/EventTarget-impl.js:350:25)
          at invokeEventListeners (/Users/yusefbach/Projekte/studynexus/frontend/node_modules/jsdom/lib/jsdom/living/events/EventTarget-impl.js:286:3)
          at HTMLInputElementImpl._dispatch (/Users/yusefbach/Projekte/studynexus/frontend/node_modules/jsdom/lib/jsdom/living/events/EventTarget-impl.js:233:9)
          at HTMLInputElementImpl.dispatchEvent (/Users/yusefbach/Projekte/studynexus/frontend/node_modules/jsdom/lib/jsdom/living/events/EventTarget-impl.js:104:17)
          at HTMLInputElement.dispatchEvent (/Users/yusefbach/Projekte/studynexus/frontend/node_modules/jsdom/lib/jsdom/living/generated/EventTarget.js:241:34)
          at /Users/yusefbach/Projekte/studynexus/frontend/node_modules/@testing-library/user-event/dist/cjs/event/dispatchEvent.js:45:43
          at /Users/yusefbach/Projekte/studynexus/frontend/node_modules/@testing-library/react/dist/pure.js:108:16
          at /Users/yusefbach/Projekte/studynexus/frontend/node_modules/@testing-library/react/dist/act-compat.js:48:24
          at act (/Users/yusefbach/Projekte/studynexus/frontend/node_modules/react/cjs/react.development.js:2512:16)
          at /Users/yusefbach/Projekte/studynexus/frontend/node_modules/@testing-library/react/dist/act-compat.js:47:25
          at Object.eventWrapper (/Users/yusefbach/Projekte/studynexus/frontend/node_modules/@testing-library/react/dist/pure.js:107:28)
          at Object.wrapEvent (/Users/yusefbach/Projekte/studynexus/frontend/node_modules/@testing-library/user-event/dist/cjs/event/wrapEvent.js:6:28)
          at Object.dispatchEvent (/Users/yusefbach/Projekte/studynexus/frontend/node_modules/@testing-library/user-event/dist/cjs/event/dispatchEvent.js:45:22)
          at Object.dispatchUIEvent (/Users/yusefbach/Projekte/studynexus/frontend/node_modules/@testing-library/user-event/dist/cjs/event/dispatchEvent.js:22:26)
          at commitInput (/Users/yusefbach/Projekte/studynexus/frontend/node_modules/@testing-library/user-event/dist/cjs/event/input.js:145:14)
          at editInputElement (/Users/yusefbach/Projekte/studynexus/frontend/node_modules/@testing-library/user-event/dist/cjs/event/input.js:115:9)
          at Object.input (/Users/yusefbach/Projekte/studynexus/frontend/node_modules/@testing-library/user-event/dist/cjs/event/input.js:37:9)
          at /Users/yusefbach/Projekte/studynexus/frontend/node_modules/@testing-library/user-event/dist/cjs/event/behavior/keypress.js:31:26
          at Object.dispatchEvent (/Users/yusefbach/Projekte/studynexus/frontend/node_modules/@testing-library/user-event/dist/cjs/event/dispatchEvent.js:41:13)
          at Object.dispatchUIEvent (/Users/yusefbach/Projekte/studynexus/frontend/node_modules/@testing-library/user-event/dist/cjs/event/dispatchEvent.js:22:26)
          at KeyboardHost.keydown (/Users/yusefbach/Projekte/studynexus/frontend/node_modules/@testing-library/user-event/dist/cjs/system/keyboard.js:76:22)
          at keyboardAction (/Users/yusefbach/Projekte/studynexus/frontend/node_modules/@testing-library/user-event/dist/cjs/keyboard/index.js:22:35)
          at Object.keyboard (/Users/yusefbach/Projekte/studynexus/frontend/node_modules/@testing-library/user-event/dist/cjs/keyboard/index.js:11:15)
          at Object.type (/Users/yusefbach/Projekte/studynexus/frontend/node_modules/@testing-library/user-event/dist/cjs/utility/type.js:17:5)
          at Object.asyncWrapper (/Users/yusefbach/Projekte/studynexus/frontend/node_modules/@testing-library/react/dist/pure.js:88:22)
          at Object.<anonymous> (/Users/yusefbach/Projekte/studynexus/frontend/src/app/[locale]/admin/programs/[id]/__tests__/page.test.tsx:185:5) {
        code: 'FORMATTING_ERROR',
        originalMessage: 'The intl string context variable "count" was not provided to the string "{count} Students"'
      }

      175 |           <InfoRow label={t("detail.regelstudienzeit")} value={`${prog.regelstudienzeit} ${t("detail.semesterSuffix")}`} />
      176 |           <InfoRow label={t("detail.gesamtEcts")} value={`${prog.gesamt_ects} ECTS`} />
    > 177 |           <InfoRow label={t("detail.students")} value={t("detail.students", { count: prog.student_count })} />
          |                           ^
      178 |         </dl>
      179 |       </SectionCard>
      180 |

      at defaultOnError (node_modules/use-intl/dist/development/initializeConfig-BhfMSHP7.js:70:11)
      at getFallbackFromErrorAndNotify (node_modules/use-intl/dist/development/createFormatter-QqAaZwGD.js:160:5)
      at translateBaseFn (node_modules/use-intl/dist/development/createFormatter-QqAaZwGD.js:251:14)
      at translateFn (node_modules/use-intl/dist/development/createFormatter-QqAaZwGD.js:258:20)
      at t (src/app/[locale]/admin/programs/[id]/page.tsx:177:27)
      at renderWithHooks (node_modules/react-dom/cjs/react-dom.development.js:15486:18)
      at updateFunctionComponent (node_modules/react-dom/cjs/react-dom.development.js:19617:20)
      at beginWork (node_modules/react-dom/cjs/react-dom.development.js:21640:16)
      at beginWork$1 (node_modules/react-dom/cjs/react-dom.development.js:27465:14)
      at performUnitOfWork (node_modules/react-dom/cjs/react-dom.development.js:26599:12)
      at workLoopSync (node_modules/react-dom/cjs/react-dom.development.js:26505:5)
      at renderRootSync (node_modules/react-dom/cjs/react-dom.development.js:26473:7)
      at performSyncWorkOnRoot (node_modules/react-dom/cjs/react-dom.development.js:26124:20)
      at flushSyncCallbacks (node_modules/react-dom/cjs/react-dom.development.js:12042:22)
      at flushSync (node_modules/react-dom/cjs/react-dom.development.js:26240:7)
      at finishEventHandler (node_modules/react-dom/cjs/react-dom.development.js:3976:5)
      at batchedUpdates (node_modules/react-dom/cjs/react-dom.development.js:3994:5)
      at dispatchEventForPluginEventSystem (node_modules/react-dom/cjs/react-dom.development.js:9287:3)
      at dispatchEventWithEnableCapturePhaseSelectiveHydrationWithoutDiscreteEventReplay (node_modules/react-dom/cjs/react-dom.development.js:6465:5)
      at dispatchEvent (node_modules/react-dom/cjs/react-dom.development.js:6457:5)
      at dispatchDiscreteEvent (node_modules/react-dom/cjs/react-dom.development.js:6430:5)
      at HTMLDivElement.callTheUserObjectsOperation (node_modules/jsdom/lib/jsdom/living/generated/EventListener.js:26:30)
      at innerInvokeEventListeners (node_modules/jsdom/lib/jsdom/living/events/EventTarget-impl.js:350:25)
      at invokeEventListeners (node_modules/jsdom/lib/jsdom/living/events/EventTarget-impl.js:286:3)
      at HTMLInputElementImpl._dispatch (node_modules/jsdom/lib/jsdom/living/events/EventTarget-impl.js:233:9)
      at HTMLInputElementImpl.dispatchEvent (node_modules/jsdom/lib/jsdom/living/events/EventTarget-impl.js:104:17)
      at HTMLInputElement.dispatchEvent (node_modules/jsdom/lib/jsdom/living/generated/EventTarget.js:241:34)
      at node_modules/@testing-library/user-event/dist/cjs/event/dispatchEvent.js:45:43
      at node_modules/@testing-library/react/dist/pure.js:108:16
      at node_modules/@testing-library/react/dist/act-compat.js:48:24
      at act (node_modules/react/cjs/react.development.js:2512:16)
      at node_modules/@testing-library/react/dist/act-compat.js:47:25
      at Object.eventWrapper (node_modules/@testing-library/react/dist/pure.js:107:28)
      at Object.wrapEvent (node_modules/@testing-library/user-event/dist/cjs/event/wrapEvent.js:6:28)
      at Object.dispatchEvent (node_modules/@testing-library/user-event/dist/cjs/event/dispatchEvent.js:45:22)
      at Object.dispatchUIEvent (node_modules/@testing-library/user-event/dist/cjs/event/dispatchEvent.js:22:26)
      at commitInput (node_modules/@testing-library/user-event/dist/cjs/event/input.js:145:14)
      at editInputElement (node_modules/@testing-library/user-event/dist/cjs/event/input.js:115:9)
      at Object.input (node_modules/@testing-library/user-event/dist/cjs/event/input.js:37:9)
      at node_modules/@testing-library/user-event/dist/cjs/event/behavior/keypress.js:31:26
      at Object.dispatchEvent (node_modules/@testing-library/user-event/dist/cjs/event/dispatchEvent.js:41:13)
      at Object.dispatchUIEvent (node_modules/@testing-library/user-event/dist/cjs/event/dispatchEvent.js:22:26)
      at KeyboardHost.keydown (node_modules/@testing-library/user-event/dist/cjs/system/keyboard.js:76:22)
      at keyboardAction (node_modules/@testing-library/user-event/dist/cjs/keyboard/index.js:22:35)
      at Object.keyboard (node_modules/@testing-library/user-event/dist/cjs/keyboard/index.js:11:15)
      at Object.type (node_modules/@testing-library/user-event/dist/cjs/utility/type.js:17:5)
      at Object.asyncWrapper (node_modules/@testing-library/react/dist/pure.js:88:22)
      at Object.<anonymous> (src/app/[locale]/admin/programs/[id]/__tests__/page.test.tsx:185:5)

    console.error
      IntlError: FORMATTING_ERROR: The intl string context variable "count" was not provided to the string "{count} Students"
          at getFallbackFromErrorAndNotify (/Users/yusefbach/Projekte/studynexus/frontend/node_modules/use-intl/dist/development/createFormatter-QqAaZwGD.js:159:19)
          at translateBaseFn (/Users/yusefbach/Projekte/studynexus/frontend/node_modules/use-intl/dist/development/createFormatter-QqAaZwGD.js:251:14)
          at translateFn (/Users/yusefbach/Projekte/studynexus/frontend/node_modules/use-intl/dist/development/createFormatter-QqAaZwGD.js:258:20)
          at t (/Users/yusefbach/Projekte/studynexus/frontend/src/app/[locale]/admin/programs/[id]/page.tsx:177:27)
          at renderWithHooks (/Users/yusefbach/Projekte/studynexus/frontend/node_modules/react-dom/cjs/react-dom.development.js:15486:18)
          at updateFunctionComponent (/Users/yusefbach/Projekte/studynexus/frontend/node_modules/react-dom/cjs/react-dom.development.js:19617:20)
          at beginWork (/Users/yusefbach/Projekte/studynexus/frontend/node_modules/react-dom/cjs/react-dom.development.js:21640:16)
          at beginWork$1 (/Users/yusefbach/Projekte/studynexus/frontend/node_modules/react-dom/cjs/react-dom.development.js:27465:14)
          at performUnitOfWork (/Users/yusefbach/Projekte/studynexus/frontend/node_modules/react-dom/cjs/react-dom.development.js:26599:12)
          at workLoopSync (/Users/yusefbach/Projekte/studynexus/frontend/node_modules/react-dom/cjs/react-dom.development.js:26505:5)
          at renderRootSync (/Users/yusefbach/Projekte/studynexus/frontend/node_modules/react-dom/cjs/react-dom.development.js:26473:7)
          at performSyncWorkOnRoot (/Users/yusefbach/Projekte/studynexus/frontend/node_modules/react-dom/cjs/react-dom.development.js:26124:20)
          at flushSyncCallbacks (/Users/yusefbach/Projekte/studynexus/frontend/node_modules/react-dom/cjs/react-dom.development.js:12042:22)
          at flushSync (/Users/yusefbach/Projekte/studynexus/frontend/node_modules/react-dom/cjs/react-dom.development.js:26240:7)
          at finishEventHandler (/Users/yusefbach/Projekte/studynexus/frontend/node_modules/react-dom/cjs/react-dom.development.js:3976:5)
          at batchedUpdates (/Users/yusefbach/Projekte/studynexus/frontend/node_modules/react-dom/cjs/react-dom.development.js:3994:5)
          at dispatchEventForPluginEventSystem (/Users/yusefbach/Projekte/studynexus/frontend/node_modules/react-dom/cjs/react-dom.development.js:9287:3)
          at dispatchEventWithEnableCapturePhaseSelectiveHydrationWithoutDiscreteEventReplay (/Users/yusefbach/Projekte/studynexus/frontend/node_modules/react-dom/cjs/react-dom.development.js:6465:5)
          at dispatchEvent (/Users/yusefbach/Projekte/studynexus/frontend/node_modules/react-dom/cjs/react-dom.development.js:6457:5)
          at dispatchDiscreteEvent (/Users/yusefbach/Projekte/studynexus/frontend/node_modules/react-dom/cjs/react-dom.development.js:6430:5)
          at HTMLDivElement.callTheUserObjectsOperation (/Users/yusefbach/Projekte/studynexus/frontend/node_modules/jsdom/lib/jsdom/living/generated/EventListener.js:26:30)
          at innerInvokeEventListeners (/Users/yusefbach/Projekte/studynexus/frontend/node_modules/jsdom/lib/jsdom/living/events/EventTarget-impl.js:350:25)
          at invokeEventListeners (/Users/yusefbach/Projekte/studynexus/frontend/node_modules/jsdom/lib/jsdom/living/events/EventTarget-impl.js:286:3)
          at HTMLInputElementImpl._dispatch (/Users/yusefbach/Projekte/studynexus/frontend/node_modules/jsdom/lib/jsdom/living/events/EventTarget-impl.js:233:9)
          at HTMLInputElementImpl.dispatchEvent (/Users/yusefbach/Projekte/studynexus/frontend/node_modules/jsdom/lib/jsdom/living/events/EventTarget-impl.js:104:17)
          at HTMLInputElement.dispatchEvent (/Users/yusefbach/Projekte/studynexus/frontend/node_modules/jsdom/lib/jsdom/living/generated/EventTarget.js:241:34)
          at /Users/yusefbach/Projekte/studynexus/frontend/node_modules/@testing-library/user-event/dist/cjs/event/dispatchEvent.js:45:43
          at /Users/yusefbach/Projekte/studynexus/frontend/node_modules/@testing-library/react/dist/pure.js:108:16
          at /Users/yusefbach/Projekte/studynexus/frontend/node_modules/@testing-library/react/dist/act-compat.js:48:24
          at act (/Users/yusefbach/Projekte/studynexus/frontend/node_modules/react/cjs/react.development.js:2512:16)
          at /Users/yusefbach/Projekte/studynexus/frontend/node_modules/@testing-library/react/dist/act-compat.js:47:25
          at Object.eventWrapper (/Users/yusefbach/Projekte/studynexus/frontend/node_modules/@testing-library/react/dist/pure.js:107:28)
          at Object.wrapEvent (/Users/yusefbach/Projekte/studynexus/frontend/node_modules/@testing-library/user-event/dist/cjs/event/wrapEvent.js:6:28)
          at Object.dispatchEvent (/Users/yusefbach/Projekte/studynexus/frontend/node_modules/@testing-library/user-event/dist/cjs/event/dispatchEvent.js:45:22)
          at Object.dispatchUIEvent (/Users/yusefbach/Projekte/studynexus/frontend/node_modules/@testing-library/user-event/dist/cjs/event/dispatchEvent.js:22:26)
          at commitInput (/Users/yusefbach/Projekte/studynexus/frontend/node_modules/@testing-library/user-event/dist/cjs/event/input.js:145:14)
          at editInputElement (/Users/yusefbach/Projekte/studynexus/frontend/node_modules/@testing-library/user-event/dist/cjs/event/input.js:115:9)
          at Object.input (/Users/yusefbach/Projekte/studynexus/frontend/node_modules/@testing-library/user-event/dist/cjs/event/input.js:37:9)
          at Object.clear (/Users/yusefbach/Projekte/studynexus/frontend/node_modules/@testing-library/user-event/dist/cjs/utility/clear.js:29:11)
          at /Users/yusefbach/Projekte/studynexus/frontend/node_modules/@testing-library/user-event/dist/cjs/setup/setup.js:85:45
          at Object.asyncWrapper (/Users/yusefbach/Projekte/studynexus/frontend/node_modules/@testing-library/react/dist/pure.js:88:28)
          at Object.wrapAsync (/Users/yusefbach/Projekte/studynexus/frontend/node_modules/@testing-library/user-event/dist/cjs/setup/wrapAsync.js:8:28)
          at Object.method [as clear] (/Users/yusefbach/Projekte/studynexus/frontend/node_modules/@testing-library/user-event/dist/cjs/setup/setup.js:85:26)
          at Object.clear (/Users/yusefbach/Projekte/studynexus/frontend/src/app/[locale]/admin/programs/[id]/__tests__/page.test.tsx:186:16) {
        code: 'FORMATTING_ERROR',
        originalMessage: 'The intl string context variable "count" was not provided to the string "{count} Students"'
      }

      175 |           <InfoRow label={t("detail.regelstudienzeit")} value={`${prog.regelstudienzeit} ${t("detail.semesterSuffix")}`} />
      176 |           <InfoRow label={t("detail.gesamtEcts")} value={`${prog.gesamt_ects} ECTS`} />
    > 177 |           <InfoRow label={t("detail.students")} value={t("detail.students", { count: prog.student_count })} />
          |                           ^
      178 |         </dl>
      179 |       </SectionCard>
      180 |

      at defaultOnError (node_modules/use-intl/dist/development/initializeConfig-BhfMSHP7.js:70:11)
      at getFallbackFromErrorAndNotify (node_modules/use-intl/dist/development/createFormatter-QqAaZwGD.js:160:5)
      at translateBaseFn (node_modules/use-intl/dist/development/createFormatter-QqAaZwGD.js:251:14)
      at translateFn (node_modules/use-intl/dist/development/createFormatter-QqAaZwGD.js:258:20)
      at t (src/app/[locale]/admin/programs/[id]/page.tsx:177:27)
      at renderWithHooks (node_modules/react-dom/cjs/react-dom.development.js:15486:18)
      at updateFunctionComponent (node_modules/react-dom/cjs/react-dom.development.js:19617:20)
      at beginWork (node_modules/react-dom/cjs/react-dom.development.js:21640:16)
      at beginWork$1 (node_modules/react-dom/cjs/react-dom.development.js:27465:14)
      at performUnitOfWork (node_modules/react-dom/cjs/react-dom.development.js:26599:12)
      at workLoopSync (node_modules/react-dom/cjs/react-dom.development.js:26505:5)
      at renderRootSync (node_modules/react-dom/cjs/react-dom.development.js:26473:7)
      at performSyncWorkOnRoot (node_modules/react-dom/cjs/react-dom.development.js:26124:20)
      at flushSyncCallbacks (node_modules/react-dom/cjs/react-dom.development.js:12042:22)
      at flushSync (node_modules/react-dom/cjs/react-dom.development.js:26240:7)
      at finishEventHandler (node_modules/react-dom/cjs/react-dom.development.js:3976:5)
      at batchedUpdates (node_modules/react-dom/cjs/react-dom.development.js:3994:5)
      at dispatchEventForPluginEventSystem (node_modules/react-dom/cjs/react-dom.development.js:9287:3)
      at dispatchEventWithEnableCapturePhaseSelectiveHydrationWithoutDiscreteEventReplay (node_modules/react-dom/cjs/react-dom.development.js:6465:5)
      at dispatchEvent (node_modules/react-dom/cjs/react-dom.development.js:6457:5)
      at dispatchDiscreteEvent (node_modules/react-dom/cjs/react-dom.development.js:6430:5)
      at HTMLDivElement.callTheUserObjectsOperation (node_modules/jsdom/lib/jsdom/living/generated/EventListener.js:26:30)
      at innerInvokeEventListeners (node_modules/jsdom/lib/jsdom/living/events/EventTarget-impl.js:350:25)
      at invokeEventListeners (node_modules/jsdom/lib/jsdom/living/events/EventTarget-impl.js:286:3)
      at HTMLInputElementImpl._dispatch (node_modules/jsdom/lib/jsdom/living/events/EventTarget-impl.js:233:9)
      at HTMLInputElementImpl.dispatchEvent (node_modules/jsdom/lib/jsdom/living/events/EventTarget-impl.js:104:17)
      at HTMLInputElement.dispatchEvent (node_modules/jsdom/lib/jsdom/living/generated/EventTarget.js:241:34)
      at node_modules/@testing-library/user-event/dist/cjs/event/dispatchEvent.js:45:43
      at node_modules/@testing-library/react/dist/pure.js:108:16
      at node_modules/@testing-library/react/dist/act-compat.js:48:24
      at act (node_modules/react/cjs/react.development.js:2512:16)
      at node_modules/@testing-library/react/dist/act-compat.js:47:25
      at Object.eventWrapper (node_modules/@testing-library/react/dist/pure.js:107:28)
      at Object.wrapEvent (node_modules/@testing-library/user-event/dist/cjs/event/wrapEvent.js:6:28)
      at Object.dispatchEvent (node_modules/@testing-library/user-event/dist/cjs/event/dispatchEvent.js:45:22)
      at Object.dispatchUIEvent (node_modules/@testing-library/user-event/dist/cjs/event/dispatchEvent.js:22:26)
      at commitInput (node_modules/@testing-library/user-event/dist/cjs/event/input.js:145:14)
      at editInputElement (node_modules/@testing-library/user-event/dist/cjs/event/input.js:115:9)
      at Object.input (node_modules/@testing-library/user-event/dist/cjs/event/input.js:37:9)
      at Object.clear (node_modules/@testing-library/user-event/dist/cjs/utility/clear.js:29:11)
      at node_modules/@testing-library/user-event/dist/cjs/setup/setup.js:85:45
      at Object.asyncWrapper (node_modules/@testing-library/react/dist/pure.js:88:28)
      at Object.wrapAsync (node_modules/@testing-library/user-event/dist/cjs/setup/wrapAsync.js:8:28)
      at Object.method [as clear] (node_modules/@testing-library/user-event/dist/cjs/setup/setup.js:85:26)
      at Object.clear (src/app/[locale]/admin/programs/[id]/__tests__/page.test.tsx:186:16)

    console.error
      IntlError: FORMATTING_ERROR: The intl string context variable "count" was not provided to the string "{count} Students"
          at getFallbackFromErrorAndNotify (/Users/yusefbach/Projekte/studynexus/frontend/node_modules/use-intl/dist/development/createFormatter-QqAaZwGD.js:159:19)
          at translateBaseFn (/Users/yusefbach/Projekte/studynexus/frontend/node_modules/use-intl/dist/development/createFormatter-QqAaZwGD.js:251:14)
          at translateFn (/Users/yusefbach/Projekte/studynexus/frontend/node_modules/use-intl/dist/development/createFormatter-QqAaZwGD.js:258:20)
          at t (/Users/yusefbach/Projekte/studynexus/frontend/src/app/[locale]/admin/programs/[id]/page.tsx:177:27)
          at renderWithHooks (/Users/yusefbach/Projekte/studynexus/frontend/node_modules/react-dom/cjs/react-dom.development.js:15486:18)
          at updateFunctionComponent (/Users/yusefbach/Projekte/studynexus/frontend/node_modules/react-dom/cjs/react-dom.development.js:19617:20)
          at beginWork (/Users/yusefbach/Projekte/studynexus/frontend/node_modules/react-dom/cjs/react-dom.development.js:21640:16)
          at beginWork$1 (/Users/yusefbach/Projekte/studynexus/frontend/node_modules/react-dom/cjs/react-dom.development.js:27465:14)
          at performUnitOfWork (/Users/yusefbach/Projekte/studynexus/frontend/node_modules/react-dom/cjs/react-dom.development.js:26599:12)
          at workLoopSync (/Users/yusefbach/Projekte/studynexus/frontend/node_modules/react-dom/cjs/react-dom.development.js:26505:5)
          at renderRootSync (/Users/yusefbach/Projekte/studynexus/frontend/node_modules/react-dom/cjs/react-dom.development.js:26473:7)
          at performSyncWorkOnRoot (/Users/yusefbach/Projekte/studynexus/frontend/node_modules/react-dom/cjs/react-dom.development.js:26124:20)
          at flushSyncCallbacks (/Users/yusefbach/Projekte/studynexus/frontend/node_modules/react-dom/cjs/react-dom.development.js:12042:22)
          at flushSync (/Users/yusefbach/Projekte/studynexus/frontend/node_modules/react-dom/cjs/react-dom.development.js:26240:7)
          at finishEventHandler (/Users/yusefbach/Projekte/studynexus/frontend/node_modules/react-dom/cjs/react-dom.development.js:3976:5)
          at batchedUpdates (/Users/yusefbach/Projekte/studynexus/frontend/node_modules/react-dom/cjs/react-dom.development.js:3994:5)
          at dispatchEventForPluginEventSystem (/Users/yusefbach/Projekte/studynexus/frontend/node_modules/react-dom/cjs/react-dom.development.js:9287:3)
          at dispatchEventWithEnableCapturePhaseSelectiveHydrationWithoutDiscreteEventReplay (/Users/yusefbach/Projekte/studynexus/frontend/node_modules/react-dom/cjs/react-dom.development.js:6465:5)
          at dispatchEvent (/Users/yusefbach/Projekte/studynexus/frontend/node_modules/react-dom/cjs/react-dom.development.js:6457:5)
          at dispatchDiscreteEvent (/Users/yusefbach/Projekte/studynexus/frontend/node_modules/react-dom/cjs/react-dom.development.js:6430:5)
          at HTMLDivElement.callTheUserObjectsOperation (/Users/yusefbach/Projekte/studynexus/frontend/node_modules/jsdom/lib/jsdom/living/generated/EventListener.js:26:30)
          at innerInvokeEventListeners (/Users/yusefbach/Projekte/studynexus/frontend/node_modules/jsdom/lib/jsdom/living/events/EventTarget-impl.js:350:25)
          at invokeEventListeners (/Users/yusefbach/Projekte/studynexus/frontend/node_modules/jsdom/lib/jsdom/living/events/EventTarget-impl.js:286:3)
          at HTMLInputElementImpl._dispatch (/Users/yusefbach/Projekte/studynexus/frontend/node_modules/jsdom/lib/jsdom/living/events/EventTarget-impl.js:233:9)
          at HTMLInputElementImpl.dispatchEvent (/Users/yusefbach/Projekte/studynexus/frontend/node_modules/jsdom/lib/jsdom/living/events/EventTarget-impl.js:104:17)
          at HTMLInputElement.dispatchEvent (/Users/yusefbach/Projekte/studynexus/frontend/node_modules/jsdom/lib/jsdom/living/generated/EventTarget.js:241:34)
          at /Users/yusefbach/Projekte/studynexus/frontend/node_modules/@testing-library/user-event/dist/cjs/event/dispatchEvent.js:45:43
          at /Users/yusefbach/Projekte/studynexus/frontend/node_modules/@testing-library/react/dist/pure.js:108:16
          at /Users/yusefbach/Projekte/studynexus/frontend/node_modules/@testing-library/react/dist/act-compat.js:48:24
          at act (/Users/yusefbach/Projekte/studynexus/frontend/node_modules/react/cjs/react.development.js:2512:16)
          at /Users/yusefbach/Projekte/studynexus/frontend/node_modules/@testing-library/react/dist/act-compat.js:47:25
          at Object.eventWrapper (/Users/yusefbach/Projekte/studynexus/frontend/node_modules/@testing-library/react/dist/pure.js:107:28)
          at Object.wrapEvent (/Users/yusefbach/Projekte/studynexus/frontend/node_modules/@testing-library/user-event/dist/cjs/event/wrapEvent.js:6:28)
          at Object.dispatchEvent (/Users/yusefbach/Projekte/studynexus/frontend/node_modules/@testing-library/user-event/dist/cjs/event/dispatchEvent.js:45:22)
          at Object.dispatchUIEvent (/Users/yusefbach/Projekte/studynexus/frontend/node_modules/@testing-library/user-event/dist/cjs/event/dispatchEvent.js:22:26)
          at commitInput (/Users/yusefbach/Projekte/studynexus/frontend/node_modules/@testing-library/user-event/dist/cjs/event/input.js:145:14)
          at editInputElement (/Users/yusefbach/Projekte/studynexus/frontend/node_modules/@testing-library/user-event/dist/cjs/event/input.js:115:9)
          at Object.input (/Users/yusefbach/Projekte/studynexus/frontend/node_modules/@testing-library/user-event/dist/cjs/event/input.js:37:9)
          at /Users/yusefbach/Projekte/studynexus/frontend/node_modules/@testing-library/user-event/dist/cjs/event/behavior/keypress.js:31:26
          at Object.dispatchEvent (/Users/yusefbach/Projekte/studynexus/frontend/node_modules/@testing-library/user-event/dist/cjs/event/dispatchEvent.js:41:13)
          at Object.dispatchUIEvent (/Users/yusefbach/Projekte/studynexus/frontend/node_modules/@testing-library/user-event/dist/cjs/event/dispatchEvent.js:22:26)
          at KeyboardHost.keydown (/Users/yusefbach/Projekte/studynexus/frontend/node_modules/@testing-library/user-event/dist/cjs/system/keyboard.js:76:22)
          at keyboardAction (/Users/yusefbach/Projekte/studynexus/frontend/node_modules/@testing-library/user-event/dist/cjs/keyboard/index.js:22:35)
          at Object.keyboard (/Users/yusefbach/Projekte/studynexus/frontend/node_modules/@testing-library/user-event/dist/cjs/keyboard/index.js:11:15)
          at Object.type (/Users/yusefbach/Projekte/studynexus/frontend/node_modules/@testing-library/user-event/dist/cjs/utility/type.js:17:5)
          at Object.asyncWrapper (/Users/yusefbach/Projekte/studynexus/frontend/node_modules/@testing-library/react/dist/pure.js:88:22)
          at Object.<anonymous> (/Users/yusefbach/Projekte/studynexus/frontend/src/app/[locale]/admin/programs/[id]/__tests__/page.test.tsx:187:5) {
        code: 'FORMATTING_ERROR',
        originalMessage: 'The intl string context variable "count" was not provided to the string "{count} Students"'
      }

      175 |           <InfoRow label={t("detail.regelstudienzeit")} value={`${prog.regelstudienzeit} ${t("detail.semesterSuffix")}`} />
      176 |           <InfoRow label={t("detail.gesamtEcts")} value={`${prog.gesamt_ects} ECTS`} />
    > 177 |           <InfoRow label={t("detail.students")} value={t("detail.students", { count: prog.student_count })} />
          |                           ^
      178 |         </dl>
      179 |       </SectionCard>
      180 |

      at defaultOnError (node_modules/use-intl/dist/development/initializeConfig-BhfMSHP7.js:70:11)
      at getFallbackFromErrorAndNotify (node_modules/use-intl/dist/development/createFormatter-QqAaZwGD.js:160:5)
      at translateBaseFn (node_modules/use-intl/dist/development/createFormatter-QqAaZwGD.js:251:14)
      at translateFn (node_modules/use-intl/dist/development/createFormatter-QqAaZwGD.js:258:20)
      at t (src/app/[locale]/admin/programs/[id]/page.tsx:177:27)
      at renderWithHooks (node_modules/react-dom/cjs/react-dom.development.js:15486:18)
      at updateFunctionComponent (node_modules/react-dom/cjs/react-dom.development.js:19617:20)
      at beginWork (node_modules/react-dom/cjs/react-dom.development.js:21640:16)
      at beginWork$1 (node_modules/react-dom/cjs/react-dom.development.js:27465:14)
      at performUnitOfWork (node_modules/react-dom/cjs/react-dom.development.js:26599:12)
      at workLoopSync (node_modules/react-dom/cjs/react-dom.development.js:26505:5)
      at renderRootSync (node_modules/react-dom/cjs/react-dom.development.js:26473:7)
      at performSyncWorkOnRoot (node_modules/react-dom/cjs/react-dom.development.js:26124:20)
      at flushSyncCallbacks (node_modules/react-dom/cjs/react-dom.development.js:12042:22)
      at flushSync (node_modules/react-dom/cjs/react-dom.development.js:26240:7)
      at finishEventHandler (node_modules/react-dom/cjs/react-dom.development.js:3976:5)
      at batchedUpdates (node_modules/react-dom/cjs/react-dom.development.js:3994:5)
      at dispatchEventForPluginEventSystem (node_modules/react-dom/cjs/react-dom.development.js:9287:3)
      at dispatchEventWithEnableCapturePhaseSelectiveHydrationWithoutDiscreteEventReplay (node_modules/react-dom/cjs/react-dom.development.js:6465:5)
      at dispatchEvent (node_modules/react-dom/cjs/react-dom.development.js:6457:5)
      at dispatchDiscreteEvent (node_modules/react-dom/cjs/react-dom.development.js:6430:5)
      at HTMLDivElement.callTheUserObjectsOperation (node_modules/jsdom/lib/jsdom/living/generated/EventListener.js:26:30)
      at innerInvokeEventListeners (node_modules/jsdom/lib/jsdom/living/events/EventTarget-impl.js:350:25)
      at invokeEventListeners (node_modules/jsdom/lib/jsdom/living/events/EventTarget-impl.js:286:3)
      at HTMLInputElementImpl._dispatch (node_modules/jsdom/lib/jsdom/living/events/EventTarget-impl.js:233:9)
      at HTMLInputElementImpl.dispatchEvent (node_modules/jsdom/lib/jsdom/living/events/EventTarget-impl.js:104:17)
      at HTMLInputElement.dispatchEvent (node_modules/jsdom/lib/jsdom/living/generated/EventTarget.js:241:34)
      at node_modules/@testing-library/user-event/dist/cjs/event/dispatchEvent.js:45:43
      at node_modules/@testing-library/react/dist/pure.js:108:16
      at node_modules/@testing-library/react/dist/act-compat.js:48:24
      at act (node_modules/react/cjs/react.development.js:2512:16)
      at node_modules/@testing-library/react/dist/act-compat.js:47:25
      at Object.eventWrapper (node_modules/@testing-library/react/dist/pure.js:107:28)
      at Object.wrapEvent (node_modules/@testing-library/user-event/dist/cjs/event/wrapEvent.js:6:28)
      at Object.dispatchEvent (node_modules/@testing-library/user-event/dist/cjs/event/dispatchEvent.js:45:22)
      at Object.dispatchUIEvent (node_modules/@testing-library/user-event/dist/cjs/event/dispatchEvent.js:22:26)
      at commitInput (node_modules/@testing-library/user-event/dist/cjs/event/input.js:145:14)
      at editInputElement (node_modules/@testing-library/user-event/dist/cjs/event/input.js:115:9)
      at Object.input (node_modules/@testing-library/user-event/dist/cjs/event/input.js:37:9)
      at node_modules/@testing-library/user-event/dist/cjs/event/behavior/keypress.js:31:26
      at Object.dispatchEvent (node_modules/@testing-library/user-event/dist/cjs/event/dispatchEvent.js:41:13)
      at Object.dispatchUIEvent (node_modules/@testing-library/user-event/dist/cjs/event/dispatchEvent.js:22:26)
      at KeyboardHost.keydown (node_modules/@testing-library/user-event/dist/cjs/system/keyboard.js:76:22)
      at keyboardAction (node_modules/@testing-library/user-event/dist/cjs/keyboard/index.js:22:35)
      at Object.keyboard (node_modules/@testing-library/user-event/dist/cjs/keyboard/index.js:11:15)
      at Object.type (node_modules/@testing-library/user-event/dist/cjs/utility/type.js:17:5)
      at Object.asyncWrapper (node_modules/@testing-library/react/dist/pure.js:88:22)
      at Object.<anonymous> (src/app/[locale]/admin/programs/[id]/__tests__/page.test.tsx:187:5)

    console.error
      IntlError: FORMATTING_ERROR: The intl string context variable "count" was not provided to the string "{count} Students"
          at getFallbackFromErrorAndNotify (/Users/yusefbach/Projekte/studynexus/frontend/node_modules/use-intl/dist/development/createFormatter-QqAaZwGD.js:159:19)
          at translateBaseFn (/Users/yusefbach/Projekte/studynexus/frontend/node_modules/use-intl/dist/development/createFormatter-QqAaZwGD.js:251:14)
          at translateFn (/Users/yusefbach/Projekte/studynexus/frontend/node_modules/use-intl/dist/development/createFormatter-QqAaZwGD.js:258:20)
          at t (/Users/yusefbach/Projekte/studynexus/frontend/src/app/[locale]/admin/programs/[id]/page.tsx:177:27)
          at renderWithHooks (/Users/yusefbach/Projekte/studynexus/frontend/node_modules/react-dom/cjs/react-dom.development.js:15486:18)
          at updateFunctionComponent (/Users/yusefbach/Projekte/studynexus/frontend/node_modules/react-dom/cjs/react-dom.development.js:19617:20)
          at beginWork (/Users/yusefbach/Projekte/studynexus/frontend/node_modules/react-dom/cjs/react-dom.development.js:21640:16)
          at beginWork$1 (/Users/yusefbach/Projekte/studynexus/frontend/node_modules/react-dom/cjs/react-dom.development.js:27465:14)
          at performUnitOfWork (/Users/yusefbach/Projekte/studynexus/frontend/node_modules/react-dom/cjs/react-dom.development.js:26599:12)
          at workLoopSync (/Users/yusefbach/Projekte/studynexus/frontend/node_modules/react-dom/cjs/react-dom.development.js:26505:5)
          at renderRootSync (/Users/yusefbach/Projekte/studynexus/frontend/node_modules/react-dom/cjs/react-dom.development.js:26473:7)
          at performSyncWorkOnRoot (/Users/yusefbach/Projekte/studynexus/frontend/node_modules/react-dom/cjs/react-dom.development.js:26124:20)
          at flushSyncCallbacks (/Users/yusefbach/Projekte/studynexus/frontend/node_modules/react-dom/cjs/react-dom.development.js:12042:22)
          at flushSync (/Users/yusefbach/Projekte/studynexus/frontend/node_modules/react-dom/cjs/react-dom.development.js:26240:7)
          at finishEventHandler (/Users/yusefbach/Projekte/studynexus/frontend/node_modules/react-dom/cjs/react-dom.development.js:3976:5)
          at batchedUpdates (/Users/yusefbach/Projekte/studynexus/frontend/node_modules/react-dom/cjs/react-dom.development.js:3994:5)
          at dispatchEventForPluginEventSystem (/Users/yusefbach/Projekte/studynexus/frontend/node_modules/react-dom/cjs/react-dom.development.js:9287:3)
          at dispatchEventWithEnableCapturePhaseSelectiveHydrationWithoutDiscreteEventReplay (/Users/yusefbach/Projekte/studynexus/frontend/node_modules/react-dom/cjs/react-dom.development.js:6465:5)
          at dispatchEvent (/Users/yusefbach/Projekte/studynexus/frontend/node_modules/react-dom/cjs/react-dom.development.js:6457:5)
          at dispatchDiscreteEvent (/Users/yusefbach/Projekte/studynexus/frontend/node_modules/react-dom/cjs/react-dom.development.js:6430:5)
          at HTMLDivElement.callTheUserObjectsOperation (/Users/yusefbach/Projekte/studynexus/frontend/node_modules/jsdom/lib/jsdom/living/generated/EventListener.js:26:30)
          at innerInvokeEventListeners (/Users/yusefbach/Projekte/studynexus/frontend/node_modules/jsdom/lib/jsdom/living/events/EventTarget-impl.js:350:25)
          at invokeEventListeners (/Users/yusefbach/Projekte/studynexus/frontend/node_modules/jsdom/lib/jsdom/living/events/EventTarget-impl.js:286:3)
          at HTMLInputElementImpl._dispatch (/Users/yusefbach/Projekte/studynexus/frontend/node_modules/jsdom/lib/jsdom/living/events/EventTarget-impl.js:233:9)
          at HTMLInputElementImpl.dispatchEvent (/Users/yusefbach/Projekte/studynexus/frontend/node_modules/jsdom/lib/jsdom/living/events/EventTarget-impl.js:104:17)
          at HTMLInputElement.dispatchEvent (/Users/yusefbach/Projekte/studynexus/frontend/node_modules/jsdom/lib/jsdom/living/generated/EventTarget.js:241:34)
          at /Users/yusefbach/Projekte/studynexus/frontend/node_modules/@testing-library/user-event/dist/cjs/event/dispatchEvent.js:45:43
          at /Users/yusefbach/Projekte/studynexus/frontend/node_modules/@testing-library/react/dist/pure.js:108:16
          at /Users/yusefbach/Projekte/studynexus/frontend/node_modules/@testing-library/react/dist/act-compat.js:48:24
          at act (/Users/yusefbach/Projekte/studynexus/frontend/node_modules/react/cjs/react.development.js:2512:16)
          at /Users/yusefbach/Projekte/studynexus/frontend/node_modules/@testing-library/react/dist/act-compat.js:47:25
          at Object.eventWrapper (/Users/yusefbach/Projekte/studynexus/frontend/node_modules/@testing-library/react/dist/pure.js:107:28)
          at Object.wrapEvent (/Users/yusefbach/Projekte/studynexus/frontend/node_modules/@testing-library/user-event/dist/cjs/event/wrapEvent.js:6:28)
          at Object.dispatchEvent (/Users/yusefbach/Projekte/studynexus/frontend/node_modules/@testing-library/user-event/dist/cjs/event/dispatchEvent.js:45:22)
          at Object.dispatchUIEvent (/Users/yusefbach/Projekte/studynexus/frontend/node_modules/@testing-library/user-event/dist/cjs/event/dispatchEvent.js:22:26)
          at commitInput (/Users/yusefbach/Projekte/studynexus/frontend/node_modules/@testing-library/user-event/dist/cjs/event/input.js:145:14)
          at editInputElement (/Users/yusefbach/Projekte/studynexus/frontend/node_modules/@testing-library/user-event/dist/cjs/event/input.js:115:9)
          at Object.input (/Users/yusefbach/Projekte/studynexus/frontend/node_modules/@testing-library/user-event/dist/cjs/event/input.js:37:9)
          at /Users/yusefbach/Projekte/studynexus/frontend/node_modules/@testing-library/user-event/dist/cjs/event/behavior/keypress.js:31:26
          at Object.dispatchEvent (/Users/yusefbach/Projekte/studynexus/frontend/node_modules/@testing-library/user-event/dist/cjs/event/dispatchEvent.js:41:13)
          at Object.dispatchUIEvent (/Users/yusefbach/Projekte/studynexus/frontend/node_modules/@testing-library/user-event/dist/cjs/event/dispatchEvent.js:22:26)
          at KeyboardHost.keydown (/Users/yusefbach/Projekte/studynexus/frontend/node_modules/@testing-library/user-event/dist/cjs/system/keyboard.js:76:22)
          at keyboardAction (/Users/yusefbach/Projekte/studynexus/frontend/node_modules/@testing-library/user-event/dist/cjs/keyboard/index.js:22:35)
          at Object.keyboard (/Users/yusefbach/Projekte/studynexus/frontend/node_modules/@testing-library/user-event/dist/cjs/keyboard/index.js:11:15)
          at Object.type (/Users/yusefbach/Projekte/studynexus/frontend/node_modules/@testing-library/user-event/dist/cjs/utility/type.js:17:5)
          at Object.asyncWrapper (/Users/yusefbach/Projekte/studynexus/frontend/node_modules/@testing-library/react/dist/pure.js:88:22)
          at Object.<anonymous> (/Users/yusefbach/Projekte/studynexus/frontend/src/app/[locale]/admin/programs/[id]/__tests__/page.test.tsx:187:5) {
        code: 'FORMATTING_ERROR',
        originalMessage: 'The intl string context variable "count" was not provided to the string "{count} Students"'
      }

      175 |           <InfoRow label={t("detail.regelstudienzeit")} value={`${prog.regelstudienzeit} ${t("detail.semesterSuffix")}`} />
      176 |           <InfoRow label={t("detail.gesamtEcts")} value={`${prog.gesamt_ects} ECTS`} />
    > 177 |           <InfoRow label={t("detail.students")} value={t("detail.students", { count: prog.student_count })} />
          |                           ^
      178 |         </dl>
      179 |       </SectionCard>
      180 |

      at defaultOnError (node_modules/use-intl/dist/development/initializeConfig-BhfMSHP7.js:70:11)
      at getFallbackFromErrorAndNotify (node_modules/use-intl/dist/development/createFormatter-QqAaZwGD.js:160:5)
      at translateBaseFn (node_modules/use-intl/dist/development/createFormatter-QqAaZwGD.js:251:14)
      at translateFn (node_modules/use-intl/dist/development/createFormatter-QqAaZwGD.js:258:20)
      at t (src/app/[locale]/admin/programs/[id]/page.tsx:177:27)
      at renderWithHooks (node_modules/react-dom/cjs/react-dom.development.js:15486:18)
      at updateFunctionComponent (node_modules/react-dom/cjs/react-dom.development.js:19617:20)
      at beginWork (node_modules/react-dom/cjs/react-dom.development.js:21640:16)
      at beginWork$1 (node_modules/react-dom/cjs/react-dom.development.js:27465:14)
      at performUnitOfWork (node_modules/react-dom/cjs/react-dom.development.js:26599:12)
      at workLoopSync (node_modules/react-dom/cjs/react-dom.development.js:26505:5)
      at renderRootSync (node_modules/react-dom/cjs/react-dom.development.js:26473:7)
      at performSyncWorkOnRoot (node_modules/react-dom/cjs/react-dom.development.js:26124:20)
      at flushSyncCallbacks (node_modules/react-dom/cjs/react-dom.development.js:12042:22)
      at flushSync (node_modules/react-dom/cjs/react-dom.development.js:26240:7)
      at finishEventHandler (node_modules/react-dom/cjs/react-dom.development.js:3976:5)
      at batchedUpdates (node_modules/react-dom/cjs/react-dom.development.js:3994:5)
      at dispatchEventForPluginEventSystem (node_modules/react-dom/cjs/react-dom.development.js:9287:3)
      at dispatchEventWithEnableCapturePhaseSelectiveHydrationWithoutDiscreteEventReplay (node_modules/react-dom/cjs/react-dom.development.js:6465:5)
      at dispatchEvent (node_modules/react-dom/cjs/react-dom.development.js:6457:5)
      at dispatchDiscreteEvent (node_modules/react-dom/cjs/react-dom.development.js:6430:5)
      at HTMLDivElement.callTheUserObjectsOperation (node_modules/jsdom/lib/jsdom/living/generated/EventListener.js:26:30)
      at innerInvokeEventListeners (node_modules/jsdom/lib/jsdom/living/events/EventTarget-impl.js:350:25)
      at invokeEventListeners (node_modules/jsdom/lib/jsdom/living/events/EventTarget-impl.js:286:3)
      at HTMLInputElementImpl._dispatch (node_modules/jsdom/lib/jsdom/living/events/EventTarget-impl.js:233:9)
      at HTMLInputElementImpl.dispatchEvent (node_modules/jsdom/lib/jsdom/living/events/EventTarget-impl.js:104:17)
      at HTMLInputElement.dispatchEvent (node_modules/jsdom/lib/jsdom/living/generated/EventTarget.js:241:34)
      at node_modules/@testing-library/user-event/dist/cjs/event/dispatchEvent.js:45:43
      at node_modules/@testing-library/react/dist/pure.js:108:16
      at node_modules/@testing-library/react/dist/act-compat.js:48:24
      at act (node_modules/react/cjs/react.development.js:2512:16)
      at node_modules/@testing-library/react/dist/act-compat.js:47:25
      at Object.eventWrapper (node_modules/@testing-library/react/dist/pure.js:107:28)
      at Object.wrapEvent (node_modules/@testing-library/user-event/dist/cjs/event/wrapEvent.js:6:28)
      at Object.dispatchEvent (node_modules/@testing-library/user-event/dist/cjs/event/dispatchEvent.js:45:22)
      at Object.dispatchUIEvent (node_modules/@testing-library/user-event/dist/cjs/event/dispatchEvent.js:22:26)
      at commitInput (node_modules/@testing-library/user-event/dist/cjs/event/input.js:145:14)
      at editInputElement (node_modules/@testing-library/user-event/dist/cjs/event/input.js:115:9)
      at Object.input (node_modules/@testing-library/user-event/dist/cjs/event/input.js:37:9)
      at node_modules/@testing-library/user-event/dist/cjs/event/behavior/keypress.js:31:26
      at Object.dispatchEvent (node_modules/@testing-library/user-event/dist/cjs/event/dispatchEvent.js:41:13)
      at Object.dispatchUIEvent (node_modules/@testing-library/user-event/dist/cjs/event/dispatchEvent.js:22:26)
      at KeyboardHost.keydown (node_modules/@testing-library/user-event/dist/cjs/system/keyboard.js:76:22)
      at keyboardAction (node_modules/@testing-library/user-event/dist/cjs/keyboard/index.js:22:35)
      at Object.keyboard (node_modules/@testing-library/user-event/dist/cjs/keyboard/index.js:11:15)
      at Object.type (node_modules/@testing-library/user-event/dist/cjs/utility/type.js:17:5)
      at Object.asyncWrapper (node_modules/@testing-library/react/dist/pure.js:88:22)
      at Object.<anonymous> (src/app/[locale]/admin/programs/[id]/__tests__/page.test.tsx:187:5)

    console.error
      IntlError: FORMATTING_ERROR: The intl string context variable "count" was not provided to the string "{count} Students"
          at getFallbackFromErrorAndNotify (/Users/yusefbach/Projekte/studynexus/frontend/node_modules/use-intl/dist/development/createFormatter-QqAaZwGD.js:159:19)
          at translateBaseFn (/Users/yusefbach/Projekte/studynexus/frontend/node_modules/use-intl/dist/development/createFormatter-QqAaZwGD.js:251:14)
          at translateFn (/Users/yusefbach/Projekte/studynexus/frontend/node_modules/use-intl/dist/development/createFormatter-QqAaZwGD.js:258:20)
          at t (/Users/yusefbach/Projekte/studynexus/frontend/src/app/[locale]/admin/programs/[id]/page.tsx:177:27)
          at renderWithHooks (/Users/yusefbach/Projekte/studynexus/frontend/node_modules/react-dom/cjs/react-dom.development.js:15486:18)
          at updateFunctionComponent (/Users/yusefbach/Projekte/studynexus/frontend/node_modules/react-dom/cjs/react-dom.development.js:19617:20)
          at beginWork (/Users/yusefbach/Projekte/studynexus/frontend/node_modules/react-dom/cjs/react-dom.development.js:21640:16)
          at beginWork$1 (/Users/yusefbach/Projekte/studynexus/frontend/node_modules/react-dom/cjs/react-dom.development.js:27465:14)
          at performUnitOfWork (/Users/yusefbach/Projekte/studynexus/frontend/node_modules/react-dom/cjs/react-dom.development.js:26599:12)
          at workLoopSync (/Users/yusefbach/Projekte/studynexus/frontend/node_modules/react-dom/cjs/react-dom.development.js:26505:5)
          at renderRootSync (/Users/yusefbach/Projekte/studynexus/frontend/node_modules/react-dom/cjs/react-dom.development.js:26473:7)
          at performSyncWorkOnRoot (/Users/yusefbach/Projekte/studynexus/frontend/node_modules/react-dom/cjs/react-dom.development.js:26124:20)
          at flushSyncCallbacks (/Users/yusefbach/Projekte/studynexus/frontend/node_modules/react-dom/cjs/react-dom.development.js:12042:22)
          at flushSync (/Users/yusefbach/Projekte/studynexus/frontend/node_modules/react-dom/cjs/react-dom.development.js:26240:7)
          at finishEventHandler (/Users/yusefbach/Projekte/studynexus/frontend/node_modules/react-dom/cjs/react-dom.development.js:3976:5)
          at batchedUpdates (/Users/yusefbach/Projekte/studynexus/frontend/node_modules/react-dom/cjs/react-dom.development.js:3994:5)
          at dispatchEventForPluginEventSystem (/Users/yusefbach/Projekte/studynexus/frontend/node_modules/react-dom/cjs/react-dom.development.js:9287:3)
          at dispatchEventWithEnableCapturePhaseSelectiveHydrationWithoutDiscreteEventReplay (/Users/yusefbach/Projekte/studynexus/frontend/node_modules/react-dom/cjs/react-dom.development.js:6465:5)
          at dispatchEvent (/Users/yusefbach/Projekte/studynexus/frontend/node_modules/react-dom/cjs/react-dom.development.js:6457:5)
          at dispatchDiscreteEvent (/Users/yusefbach/Projekte/studynexus/frontend/node_modules/react-dom/cjs/react-dom.development.js:6430:5)
          at HTMLDivElement.callTheUserObjectsOperation (/Users/yusefbach/Projekte/studynexus/frontend/node_modules/jsdom/lib/jsdom/living/generated/EventListener.js:26:30)
          at innerInvokeEventListeners (/Users/yusefbach/Projekte/studynexus/frontend/node_modules/jsdom/lib/jsdom/living/events/EventTarget-impl.js:350:25)
          at invokeEventListeners (/Users/yusefbach/Projekte/studynexus/frontend/node_modules/jsdom/lib/jsdom/living/events/EventTarget-impl.js:286:3)
          at HTMLInputElementImpl._dispatch (/Users/yusefbach/Projekte/studynexus/frontend/node_modules/jsdom/lib/jsdom/living/events/EventTarget-impl.js:233:9)
          at HTMLInputElementImpl.dispatchEvent (/Users/yusefbach/Projekte/studynexus/frontend/node_modules/jsdom/lib/jsdom/living/events/EventTarget-impl.js:104:17)
          at HTMLInputElement.dispatchEvent (/Users/yusefbach/Projekte/studynexus/frontend/node_modules/jsdom/lib/jsdom/living/generated/EventTarget.js:241:34)
          at /Users/yusefbach/Projekte/studynexus/frontend/node_modules/@testing-library/user-event/dist/cjs/event/dispatchEvent.js:45:43
          at /Users/yusefbach/Projekte/studynexus/frontend/node_modules/@testing-library/react/dist/pure.js:108:16
          at /Users/yusefbach/Projekte/studynexus/frontend/node_modules/@testing-library/react/dist/act-compat.js:48:24
          at act (/Users/yusefbach/Projekte/studynexus/frontend/node_modules/react/cjs/react.development.js:2512:16)
          at /Users/yusefbach/Projekte/studynexus/frontend/node_modules/@testing-library/react/dist/act-compat.js:47:25
          at Object.eventWrapper (/Users/yusefbach/Projekte/studynexus/frontend/node_modules/@testing-library/react/dist/pure.js:107:28)
          at Object.wrapEvent (/Users/yusefbach/Projekte/studynexus/frontend/node_modules/@testing-library/user-event/dist/cjs/event/wrapEvent.js:6:28)
          at Object.dispatchEvent (/Users/yusefbach/Projekte/studynexus/frontend/node_modules/@testing-library/user-event/dist/cjs/event/dispatchEvent.js:45:22)
          at Object.dispatchUIEvent (/Users/yusefbach/Projekte/studynexus/frontend/node_modules/@testing-library/user-event/dist/cjs/event/dispatchEvent.js:22:26)
          at commitInput (/Users/yusefbach/Projekte/studynexus/frontend/node_modules/@testing-library/user-event/dist/cjs/event/input.js:145:14)
          at editInputElement (/Users/yusefbach/Projekte/studynexus/frontend/node_modules/@testing-library/user-event/dist/cjs/event/input.js:115:9)
          at Object.input (/Users/yusefbach/Projekte/studynexus/frontend/node_modules/@testing-library/user-event/dist/cjs/event/input.js:37:9)
          at /Users/yusefbach/Projekte/studynexus/frontend/node_modules/@testing-library/user-event/dist/cjs/event/behavior/keypress.js:31:26
          at Object.dispatchEvent (/Users/yusefbach/Projekte/studynexus/frontend/node_modules/@testing-library/user-event/dist/cjs/event/dispatchEvent.js:41:13)
          at Object.dispatchUIEvent (/Users/yusefbach/Projekte/studynexus/frontend/node_modules/@testing-library/user-event/dist/cjs/event/dispatchEvent.js:22:26)
          at KeyboardHost.keydown (/Users/yusefbach/Projekte/studynexus/frontend/node_modules/@testing-library/user-event/dist/cjs/system/keyboard.js:76:22)
          at keyboardAction (/Users/yusefbach/Projekte/studynexus/frontend/node_modules/@testing-library/user-event/dist/cjs/keyboard/index.js:22:35)
          at Object.keyboard (/Users/yusefbach/Projekte/studynexus/frontend/node_modules/@testing-library/user-event/dist/cjs/keyboard/index.js:11:15)
          at Object.type (/Users/yusefbach/Projekte/studynexus/frontend/node_modules/@testing-library/user-event/dist/cjs/utility/type.js:17:5)
          at Object.asyncWrapper (/Users/yusefbach/Projekte/studynexus/frontend/node_modules/@testing-library/react/dist/pure.js:88:22)
          at Object.<anonymous> (/Users/yusefbach/Projekte/studynexus/frontend/src/app/[locale]/admin/programs/[id]/__tests__/page.test.tsx:187:5) {
        code: 'FORMATTING_ERROR',
        originalMessage: 'The intl string context variable "count" was not provided to the string "{count} Students"'
      }

      175 |           <InfoRow label={t("detail.regelstudienzeit")} value={`${prog.regelstudienzeit} ${t("detail.semesterSuffix")}`} />
      176 |           <InfoRow label={t("detail.gesamtEcts")} value={`${prog.gesamt_ects} ECTS`} />
    > 177 |           <InfoRow label={t("detail.students")} value={t("detail.students", { count: prog.student_count })} />
          |                           ^
      178 |         </dl>
      179 |       </SectionCard>
      180 |

      at defaultOnError (node_modules/use-intl/dist/development/initializeConfig-BhfMSHP7.js:70:11)
      at getFallbackFromErrorAndNotify (node_modules/use-intl/dist/development/createFormatter-QqAaZwGD.js:160:5)
      at translateBaseFn (node_modules/use-intl/dist/development/createFormatter-QqAaZwGD.js:251:14)
      at translateFn (node_modules/use-intl/dist/development/createFormatter-QqAaZwGD.js:258:20)
      at t (src/app/[locale]/admin/programs/[id]/page.tsx:177:27)
      at renderWithHooks (node_modules/react-dom/cjs/react-dom.development.js:15486:18)
      at updateFunctionComponent (node_modules/react-dom/cjs/react-dom.development.js:19617:20)
      at beginWork (node_modules/react-dom/cjs/react-dom.development.js:21640:16)
      at beginWork$1 (node_modules/react-dom/cjs/react-dom.development.js:27465:14)
      at performUnitOfWork (node_modules/react-dom/cjs/react-dom.development.js:26599:12)
      at workLoopSync (node_modules/react-dom/cjs/react-dom.development.js:26505:5)
      at renderRootSync (node_modules/react-dom/cjs/react-dom.development.js:26473:7)
      at performSyncWorkOnRoot (node_modules/react-dom/cjs/react-dom.development.js:26124:20)
      at flushSyncCallbacks (node_modules/react-dom/cjs/react-dom.development.js:12042:22)
      at flushSync (node_modules/react-dom/cjs/react-dom.development.js:26240:7)
      at finishEventHandler (node_modules/react-dom/cjs/react-dom.development.js:3976:5)
      at batchedUpdates (node_modules/react-dom/cjs/react-dom.development.js:3994:5)
      at dispatchEventForPluginEventSystem (node_modules/react-dom/cjs/react-dom.development.js:9287:3)
      at dispatchEventWithEnableCapturePhaseSelectiveHydrationWithoutDiscreteEventReplay (node_modules/react-dom/cjs/react-dom.development.js:6465:5)
      at dispatchEvent (node_modules/react-dom/cjs/react-dom.development.js:6457:5)
      at dispatchDiscreteEvent (node_modules/react-dom/cjs/react-dom.development.js:6430:5)
      at HTMLDivElement.callTheUserObjectsOperation (node_modules/jsdom/lib/jsdom/living/generated/EventListener.js:26:30)
      at innerInvokeEventListeners (node_modules/jsdom/lib/jsdom/living/events/EventTarget-impl.js:350:25)
      at invokeEventListeners (node_modules/jsdom/lib/jsdom/living/events/EventTarget-impl.js:286:3)
      at HTMLInputElementImpl._dispatch (node_modules/jsdom/lib/jsdom/living/events/EventTarget-impl.js:233:9)
      at HTMLInputElementImpl.dispatchEvent (node_modules/jsdom/lib/jsdom/living/events/EventTarget-impl.js:104:17)
      at HTMLInputElement.dispatchEvent (node_modules/jsdom/lib/jsdom/living/generated/EventTarget.js:241:34)
      at node_modules/@testing-library/user-event/dist/cjs/event/dispatchEvent.js:45:43
      at node_modules/@testing-library/react/dist/pure.js:108:16
      at node_modules/@testing-library/react/dist/act-compat.js:48:24
      at act (node_modules/react/cjs/react.development.js:2512:16)
      at node_modules/@testing-library/react/dist/act-compat.js:47:25
      at Object.eventWrapper (node_modules/@testing-library/react/dist/pure.js:107:28)
      at Object.wrapEvent (node_modules/@testing-library/user-event/dist/cjs/event/wrapEvent.js:6:28)
      at Object.dispatchEvent (node_modules/@testing-library/user-event/dist/cjs/event/dispatchEvent.js:45:22)
      at Object.dispatchUIEvent (node_modules/@testing-library/user-event/dist/cjs/event/dispatchEvent.js:22:26)
      at commitInput (node_modules/@testing-library/user-event/dist/cjs/event/input.js:145:14)
      at editInputElement (node_modules/@testing-library/user-event/dist/cjs/event/input.js:115:9)
      at Object.input (node_modules/@testing-library/user-event/dist/cjs/event/input.js:37:9)
      at node_modules/@testing-library/user-event/dist/cjs/event/behavior/keypress.js:31:26
      at Object.dispatchEvent (node_modules/@testing-library/user-event/dist/cjs/event/dispatchEvent.js:41:13)
      at Object.dispatchUIEvent (node_modules/@testing-library/user-event/dist/cjs/event/dispatchEvent.js:22:26)
      at KeyboardHost.keydown (node_modules/@testing-library/user-event/dist/cjs/system/keyboard.js:76:22)
      at keyboardAction (node_modules/@testing-library/user-event/dist/cjs/keyboard/index.js:22:35)
      at Object.keyboard (node_modules/@testing-library/user-event/dist/cjs/keyboard/index.js:11:15)
      at Object.type (node_modules/@testing-library/user-event/dist/cjs/utility/type.js:17:5)
      at Object.asyncWrapper (node_modules/@testing-library/react/dist/pure.js:88:22)
      at Object.<anonymous> (src/app/[locale]/admin/programs/[id]/__tests__/page.test.tsx:187:5)

    console.error
      IntlError: FORMATTING_ERROR: The intl string context variable "count" was not provided to the string "{count} Students"
          at getFallbackFromErrorAndNotify (/Users/yusefbach/Projekte/studynexus/frontend/node_modules/use-intl/dist/development/createFormatter-QqAaZwGD.js:159:19)
          at translateBaseFn (/Users/yusefbach/Projekte/studynexus/frontend/node_modules/use-intl/dist/development/createFormatter-QqAaZwGD.js:251:14)
          at translateFn (/Users/yusefbach/Projekte/studynexus/frontend/node_modules/use-intl/dist/development/createFormatter-QqAaZwGD.js:258:20)
          at t (/Users/yusefbach/Projekte/studynexus/frontend/src/app/[locale]/admin/programs/[id]/page.tsx:177:27)
          at renderWithHooks (/Users/yusefbach/Projekte/studynexus/frontend/node_modules/react-dom/cjs/react-dom.development.js:15486:18)
          at updateFunctionComponent (/Users/yusefbach/Projekte/studynexus/frontend/node_modules/react-dom/cjs/react-dom.development.js:19617:20)
          at beginWork (/Users/yusefbach/Projekte/studynexus/frontend/node_modules/react-dom/cjs/react-dom.development.js:21640:16)
          at beginWork$1 (/Users/yusefbach/Projekte/studynexus/frontend/node_modules/react-dom/cjs/react-dom.development.js:27465:14)
          at performUnitOfWork (/Users/yusefbach/Projekte/studynexus/frontend/node_modules/react-dom/cjs/react-dom.development.js:26599:12)
          at workLoopSync (/Users/yusefbach/Projekte/studynexus/frontend/node_modules/react-dom/cjs/react-dom.development.js:26505:5)
          at renderRootSync (/Users/yusefbach/Projekte/studynexus/frontend/node_modules/react-dom/cjs/react-dom.development.js:26473:7)
          at performSyncWorkOnRoot (/Users/yusefbach/Projekte/studynexus/frontend/node_modules/react-dom/cjs/react-dom.development.js:26124:20)
          at flushSyncCallbacks (/Users/yusefbach/Projekte/studynexus/frontend/node_modules/react-dom/cjs/react-dom.development.js:12042:22)
          at flushSync (/Users/yusefbach/Projekte/studynexus/frontend/node_modules/react-dom/cjs/react-dom.development.js:26240:7)
          at finishEventHandler (/Users/yusefbach/Projekte/studynexus/frontend/node_modules/react-dom/cjs/react-dom.development.js:3976:5)
          at batchedUpdates (/Users/yusefbach/Projekte/studynexus/frontend/node_modules/react-dom/cjs/react-dom.development.js:3994:5)
          at dispatchEventForPluginEventSystem (/Users/yusefbach/Projekte/studynexus/frontend/node_modules/react-dom/cjs/react-dom.development.js:9287:3)
          at dispatchEventWithEnableCapturePhaseSelectiveHydrationWithoutDiscreteEventReplay (/Users/yusefbach/Projekte/studynexus/frontend/node_modules/react-dom/cjs/react-dom.development.js:6465:5)
          at dispatchEvent (/Users/yusefbach/Projekte/studynexus/frontend/node_modules/react-dom/cjs/react-dom.development.js:6457:5)
          at dispatchDiscreteEvent (/Users/yusefbach/Projekte/studynexus/frontend/node_modules/react-dom/cjs/react-dom.development.js:6430:5)
          at HTMLDivElement.callTheUserObjectsOperation (/Users/yusefbach/Projekte/studynexus/frontend/node_modules/jsdom/lib/jsdom/living/generated/EventListener.js:26:30)
          at innerInvokeEventListeners (/Users/yusefbach/Projekte/studynexus/frontend/node_modules/jsdom/lib/jsdom/living/events/EventTarget-impl.js:350:25)
          at invokeEventListeners (/Users/yusefbach/Projekte/studynexus/frontend/node_modules/jsdom/lib/jsdom/living/events/EventTarget-impl.js:286:3)
          at HTMLInputElementImpl._dispatch (/Users/yusefbach/Projekte/studynexus/frontend/node_modules/jsdom/lib/jsdom/living/events/EventTarget-impl.js:233:9)
          at HTMLInputElementImpl.dispatchEvent (/Users/yusefbach/Projekte/studynexus/frontend/node_modules/jsdom/lib/jsdom/living/events/EventTarget-impl.js:104:17)
          at HTMLInputElement.dispatchEvent (/Users/yusefbach/Projekte/studynexus/frontend/node_modules/jsdom/lib/jsdom/living/generated/EventTarget.js:241:34)
          at /Users/yusefbach/Projekte/studynexus/frontend/node_modules/@testing-library/user-event/dist/cjs/event/dispatchEvent.js:45:43
          at /Users/yusefbach/Projekte/studynexus/frontend/node_modules/@testing-library/react/dist/pure.js:108:16
          at /Users/yusefbach/Projekte/studynexus/frontend/node_modules/@testing-library/react/dist/act-compat.js:48:24
          at act (/Users/yusefbach/Projekte/studynexus/frontend/node_modules/react/cjs/react.development.js:2512:16)
          at /Users/yusefbach/Projekte/studynexus/frontend/node_modules/@testing-library/react/dist/act-compat.js:47:25
          at Object.eventWrapper (/Users/yusefbach/Projekte/studynexus/frontend/node_modules/@testing-library/react/dist/pure.js:107:28)
          at Object.wrapEvent (/Users/yusefbach/Projekte/studynexus/frontend/node_modules/@testing-library/user-event/dist/cjs/event/wrapEvent.js:6:28)
          at Object.dispatchEvent (/Users/yusefbach/Projekte/studynexus/frontend/node_modules/@testing-library/user-event/dist/cjs/event/dispatchEvent.js:45:22)
          at Object.dispatchUIEvent (/Users/yusefbach/Projekte/studynexus/frontend/node_modules/@testing-library/user-event/dist/cjs/event/dispatchEvent.js:22:26)
          at commitInput (/Users/yusefbach/Projekte/studynexus/frontend/node_modules/@testing-library/user-event/dist/cjs/event/input.js:145:14)
          at editInputElement (/Users/yusefbach/Projekte/studynexus/frontend/node_modules/@testing-library/user-event/dist/cjs/event/input.js:115:9)
          at Object.input (/Users/yusefbach/Projekte/studynexus/frontend/node_modules/@testing-library/user-event/dist/cjs/event/input.js:37:9)
          at /Users/yusefbach/Projekte/studynexus/frontend/node_modules/@testing-library/user-event/dist/cjs/event/behavior/keypress.js:31:26
          at Object.dispatchEvent (/Users/yusefbach/Projekte/studynexus/frontend/node_modules/@testing-library/user-event/dist/cjs/event/dispatchEvent.js:41:13)
          at Object.dispatchUIEvent (/Users/yusefbach/Projekte/studynexus/frontend/node_modules/@testing-library/user-event/dist/cjs/event/dispatchEvent.js:22:26)
          at KeyboardHost.keydown (/Users/yusefbach/Projekte/studynexus/frontend/node_modules/@testing-library/user-event/dist/cjs/system/keyboard.js:76:22)
          at keyboardAction (/Users/yusefbach/Projekte/studynexus/frontend/node_modules/@testing-library/user-event/dist/cjs/keyboard/index.js:22:35)
          at Object.keyboard (/Users/yusefbach/Projekte/studynexus/frontend/node_modules/@testing-library/user-event/dist/cjs/keyboard/index.js:11:15)
          at Object.type (/Users/yusefbach/Projekte/studynexus/frontend/node_modules/@testing-library/user-event/dist/cjs/utility/type.js:17:5)
          at Object.asyncWrapper (/Users/yusefbach/Projekte/studynexus/frontend/node_modules/@testing-library/react/dist/pure.js:88:22)
          at Object.<anonymous> (/Users/yusefbach/Projekte/studynexus/frontend/src/app/[locale]/admin/programs/[id]/__tests__/page.test.tsx:187:5) {
        code: 'FORMATTING_ERROR',
        originalMessage: 'The intl string context variable "count" was not provided to the string "{count} Students"'
      }

      175 |           <InfoRow label={t("detail.regelstudienzeit")} value={`${prog.regelstudienzeit} ${t("detail.semesterSuffix")}`} />
      176 |           <InfoRow label={t("detail.gesamtEcts")} value={`${prog.gesamt_ects} ECTS`} />
    > 177 |           <InfoRow label={t("detail.students")} value={t("detail.students", { count: prog.student_count })} />
          |                           ^
      178 |         </dl>
      179 |       </SectionCard>
      180 |

      at defaultOnError (node_modules/use-intl/dist/development/initializeConfig-BhfMSHP7.js:70:11)
      at getFallbackFromErrorAndNotify (node_modules/use-intl/dist/development/createFormatter-QqAaZwGD.js:160:5)
      at translateBaseFn (node_modules/use-intl/dist/development/createFormatter-QqAaZwGD.js:251:14)
      at translateFn (node_modules/use-intl/dist/development/createFormatter-QqAaZwGD.js:258:20)
      at t (src/app/[locale]/admin/programs/[id]/page.tsx:177:27)
      at renderWithHooks (node_modules/react-dom/cjs/react-dom.development.js:15486:18)
      at updateFunctionComponent (node_modules/react-dom/cjs/react-dom.development.js:19617:20)
      at beginWork (node_modules/react-dom/cjs/react-dom.development.js:21640:16)
      at beginWork$1 (node_modules/react-dom/cjs/react-dom.development.js:27465:14)
      at performUnitOfWork (node_modules/react-dom/cjs/react-dom.development.js:26599:12)
      at workLoopSync (node_modules/react-dom/cjs/react-dom.development.js:26505:5)
      at renderRootSync (node_modules/react-dom/cjs/react-dom.development.js:26473:7)
      at performSyncWorkOnRoot (node_modules/react-dom/cjs/react-dom.development.js:26124:20)
      at flushSyncCallbacks (node_modules/react-dom/cjs/react-dom.development.js:12042:22)
      at flushSync (node_modules/react-dom/cjs/react-dom.development.js:26240:7)
      at finishEventHandler (node_modules/react-dom/cjs/react-dom.development.js:3976:5)
      at batchedUpdates (node_modules/react-dom/cjs/react-dom.development.js:3994:5)
      at dispatchEventForPluginEventSystem (node_modules/react-dom/cjs/react-dom.development.js:9287:3)
      at dispatchEventWithEnableCapturePhaseSelectiveHydrationWithoutDiscreteEventReplay (node_modules/react-dom/cjs/react-dom.development.js:6465:5)
      at dispatchEvent (node_modules/react-dom/cjs/react-dom.development.js:6457:5)
      at dispatchDiscreteEvent (node_modules/react-dom/cjs/react-dom.development.js:6430:5)
      at HTMLDivElement.callTheUserObjectsOperation (node_modules/jsdom/lib/jsdom/living/generated/EventListener.js:26:30)
      at innerInvokeEventListeners (node_modules/jsdom/lib/jsdom/living/events/EventTarget-impl.js:350:25)
      at invokeEventListeners (node_modules/jsdom/lib/jsdom/living/events/EventTarget-impl.js:286:3)
      at HTMLInputElementImpl._dispatch (node_modules/jsdom/lib/jsdom/living/events/EventTarget-impl.js:233:9)
      at HTMLInputElementImpl.dispatchEvent (node_modules/jsdom/lib/jsdom/living/events/EventTarget-impl.js:104:17)
      at HTMLInputElement.dispatchEvent (node_modules/jsdom/lib/jsdom/living/generated/EventTarget.js:241:34)
      at node_modules/@testing-library/user-event/dist/cjs/event/dispatchEvent.js:45:43
      at node_modules/@testing-library/react/dist/pure.js:108:16
      at node_modules/@testing-library/react/dist/act-compat.js:48:24
      at act (node_modules/react/cjs/react.development.js:2512:16)
      at node_modules/@testing-library/react/dist/act-compat.js:47:25
      at Object.eventWrapper (node_modules/@testing-library/react/dist/pure.js:107:28)
      at Object.wrapEvent (node_modules/@testing-library/user-event/dist/cjs/event/wrapEvent.js:6:28)
      at Object.dispatchEvent (node_modules/@testing-library/user-event/dist/cjs/event/dispatchEvent.js:45:22)
      at Object.dispatchUIEvent (node_modules/@testing-library/user-event/dist/cjs/event/dispatchEvent.js:22:26)
      at commitInput (node_modules/@testing-library/user-event/dist/cjs/event/input.js:145:14)
      at editInputElement (node_modules/@testing-library/user-event/dist/cjs/event/input.js:115:9)
      at Object.input (node_modules/@testing-library/user-event/dist/cjs/event/input.js:37:9)
      at node_modules/@testing-library/user-event/dist/cjs/event/behavior/keypress.js:31:26
      at Object.dispatchEvent (node_modules/@testing-library/user-event/dist/cjs/event/dispatchEvent.js:41:13)
      at Object.dispatchUIEvent (node_modules/@testing-library/user-event/dist/cjs/event/dispatchEvent.js:22:26)
      at KeyboardHost.keydown (node_modules/@testing-library/user-event/dist/cjs/system/keyboard.js:76:22)
      at keyboardAction (node_modules/@testing-library/user-event/dist/cjs/keyboard/index.js:22:35)
      at Object.keyboard (node_modules/@testing-library/user-event/dist/cjs/keyboard/index.js:11:15)
      at Object.type (node_modules/@testing-library/user-event/dist/cjs/utility/type.js:17:5)
      at Object.asyncWrapper (node_modules/@testing-library/react/dist/pure.js:88:22)
      at Object.<anonymous> (src/app/[locale]/admin/programs/[id]/__tests__/page.test.tsx:187:5)

    console.error
      IntlError: FORMATTING_ERROR: The intl string context variable "count" was not provided to the string "{count} Students"
          at getFallbackFromErrorAndNotify (/Users/yusefbach/Projekte/studynexus/frontend/node_modules/use-intl/dist/development/createFormatter-QqAaZwGD.js:159:19)
          at translateBaseFn (/Users/yusefbach/Projekte/studynexus/frontend/node_modules/use-intl/dist/development/createFormatter-QqAaZwGD.js:251:14)
          at translateFn (/Users/yusefbach/Projekte/studynexus/frontend/node_modules/use-intl/dist/development/createFormatter-QqAaZwGD.js:258:20)
          at t (/Users/yusefbach/Projekte/studynexus/frontend/src/app/[locale]/admin/programs/[id]/page.tsx:177:27)
          at renderWithHooks (/Users/yusefbach/Projekte/studynexus/frontend/node_modules/react-dom/cjs/react-dom.development.js:15486:18)
          at updateFunctionComponent (/Users/yusefbach/Projekte/studynexus/frontend/node_modules/react-dom/cjs/react-dom.development.js:19617:20)
          at beginWork (/Users/yusefbach/Projekte/studynexus/frontend/node_modules/react-dom/cjs/react-dom.development.js:21640:16)
          at beginWork$1 (/Users/yusefbach/Projekte/studynexus/frontend/node_modules/react-dom/cjs/react-dom.development.js:27465:14)
          at performUnitOfWork (/Users/yusefbach/Projekte/studynexus/frontend/node_modules/react-dom/cjs/react-dom.development.js:26599:12)
          at workLoopSync (/Users/yusefbach/Projekte/studynexus/frontend/node_modules/react-dom/cjs/react-dom.development.js:26505:5)
          at renderRootSync (/Users/yusefbach/Projekte/studynexus/frontend/node_modules/react-dom/cjs/react-dom.development.js:26473:7)
          at performSyncWorkOnRoot (/Users/yusefbach/Projekte/studynexus/frontend/node_modules/react-dom/cjs/react-dom.development.js:26124:20)
          at flushSyncCallbacks (/Users/yusefbach/Projekte/studynexus/frontend/node_modules/react-dom/cjs/react-dom.development.js:12042:22)
          at flushSync (/Users/yusefbach/Projekte/studynexus/frontend/node_modules/react-dom/cjs/react-dom.development.js:26240:7)
          at finishEventHandler (/Users/yusefbach/Projekte/studynexus/frontend/node_modules/react-dom/cjs/react-dom.development.js:3976:5)
          at batchedUpdates (/Users/yusefbach/Projekte/studynexus/frontend/node_modules/react-dom/cjs/react-dom.development.js:3994:5)
          at dispatchEventForPluginEventSystem (/Users/yusefbach/Projekte/studynexus/frontend/node_modules/react-dom/cjs/react-dom.development.js:9287:3)
          at dispatchEventWithEnableCapturePhaseSelectiveHydrationWithoutDiscreteEventReplay (/Users/yusefbach/Projekte/studynexus/frontend/node_modules/react-dom/cjs/react-dom.development.js:6465:5)
          at dispatchEvent (/Users/yusefbach/Projekte/studynexus/frontend/node_modules/react-dom/cjs/react-dom.development.js:6457:5)
          at dispatchDiscreteEvent (/Users/yusefbach/Projekte/studynexus/frontend/node_modules/react-dom/cjs/react-dom.development.js:6430:5)
          at HTMLDivElement.callTheUserObjectsOperation (/Users/yusefbach/Projekte/studynexus/frontend/node_modules/jsdom/lib/jsdom/living/generated/EventListener.js:26:30)
          at innerInvokeEventListeners (/Users/yusefbach/Projekte/studynexus/frontend/node_modules/jsdom/lib/jsdom/living/events/EventTarget-impl.js:350:25)
          at invokeEventListeners (/Users/yusefbach/Projekte/studynexus/frontend/node_modules/jsdom/lib/jsdom/living/events/EventTarget-impl.js:286:3)
          at HTMLInputElementImpl._dispatch (/Users/yusefbach/Projekte/studynexus/frontend/node_modules/jsdom/lib/jsdom/living/events/EventTarget-impl.js:233:9)
          at HTMLInputElementImpl.dispatchEvent (/Users/yusefbach/Projekte/studynexus/frontend/node_modules/jsdom/lib/jsdom/living/events/EventTarget-impl.js:104:17)
          at HTMLInputElement.dispatchEvent (/Users/yusefbach/Projekte/studynexus/frontend/node_modules/jsdom/lib/jsdom/living/generated/EventTarget.js:241:34)
          at /Users/yusefbach/Projekte/studynexus/frontend/node_modules/@testing-library/user-event/dist/cjs/event/dispatchEvent.js:45:43
          at /Users/yusefbach/Projekte/studynexus/frontend/node_modules/@testing-library/react/dist/pure.js:108:16
          at /Users/yusefbach/Projekte/studynexus/frontend/node_modules/@testing-library/react/dist/act-compat.js:48:24
          at act (/Users/yusefbach/Projekte/studynexus/frontend/node_modules/react/cjs/react.development.js:2512:16)
          at /Users/yusefbach/Projekte/studynexus/frontend/node_modules/@testing-library/react/dist/act-compat.js:47:25
          at Object.eventWrapper (/Users/yusefbach/Projekte/studynexus/frontend/node_modules/@testing-library/react/dist/pure.js:107:28)
          at Object.wrapEvent (/Users/yusefbach/Projekte/studynexus/frontend/node_modules/@testing-library/user-event/dist/cjs/event/wrapEvent.js:6:28)
          at Object.dispatchEvent (/Users/yusefbach/Projekte/studynexus/frontend/node_modules/@testing-library/user-event/dist/cjs/event/dispatchEvent.js:45:22)
          at Object.dispatchUIEvent (/Users/yusefbach/Projekte/studynexus/frontend/node_modules/@testing-library/user-event/dist/cjs/event/dispatchEvent.js:22:26)
          at commitInput (/Users/yusefbach/Projekte/studynexus/frontend/node_modules/@testing-library/user-event/dist/cjs/event/input.js:145:14)
          at editInputElement (/Users/yusefbach/Projekte/studynexus/frontend/node_modules/@testing-library/user-event/dist/cjs/event/input.js:115:9)
          at Object.input (/Users/yusefbach/Projekte/studynexus/frontend/node_modules/@testing-library/user-event/dist/cjs/event/input.js:37:9)
          at /Users/yusefbach/Projekte/studynexus/frontend/node_modules/@testing-library/user-event/dist/cjs/event/behavior/keypress.js:31:26
          at Object.dispatchEvent (/Users/yusefbach/Projekte/studynexus/frontend/node_modules/@testing-library/user-event/dist/cjs/event/dispatchEvent.js:41:13)
          at Object.dispatchUIEvent (/Users/yusefbach/Projekte/studynexus/frontend/node_modules/@testing-library/user-event/dist/cjs/event/dispatchEvent.js:22:26)
          at KeyboardHost.keydown (/Users/yusefbach/Projekte/studynexus/frontend/node_modules/@testing-library/user-event/dist/cjs/system/keyboard.js:76:22)
          at keyboardAction (/Users/yusefbach/Projekte/studynexus/frontend/node_modules/@testing-library/user-event/dist/cjs/keyboard/index.js:22:35)
          at Object.keyboard (/Users/yusefbach/Projekte/studynexus/frontend/node_modules/@testing-library/user-event/dist/cjs/keyboard/index.js:11:15)
          at Object.type (/Users/yusefbach/Projekte/studynexus/frontend/node_modules/@testing-library/user-event/dist/cjs/utility/type.js:17:5)
          at Object.asyncWrapper (/Users/yusefbach/Projekte/studynexus/frontend/node_modules/@testing-library/react/dist/pure.js:88:22)
          at Object.<anonymous> (/Users/yusefbach/Projekte/studynexus/frontend/src/app/[locale]/admin/programs/[id]/__tests__/page.test.tsx:187:5) {
        code: 'FORMATTING_ERROR',
        originalMessage: 'The intl string context variable "count" was not provided to the string "{count} Students"'
      }

      175 |           <InfoRow label={t("detail.regelstudienzeit")} value={`${prog.regelstudienzeit} ${t("detail.semesterSuffix")}`} />
      176 |           <InfoRow label={t("detail.gesamtEcts")} value={`${prog.gesamt_ects} ECTS`} />
    > 177 |           <InfoRow label={t("detail.students")} value={t("detail.students", { count: prog.student_count })} />
          |                           ^
      178 |         </dl>
      179 |       </SectionCard>
      180 |

      at defaultOnError (node_modules/use-intl/dist/development/initializeConfig-BhfMSHP7.js:70:11)
      at getFallbackFromErrorAndNotify (node_modules/use-intl/dist/development/createFormatter-QqAaZwGD.js:160:5)
      at translateBaseFn (node_modules/use-intl/dist/development/createFormatter-QqAaZwGD.js:251:14)
      at translateFn (node_modules/use-intl/dist/development/createFormatter-QqAaZwGD.js:258:20)
      at t (src/app/[locale]/admin/programs/[id]/page.tsx:177:27)
      at renderWithHooks (node_modules/react-dom/cjs/react-dom.development.js:15486:18)
      at updateFunctionComponent (node_modules/react-dom/cjs/react-dom.development.js:19617:20)
      at beginWork (node_modules/react-dom/cjs/react-dom.development.js:21640:16)
      at beginWork$1 (node_modules/react-dom/cjs/react-dom.development.js:27465:14)
      at performUnitOfWork (node_modules/react-dom/cjs/react-dom.development.js:26599:12)
      at workLoopSync (node_modules/react-dom/cjs/react-dom.development.js:26505:5)
      at renderRootSync (node_modules/react-dom/cjs/react-dom.development.js:26473:7)
      at performSyncWorkOnRoot (node_modules/react-dom/cjs/react-dom.development.js:26124:20)
      at flushSyncCallbacks (node_modules/react-dom/cjs/react-dom.development.js:12042:22)
      at flushSync (node_modules/react-dom/cjs/react-dom.development.js:26240:7)
      at finishEventHandler (node_modules/react-dom/cjs/react-dom.development.js:3976:5)
      at batchedUpdates (node_modules/react-dom/cjs/react-dom.development.js:3994:5)
      at dispatchEventForPluginEventSystem (node_modules/react-dom/cjs/react-dom.development.js:9287:3)
      at dispatchEventWithEnableCapturePhaseSelectiveHydrationWithoutDiscreteEventReplay (node_modules/react-dom/cjs/react-dom.development.js:6465:5)
      at dispatchEvent (node_modules/react-dom/cjs/react-dom.development.js:6457:5)
      at dispatchDiscreteEvent (node_modules/react-dom/cjs/react-dom.development.js:6430:5)
      at HTMLDivElement.callTheUserObjectsOperation (node_modules/jsdom/lib/jsdom/living/generated/EventListener.js:26:30)
      at innerInvokeEventListeners (node_modules/jsdom/lib/jsdom/living/events/EventTarget-impl.js:350:25)
      at invokeEventListeners (node_modules/jsdom/lib/jsdom/living/events/EventTarget-impl.js:286:3)
      at HTMLInputElementImpl._dispatch (node_modules/jsdom/lib/jsdom/living/events/EventTarget-impl.js:233:9)
      at HTMLInputElementImpl.dispatchEvent (node_modules/jsdom/lib/jsdom/living/events/EventTarget-impl.js:104:17)
      at HTMLInputElement.dispatchEvent (node_modules/jsdom/lib/jsdom/living/generated/EventTarget.js:241:34)
      at node_modules/@testing-library/user-event/dist/cjs/event/dispatchEvent.js:45:43
      at node_modules/@testing-library/react/dist/pure.js:108:16
      at node_modules/@testing-library/react/dist/act-compat.js:48:24
      at act (node_modules/react/cjs/react.development.js:2512:16)
      at node_modules/@testing-library/react/dist/act-compat.js:47:25
      at Object.eventWrapper (node_modules/@testing-library/react/dist/pure.js:107:28)
      at Object.wrapEvent (node_modules/@testing-library/user-event/dist/cjs/event/wrapEvent.js:6:28)
      at Object.dispatchEvent (node_modules/@testing-library/user-event/dist/cjs/event/dispatchEvent.js:45:22)
      at Object.dispatchUIEvent (node_modules/@testing-library/user-event/dist/cjs/event/dispatchEvent.js:22:26)
      at commitInput (node_modules/@testing-library/user-event/dist/cjs/event/input.js:145:14)
      at editInputElement (node_modules/@testing-library/user-event/dist/cjs/event/input.js:115:9)
      at Object.input (node_modules/@testing-library/user-event/dist/cjs/event/input.js:37:9)
      at node_modules/@testing-library/user-event/dist/cjs/event/behavior/keypress.js:31:26
      at Object.dispatchEvent (node_modules/@testing-library/user-event/dist/cjs/event/dispatchEvent.js:41:13)
      at Object.dispatchUIEvent (node_modules/@testing-library/user-event/dist/cjs/event/dispatchEvent.js:22:26)
      at KeyboardHost.keydown (node_modules/@testing-library/user-event/dist/cjs/system/keyboard.js:76:22)
      at keyboardAction (node_modules/@testing-library/user-event/dist/cjs/keyboard/index.js:22:35)
      at Object.keyboard (node_modules/@testing-library/user-event/dist/cjs/keyboard/index.js:11:15)
      at Object.type (node_modules/@testing-library/user-event/dist/cjs/utility/type.js:17:5)
      at Object.asyncWrapper (node_modules/@testing-library/react/dist/pure.js:88:22)
      at Object.<anonymous> (src/app/[locale]/admin/programs/[id]/__tests__/page.test.tsx:187:5)

    console.error
      IntlError: FORMATTING_ERROR: The intl string context variable "count" was not provided to the string "{count} Students"
          at getFallbackFromErrorAndNotify (/Users/yusefbach/Projekte/studynexus/frontend/node_modules/use-intl/dist/development/createFormatter-QqAaZwGD.js:159:19)
          at translateBaseFn (/Users/yusefbach/Projekte/studynexus/frontend/node_modules/use-intl/dist/development/createFormatter-QqAaZwGD.js:251:14)
          at translateFn (/Users/yusefbach/Projekte/studynexus/frontend/node_modules/use-intl/dist/development/createFormatter-QqAaZwGD.js:258:20)
          at t (/Users/yusefbach/Projekte/studynexus/frontend/src/app/[locale]/admin/programs/[id]/page.tsx:177:27)
          at renderWithHooks (/Users/yusefbach/Projekte/studynexus/frontend/node_modules/react-dom/cjs/react-dom.development.js:15486:18)
          at updateFunctionComponent (/Users/yusefbach/Projekte/studynexus/frontend/node_modules/react-dom/cjs/react-dom.development.js:19617:20)
          at beginWork (/Users/yusefbach/Projekte/studynexus/frontend/node_modules/react-dom/cjs/react-dom.development.js:21640:16)
          at beginWork$1 (/Users/yusefbach/Projekte/studynexus/frontend/node_modules/react-dom/cjs/react-dom.development.js:27465:14)
          at performUnitOfWork (/Users/yusefbach/Projekte/studynexus/frontend/node_modules/react-dom/cjs/react-dom.development.js:26599:12)
          at workLoopSync (/Users/yusefbach/Projekte/studynexus/frontend/node_modules/react-dom/cjs/react-dom.development.js:26505:5)
          at renderRootSync (/Users/yusefbach/Projekte/studynexus/frontend/node_modules/react-dom/cjs/react-dom.development.js:26473:7)
          at performSyncWorkOnRoot (/Users/yusefbach/Projekte/studynexus/frontend/node_modules/react-dom/cjs/react-dom.development.js:26124:20)
          at flushSyncCallbacks (/Users/yusefbach/Projekte/studynexus/frontend/node_modules/react-dom/cjs/react-dom.development.js:12042:22)
          at flushActQueue (/Users/yusefbach/Projekte/studynexus/frontend/node_modules/react/cjs/react.development.js:2667:24)
          at act (/Users/yusefbach/Projekte/studynexus/frontend/node_modules/react/cjs/react.development.js:2582:11)
          at /Users/yusefbach/Projekte/studynexus/frontend/node_modules/@testing-library/react/dist/act-compat.js:47:25
          at Object.eventWrapper (/Users/yusefbach/Projekte/studynexus/frontend/node_modules/@testing-library/react/dist/pure.js:107:28)
          at fireEvent (/Users/yusefbach/Projekte/studynexus/frontend/node_modules/@testing-library/dom/dist/events.js:12:35)
          at fireEvent.<computed> [as click] (/Users/yusefbach/Projekte/studynexus/frontend/node_modules/@testing-library/dom/dist/events.js:110:36)
          at fireEvent.<computed> [as click] (/Users/yusefbach/Projekte/studynexus/frontend/node_modules/@testing-library/react/dist/fire-event.js:15:52)
          at Object.click (/Users/yusefbach/Projekte/studynexus/frontend/src/app/[locale]/admin/programs/[id]/__tests__/page.test.tsx:190:15) {
        code: 'FORMATTING_ERROR',
        originalMessage: 'The intl string context variable "count" was not provided to the string "{count} Students"'
      }

      175 |           <InfoRow label={t("detail.regelstudienzeit")} value={`${prog.regelstudienzeit} ${t("detail.semesterSuffix")}`} />
      176 |           <InfoRow label={t("detail.gesamtEcts")} value={`${prog.gesamt_ects} ECTS`} />
    > 177 |           <InfoRow label={t("detail.students")} value={t("detail.students", { count: prog.student_count })} />
          |                           ^
      178 |         </dl>
      179 |       </SectionCard>
      180 |

      at defaultOnError (node_modules/use-intl/dist/development/initializeConfig-BhfMSHP7.js:70:11)
      at getFallbackFromErrorAndNotify (node_modules/use-intl/dist/development/createFormatter-QqAaZwGD.js:160:5)
      at translateBaseFn (node_modules/use-intl/dist/development/createFormatter-QqAaZwGD.js:251:14)
      at translateFn (node_modules/use-intl/dist/development/createFormatter-QqAaZwGD.js:258:20)
      at t (src/app/[locale]/admin/programs/[id]/page.tsx:177:27)
      at renderWithHooks (node_modules/react-dom/cjs/react-dom.development.js:15486:18)
      at updateFunctionComponent (node_modules/react-dom/cjs/react-dom.development.js:19617:20)
      at beginWork (node_modules/react-dom/cjs/react-dom.development.js:21640:16)
      at beginWork$1 (node_modules/react-dom/cjs/react-dom.development.js:27465:14)
      at performUnitOfWork (node_modules/react-dom/cjs/react-dom.development.js:26599:12)
      at workLoopSync (node_modules/react-dom/cjs/react-dom.development.js:26505:5)
      at renderRootSync (node_modules/react-dom/cjs/react-dom.development.js:26473:7)
      at performSyncWorkOnRoot (node_modules/react-dom/cjs/react-dom.development.js:26124:20)
      at flushSyncCallbacks (node_modules/react-dom/cjs/react-dom.development.js:12042:22)
      at flushActQueue (node_modules/react/cjs/react.development.js:2667:24)
      at act (node_modules/react/cjs/react.development.js:2582:11)
      at node_modules/@testing-library/react/dist/act-compat.js:47:25
      at Object.eventWrapper (node_modules/@testing-library/react/dist/pure.js:107:28)
      at fireEvent (node_modules/@testing-library/dom/dist/events.js:12:35)
      at fireEvent.<computed> [as click] (node_modules/@testing-library/dom/dist/events.js:110:36)
      at fireEvent.<computed> [as click] (node_modules/@testing-library/react/dist/fire-event.js:15:52)
      at Object.click (src/app/[locale]/admin/programs/[id]/__tests__/page.test.tsx:190:15)

    console.error
      IntlError: FORMATTING_ERROR: The intl string context variable "count" was not provided to the string "{count} Students"
          at getFallbackFromErrorAndNotify (/Users/yusefbach/Projekte/studynexus/frontend/node_modules/use-intl/dist/development/createFormatter-QqAaZwGD.js:159:19)
          at translateBaseFn (/Users/yusefbach/Projekte/studynexus/frontend/node_modules/use-intl/dist/development/createFormatter-QqAaZwGD.js:251:14)
          at translateFn (/Users/yusefbach/Projekte/studynexus/frontend/node_modules/use-intl/dist/development/createFormatter-QqAaZwGD.js:258:20)
          at t (/Users/yusefbach/Projekte/studynexus/frontend/src/app/[locale]/admin/programs/[id]/page.tsx:177:27)
          at renderWithHooks (/Users/yusefbach/Projekte/studynexus/frontend/node_modules/react-dom/cjs/react-dom.development.js:15486:18)
          at updateFunctionComponent (/Users/yusefbach/Projekte/studynexus/frontend/node_modules/react-dom/cjs/react-dom.development.js:19617:20)
          at beginWork (/Users/yusefbach/Projekte/studynexus/frontend/node_modules/react-dom/cjs/react-dom.development.js:21640:16)
          at beginWork$1 (/Users/yusefbach/Projekte/studynexus/frontend/node_modules/react-dom/cjs/react-dom.development.js:27465:14)
          at performUnitOfWork (/Users/yusefbach/Projekte/studynexus/frontend/node_modules/react-dom/cjs/react-dom.development.js:26599:12)
          at workLoopSync (/Users/yusefbach/Projekte/studynexus/frontend/node_modules/react-dom/cjs/react-dom.development.js:26505:5)
          at renderRootSync (/Users/yusefbach/Projekte/studynexus/frontend/node_modules/react-dom/cjs/react-dom.development.js:26473:7)
          at performConcurrentWorkOnRoot (/Users/yusefbach/Projekte/studynexus/frontend/node_modules/react-dom/cjs/react-dom.development.js:25777:74)
          at workLoop (/Users/yusefbach/Projekte/studynexus/frontend/node_modules/scheduler/cjs/scheduler.development.js:266:34)
          at flushWork (/Users/yusefbach/Projekte/studynexus/frontend/node_modules/scheduler/cjs/scheduler.development.js:239:14)
          at performWorkUntilDeadline (/Users/yusefbach/Projekte/studynexus/frontend/node_modules/scheduler/cjs/scheduler.development.js:533:21)
          at Timeout.task [as _onTimeout] (/Users/yusefbach/Projekte/studynexus/frontend/node_modules/jsdom/lib/jsdom/browser/Window.js:520:19)
          at listOnTimeout (node:internal/timers:605:17)
          at processTimers (node:internal/timers:541:7) {
        code: 'FORMATTING_ERROR',
        originalMessage: 'The intl string context variable "count" was not provided to the string "{count} Students"'
      }

      175 |           <InfoRow label={t("detail.regelstudienzeit")} value={`${prog.regelstudienzeit} ${t("detail.semesterSuffix")}`} />
      176 |           <InfoRow label={t("detail.gesamtEcts")} value={`${prog.gesamt_ects} ECTS`} />
    > 177 |           <InfoRow label={t("detail.students")} value={t("detail.students", { count: prog.student_count })} />
          |                           ^
      178 |         </dl>
      179 |       </SectionCard>
      180 |

      at defaultOnError (node_modules/use-intl/dist/development/initializeConfig-BhfMSHP7.js:70:11)
      at getFallbackFromErrorAndNotify (node_modules/use-intl/dist/development/createFormatter-QqAaZwGD.js:160:5)
      at translateBaseFn (node_modules/use-intl/dist/development/createFormatter-QqAaZwGD.js:251:14)
      at translateFn (node_modules/use-intl/dist/development/createFormatter-QqAaZwGD.js:258:20)
      at t (src/app/[locale]/admin/programs/[id]/page.tsx:177:27)
      at renderWithHooks (node_modules/react-dom/cjs/react-dom.development.js:15486:18)
      at updateFunctionComponent (node_modules/react-dom/cjs/react-dom.development.js:19617:20)
      at beginWork (node_modules/react-dom/cjs/react-dom.development.js:21640:16)
      at beginWork$1 (node_modules/react-dom/cjs/react-dom.development.js:27465:14)
      at performUnitOfWork (node_modules/react-dom/cjs/react-dom.development.js:26599:12)
      at workLoopSync (node_modules/react-dom/cjs/react-dom.development.js:26505:5)
      at renderRootSync (node_modules/react-dom/cjs/react-dom.development.js:26473:7)
      at performConcurrentWorkOnRoot (node_modules/react-dom/cjs/react-dom.development.js:25777:74)
      at workLoop (node_modules/scheduler/cjs/scheduler.development.js:266:34)
      at flushWork (node_modules/scheduler/cjs/scheduler.development.js:239:14)
      at performWorkUntilDeadline (node_modules/scheduler/cjs/scheduler.development.js:533:21)
      at Timeout.task [as _onTimeout] (node_modules/jsdom/lib/jsdom/browser/Window.js:520:19)

    console.error
      IntlError: FORMATTING_ERROR: The intl string context variable "count" was not provided to the string "{count} Students"
          at getFallbackFromErrorAndNotify (/Users/yusefbach/Projekte/studynexus/frontend/node_modules/use-intl/dist/development/createFormatter-QqAaZwGD.js:159:19)
          at translateBaseFn (/Users/yusefbach/Projekte/studynexus/frontend/node_modules/use-intl/dist/development/createFormatter-QqAaZwGD.js:251:14)
          at translateFn (/Users/yusefbach/Projekte/studynexus/frontend/node_modules/use-intl/dist/development/createFormatter-QqAaZwGD.js:258:20)
          at t (/Users/yusefbach/Projekte/studynexus/frontend/src/app/[locale]/admin/programs/[id]/page.tsx:177:27)
          at renderWithHooks (/Users/yusefbach/Projekte/studynexus/frontend/node_modules/react-dom/cjs/react-dom.development.js:15486:18)
          at mountIndeterminateComponent (/Users/yusefbach/Projekte/studynexus/frontend/node_modules/react-dom/cjs/react-dom.development.js:20103:13)
          at beginWork (/Users/yusefbach/Projekte/studynexus/frontend/node_modules/react-dom/cjs/react-dom.development.js:21626:16)
          at beginWork$1 (/Users/yusefbach/Projekte/studynexus/frontend/node_modules/react-dom/cjs/react-dom.development.js:27465:14)
          at performUnitOfWork (/Users/yusefbach/Projekte/studynexus/frontend/node_modules/react-dom/cjs/react-dom.development.js:26599:12)
          at workLoopSync (/Users/yusefbach/Projekte/studynexus/frontend/node_modules/react-dom/cjs/react-dom.development.js:26505:5)
          at renderRootSync (/Users/yusefbach/Projekte/studynexus/frontend/node_modules/react-dom/cjs/react-dom.development.js:26473:7)
          at performConcurrentWorkOnRoot (/Users/yusefbach/Projekte/studynexus/frontend/node_modules/react-dom/cjs/react-dom.development.js:25777:74)
          at flushActQueue (/Users/yusefbach/Projekte/studynexus/frontend/node_modules/react/cjs/react.development.js:2667:24)
          at act (/Users/yusefbach/Projekte/studynexus/frontend/node_modules/react/cjs/react.development.js:2582:11)
          at /Users/yusefbach/Projekte/studynexus/frontend/node_modules/@testing-library/react/dist/act-compat.js:47:25
          at renderRoot (/Users/yusefbach/Projekte/studynexus/frontend/node_modules/@testing-library/react/dist/pure.js:180:26)
          at render (/Users/yusefbach/Projekte/studynexus/frontend/node_modules/@testing-library/react/dist/pure.js:271:10)
          at renderPage (/Users/yusefbach/Projekte/studynexus/frontend/src/app/[locale]/admin/programs/[id]/__tests__/page.test.tsx:133:18)
          at Object.renderPage (/Users/yusefbach/Projekte/studynexus/frontend/src/app/[locale]/admin/programs/[id]/__tests__/page.test.tsx:207:5)
          at Promise.then.completed (/Users/yusefbach/Projekte/studynexus/frontend/node_modules/jest-circus/build/utils.js:298:28)
          at new Promise (<anonymous>)
          at callAsyncCircusFn (/Users/yusefbach/Projekte/studynexus/frontend/node_modules/jest-circus/build/utils.js:231:10)
          at _callCircusTest (/Users/yusefbach/Projekte/studynexus/frontend/node_modules/jest-circus/build/run.js:316:40)
          at _runTest (/Users/yusefbach/Projekte/studynexus/frontend/node_modules/jest-circus/build/run.js:252:3)
          at _runTestsForDescribeBlock (/Users/yusefbach/Projekte/studynexus/frontend/node_modules/jest-circus/build/run.js:126:9)
          at _runTestsForDescribeBlock (/Users/yusefbach/Projekte/studynexus/frontend/node_modules/jest-circus/build/run.js:121:9)
          at run (/Users/yusefbach/Projekte/studynexus/frontend/node_modules/jest-circus/build/run.js:71:3)
          at runAndTransformResultsToJestFormat (/Users/yusefbach/Projekte/studynexus/frontend/node_modules/jest-circus/build/legacy-code-todo-rewrite/jestAdapterInit.js:122:21)
          at jestAdapter (/Users/yusefbach/Projekte/studynexus/frontend/node_modules/jest-circus/build/legacy-code-todo-rewrite/jestAdapter.js:79:19)
          at runTestInternal (/Users/yusefbach/Projekte/studynexus/frontend/node_modules/jest-runner/build/runTest.js:367:16)
          at runTest (/Users/yusefbach/Projekte/studynexus/frontend/node_modules/jest-runner/build/runTest.js:444:34)
          at Object.worker (/Users/yusefbach/Projekte/studynexus/frontend/node_modules/jest-runner/build/testWorker.js:106:12) {
        code: 'FORMATTING_ERROR',
        originalMessage: 'The intl string context variable "count" was not provided to the string "{count} Students"'
      }

      175 |           <InfoRow label={t("detail.regelstudienzeit")} value={`${prog.regelstudienzeit} ${t("detail.semesterSuffix")}`} />
      176 |           <InfoRow label={t("detail.gesamtEcts")} value={`${prog.gesamt_ects} ECTS`} />
    > 177 |           <InfoRow label={t("detail.students")} value={t("detail.students", { count: prog.student_count })} />
          |                           ^
      178 |         </dl>
      179 |       </SectionCard>
      180 |

      at defaultOnError (node_modules/use-intl/dist/development/initializeConfig-BhfMSHP7.js:70:11)
      at getFallbackFromErrorAndNotify (node_modules/use-intl/dist/development/createFormatter-QqAaZwGD.js:160:5)
      at translateBaseFn (node_modules/use-intl/dist/development/createFormatter-QqAaZwGD.js:251:14)
      at translateFn (node_modules/use-intl/dist/development/createFormatter-QqAaZwGD.js:258:20)
      at t (src/app/[locale]/admin/programs/[id]/page.tsx:177:27)
      at renderWithHooks (node_modules/react-dom/cjs/react-dom.development.js:15486:18)
      at mountIndeterminateComponent (node_modules/react-dom/cjs/react-dom.development.js:20103:13)
      at beginWork (node_modules/react-dom/cjs/react-dom.development.js:21626:16)
      at beginWork$1 (node_modules/react-dom/cjs/react-dom.development.js:27465:14)
      at performUnitOfWork (node_modules/react-dom/cjs/react-dom.development.js:26599:12)
      at workLoopSync (node_modules/react-dom/cjs/react-dom.development.js:26505:5)
      at renderRootSync (node_modules/react-dom/cjs/react-dom.development.js:26473:7)
      at performConcurrentWorkOnRoot (node_modules/react-dom/cjs/react-dom.development.js:25777:74)
      at flushActQueue (node_modules/react/cjs/react.development.js:2667:24)
      at act (node_modules/react/cjs/react.development.js:2582:11)
      at node_modules/@testing-library/react/dist/act-compat.js:47:25
      at renderRoot (node_modules/@testing-library/react/dist/pure.js:180:26)
      at render (node_modules/@testing-library/react/dist/pure.js:271:10)
      at renderPage (src/app/[locale]/admin/programs/[id]/__tests__/page.test.tsx:133:18)
      at Object.renderPage (src/app/[locale]/admin/programs/[id]/__tests__/page.test.tsx:207:5)

    console.error
      IntlError: FORMATTING_ERROR: The intl string context variable "count" was not provided to the string "{count} Students"
          at getFallbackFromErrorAndNotify (/Users/yusefbach/Projekte/studynexus/frontend/node_modules/use-intl/dist/development/createFormatter-QqAaZwGD.js:159:19)
          at translateBaseFn (/Users/yusefbach/Projekte/studynexus/frontend/node_modules/use-intl/dist/development/createFormatter-QqAaZwGD.js:251:14)
          at translateFn (/Users/yusefbach/Projekte/studynexus/frontend/node_modules/use-intl/dist/development/createFormatter-QqAaZwGD.js:258:20)
          at t (/Users/yusefbach/Projekte/studynexus/frontend/src/app/[locale]/admin/programs/[id]/page.tsx:177:27)
          at renderWithHooks (/Users/yusefbach/Projekte/studynexus/frontend/node_modules/react-dom/cjs/react-dom.development.js:15486:18)
          at updateFunctionComponent (/Users/yusefbach/Projekte/studynexus/frontend/node_modules/react-dom/cjs/react-dom.development.js:19617:20)
          at beginWork (/Users/yusefbach/Projekte/studynexus/frontend/node_modules/react-dom/cjs/react-dom.development.js:21640:16)
          at beginWork$1 (/Users/yusefbach/Projekte/studynexus/frontend/node_modules/react-dom/cjs/react-dom.development.js:27465:14)
          at performUnitOfWork (/Users/yusefbach/Projekte/studynexus/frontend/node_modules/react-dom/cjs/react-dom.development.js:26599:12)
          at workLoopSync (/Users/yusefbach/Projekte/studynexus/frontend/node_modules/react-dom/cjs/react-dom.development.js:26505:5)
          at renderRootSync (/Users/yusefbach/Projekte/studynexus/frontend/node_modules/react-dom/cjs/react-dom.development.js:26473:7)
          at performSyncWorkOnRoot (/Users/yusefbach/Projekte/studynexus/frontend/node_modules/react-dom/cjs/react-dom.development.js:26124:20)
          at flushSyncCallbacks (/Users/yusefbach/Projekte/studynexus/frontend/node_modules/react-dom/cjs/react-dom.development.js:12042:22)
          at flushActQueue (/Users/yusefbach/Projekte/studynexus/frontend/node_modules/react/cjs/react.development.js:2667:24)
          at act (/Users/yusefbach/Projekte/studynexus/frontend/node_modules/react/cjs/react.development.js:2582:11)
          at /Users/yusefbach/Projekte/studynexus/frontend/node_modules/@testing-library/react/dist/act-compat.js:47:25
          at Object.eventWrapper (/Users/yusefbach/Projekte/studynexus/frontend/node_modules/@testing-library/react/dist/pure.js:107:28)
          at fireEvent (/Users/yusefbach/Projekte/studynexus/frontend/node_modules/@testing-library/dom/dist/events.js:12:35)
          at fireEvent.<computed> [as click] (/Users/yusefbach/Projekte/studynexus/frontend/node_modules/@testing-library/dom/dist/events.js:110:36)
          at fireEvent.<computed> [as click] (/Users/yusefbach/Projekte/studynexus/frontend/node_modules/@testing-library/react/dist/fire-event.js:15:52)
          at Object.click (/Users/yusefbach/Projekte/studynexus/frontend/src/app/[locale]/admin/programs/[id]/__tests__/page.test.tsx:209:15)
          at Promise.then.completed (/Users/yusefbach/Projekte/studynexus/frontend/node_modules/jest-circus/build/utils.js:298:28)
          at new Promise (<anonymous>)
          at callAsyncCircusFn (/Users/yusefbach/Projekte/studynexus/frontend/node_modules/jest-circus/build/utils.js:231:10)
          at _callCircusTest (/Users/yusefbach/Projekte/studynexus/frontend/node_modules/jest-circus/build/run.js:316:40)
          at _runTest (/Users/yusefbach/Projekte/studynexus/frontend/node_modules/jest-circus/build/run.js:252:3)
          at _runTestsForDescribeBlock (/Users/yusefbach/Projekte/studynexus/frontend/node_modules/jest-circus/build/run.js:126:9)
          at _runTestsForDescribeBlock (/Users/yusefbach/Projekte/studynexus/frontend/node_modules/jest-circus/build/run.js:121:9)
          at run (/Users/yusefbach/Projekte/studynexus/frontend/node_modules/jest-circus/build/run.js:71:3)
          at runAndTransformResultsToJestFormat (/Users/yusefbach/Projekte/studynexus/frontend/node_modules/jest-circus/build/legacy-code-todo-rewrite/jestAdapterInit.js:122:21)
          at jestAdapter (/Users/yusefbach/Projekte/studynexus/frontend/node_modules/jest-circus/build/legacy-code-todo-rewrite/jestAdapter.js:79:19)
          at runTestInternal (/Users/yusefbach/Projekte/studynexus/frontend/node_modules/jest-runner/build/runTest.js:367:16)
          at runTest (/Users/yusefbach/Projekte/studynexus/frontend/node_modules/jest-runner/build/runTest.js:444:34)
          at Object.worker (/Users/yusefbach/Projekte/studynexus/frontend/node_modules/jest-runner/build/testWorker.js:106:12) {
        code: 'FORMATTING_ERROR',
        originalMessage: 'The intl string context variable "count" was not provided to the string "{count} Students"'
      }

      175 |           <InfoRow label={t("detail.regelstudienzeit")} value={`${prog.regelstudienzeit} ${t("detail.semesterSuffix")}`} />
      176 |           <InfoRow label={t("detail.gesamtEcts")} value={`${prog.gesamt_ects} ECTS`} />
    > 177 |           <InfoRow label={t("detail.students")} value={t("detail.students", { count: prog.student_count })} />
          |                           ^
      178 |         </dl>
      179 |       </SectionCard>
      180 |

      at defaultOnError (node_modules/use-intl/dist/development/initializeConfig-BhfMSHP7.js:70:11)
      at getFallbackFromErrorAndNotify (node_modules/use-intl/dist/development/createFormatter-QqAaZwGD.js:160:5)
      at translateBaseFn (node_modules/use-intl/dist/development/createFormatter-QqAaZwGD.js:251:14)
      at translateFn (node_modules/use-intl/dist/development/createFormatter-QqAaZwGD.js:258:20)
      at t (src/app/[locale]/admin/programs/[id]/page.tsx:177:27)
      at renderWithHooks (node_modules/react-dom/cjs/react-dom.development.js:15486:18)
      at updateFunctionComponent (node_modules/react-dom/cjs/react-dom.development.js:19617:20)
      at beginWork (node_modules/react-dom/cjs/react-dom.development.js:21640:16)
      at beginWork$1 (node_modules/react-dom/cjs/react-dom.development.js:27465:14)
      at performUnitOfWork (node_modules/react-dom/cjs/react-dom.development.js:26599:12)
      at workLoopSync (node_modules/react-dom/cjs/react-dom.development.js:26505:5)
      at renderRootSync (node_modules/react-dom/cjs/react-dom.development.js:26473:7)
      at performSyncWorkOnRoot (node_modules/react-dom/cjs/react-dom.development.js:26124:20)
      at flushSyncCallbacks (node_modules/react-dom/cjs/react-dom.development.js:12042:22)
      at flushActQueue (node_modules/react/cjs/react.development.js:2667:24)
      at act (node_modules/react/cjs/react.development.js:2582:11)
      at node_modules/@testing-library/react/dist/act-compat.js:47:25
      at Object.eventWrapper (node_modules/@testing-library/react/dist/pure.js:107:28)
      at fireEvent (node_modules/@testing-library/dom/dist/events.js:12:35)
      at fireEvent.<computed> [as click] (node_modules/@testing-library/dom/dist/events.js:110:36)
      at fireEvent.<computed> [as click] (node_modules/@testing-library/react/dist/fire-event.js:15:52)
      at Object.click (src/app/[locale]/admin/programs/[id]/__tests__/page.test.tsx:209:15)

    console.error
      IntlError: FORMATTING_ERROR: The intl string context variable "count" was not provided to the string "{count} Students"
          at getFallbackFromErrorAndNotify (/Users/yusefbach/Projekte/studynexus/frontend/node_modules/use-intl/dist/development/createFormatter-QqAaZwGD.js:159:19)
          at translateBaseFn (/Users/yusefbach/Projekte/studynexus/frontend/node_modules/use-intl/dist/development/createFormatter-QqAaZwGD.js:251:14)
          at translateFn (/Users/yusefbach/Projekte/studynexus/frontend/node_modules/use-intl/dist/development/createFormatter-QqAaZwGD.js:258:20)
          at t (/Users/yusefbach/Projekte/studynexus/frontend/src/app/[locale]/admin/programs/[id]/page.tsx:177:27)
          at renderWithHooks (/Users/yusefbach/Projekte/studynexus/frontend/node_modules/react-dom/cjs/react-dom.development.js:15486:18)
          at updateFunctionComponent (/Users/yusefbach/Projekte/studynexus/frontend/node_modules/react-dom/cjs/react-dom.development.js:19617:20)
          at beginWork (/Users/yusefbach/Projekte/studynexus/frontend/node_modules/react-dom/cjs/react-dom.development.js:21640:16)
          at beginWork$1 (/Users/yusefbach/Projekte/studynexus/frontend/node_modules/react-dom/cjs/react-dom.development.js:27465:14)
          at performUnitOfWork (/Users/yusefbach/Projekte/studynexus/frontend/node_modules/react-dom/cjs/react-dom.development.js:26599:12)
          at workLoopSync (/Users/yusefbach/Projekte/studynexus/frontend/node_modules/react-dom/cjs/react-dom.development.js:26505:5)
          at renderRootSync (/Users/yusefbach/Projekte/studynexus/frontend/node_modules/react-dom/cjs/react-dom.development.js:26473:7)
          at performSyncWorkOnRoot (/Users/yusefbach/Projekte/studynexus/frontend/node_modules/react-dom/cjs/react-dom.development.js:26124:20)
          at flushSyncCallbacks (/Users/yusefbach/Projekte/studynexus/frontend/node_modules/react-dom/cjs/react-dom.development.js:12042:22)
          at flushActQueue (/Users/yusefbach/Projekte/studynexus/frontend/node_modules/react/cjs/react.development.js:2667:24)
          at act (/Users/yusefbach/Projekte/studynexus/frontend/node_modules/react/cjs/react.development.js:2582:11)
          at /Users/yusefbach/Projekte/studynexus/frontend/node_modules/@testing-library/react/dist/act-compat.js:47:25
          at Object.eventWrapper (/Users/yusefbach/Projekte/studynexus/frontend/node_modules/@testing-library/react/dist/pure.js:107:28)
          at fireEvent (/Users/yusefbach/Projekte/studynexus/frontend/node_modules/@testing-library/dom/dist/events.js:12:35)
          at fireEvent.<computed> [as click] (/Users/yusefbach/Projekte/studynexus/frontend/node_modules/@testing-library/dom/dist/events.js:110:36)
          at fireEvent.<computed> [as click] (/Users/yusefbach/Projekte/studynexus/frontend/node_modules/@testing-library/react/dist/fire-event.js:15:52)
          at Object.click (/Users/yusefbach/Projekte/studynexus/frontend/src/app/[locale]/admin/programs/[id]/__tests__/page.test.tsx:210:15)
          at Promise.then.completed (/Users/yusefbach/Projekte/studynexus/frontend/node_modules/jest-circus/build/utils.js:298:28)
          at new Promise (<anonymous>)
          at callAsyncCircusFn (/Users/yusefbach/Projekte/studynexus/frontend/node_modules/jest-circus/build/utils.js:231:10)
          at _callCircusTest (/Users/yusefbach/Projekte/studynexus/frontend/node_modules/jest-circus/build/run.js:316:40)
          at _runTest (/Users/yusefbach/Projekte/studynexus/frontend/node_modules/jest-circus/build/run.js:252:3)
          at _runTestsForDescribeBlock (/Users/yusefbach/Projekte/studynexus/frontend/node_modules/jest-circus/build/run.js:126:9)
          at _runTestsForDescribeBlock (/Users/yusefbach/Projekte/studynexus/frontend/node_modules/jest-circus/build/run.js:121:9)
          at run (/Users/yusefbach/Projekte/studynexus/frontend/node_modules/jest-circus/build/run.js:71:3)
          at runAndTransformResultsToJestFormat (/Users/yusefbach/Projekte/studynexus/frontend/node_modules/jest-circus/build/legacy-code-todo-rewrite/jestAdapterInit.js:122:21)
          at jestAdapter (/Users/yusefbach/Projekte/studynexus/frontend/node_modules/jest-circus/build/legacy-code-todo-rewrite/jestAdapter.js:79:19)
          at runTestInternal (/Users/yusefbach/Projekte/studynexus/frontend/node_modules/jest-runner/build/runTest.js:367:16)
          at runTest (/Users/yusefbach/Projekte/studynexus/frontend/node_modules/jest-runner/build/runTest.js:444:34)
          at Object.worker (/Users/yusefbach/Projekte/studynexus/frontend/node_modules/jest-runner/build/testWorker.js:106:12) {
        code: 'FORMATTING_ERROR',
        originalMessage: 'The intl string context variable "count" was not provided to the string "{count} Students"'
      }

      175 |           <InfoRow label={t("detail.regelstudienzeit")} value={`${prog.regelstudienzeit} ${t("detail.semesterSuffix")}`} />
      176 |           <InfoRow label={t("detail.gesamtEcts")} value={`${prog.gesamt_ects} ECTS`} />
    > 177 |           <InfoRow label={t("detail.students")} value={t("detail.students", { count: prog.student_count })} />
          |                           ^
      178 |         </dl>
      179 |       </SectionCard>
      180 |

      at defaultOnError (node_modules/use-intl/dist/development/initializeConfig-BhfMSHP7.js:70:11)
      at getFallbackFromErrorAndNotify (node_modules/use-intl/dist/development/createFormatter-QqAaZwGD.js:160:5)
      at translateBaseFn (node_modules/use-intl/dist/development/createFormatter-QqAaZwGD.js:251:14)
      at translateFn (node_modules/use-intl/dist/development/createFormatter-QqAaZwGD.js:258:20)
      at t (src/app/[locale]/admin/programs/[id]/page.tsx:177:27)
      at renderWithHooks (node_modules/react-dom/cjs/react-dom.development.js:15486:18)
      at updateFunctionComponent (node_modules/react-dom/cjs/react-dom.development.js:19617:20)
      at beginWork (node_modules/react-dom/cjs/react-dom.development.js:21640:16)
      at beginWork$1 (node_modules/react-dom/cjs/react-dom.development.js:27465:14)
      at performUnitOfWork (node_modules/react-dom/cjs/react-dom.development.js:26599:12)
      at workLoopSync (node_modules/react-dom/cjs/react-dom.development.js:26505:5)
      at renderRootSync (node_modules/react-dom/cjs/react-dom.development.js:26473:7)
      at performSyncWorkOnRoot (node_modules/react-dom/cjs/react-dom.development.js:26124:20)
      at flushSyncCallbacks (node_modules/react-dom/cjs/react-dom.development.js:12042:22)
      at flushActQueue (node_modules/react/cjs/react.development.js:2667:24)
      at act (node_modules/react/cjs/react.development.js:2582:11)
      at node_modules/@testing-library/react/dist/act-compat.js:47:25
      at Object.eventWrapper (node_modules/@testing-library/react/dist/pure.js:107:28)
      at fireEvent (node_modules/@testing-library/dom/dist/events.js:12:35)
      at fireEvent.<computed> [as click] (node_modules/@testing-library/dom/dist/events.js:110:36)
      at fireEvent.<computed> [as click] (node_modules/@testing-library/react/dist/fire-event.js:15:52)
      at Object.click (src/app/[locale]/admin/programs/[id]/__tests__/page.test.tsx:210:15)

    console.error
      IntlError: FORMATTING_ERROR: The intl string context variable "count" was not provided to the string "{count} Students"
          at getFallbackFromErrorAndNotify (/Users/yusefbach/Projekte/studynexus/frontend/node_modules/use-intl/dist/development/createFormatter-QqAaZwGD.js:159:19)
          at translateBaseFn (/Users/yusefbach/Projekte/studynexus/frontend/node_modules/use-intl/dist/development/createFormatter-QqAaZwGD.js:251:14)
          at translateFn (/Users/yusefbach/Projekte/studynexus/frontend/node_modules/use-intl/dist/development/createFormatter-QqAaZwGD.js:258:20)
          at t (/Users/yusefbach/Projekte/studynexus/frontend/src/app/[locale]/admin/programs/[id]/page.tsx:177:27)
          at renderWithHooks (/Users/yusefbach/Projekte/studynexus/frontend/node_modules/react-dom/cjs/react-dom.development.js:15486:18)
          at mountIndeterminateComponent (/Users/yusefbach/Projekte/studynexus/frontend/node_modules/react-dom/cjs/react-dom.development.js:20103:13)
          at beginWork (/Users/yusefbach/Projekte/studynexus/frontend/node_modules/react-dom/cjs/react-dom.development.js:21626:16)
          at beginWork$1 (/Users/yusefbach/Projekte/studynexus/frontend/node_modules/react-dom/cjs/react-dom.development.js:27465:14)
          at performUnitOfWork (/Users/yusefbach/Projekte/studynexus/frontend/node_modules/react-dom/cjs/react-dom.development.js:26599:12)
          at workLoopSync (/Users/yusefbach/Projekte/studynexus/frontend/node_modules/react-dom/cjs/react-dom.development.js:26505:5)
          at renderRootSync (/Users/yusefbach/Projekte/studynexus/frontend/node_modules/react-dom/cjs/react-dom.development.js:26473:7)
          at performConcurrentWorkOnRoot (/Users/yusefbach/Projekte/studynexus/frontend/node_modules/react-dom/cjs/react-dom.development.js:25777:74)
          at flushActQueue (/Users/yusefbach/Projekte/studynexus/frontend/node_modules/react/cjs/react.development.js:2667:24)
          at act (/Users/yusefbach/Projekte/studynexus/frontend/node_modules/react/cjs/react.development.js:2582:11)
          at /Users/yusefbach/Projekte/studynexus/frontend/node_modules/@testing-library/react/dist/act-compat.js:47:25
          at renderRoot (/Users/yusefbach/Projekte/studynexus/frontend/node_modules/@testing-library/react/dist/pure.js:180:26)
          at render (/Users/yusefbach/Projekte/studynexus/frontend/node_modules/@testing-library/react/dist/pure.js:271:10)
          at renderPage (/Users/yusefbach/Projekte/studynexus/frontend/src/app/[locale]/admin/programs/[id]/__tests__/page.test.tsx:133:18)
          at Object.renderPage (/Users/yusefbach/Projekte/studynexus/frontend/src/app/[locale]/admin/programs/[id]/__tests__/page.test.tsx:219:5)
          at Promise.then.completed (/Users/yusefbach/Projekte/studynexus/frontend/node_modules/jest-circus/build/utils.js:298:28)
          at new Promise (<anonymous>)
          at callAsyncCircusFn (/Users/yusefbach/Projekte/studynexus/frontend/node_modules/jest-circus/build/utils.js:231:10)
          at _callCircusTest (/Users/yusefbach/Projekte/studynexus/frontend/node_modules/jest-circus/build/run.js:316:40)
          at _runTest (/Users/yusefbach/Projekte/studynexus/frontend/node_modules/jest-circus/build/run.js:252:3)
          at _runTestsForDescribeBlock (/Users/yusefbach/Projekte/studynexus/frontend/node_modules/jest-circus/build/run.js:126:9)
          at _runTestsForDescribeBlock (/Users/yusefbach/Projekte/studynexus/frontend/node_modules/jest-circus/build/run.js:121:9)
          at run (/Users/yusefbach/Projekte/studynexus/frontend/node_modules/jest-circus/build/run.js:71:3)
          at runAndTransformResultsToJestFormat (/Users/yusefbach/Projekte/studynexus/frontend/node_modules/jest-circus/build/legacy-code-todo-rewrite/jestAdapterInit.js:122:21)
          at jestAdapter (/Users/yusefbach/Projekte/studynexus/frontend/node_modules/jest-circus/build/legacy-code-todo-rewrite/jestAdapter.js:79:19)
          at runTestInternal (/Users/yusefbach/Projekte/studynexus/frontend/node_modules/jest-runner/build/runTest.js:367:16)
          at runTest (/Users/yusefbach/Projekte/studynexus/frontend/node_modules/jest-runner/build/runTest.js:444:34)
          at Object.worker (/Users/yusefbach/Projekte/studynexus/frontend/node_modules/jest-runner/build/testWorker.js:106:12) {
        code: 'FORMATTING_ERROR',
        originalMessage: 'The intl string context variable "count" was not provided to the string "{count} Students"'
      }

      175 |           <InfoRow label={t("detail.regelstudienzeit")} value={`${prog.regelstudienzeit} ${t("detail.semesterSuffix")}`} />
      176 |           <InfoRow label={t("detail.gesamtEcts")} value={`${prog.gesamt_ects} ECTS`} />
    > 177 |           <InfoRow label={t("detail.students")} value={t("detail.students", { count: prog.student_count })} />
          |                           ^
      178 |         </dl>
      179 |       </SectionCard>
      180 |

      at defaultOnError (node_modules/use-intl/dist/development/initializeConfig-BhfMSHP7.js:70:11)
      at getFallbackFromErrorAndNotify (node_modules/use-intl/dist/development/createFormatter-QqAaZwGD.js:160:5)
      at translateBaseFn (node_modules/use-intl/dist/development/createFormatter-QqAaZwGD.js:251:14)
      at translateFn (node_modules/use-intl/dist/development/createFormatter-QqAaZwGD.js:258:20)
      at t (src/app/[locale]/admin/programs/[id]/page.tsx:177:27)
      at renderWithHooks (node_modules/react-dom/cjs/react-dom.development.js:15486:18)
      at mountIndeterminateComponent (node_modules/react-dom/cjs/react-dom.development.js:20103:13)
      at beginWork (node_modules/react-dom/cjs/react-dom.development.js:21626:16)
      at beginWork$1 (node_modules/react-dom/cjs/react-dom.development.js:27465:14)
      at performUnitOfWork (node_modules/react-dom/cjs/react-dom.development.js:26599:12)
      at workLoopSync (node_modules/react-dom/cjs/react-dom.development.js:26505:5)
      at renderRootSync (node_modules/react-dom/cjs/react-dom.development.js:26473:7)
      at performConcurrentWorkOnRoot (node_modules/react-dom/cjs/react-dom.development.js:25777:74)
      at flushActQueue (node_modules/react/cjs/react.development.js:2667:24)
      at act (node_modules/react/cjs/react.development.js:2582:11)
      at node_modules/@testing-library/react/dist/act-compat.js:47:25
      at renderRoot (node_modules/@testing-library/react/dist/pure.js:180:26)
      at render (node_modules/@testing-library/react/dist/pure.js:271:10)
      at renderPage (src/app/[locale]/admin/programs/[id]/__tests__/page.test.tsx:133:18)
      at Object.renderPage (src/app/[locale]/admin/programs/[id]/__tests__/page.test.tsx:219:5)

    console.error
      IntlError: FORMATTING_ERROR: The intl string context variable "count" was not provided to the string "{count} Students"
          at getFallbackFromErrorAndNotify (/Users/yusefbach/Projekte/studynexus/frontend/node_modules/use-intl/dist/development/createFormatter-QqAaZwGD.js:159:19)
          at translateBaseFn (/Users/yusefbach/Projekte/studynexus/frontend/node_modules/use-intl/dist/development/createFormatter-QqAaZwGD.js:251:14)
          at translateFn (/Users/yusefbach/Projekte/studynexus/frontend/node_modules/use-intl/dist/development/createFormatter-QqAaZwGD.js:258:20)
          at t (/Users/yusefbach/Projekte/studynexus/frontend/src/app/[locale]/admin/programs/[id]/page.tsx:177:27)
          at renderWithHooks (/Users/yusefbach/Projekte/studynexus/frontend/node_modules/react-dom/cjs/react-dom.development.js:15486:18)
          at updateFunctionComponent (/Users/yusefbach/Projekte/studynexus/frontend/node_modules/react-dom/cjs/react-dom.development.js:19617:20)
          at beginWork (/Users/yusefbach/Projekte/studynexus/frontend/node_modules/react-dom/cjs/react-dom.development.js:21640:16)
          at beginWork$1 (/Users/yusefbach/Projekte/studynexus/frontend/node_modules/react-dom/cjs/react-dom.development.js:27465:14)
          at performUnitOfWork (/Users/yusefbach/Projekte/studynexus/frontend/node_modules/react-dom/cjs/react-dom.development.js:26599:12)
          at workLoopSync (/Users/yusefbach/Projekte/studynexus/frontend/node_modules/react-dom/cjs/react-dom.development.js:26505:5)
          at renderRootSync (/Users/yusefbach/Projekte/studynexus/frontend/node_modules/react-dom/cjs/react-dom.development.js:26473:7)
          at performSyncWorkOnRoot (/Users/yusefbach/Projekte/studynexus/frontend/node_modules/react-dom/cjs/react-dom.development.js:26124:20)
          at flushSyncCallbacks (/Users/yusefbach/Projekte/studynexus/frontend/node_modules/react-dom/cjs/react-dom.development.js:12042:22)
          at flushActQueue (/Users/yusefbach/Projekte/studynexus/frontend/node_modules/react/cjs/react.development.js:2667:24)
          at act (/Users/yusefbach/Projekte/studynexus/frontend/node_modules/react/cjs/react.development.js:2582:11)
          at /Users/yusefbach/Projekte/studynexus/frontend/node_modules/@testing-library/react/dist/act-compat.js:47:25
          at Object.eventWrapper (/Users/yusefbach/Projekte/studynexus/frontend/node_modules/@testing-library/react/dist/pure.js:107:28)
          at fireEvent (/Users/yusefbach/Projekte/studynexus/frontend/node_modules/@testing-library/dom/dist/events.js:12:35)
          at fireEvent.<computed> [as click] (/Users/yusefbach/Projekte/studynexus/frontend/node_modules/@testing-library/dom/dist/events.js:110:36)
          at fireEvent.<computed> [as click] (/Users/yusefbach/Projekte/studynexus/frontend/node_modules/@testing-library/react/dist/fire-event.js:15:52)
          at Object.click (/Users/yusefbach/Projekte/studynexus/frontend/src/app/[locale]/admin/programs/[id]/__tests__/page.test.tsx:222:15)
          at Promise.then.completed (/Users/yusefbach/Projekte/studynexus/frontend/node_modules/jest-circus/build/utils.js:298:28)
          at new Promise (<anonymous>)
          at callAsyncCircusFn (/Users/yusefbach/Projekte/studynexus/frontend/node_modules/jest-circus/build/utils.js:231:10)
          at _callCircusTest (/Users/yusefbach/Projekte/studynexus/frontend/node_modules/jest-circus/build/run.js:316:40)
          at _runTest (/Users/yusefbach/Projekte/studynexus/frontend/node_modules/jest-circus/build/run.js:252:3)
          at _runTestsForDescribeBlock (/Users/yusefbach/Projekte/studynexus/frontend/node_modules/jest-circus/build/run.js:126:9)
          at _runTestsForDescribeBlock (/Users/yusefbach/Projekte/studynexus/frontend/node_modules/jest-circus/build/run.js:121:9)
          at run (/Users/yusefbach/Projekte/studynexus/frontend/node_modules/jest-circus/build/run.js:71:3)
          at runAndTransformResultsToJestFormat (/Users/yusefbach/Projekte/studynexus/frontend/node_modules/jest-circus/build/legacy-code-todo-rewrite/jestAdapterInit.js:122:21)
          at jestAdapter (/Users/yusefbach/Projekte/studynexus/frontend/node_modules/jest-circus/build/legacy-code-todo-rewrite/jestAdapter.js:79:19)
          at runTestInternal (/Users/yusefbach/Projekte/studynexus/frontend/node_modules/jest-runner/build/runTest.js:367:16)
          at runTest (/Users/yusefbach/Projekte/studynexus/frontend/node_modules/jest-runner/build/runTest.js:444:34)
          at Object.worker (/Users/yusefbach/Projekte/studynexus/frontend/node_modules/jest-runner/build/testWorker.js:106:12) {
        code: 'FORMATTING_ERROR',
        originalMessage: 'The intl string context variable "count" was not provided to the string "{count} Students"'
      }

      175 |           <InfoRow label={t("detail.regelstudienzeit")} value={`${prog.regelstudienzeit} ${t("detail.semesterSuffix")}`} />
      176 |           <InfoRow label={t("detail.gesamtEcts")} value={`${prog.gesamt_ects} ECTS`} />
    > 177 |           <InfoRow label={t("detail.students")} value={t("detail.students", { count: prog.student_count })} />
          |                           ^
      178 |         </dl>
      179 |       </SectionCard>
      180 |

      at defaultOnError (node_modules/use-intl/dist/development/initializeConfig-BhfMSHP7.js:70:11)
      at getFallbackFromErrorAndNotify (node_modules/use-intl/dist/development/createFormatter-QqAaZwGD.js:160:5)
      at translateBaseFn (node_modules/use-intl/dist/development/createFormatter-QqAaZwGD.js:251:14)
      at translateFn (node_modules/use-intl/dist/development/createFormatter-QqAaZwGD.js:258:20)
      at t (src/app/[locale]/admin/programs/[id]/page.tsx:177:27)
      at renderWithHooks (node_modules/react-dom/cjs/react-dom.development.js:15486:18)
      at updateFunctionComponent (node_modules/react-dom/cjs/react-dom.development.js:19617:20)
      at beginWork (node_modules/react-dom/cjs/react-dom.development.js:21640:16)
      at beginWork$1 (node_modules/react-dom/cjs/react-dom.development.js:27465:14)
      at performUnitOfWork (node_modules/react-dom/cjs/react-dom.development.js:26599:12)
      at workLoopSync (node_modules/react-dom/cjs/react-dom.development.js:26505:5)
      at renderRootSync (node_modules/react-dom/cjs/react-dom.development.js:26473:7)
      at performSyncWorkOnRoot (node_modules/react-dom/cjs/react-dom.development.js:26124:20)
      at flushSyncCallbacks (node_modules/react-dom/cjs/react-dom.development.js:12042:22)
      at flushActQueue (node_modules/react/cjs/react.development.js:2667:24)
      at act (node_modules/react/cjs/react.development.js:2582:11)
      at node_modules/@testing-library/react/dist/act-compat.js:47:25
      at Object.eventWrapper (node_modules/@testing-library/react/dist/pure.js:107:28)
      at fireEvent (node_modules/@testing-library/dom/dist/events.js:12:35)
      at fireEvent.<computed> [as click] (node_modules/@testing-library/dom/dist/events.js:110:36)
      at fireEvent.<computed> [as click] (node_modules/@testing-library/react/dist/fire-event.js:15:52)
      at Object.click (src/app/[locale]/admin/programs/[id]/__tests__/page.test.tsx:222:15)

    console.error
      IntlError: FORMATTING_ERROR: The intl string context variable "count" was not provided to the string "{count} Students"
          at getFallbackFromErrorAndNotify (/Users/yusefbach/Projekte/studynexus/frontend/node_modules/use-intl/dist/development/createFormatter-QqAaZwGD.js:159:19)
          at translateBaseFn (/Users/yusefbach/Projekte/studynexus/frontend/node_modules/use-intl/dist/development/createFormatter-QqAaZwGD.js:251:14)
          at translateFn (/Users/yusefbach/Projekte/studynexus/frontend/node_modules/use-intl/dist/development/createFormatter-QqAaZwGD.js:258:20)
          at t (/Users/yusefbach/Projekte/studynexus/frontend/src/app/[locale]/admin/programs/[id]/page.tsx:177:27)
          at renderWithHooks (/Users/yusefbach/Projekte/studynexus/frontend/node_modules/react-dom/cjs/react-dom.development.js:15486:18)
          at updateFunctionComponent (/Users/yusefbach/Projekte/studynexus/frontend/node_modules/react-dom/cjs/react-dom.development.js:19617:20)
          at beginWork (/Users/yusefbach/Projekte/studynexus/frontend/node_modules/react-dom/cjs/react-dom.development.js:21640:16)
          at beginWork$1 (/Users/yusefbach/Projekte/studynexus/frontend/node_modules/react-dom/cjs/react-dom.development.js:27465:14)
          at performUnitOfWork (/Users/yusefbach/Projekte/studynexus/frontend/node_modules/react-dom/cjs/react-dom.development.js:26599:12)
          at workLoopSync (/Users/yusefbach/Projekte/studynexus/frontend/node_modules/react-dom/cjs/react-dom.development.js:26505:5)
          at renderRootSync (/Users/yusefbach/Projekte/studynexus/frontend/node_modules/react-dom/cjs/react-dom.development.js:26473:7)
          at performSyncWorkOnRoot (/Users/yusefbach/Projekte/studynexus/frontend/node_modules/react-dom/cjs/react-dom.development.js:26124:20)
          at flushSyncCallbacks (/Users/yusefbach/Projekte/studynexus/frontend/node_modules/react-dom/cjs/react-dom.development.js:12042:22)
          at flushSync (/Users/yusefbach/Projekte/studynexus/frontend/node_modules/react-dom/cjs/react-dom.development.js:26240:7)
          at finishEventHandler (/Users/yusefbach/Projekte/studynexus/frontend/node_modules/react-dom/cjs/react-dom.development.js:3976:5)
          at batchedUpdates (/Users/yusefbach/Projekte/studynexus/frontend/node_modules/react-dom/cjs/react-dom.development.js:3994:5)
          at dispatchEventForPluginEventSystem (/Users/yusefbach/Projekte/studynexus/frontend/node_modules/react-dom/cjs/react-dom.development.js:9287:3)
          at dispatchEventWithEnableCapturePhaseSelectiveHydrationWithoutDiscreteEventReplay (/Users/yusefbach/Projekte/studynexus/frontend/node_modules/react-dom/cjs/react-dom.development.js:6465:5)
          at dispatchEvent (/Users/yusefbach/Projekte/studynexus/frontend/node_modules/react-dom/cjs/react-dom.development.js:6457:5)
          at dispatchDiscreteEvent (/Users/yusefbach/Projekte/studynexus/frontend/node_modules/react-dom/cjs/react-dom.development.js:6430:5)
          at HTMLDivElement.callTheUserObjectsOperation (/Users/yusefbach/Projekte/studynexus/frontend/node_modules/jsdom/lib/jsdom/living/generated/EventListener.js:26:30)
          at innerInvokeEventListeners (/Users/yusefbach/Projekte/studynexus/frontend/node_modules/jsdom/lib/jsdom/living/events/EventTarget-impl.js:350:25)
          at invokeEventListeners (/Users/yusefbach/Projekte/studynexus/frontend/node_modules/jsdom/lib/jsdom/living/events/EventTarget-impl.js:286:3)
          at HTMLInputElementImpl._dispatch (/Users/yusefbach/Projekte/studynexus/frontend/node_modules/jsdom/lib/jsdom/living/events/EventTarget-impl.js:233:9)
          at HTMLInputElementImpl.dispatchEvent (/Users/yusefbach/Projekte/studynexus/frontend/node_modules/jsdom/lib/jsdom/living/events/EventTarget-impl.js:104:17)
          at HTMLInputElement.dispatchEvent (/Users/yusefbach/Projekte/studynexus/frontend/node_modules/jsdom/lib/jsdom/living/generated/EventTarget.js:241:34)
          at /Users/yusefbach/Projekte/studynexus/frontend/node_modules/@testing-library/user-event/dist/cjs/event/dispatchEvent.js:45:43
          at /Users/yusefbach/Projekte/studynexus/frontend/node_modules/@testing-library/react/dist/pure.js:108:16
          at /Users/yusefbach/Projekte/studynexus/frontend/node_modules/@testing-library/react/dist/act-compat.js:48:24
          at act (/Users/yusefbach/Projekte/studynexus/frontend/node_modules/react/cjs/react.development.js:2512:16)
          at /Users/yusefbach/Projekte/studynexus/frontend/node_modules/@testing-library/react/dist/act-compat.js:47:25
          at Object.eventWrapper (/Users/yusefbach/Projekte/studynexus/frontend/node_modules/@testing-library/react/dist/pure.js:107:28)
          at Object.wrapEvent (/Users/yusefbach/Projekte/studynexus/frontend/node_modules/@testing-library/user-event/dist/cjs/event/wrapEvent.js:6:28)
          at Object.dispatchEvent (/Users/yusefbach/Projekte/studynexus/frontend/node_modules/@testing-library/user-event/dist/cjs/event/dispatchEvent.js:45:22)
          at Object.dispatchUIEvent (/Users/yusefbach/Projekte/studynexus/frontend/node_modules/@testing-library/user-event/dist/cjs/event/dispatchEvent.js:22:26)
          at commitInput (/Users/yusefbach/Projekte/studynexus/frontend/node_modules/@testing-library/user-event/dist/cjs/event/input.js:145:14)
          at editInputElement (/Users/yusefbach/Projekte/studynexus/frontend/node_modules/@testing-library/user-event/dist/cjs/event/input.js:115:9)
          at Object.input (/Users/yusefbach/Projekte/studynexus/frontend/node_modules/@testing-library/user-event/dist/cjs/event/input.js:37:9)
          at /Users/yusefbach/Projekte/studynexus/frontend/node_modules/@testing-library/user-event/dist/cjs/event/behavior/keypress.js:31:26
          at Object.dispatchEvent (/Users/yusefbach/Projekte/studynexus/frontend/node_modules/@testing-library/user-event/dist/cjs/event/dispatchEvent.js:41:13)
          at Object.dispatchUIEvent (/Users/yusefbach/Projekte/studynexus/frontend/node_modules/@testing-library/user-event/dist/cjs/event/dispatchEvent.js:22:26)
          at KeyboardHost.keydown (/Users/yusefbach/Projekte/studynexus/frontend/node_modules/@testing-library/user-event/dist/cjs/system/keyboard.js:76:22)
          at keyboardAction (/Users/yusefbach/Projekte/studynexus/frontend/node_modules/@testing-library/user-event/dist/cjs/keyboard/index.js:22:35)
          at Object.keyboard (/Users/yusefbach/Projekte/studynexus/frontend/node_modules/@testing-library/user-event/dist/cjs/keyboard/index.js:11:15)
          at Object.type (/Users/yusefbach/Projekte/studynexus/frontend/node_modules/@testing-library/user-event/dist/cjs/utility/type.js:17:5)
          at Object.asyncWrapper (/Users/yusefbach/Projekte/studynexus/frontend/node_modules/@testing-library/react/dist/pure.js:88:22)
          at Object.<anonymous> (/Users/yusefbach/Projekte/studynexus/frontend/src/app/[locale]/admin/programs/[id]/__tests__/page.test.tsx:229:5) {
        code: 'FORMATTING_ERROR',
        originalMessage: 'The intl string context variable "count" was not provided to the string "{count} Students"'
      }

      175 |           <InfoRow label={t("detail.regelstudienzeit")} value={`${prog.regelstudienzeit} ${t("detail.semesterSuffix")}`} />
      176 |           <InfoRow label={t("detail.gesamtEcts")} value={`${prog.gesamt_ects} ECTS`} />
    > 177 |           <InfoRow label={t("detail.students")} value={t("detail.students", { count: prog.student_count })} />
          |                           ^
      178 |         </dl>
      179 |       </SectionCard>
      180 |

      at defaultOnError (node_modules/use-intl/dist/development/initializeConfig-BhfMSHP7.js:70:11)
      at getFallbackFromErrorAndNotify (node_modules/use-intl/dist/development/createFormatter-QqAaZwGD.js:160:5)
      at translateBaseFn (node_modules/use-intl/dist/development/createFormatter-QqAaZwGD.js:251:14)
      at translateFn (node_modules/use-intl/dist/development/createFormatter-QqAaZwGD.js:258:20)
      at t (src/app/[locale]/admin/programs/[id]/page.tsx:177:27)
      at renderWithHooks (node_modules/react-dom/cjs/react-dom.development.js:15486:18)
      at updateFunctionComponent (node_modules/react-dom/cjs/react-dom.development.js:19617:20)
      at beginWork (node_modules/react-dom/cjs/react-dom.development.js:21640:16)
      at beginWork$1 (node_modules/react-dom/cjs/react-dom.development.js:27465:14)
      at performUnitOfWork (node_modules/react-dom/cjs/react-dom.development.js:26599:12)
      at workLoopSync (node_modules/react-dom/cjs/react-dom.development.js:26505:5)
      at renderRootSync (node_modules/react-dom/cjs/react-dom.development.js:26473:7)
      at performSyncWorkOnRoot (node_modules/react-dom/cjs/react-dom.development.js:26124:20)
      at flushSyncCallbacks (node_modules/react-dom/cjs/react-dom.development.js:12042:22)
      at flushSync (node_modules/react-dom/cjs/react-dom.development.js:26240:7)
      at finishEventHandler (node_modules/react-dom/cjs/react-dom.development.js:3976:5)
      at batchedUpdates (node_modules/react-dom/cjs/react-dom.development.js:3994:5)
      at dispatchEventForPluginEventSystem (node_modules/react-dom/cjs/react-dom.development.js:9287:3)
      at dispatchEventWithEnableCapturePhaseSelectiveHydrationWithoutDiscreteEventReplay (node_modules/react-dom/cjs/react-dom.development.js:6465:5)
      at dispatchEvent (node_modules/react-dom/cjs/react-dom.development.js:6457:5)
      at dispatchDiscreteEvent (node_modules/react-dom/cjs/react-dom.development.js:6430:5)
      at HTMLDivElement.callTheUserObjectsOperation (node_modules/jsdom/lib/jsdom/living/generated/EventListener.js:26:30)
      at innerInvokeEventListeners (node_modules/jsdom/lib/jsdom/living/events/EventTarget-impl.js:350:25)
      at invokeEventListeners (node_modules/jsdom/lib/jsdom/living/events/EventTarget-impl.js:286:3)
      at HTMLInputElementImpl._dispatch (node_modules/jsdom/lib/jsdom/living/events/EventTarget-impl.js:233:9)
      at HTMLInputElementImpl.dispatchEvent (node_modules/jsdom/lib/jsdom/living/events/EventTarget-impl.js:104:17)
      at HTMLInputElement.dispatchEvent (node_modules/jsdom/lib/jsdom/living/generated/EventTarget.js:241:34)
      at node_modules/@testing-library/user-event/dist/cjs/event/dispatchEvent.js:45:43
      at node_modules/@testing-library/react/dist/pure.js:108:16
      at node_modules/@testing-library/react/dist/act-compat.js:48:24
      at act (node_modules/react/cjs/react.development.js:2512:16)
      at node_modules/@testing-library/react/dist/act-compat.js:47:25
      at Object.eventWrapper (node_modules/@testing-library/react/dist/pure.js:107:28)
      at Object.wrapEvent (node_modules/@testing-library/user-event/dist/cjs/event/wrapEvent.js:6:28)
      at Object.dispatchEvent (node_modules/@testing-library/user-event/dist/cjs/event/dispatchEvent.js:45:22)
      at Object.dispatchUIEvent (node_modules/@testing-library/user-event/dist/cjs/event/dispatchEvent.js:22:26)
      at commitInput (node_modules/@testing-library/user-event/dist/cjs/event/input.js:145:14)
      at editInputElement (node_modules/@testing-library/user-event/dist/cjs/event/input.js:115:9)
      at Object.input (node_modules/@testing-library/user-event/dist/cjs/event/input.js:37:9)
      at node_modules/@testing-library/user-event/dist/cjs/event/behavior/keypress.js:31:26
      at Object.dispatchEvent (node_modules/@testing-library/user-event/dist/cjs/event/dispatchEvent.js:41:13)
      at Object.dispatchUIEvent (node_modules/@testing-library/user-event/dist/cjs/event/dispatchEvent.js:22:26)
      at KeyboardHost.keydown (node_modules/@testing-library/user-event/dist/cjs/system/keyboard.js:76:22)
      at keyboardAction (node_modules/@testing-library/user-event/dist/cjs/keyboard/index.js:22:35)
      at Object.keyboard (node_modules/@testing-library/user-event/dist/cjs/keyboard/index.js:11:15)
      at Object.type (node_modules/@testing-library/user-event/dist/cjs/utility/type.js:17:5)
      at Object.asyncWrapper (node_modules/@testing-library/react/dist/pure.js:88:22)
      at Object.<anonymous> (src/app/[locale]/admin/programs/[id]/__tests__/page.test.tsx:229:5)

    console.error
      IntlError: FORMATTING_ERROR: The intl string context variable "count" was not provided to the string "{count} Students"
          at getFallbackFromErrorAndNotify (/Users/yusefbach/Projekte/studynexus/frontend/node_modules/use-intl/dist/development/createFormatter-QqAaZwGD.js:159:19)
          at translateBaseFn (/Users/yusefbach/Projekte/studynexus/frontend/node_modules/use-intl/dist/development/createFormatter-QqAaZwGD.js:251:14)
          at translateFn (/Users/yusefbach/Projekte/studynexus/frontend/node_modules/use-intl/dist/development/createFormatter-QqAaZwGD.js:258:20)
          at t (/Users/yusefbach/Projekte/studynexus/frontend/src/app/[locale]/admin/programs/[id]/page.tsx:177:27)
          at renderWithHooks (/Users/yusefbach/Projekte/studynexus/frontend/node_modules/react-dom/cjs/react-dom.development.js:15486:18)
          at updateFunctionComponent (/Users/yusefbach/Projekte/studynexus/frontend/node_modules/react-dom/cjs/react-dom.development.js:19617:20)
          at beginWork (/Users/yusefbach/Projekte/studynexus/frontend/node_modules/react-dom/cjs/react-dom.development.js:21640:16)
          at beginWork$1 (/Users/yusefbach/Projekte/studynexus/frontend/node_modules/react-dom/cjs/react-dom.development.js:27465:14)
          at performUnitOfWork (/Users/yusefbach/Projekte/studynexus/frontend/node_modules/react-dom/cjs/react-dom.development.js:26599:12)
          at workLoopSync (/Users/yusefbach/Projekte/studynexus/frontend/node_modules/react-dom/cjs/react-dom.development.js:26505:5)
          at renderRootSync (/Users/yusefbach/Projekte/studynexus/frontend/node_modules/react-dom/cjs/react-dom.development.js:26473:7)
          at performSyncWorkOnRoot (/Users/yusefbach/Projekte/studynexus/frontend/node_modules/react-dom/cjs/react-dom.development.js:26124:20)
          at flushSyncCallbacks (/Users/yusefbach/Projekte/studynexus/frontend/node_modules/react-dom/cjs/react-dom.development.js:12042:22)
          at flushSync (/Users/yusefbach/Projekte/studynexus/frontend/node_modules/react-dom/cjs/react-dom.development.js:26240:7)
          at finishEventHandler (/Users/yusefbach/Projekte/studynexus/frontend/node_modules/react-dom/cjs/react-dom.development.js:3976:5)
          at batchedUpdates (/Users/yusefbach/Projekte/studynexus/frontend/node_modules/react-dom/cjs/react-dom.development.js:3994:5)
          at dispatchEventForPluginEventSystem (/Users/yusefbach/Projekte/studynexus/frontend/node_modules/react-dom/cjs/react-dom.development.js:9287:3)
          at dispatchEventWithEnableCapturePhaseSelectiveHydrationWithoutDiscreteEventReplay (/Users/yusefbach/Projekte/studynexus/frontend/node_modules/react-dom/cjs/react-dom.development.js:6465:5)
          at dispatchEvent (/Users/yusefbach/Projekte/studynexus/frontend/node_modules/react-dom/cjs/react-dom.development.js:6457:5)
          at dispatchDiscreteEvent (/Users/yusefbach/Projekte/studynexus/frontend/node_modules/react-dom/cjs/react-dom.development.js:6430:5)
          at HTMLDivElement.callTheUserObjectsOperation (/Users/yusefbach/Projekte/studynexus/frontend/node_modules/jsdom/lib/jsdom/living/generated/EventListener.js:26:30)
          at innerInvokeEventListeners (/Users/yusefbach/Projekte/studynexus/frontend/node_modules/jsdom/lib/jsdom/living/events/EventTarget-impl.js:350:25)
          at invokeEventListeners (/Users/yusefbach/Projekte/studynexus/frontend/node_modules/jsdom/lib/jsdom/living/events/EventTarget-impl.js:286:3)
          at HTMLInputElementImpl._dispatch (/Users/yusefbach/Projekte/studynexus/frontend/node_modules/jsdom/lib/jsdom/living/events/EventTarget-impl.js:233:9)
          at HTMLInputElementImpl.dispatchEvent (/Users/yusefbach/Projekte/studynexus/frontend/node_modules/jsdom/lib/jsdom/living/events/EventTarget-impl.js:104:17)
          at HTMLInputElement.dispatchEvent (/Users/yusefbach/Projekte/studynexus/frontend/node_modules/jsdom/lib/jsdom/living/generated/EventTarget.js:241:34)
          at /Users/yusefbach/Projekte/studynexus/frontend/node_modules/@testing-library/user-event/dist/cjs/event/dispatchEvent.js:45:43
          at /Users/yusefbach/Projekte/studynexus/frontend/node_modules/@testing-library/react/dist/pure.js:108:16
          at /Users/yusefbach/Projekte/studynexus/frontend/node_modules/@testing-library/react/dist/act-compat.js:48:24
          at act (/Users/yusefbach/Projekte/studynexus/frontend/node_modules/react/cjs/react.development.js:2512:16)
          at /Users/yusefbach/Projekte/studynexus/frontend/node_modules/@testing-library/react/dist/act-compat.js:47:25
          at Object.eventWrapper (/Users/yusefbach/Projekte/studynexus/frontend/node_modules/@testing-library/react/dist/pure.js:107:28)
          at Object.wrapEvent (/Users/yusefbach/Projekte/studynexus/frontend/node_modules/@testing-library/user-event/dist/cjs/event/wrapEvent.js:6:28)
          at Object.dispatchEvent (/Users/yusefbach/Projekte/studynexus/frontend/node_modules/@testing-library/user-event/dist/cjs/event/dispatchEvent.js:45:22)
          at Object.dispatchUIEvent (/Users/yusefbach/Projekte/studynexus/frontend/node_modules/@testing-library/user-event/dist/cjs/event/dispatchEvent.js:22:26)
          at commitInput (/Users/yusefbach/Projekte/studynexus/frontend/node_modules/@testing-library/user-event/dist/cjs/event/input.js:145:14)
          at editInputElement (/Users/yusefbach/Projekte/studynexus/frontend/node_modules/@testing-library/user-event/dist/cjs/event/input.js:115:9)
          at Object.input (/Users/yusefbach/Projekte/studynexus/frontend/node_modules/@testing-library/user-event/dist/cjs/event/input.js:37:9)
          at /Users/yusefbach/Projekte/studynexus/frontend/node_modules/@testing-library/user-event/dist/cjs/event/behavior/keypress.js:31:26
          at Object.dispatchEvent (/Users/yusefbach/Projekte/studynexus/frontend/node_modules/@testing-library/user-event/dist/cjs/event/dispatchEvent.js:41:13)
          at Object.dispatchUIEvent (/Users/yusefbach/Projekte/studynexus/frontend/node_modules/@testing-library/user-event/dist/cjs/event/dispatchEvent.js:22:26)
          at KeyboardHost.keydown (/Users/yusefbach/Projekte/studynexus/frontend/node_modules/@testing-library/user-event/dist/cjs/system/keyboard.js:76:22)
          at keyboardAction (/Users/yusefbach/Projekte/studynexus/frontend/node_modules/@testing-library/user-event/dist/cjs/keyboard/index.js:22:35)
          at Object.keyboard (/Users/yusefbach/Projekte/studynexus/frontend/node_modules/@testing-library/user-event/dist/cjs/keyboard/index.js:11:15)
          at Object.type (/Users/yusefbach/Projekte/studynexus/frontend/node_modules/@testing-library/user-event/dist/cjs/utility/type.js:17:5)
          at Object.asyncWrapper (/Users/yusefbach/Projekte/studynexus/frontend/node_modules/@testing-library/react/dist/pure.js:88:22)
          at Object.<anonymous> (/Users/yusefbach/Projekte/studynexus/frontend/src/app/[locale]/admin/programs/[id]/__tests__/page.test.tsx:229:5) {
        code: 'FORMATTING_ERROR',
        originalMessage: 'The intl string context variable "count" was not provided to the string "{count} Students"'
      }

      175 |           <InfoRow label={t("detail.regelstudienzeit")} value={`${prog.regelstudienzeit} ${t("detail.semesterSuffix")}`} />
      176 |           <InfoRow label={t("detail.gesamtEcts")} value={`${prog.gesamt_ects} ECTS`} />
    > 177 |           <InfoRow label={t("detail.students")} value={t("detail.students", { count: prog.student_count })} />
          |                           ^
      178 |         </dl>
      179 |       </SectionCard>
      180 |

      at defaultOnError (node_modules/use-intl/dist/development/initializeConfig-BhfMSHP7.js:70:11)
      at getFallbackFromErrorAndNotify (node_modules/use-intl/dist/development/createFormatter-QqAaZwGD.js:160:5)
      at translateBaseFn (node_modules/use-intl/dist/development/createFormatter-QqAaZwGD.js:251:14)
      at translateFn (node_modules/use-intl/dist/development/createFormatter-QqAaZwGD.js:258:20)
      at t (src/app/[locale]/admin/programs/[id]/page.tsx:177:27)
      at renderWithHooks (node_modules/react-dom/cjs/react-dom.development.js:15486:18)
      at updateFunctionComponent (node_modules/react-dom/cjs/react-dom.development.js:19617:20)
      at beginWork (node_modules/react-dom/cjs/react-dom.development.js:21640:16)
      at beginWork$1 (node_modules/react-dom/cjs/react-dom.development.js:27465:14)
      at performUnitOfWork (node_modules/react-dom/cjs/react-dom.development.js:26599:12)
      at workLoopSync (node_modules/react-dom/cjs/react-dom.development.js:26505:5)
      at renderRootSync (node_modules/react-dom/cjs/react-dom.development.js:26473:7)
      at performSyncWorkOnRoot (node_modules/react-dom/cjs/react-dom.development.js:26124:20)
      at flushSyncCallbacks (node_modules/react-dom/cjs/react-dom.development.js:12042:22)
      at flushSync (node_modules/react-dom/cjs/react-dom.development.js:26240:7)
      at finishEventHandler (node_modules/react-dom/cjs/react-dom.development.js:3976:5)
      at batchedUpdates (node_modules/react-dom/cjs/react-dom.development.js:3994:5)
      at dispatchEventForPluginEventSystem (node_modules/react-dom/cjs/react-dom.development.js:9287:3)
      at dispatchEventWithEnableCapturePhaseSelectiveHydrationWithoutDiscreteEventReplay (node_modules/react-dom/cjs/react-dom.development.js:6465:5)
      at dispatchEvent (node_modules/react-dom/cjs/react-dom.development.js:6457:5)
      at dispatchDiscreteEvent (node_modules/react-dom/cjs/react-dom.development.js:6430:5)
      at HTMLDivElement.callTheUserObjectsOperation (node_modules/jsdom/lib/jsdom/living/generated/EventListener.js:26:30)
      at innerInvokeEventListeners (node_modules/jsdom/lib/jsdom/living/events/EventTarget-impl.js:350:25)
      at invokeEventListeners (node_modules/jsdom/lib/jsdom/living/events/EventTarget-impl.js:286:3)
      at HTMLInputElementImpl._dispatch (node_modules/jsdom/lib/jsdom/living/events/EventTarget-impl.js:233:9)
      at HTMLInputElementImpl.dispatchEvent (node_modules/jsdom/lib/jsdom/living/events/EventTarget-impl.js:104:17)
      at HTMLInputElement.dispatchEvent (node_modules/jsdom/lib/jsdom/living/generated/EventTarget.js:241:34)
      at node_modules/@testing-library/user-event/dist/cjs/event/dispatchEvent.js:45:43
      at node_modules/@testing-library/react/dist/pure.js:108:16
      at node_modules/@testing-library/react/dist/act-compat.js:48:24
      at act (node_modules/react/cjs/react.development.js:2512:16)
      at node_modules/@testing-library/react/dist/act-compat.js:47:25
      at Object.eventWrapper (node_modules/@testing-library/react/dist/pure.js:107:28)
      at Object.wrapEvent (node_modules/@testing-library/user-event/dist/cjs/event/wrapEvent.js:6:28)
      at Object.dispatchEvent (node_modules/@testing-library/user-event/dist/cjs/event/dispatchEvent.js:45:22)
      at Object.dispatchUIEvent (node_modules/@testing-library/user-event/dist/cjs/event/dispatchEvent.js:22:26)
      at commitInput (node_modules/@testing-library/user-event/dist/cjs/event/input.js:145:14)
      at editInputElement (node_modules/@testing-library/user-event/dist/cjs/event/input.js:115:9)
      at Object.input (node_modules/@testing-library/user-event/dist/cjs/event/input.js:37:9)
      at node_modules/@testing-library/user-event/dist/cjs/event/behavior/keypress.js:31:26
      at Object.dispatchEvent (node_modules/@testing-library/user-event/dist/cjs/event/dispatchEvent.js:41:13)
      at Object.dispatchUIEvent (node_modules/@testing-library/user-event/dist/cjs/event/dispatchEvent.js:22:26)
      at KeyboardHost.keydown (node_modules/@testing-library/user-event/dist/cjs/system/keyboard.js:76:22)
      at keyboardAction (node_modules/@testing-library/user-event/dist/cjs/keyboard/index.js:22:35)
      at Object.keyboard (node_modules/@testing-library/user-event/dist/cjs/keyboard/index.js:11:15)
      at Object.type (node_modules/@testing-library/user-event/dist/cjs/utility/type.js:17:5)
      at Object.asyncWrapper (node_modules/@testing-library/react/dist/pure.js:88:22)
      at Object.<anonymous> (src/app/[locale]/admin/programs/[id]/__tests__/page.test.tsx:229:5)

    console.error
      IntlError: FORMATTING_ERROR: The intl string context variable "count" was not provided to the string "{count} Students"
          at getFallbackFromErrorAndNotify (/Users/yusefbach/Projekte/studynexus/frontend/node_modules/use-intl/dist/development/createFormatter-QqAaZwGD.js:159:19)
          at translateBaseFn (/Users/yusefbach/Projekte/studynexus/frontend/node_modules/use-intl/dist/development/createFormatter-QqAaZwGD.js:251:14)
          at translateFn (/Users/yusefbach/Projekte/studynexus/frontend/node_modules/use-intl/dist/development/createFormatter-QqAaZwGD.js:258:20)
          at t (/Users/yusefbach/Projekte/studynexus/frontend/src/app/[locale]/admin/programs/[id]/page.tsx:177:27)
          at renderWithHooks (/Users/yusefbach/Projekte/studynexus/frontend/node_modules/react-dom/cjs/react-dom.development.js:15486:18)
          at updateFunctionComponent (/Users/yusefbach/Projekte/studynexus/frontend/node_modules/react-dom/cjs/react-dom.development.js:19617:20)
          at beginWork (/Users/yusefbach/Projekte/studynexus/frontend/node_modules/react-dom/cjs/react-dom.development.js:21640:16)
          at beginWork$1 (/Users/yusefbach/Projekte/studynexus/frontend/node_modules/react-dom/cjs/react-dom.development.js:27465:14)
          at performUnitOfWork (/Users/yusefbach/Projekte/studynexus/frontend/node_modules/react-dom/cjs/react-dom.development.js:26599:12)
          at workLoopSync (/Users/yusefbach/Projekte/studynexus/frontend/node_modules/react-dom/cjs/react-dom.development.js:26505:5)
          at renderRootSync (/Users/yusefbach/Projekte/studynexus/frontend/node_modules/react-dom/cjs/react-dom.development.js:26473:7)
          at performSyncWorkOnRoot (/Users/yusefbach/Projekte/studynexus/frontend/node_modules/react-dom/cjs/react-dom.development.js:26124:20)
          at flushSyncCallbacks (/Users/yusefbach/Projekte/studynexus/frontend/node_modules/react-dom/cjs/react-dom.development.js:12042:22)
          at flushSync (/Users/yusefbach/Projekte/studynexus/frontend/node_modules/react-dom/cjs/react-dom.development.js:26240:7)
          at finishEventHandler (/Users/yusefbach/Projekte/studynexus/frontend/node_modules/react-dom/cjs/react-dom.development.js:3976:5)
          at batchedUpdates (/Users/yusefbach/Projekte/studynexus/frontend/node_modules/react-dom/cjs/react-dom.development.js:3994:5)
          at dispatchEventForPluginEventSystem (/Users/yusefbach/Projekte/studynexus/frontend/node_modules/react-dom/cjs/react-dom.development.js:9287:3)
          at dispatchEventWithEnableCapturePhaseSelectiveHydrationWithoutDiscreteEventReplay (/Users/yusefbach/Projekte/studynexus/frontend/node_modules/react-dom/cjs/react-dom.development.js:6465:5)
          at dispatchEvent (/Users/yusefbach/Projekte/studynexus/frontend/node_modules/react-dom/cjs/react-dom.development.js:6457:5)
          at dispatchDiscreteEvent (/Users/yusefbach/Projekte/studynexus/frontend/node_modules/react-dom/cjs/react-dom.development.js:6430:5)
          at HTMLDivElement.callTheUserObjectsOperation (/Users/yusefbach/Projekte/studynexus/frontend/node_modules/jsdom/lib/jsdom/living/generated/EventListener.js:26:30)
          at innerInvokeEventListeners (/Users/yusefbach/Projekte/studynexus/frontend/node_modules/jsdom/lib/jsdom/living/events/EventTarget-impl.js:350:25)
          at invokeEventListeners (/Users/yusefbach/Projekte/studynexus/frontend/node_modules/jsdom/lib/jsdom/living/events/EventTarget-impl.js:286:3)
          at HTMLInputElementImpl._dispatch (/Users/yusefbach/Projekte/studynexus/frontend/node_modules/jsdom/lib/jsdom/living/events/EventTarget-impl.js:233:9)
          at HTMLInputElementImpl.dispatchEvent (/Users/yusefbach/Projekte/studynexus/frontend/node_modules/jsdom/lib/jsdom/living/events/EventTarget-impl.js:104:17)
          at HTMLInputElement.dispatchEvent (/Users/yusefbach/Projekte/studynexus/frontend/node_modules/jsdom/lib/jsdom/living/generated/EventTarget.js:241:34)
          at /Users/yusefbach/Projekte/studynexus/frontend/node_modules/@testing-library/user-event/dist/cjs/event/dispatchEvent.js:45:43
          at /Users/yusefbach/Projekte/studynexus/frontend/node_modules/@testing-library/react/dist/pure.js:108:16
          at /Users/yusefbach/Projekte/studynexus/frontend/node_modules/@testing-library/react/dist/act-compat.js:48:24
          at act (/Users/yusefbach/Projekte/studynexus/frontend/node_modules/react/cjs/react.development.js:2512:16)
          at /Users/yusefbach/Projekte/studynexus/frontend/node_modules/@testing-library/react/dist/act-compat.js:47:25
          at Object.eventWrapper (/Users/yusefbach/Projekte/studynexus/frontend/node_modules/@testing-library/react/dist/pure.js:107:28)
          at Object.wrapEvent (/Users/yusefbach/Projekte/studynexus/frontend/node_modules/@testing-library/user-event/dist/cjs/event/wrapEvent.js:6:28)
          at Object.dispatchEvent (/Users/yusefbach/Projekte/studynexus/frontend/node_modules/@testing-library/user-event/dist/cjs/event/dispatchEvent.js:45:22)
          at Object.dispatchUIEvent (/Users/yusefbach/Projekte/studynexus/frontend/node_modules/@testing-library/user-event/dist/cjs/event/dispatchEvent.js:22:26)
          at commitInput (/Users/yusefbach/Projekte/studynexus/frontend/node_modules/@testing-library/user-event/dist/cjs/event/input.js:145:14)
          at editInputElement (/Users/yusefbach/Projekte/studynexus/frontend/node_modules/@testing-library/user-event/dist/cjs/event/input.js:115:9)
          at Object.input (/Users/yusefbach/Projekte/studynexus/frontend/node_modules/@testing-library/user-event/dist/cjs/event/input.js:37:9)
          at /Users/yusefbach/Projekte/studynexus/frontend/node_modules/@testing-library/user-event/dist/cjs/event/behavior/keypress.js:31:26
          at Object.dispatchEvent (/Users/yusefbach/Projekte/studynexus/frontend/node_modules/@testing-library/user-event/dist/cjs/event/dispatchEvent.js:41:13)
          at Object.dispatchUIEvent (/Users/yusefbach/Projekte/studynexus/frontend/node_modules/@testing-library/user-event/dist/cjs/event/dispatchEvent.js:22:26)
          at KeyboardHost.keydown (/Users/yusefbach/Projekte/studynexus/frontend/node_modules/@testing-library/user-event/dist/cjs/system/keyboard.js:76:22)
          at keyboardAction (/Users/yusefbach/Projekte/studynexus/frontend/node_modules/@testing-library/user-event/dist/cjs/keyboard/index.js:22:35)
          at Object.keyboard (/Users/yusefbach/Projekte/studynexus/frontend/node_modules/@testing-library/user-event/dist/cjs/keyboard/index.js:11:15)
          at Object.type (/Users/yusefbach/Projekte/studynexus/frontend/node_modules/@testing-library/user-event/dist/cjs/utility/type.js:17:5)
          at Object.asyncWrapper (/Users/yusefbach/Projekte/studynexus/frontend/node_modules/@testing-library/react/dist/pure.js:88:22)
          at Object.<anonymous> (/Users/yusefbach/Projekte/studynexus/frontend/src/app/[locale]/admin/programs/[id]/__tests__/page.test.tsx:229:5) {
        code: 'FORMATTING_ERROR',
        originalMessage: 'The intl string context variable "count" was not provided to the string "{count} Students"'
      }

      175 |           <InfoRow label={t("detail.regelstudienzeit")} value={`${prog.regelstudienzeit} ${t("detail.semesterSuffix")}`} />
      176 |           <InfoRow label={t("detail.gesamtEcts")} value={`${prog.gesamt_ects} ECTS`} />
    > 177 |           <InfoRow label={t("detail.students")} value={t("detail.students", { count: prog.student_count })} />
          |                           ^
      178 |         </dl>
      179 |       </SectionCard>
      180 |

      at defaultOnError (node_modules/use-intl/dist/development/initializeConfig-BhfMSHP7.js:70:11)
      at getFallbackFromErrorAndNotify (node_modules/use-intl/dist/development/createFormatter-QqAaZwGD.js:160:5)
      at translateBaseFn (node_modules/use-intl/dist/development/createFormatter-QqAaZwGD.js:251:14)
      at translateFn (node_modules/use-intl/dist/development/createFormatter-QqAaZwGD.js:258:20)
      at t (src/app/[locale]/admin/programs/[id]/page.tsx:177:27)
      at renderWithHooks (node_modules/react-dom/cjs/react-dom.development.js:15486:18)
      at updateFunctionComponent (node_modules/react-dom/cjs/react-dom.development.js:19617:20)
      at beginWork (node_modules/react-dom/cjs/react-dom.development.js:21640:16)
      at beginWork$1 (node_modules/react-dom/cjs/react-dom.development.js:27465:14)
      at performUnitOfWork (node_modules/react-dom/cjs/react-dom.development.js:26599:12)
      at workLoopSync (node_modules/react-dom/cjs/react-dom.development.js:26505:5)
      at renderRootSync (node_modules/react-dom/cjs/react-dom.development.js:26473:7)
      at performSyncWorkOnRoot (node_modules/react-dom/cjs/react-dom.development.js:26124:20)
      at flushSyncCallbacks (node_modules/react-dom/cjs/react-dom.development.js:12042:22)
      at flushSync (node_modules/react-dom/cjs/react-dom.development.js:26240:7)
      at finishEventHandler (node_modules/react-dom/cjs/react-dom.development.js:3976:5)
      at batchedUpdates (node_modules/react-dom/cjs/react-dom.development.js:3994:5)
      at dispatchEventForPluginEventSystem (node_modules/react-dom/cjs/react-dom.development.js:9287:3)
      at dispatchEventWithEnableCapturePhaseSelectiveHydrationWithoutDiscreteEventReplay (node_modules/react-dom/cjs/react-dom.development.js:6465:5)
      at dispatchEvent (node_modules/react-dom/cjs/react-dom.development.js:6457:5)
      at dispatchDiscreteEvent (node_modules/react-dom/cjs/react-dom.development.js:6430:5)
      at HTMLDivElement.callTheUserObjectsOperation (node_modules/jsdom/lib/jsdom/living/generated/EventListener.js:26:30)
      at innerInvokeEventListeners (node_modules/jsdom/lib/jsdom/living/events/EventTarget-impl.js:350:25)
      at invokeEventListeners (node_modules/jsdom/lib/jsdom/living/events/EventTarget-impl.js:286:3)
      at HTMLInputElementImpl._dispatch (node_modules/jsdom/lib/jsdom/living/events/EventTarget-impl.js:233:9)
      at HTMLInputElementImpl.dispatchEvent (node_modules/jsdom/lib/jsdom/living/events/EventTarget-impl.js:104:17)
      at HTMLInputElement.dispatchEvent (node_modules/jsdom/lib/jsdom/living/generated/EventTarget.js:241:34)
      at node_modules/@testing-library/user-event/dist/cjs/event/dispatchEvent.js:45:43
      at node_modules/@testing-library/react/dist/pure.js:108:16
      at node_modules/@testing-library/react/dist/act-compat.js:48:24
      at act (node_modules/react/cjs/react.development.js:2512:16)
      at node_modules/@testing-library/react/dist/act-compat.js:47:25
      at Object.eventWrapper (node_modules/@testing-library/react/dist/pure.js:107:28)
      at Object.wrapEvent (node_modules/@testing-library/user-event/dist/cjs/event/wrapEvent.js:6:28)
      at Object.dispatchEvent (node_modules/@testing-library/user-event/dist/cjs/event/dispatchEvent.js:45:22)
      at Object.dispatchUIEvent (node_modules/@testing-library/user-event/dist/cjs/event/dispatchEvent.js:22:26)
      at commitInput (node_modules/@testing-library/user-event/dist/cjs/event/input.js:145:14)
      at editInputElement (node_modules/@testing-library/user-event/dist/cjs/event/input.js:115:9)
      at Object.input (node_modules/@testing-library/user-event/dist/cjs/event/input.js:37:9)
      at node_modules/@testing-library/user-event/dist/cjs/event/behavior/keypress.js:31:26
      at Object.dispatchEvent (node_modules/@testing-library/user-event/dist/cjs/event/dispatchEvent.js:41:13)
      at Object.dispatchUIEvent (node_modules/@testing-library/user-event/dist/cjs/event/dispatchEvent.js:22:26)
      at KeyboardHost.keydown (node_modules/@testing-library/user-event/dist/cjs/system/keyboard.js:76:22)
      at keyboardAction (node_modules/@testing-library/user-event/dist/cjs/keyboard/index.js:22:35)
      at Object.keyboard (node_modules/@testing-library/user-event/dist/cjs/keyboard/index.js:11:15)
      at Object.type (node_modules/@testing-library/user-event/dist/cjs/utility/type.js:17:5)
      at Object.asyncWrapper (node_modules/@testing-library/react/dist/pure.js:88:22)
      at Object.<anonymous> (src/app/[locale]/admin/programs/[id]/__tests__/page.test.tsx:229:5)

    console.error
      IntlError: FORMATTING_ERROR: The intl string context variable "count" was not provided to the string "{count} Students"
          at getFallbackFromErrorAndNotify (/Users/yusefbach/Projekte/studynexus/frontend/node_modules/use-intl/dist/development/createFormatter-QqAaZwGD.js:159:19)
          at translateBaseFn (/Users/yusefbach/Projekte/studynexus/frontend/node_modules/use-intl/dist/development/createFormatter-QqAaZwGD.js:251:14)
          at translateFn (/Users/yusefbach/Projekte/studynexus/frontend/node_modules/use-intl/dist/development/createFormatter-QqAaZwGD.js:258:20)
          at t (/Users/yusefbach/Projekte/studynexus/frontend/src/app/[locale]/admin/programs/[id]/page.tsx:177:27)
          at renderWithHooks (/Users/yusefbach/Projekte/studynexus/frontend/node_modules/react-dom/cjs/react-dom.development.js:15486:18)
          at updateFunctionComponent (/Users/yusefbach/Projekte/studynexus/frontend/node_modules/react-dom/cjs/react-dom.development.js:19617:20)
          at beginWork (/Users/yusefbach/Projekte/studynexus/frontend/node_modules/react-dom/cjs/react-dom.development.js:21640:16)
          at beginWork$1 (/Users/yusefbach/Projekte/studynexus/frontend/node_modules/react-dom/cjs/react-dom.development.js:27465:14)
          at performUnitOfWork (/Users/yusefbach/Projekte/studynexus/frontend/node_modules/react-dom/cjs/react-dom.development.js:26599:12)
          at workLoopSync (/Users/yusefbach/Projekte/studynexus/frontend/node_modules/react-dom/cjs/react-dom.development.js:26505:5)
          at renderRootSync (/Users/yusefbach/Projekte/studynexus/frontend/node_modules/react-dom/cjs/react-dom.development.js:26473:7)
          at performSyncWorkOnRoot (/Users/yusefbach/Projekte/studynexus/frontend/node_modules/react-dom/cjs/react-dom.development.js:26124:20)
          at flushSyncCallbacks (/Users/yusefbach/Projekte/studynexus/frontend/node_modules/react-dom/cjs/react-dom.development.js:12042:22)
          at flushSync (/Users/yusefbach/Projekte/studynexus/frontend/node_modules/react-dom/cjs/react-dom.development.js:26240:7)
          at finishEventHandler (/Users/yusefbach/Projekte/studynexus/frontend/node_modules/react-dom/cjs/react-dom.development.js:3976:5)
          at batchedUpdates (/Users/yusefbach/Projekte/studynexus/frontend/node_modules/react-dom/cjs/react-dom.development.js:3994:5)
          at dispatchEventForPluginEventSystem (/Users/yusefbach/Projekte/studynexus/frontend/node_modules/react-dom/cjs/react-dom.development.js:9287:3)
          at dispatchEventWithEnableCapturePhaseSelectiveHydrationWithoutDiscreteEventReplay (/Users/yusefbach/Projekte/studynexus/frontend/node_modules/react-dom/cjs/react-dom.development.js:6465:5)
          at dispatchEvent (/Users/yusefbach/Projekte/studynexus/frontend/node_modules/react-dom/cjs/react-dom.development.js:6457:5)
          at dispatchDiscreteEvent (/Users/yusefbach/Projekte/studynexus/frontend/node_modules/react-dom/cjs/react-dom.development.js:6430:5)
          at HTMLDivElement.callTheUserObjectsOperation (/Users/yusefbach/Projekte/studynexus/frontend/node_modules/jsdom/lib/jsdom/living/generated/EventListener.js:26:30)
          at innerInvokeEventListeners (/Users/yusefbach/Projekte/studynexus/frontend/node_modules/jsdom/lib/jsdom/living/events/EventTarget-impl.js:350:25)
          at invokeEventListeners (/Users/yusefbach/Projekte/studynexus/frontend/node_modules/jsdom/lib/jsdom/living/events/EventTarget-impl.js:286:3)
          at HTMLInputElementImpl._dispatch (/Users/yusefbach/Projekte/studynexus/frontend/node_modules/jsdom/lib/jsdom/living/events/EventTarget-impl.js:233:9)
          at HTMLInputElementImpl.dispatchEvent (/Users/yusefbach/Projekte/studynexus/frontend/node_modules/jsdom/lib/jsdom/living/events/EventTarget-impl.js:104:17)
          at HTMLInputElement.dispatchEvent (/Users/yusefbach/Projekte/studynexus/frontend/node_modules/jsdom/lib/jsdom/living/generated/EventTarget.js:241:34)
          at /Users/yusefbach/Projekte/studynexus/frontend/node_modules/@testing-library/user-event/dist/cjs/event/dispatchEvent.js:45:43
          at /Users/yusefbach/Projekte/studynexus/frontend/node_modules/@testing-library/react/dist/pure.js:108:16
          at /Users/yusefbach/Projekte/studynexus/frontend/node_modules/@testing-library/react/dist/act-compat.js:48:24
          at act (/Users/yusefbach/Projekte/studynexus/frontend/node_modules/react/cjs/react.development.js:2512:16)
          at /Users/yusefbach/Projekte/studynexus/frontend/node_modules/@testing-library/react/dist/act-compat.js:47:25
          at Object.eventWrapper (/Users/yusefbach/Projekte/studynexus/frontend/node_modules/@testing-library/react/dist/pure.js:107:28)
          at Object.wrapEvent (/Users/yusefbach/Projekte/studynexus/frontend/node_modules/@testing-library/user-event/dist/cjs/event/wrapEvent.js:6:28)
          at Object.dispatchEvent (/Users/yusefbach/Projekte/studynexus/frontend/node_modules/@testing-library/user-event/dist/cjs/event/dispatchEvent.js:45:22)
          at Object.dispatchUIEvent (/Users/yusefbach/Projekte/studynexus/frontend/node_modules/@testing-library/user-event/dist/cjs/event/dispatchEvent.js:22:26)
          at commitInput (/Users/yusefbach/Projekte/studynexus/frontend/node_modules/@testing-library/user-event/dist/cjs/event/input.js:145:14)
          at editInputElement (/Users/yusefbach/Projekte/studynexus/frontend/node_modules/@testing-library/user-event/dist/cjs/event/input.js:115:9)
          at Object.input (/Users/yusefbach/Projekte/studynexus/frontend/node_modules/@testing-library/user-event/dist/cjs/event/input.js:37:9)
          at /Users/yusefbach/Projekte/studynexus/frontend/node_modules/@testing-library/user-event/dist/cjs/event/behavior/keypress.js:31:26
          at Object.dispatchEvent (/Users/yusefbach/Projekte/studynexus/frontend/node_modules/@testing-library/user-event/dist/cjs/event/dispatchEvent.js:41:13)
          at Object.dispatchUIEvent (/Users/yusefbach/Projekte/studynexus/frontend/node_modules/@testing-library/user-event/dist/cjs/event/dispatchEvent.js:22:26)
          at KeyboardHost.keydown (/Users/yusefbach/Projekte/studynexus/frontend/node_modules/@testing-library/user-event/dist/cjs/system/keyboard.js:76:22)
          at keyboardAction (/Users/yusefbach/Projekte/studynexus/frontend/node_modules/@testing-library/user-event/dist/cjs/keyboard/index.js:22:35)
          at Object.keyboard (/Users/yusefbach/Projekte/studynexus/frontend/node_modules/@testing-library/user-event/dist/cjs/keyboard/index.js:11:15)
          at Object.type (/Users/yusefbach/Projekte/studynexus/frontend/node_modules/@testing-library/user-event/dist/cjs/utility/type.js:17:5)
          at Object.asyncWrapper (/Users/yusefbach/Projekte/studynexus/frontend/node_modules/@testing-library/react/dist/pure.js:88:22)
          at Object.<anonymous> (/Users/yusefbach/Projekte/studynexus/frontend/src/app/[locale]/admin/programs/[id]/__tests__/page.test.tsx:229:5) {
        code: 'FORMATTING_ERROR',
        originalMessage: 'The intl string context variable "count" was not provided to the string "{count} Students"'
      }

      175 |           <InfoRow label={t("detail.regelstudienzeit")} value={`${prog.regelstudienzeit} ${t("detail.semesterSuffix")}`} />
      176 |           <InfoRow label={t("detail.gesamtEcts")} value={`${prog.gesamt_ects} ECTS`} />
    > 177 |           <InfoRow label={t("detail.students")} value={t("detail.students", { count: prog.student_count })} />
          |                           ^
      178 |         </dl>
      179 |       </SectionCard>
      180 |

      at defaultOnError (node_modules/use-intl/dist/development/initializeConfig-BhfMSHP7.js:70:11)
      at getFallbackFromErrorAndNotify (node_modules/use-intl/dist/development/createFormatter-QqAaZwGD.js:160:5)
      at translateBaseFn (node_modules/use-intl/dist/development/createFormatter-QqAaZwGD.js:251:14)
      at translateFn (node_modules/use-intl/dist/development/createFormatter-QqAaZwGD.js:258:20)
      at t (src/app/[locale]/admin/programs/[id]/page.tsx:177:27)
      at renderWithHooks (node_modules/react-dom/cjs/react-dom.development.js:15486:18)
      at updateFunctionComponent (node_modules/react-dom/cjs/react-dom.development.js:19617:20)
      at beginWork (node_modules/react-dom/cjs/react-dom.development.js:21640:16)
      at beginWork$1 (node_modules/react-dom/cjs/react-dom.development.js:27465:14)
      at performUnitOfWork (node_modules/react-dom/cjs/react-dom.development.js:26599:12)
      at workLoopSync (node_modules/react-dom/cjs/react-dom.development.js:26505:5)
      at renderRootSync (node_modules/react-dom/cjs/react-dom.development.js:26473:7)
      at performSyncWorkOnRoot (node_modules/react-dom/cjs/react-dom.development.js:26124:20)
      at flushSyncCallbacks (node_modules/react-dom/cjs/react-dom.development.js:12042:22)
      at flushSync (node_modules/react-dom/cjs/react-dom.development.js:26240:7)
      at finishEventHandler (node_modules/react-dom/cjs/react-dom.development.js:3976:5)
      at batchedUpdates (node_modules/react-dom/cjs/react-dom.development.js:3994:5)
      at dispatchEventForPluginEventSystem (node_modules/react-dom/cjs/react-dom.development.js:9287:3)
      at dispatchEventWithEnableCapturePhaseSelectiveHydrationWithoutDiscreteEventReplay (node_modules/react-dom/cjs/react-dom.development.js:6465:5)
      at dispatchEvent (node_modules/react-dom/cjs/react-dom.development.js:6457:5)
      at dispatchDiscreteEvent (node_modules/react-dom/cjs/react-dom.development.js:6430:5)
      at HTMLDivElement.callTheUserObjectsOperation (node_modules/jsdom/lib/jsdom/living/generated/EventListener.js:26:30)
      at innerInvokeEventListeners (node_modules/jsdom/lib/jsdom/living/events/EventTarget-impl.js:350:25)
      at invokeEventListeners (node_modules/jsdom/lib/jsdom/living/events/EventTarget-impl.js:286:3)
      at HTMLInputElementImpl._dispatch (node_modules/jsdom/lib/jsdom/living/events/EventTarget-impl.js:233:9)
      at HTMLInputElementImpl.dispatchEvent (node_modules/jsdom/lib/jsdom/living/events/EventTarget-impl.js:104:17)
      at HTMLInputElement.dispatchEvent (node_modules/jsdom/lib/jsdom/living/generated/EventTarget.js:241:34)
      at node_modules/@testing-library/user-event/dist/cjs/event/dispatchEvent.js:45:43
      at node_modules/@testing-library/react/dist/pure.js:108:16
      at node_modules/@testing-library/react/dist/act-compat.js:48:24
      at act (node_modules/react/cjs/react.development.js:2512:16)
      at node_modules/@testing-library/react/dist/act-compat.js:47:25
      at Object.eventWrapper (node_modules/@testing-library/react/dist/pure.js:107:28)
      at Object.wrapEvent (node_modules/@testing-library/user-event/dist/cjs/event/wrapEvent.js:6:28)
      at Object.dispatchEvent (node_modules/@testing-library/user-event/dist/cjs/event/dispatchEvent.js:45:22)
      at Object.dispatchUIEvent (node_modules/@testing-library/user-event/dist/cjs/event/dispatchEvent.js:22:26)
      at commitInput (node_modules/@testing-library/user-event/dist/cjs/event/input.js:145:14)
      at editInputElement (node_modules/@testing-library/user-event/dist/cjs/event/input.js:115:9)
      at Object.input (node_modules/@testing-library/user-event/dist/cjs/event/input.js:37:9)
      at node_modules/@testing-library/user-event/dist/cjs/event/behavior/keypress.js:31:26
      at Object.dispatchEvent (node_modules/@testing-library/user-event/dist/cjs/event/dispatchEvent.js:41:13)
      at Object.dispatchUIEvent (node_modules/@testing-library/user-event/dist/cjs/event/dispatchEvent.js:22:26)
      at KeyboardHost.keydown (node_modules/@testing-library/user-event/dist/cjs/system/keyboard.js:76:22)
      at keyboardAction (node_modules/@testing-library/user-event/dist/cjs/keyboard/index.js:22:35)
      at Object.keyboard (node_modules/@testing-library/user-event/dist/cjs/keyboard/index.js:11:15)
      at Object.type (node_modules/@testing-library/user-event/dist/cjs/utility/type.js:17:5)
      at Object.asyncWrapper (node_modules/@testing-library/react/dist/pure.js:88:22)
      at Object.<anonymous> (src/app/[locale]/admin/programs/[id]/__tests__/page.test.tsx:229:5)

    console.error
      IntlError: FORMATTING_ERROR: The intl string context variable "count" was not provided to the string "{count} Students"
          at getFallbackFromErrorAndNotify (/Users/yusefbach/Projekte/studynexus/frontend/node_modules/use-intl/dist/development/createFormatter-QqAaZwGD.js:159:19)
          at translateBaseFn (/Users/yusefbach/Projekte/studynexus/frontend/node_modules/use-intl/dist/development/createFormatter-QqAaZwGD.js:251:14)
          at translateFn (/Users/yusefbach/Projekte/studynexus/frontend/node_modules/use-intl/dist/development/createFormatter-QqAaZwGD.js:258:20)
          at t (/Users/yusefbach/Projekte/studynexus/frontend/src/app/[locale]/admin/programs/[id]/page.tsx:177:27)
          at renderWithHooks (/Users/yusefbach/Projekte/studynexus/frontend/node_modules/react-dom/cjs/react-dom.development.js:15486:18)
          at updateFunctionComponent (/Users/yusefbach/Projekte/studynexus/frontend/node_modules/react-dom/cjs/react-dom.development.js:19617:20)
          at beginWork (/Users/yusefbach/Projekte/studynexus/frontend/node_modules/react-dom/cjs/react-dom.development.js:21640:16)
          at beginWork$1 (/Users/yusefbach/Projekte/studynexus/frontend/node_modules/react-dom/cjs/react-dom.development.js:27465:14)
          at performUnitOfWork (/Users/yusefbach/Projekte/studynexus/frontend/node_modules/react-dom/cjs/react-dom.development.js:26599:12)
          at workLoopSync (/Users/yusefbach/Projekte/studynexus/frontend/node_modules/react-dom/cjs/react-dom.development.js:26505:5)
          at renderRootSync (/Users/yusefbach/Projekte/studynexus/frontend/node_modules/react-dom/cjs/react-dom.development.js:26473:7)
          at performSyncWorkOnRoot (/Users/yusefbach/Projekte/studynexus/frontend/node_modules/react-dom/cjs/react-dom.development.js:26124:20)
          at flushSyncCallbacks (/Users/yusefbach/Projekte/studynexus/frontend/node_modules/react-dom/cjs/react-dom.development.js:12042:22)
          at flushSync (/Users/yusefbach/Projekte/studynexus/frontend/node_modules/react-dom/cjs/react-dom.development.js:26240:7)
          at finishEventHandler (/Users/yusefbach/Projekte/studynexus/frontend/node_modules/react-dom/cjs/react-dom.development.js:3976:5)
          at batchedUpdates (/Users/yusefbach/Projekte/studynexus/frontend/node_modules/react-dom/cjs/react-dom.development.js:3994:5)
          at dispatchEventForPluginEventSystem (/Users/yusefbach/Projekte/studynexus/frontend/node_modules/react-dom/cjs/react-dom.development.js:9287:3)
          at dispatchEventWithEnableCapturePhaseSelectiveHydrationWithoutDiscreteEventReplay (/Users/yusefbach/Projekte/studynexus/frontend/node_modules/react-dom/cjs/react-dom.development.js:6465:5)
          at dispatchEvent (/Users/yusefbach/Projekte/studynexus/frontend/node_modules/react-dom/cjs/react-dom.development.js:6457:5)
          at dispatchDiscreteEvent (/Users/yusefbach/Projekte/studynexus/frontend/node_modules/react-dom/cjs/react-dom.development.js:6430:5)
          at HTMLDivElement.callTheUserObjectsOperation (/Users/yusefbach/Projekte/studynexus/frontend/node_modules/jsdom/lib/jsdom/living/generated/EventListener.js:26:30)
          at innerInvokeEventListeners (/Users/yusefbach/Projekte/studynexus/frontend/node_modules/jsdom/lib/jsdom/living/events/EventTarget-impl.js:350:25)
          at invokeEventListeners (/Users/yusefbach/Projekte/studynexus/frontend/node_modules/jsdom/lib/jsdom/living/events/EventTarget-impl.js:286:3)
          at HTMLInputElementImpl._dispatch (/Users/yusefbach/Projekte/studynexus/frontend/node_modules/jsdom/lib/jsdom/living/events/EventTarget-impl.js:233:9)
          at HTMLInputElementImpl.dispatchEvent (/Users/yusefbach/Projekte/studynexus/frontend/node_modules/jsdom/lib/jsdom/living/events/EventTarget-impl.js:104:17)
          at HTMLInputElement.dispatchEvent (/Users/yusefbach/Projekte/studynexus/frontend/node_modules/jsdom/lib/jsdom/living/generated/EventTarget.js:241:34)
          at /Users/yusefbach/Projekte/studynexus/frontend/node_modules/@testing-library/user-event/dist/cjs/event/dispatchEvent.js:45:43
          at /Users/yusefbach/Projekte/studynexus/frontend/node_modules/@testing-library/react/dist/pure.js:108:16
          at /Users/yusefbach/Projekte/studynexus/frontend/node_modules/@testing-library/react/dist/act-compat.js:48:24
          at act (/Users/yusefbach/Projekte/studynexus/frontend/node_modules/react/cjs/react.development.js:2512:16)
          at /Users/yusefbach/Projekte/studynexus/frontend/node_modules/@testing-library/react/dist/act-compat.js:47:25
          at Object.eventWrapper (/Users/yusefbach/Projekte/studynexus/frontend/node_modules/@testing-library/react/dist/pure.js:107:28)
          at Object.wrapEvent (/Users/yusefbach/Projekte/studynexus/frontend/node_modules/@testing-library/user-event/dist/cjs/event/wrapEvent.js:6:28)
          at Object.dispatchEvent (/Users/yusefbach/Projekte/studynexus/frontend/node_modules/@testing-library/user-event/dist/cjs/event/dispatchEvent.js:45:22)
          at Object.dispatchUIEvent (/Users/yusefbach/Projekte/studynexus/frontend/node_modules/@testing-library/user-event/dist/cjs/event/dispatchEvent.js:22:26)
          at commitInput (/Users/yusefbach/Projekte/studynexus/frontend/node_modules/@testing-library/user-event/dist/cjs/event/input.js:145:14)
          at editInputElement (/Users/yusefbach/Projekte/studynexus/frontend/node_modules/@testing-library/user-event/dist/cjs/event/input.js:115:9)
          at Object.input (/Users/yusefbach/Projekte/studynexus/frontend/node_modules/@testing-library/user-event/dist/cjs/event/input.js:37:9)
          at /Users/yusefbach/Projekte/studynexus/frontend/node_modules/@testing-library/user-event/dist/cjs/event/behavior/keypress.js:31:26
          at Object.dispatchEvent (/Users/yusefbach/Projekte/studynexus/frontend/node_modules/@testing-library/user-event/dist/cjs/event/dispatchEvent.js:41:13)
          at Object.dispatchUIEvent (/Users/yusefbach/Projekte/studynexus/frontend/node_modules/@testing-library/user-event/dist/cjs/event/dispatchEvent.js:22:26)
          at KeyboardHost.keydown (/Users/yusefbach/Projekte/studynexus/frontend/node_modules/@testing-library/user-event/dist/cjs/system/keyboard.js:76:22)
          at keyboardAction (/Users/yusefbach/Projekte/studynexus/frontend/node_modules/@testing-library/user-event/dist/cjs/keyboard/index.js:22:35)
          at Object.keyboard (/Users/yusefbach/Projekte/studynexus/frontend/node_modules/@testing-library/user-event/dist/cjs/keyboard/index.js:11:15)
          at Object.type (/Users/yusefbach/Projekte/studynexus/frontend/node_modules/@testing-library/user-event/dist/cjs/utility/type.js:17:5)
          at Object.asyncWrapper (/Users/yusefbach/Projekte/studynexus/frontend/node_modules/@testing-library/react/dist/pure.js:88:22)
          at Object.<anonymous> (/Users/yusefbach/Projekte/studynexus/frontend/src/app/[locale]/admin/programs/[id]/__tests__/page.test.tsx:229:5) {
        code: 'FORMATTING_ERROR',
        originalMessage: 'The intl string context variable "count" was not provided to the string "{count} Students"'
      }

      175 |           <InfoRow label={t("detail.regelstudienzeit")} value={`${prog.regelstudienzeit} ${t("detail.semesterSuffix")}`} />
      176 |           <InfoRow label={t("detail.gesamtEcts")} value={`${prog.gesamt_ects} ECTS`} />
    > 177 |           <InfoRow label={t("detail.students")} value={t("detail.students", { count: prog.student_count })} />
          |                           ^
      178 |         </dl>
      179 |       </SectionCard>
      180 |

      at defaultOnError (node_modules/use-intl/dist/development/initializeConfig-BhfMSHP7.js:70:11)
      at getFallbackFromErrorAndNotify (node_modules/use-intl/dist/development/createFormatter-QqAaZwGD.js:160:5)
      at translateBaseFn (node_modules/use-intl/dist/development/createFormatter-QqAaZwGD.js:251:14)
      at translateFn (node_modules/use-intl/dist/development/createFormatter-QqAaZwGD.js:258:20)
      at t (src/app/[locale]/admin/programs/[id]/page.tsx:177:27)
      at renderWithHooks (node_modules/react-dom/cjs/react-dom.development.js:15486:18)
      at updateFunctionComponent (node_modules/react-dom/cjs/react-dom.development.js:19617:20)
      at beginWork (node_modules/react-dom/cjs/react-dom.development.js:21640:16)
      at beginWork$1 (node_modules/react-dom/cjs/react-dom.development.js:27465:14)
      at performUnitOfWork (node_modules/react-dom/cjs/react-dom.development.js:26599:12)
      at workLoopSync (node_modules/react-dom/cjs/react-dom.development.js:26505:5)
      at renderRootSync (node_modules/react-dom/cjs/react-dom.development.js:26473:7)
      at performSyncWorkOnRoot (node_modules/react-dom/cjs/react-dom.development.js:26124:20)
      at flushSyncCallbacks (node_modules/react-dom/cjs/react-dom.development.js:12042:22)
      at flushSync (node_modules/react-dom/cjs/react-dom.development.js:26240:7)
      at finishEventHandler (node_modules/react-dom/cjs/react-dom.development.js:3976:5)
      at batchedUpdates (node_modules/react-dom/cjs/react-dom.development.js:3994:5)
      at dispatchEventForPluginEventSystem (node_modules/react-dom/cjs/react-dom.development.js:9287:3)
      at dispatchEventWithEnableCapturePhaseSelectiveHydrationWithoutDiscreteEventReplay (node_modules/react-dom/cjs/react-dom.development.js:6465:5)
      at dispatchEvent (node_modules/react-dom/cjs/react-dom.development.js:6457:5)
      at dispatchDiscreteEvent (node_modules/react-dom/cjs/react-dom.development.js:6430:5)
      at HTMLDivElement.callTheUserObjectsOperation (node_modules/jsdom/lib/jsdom/living/generated/EventListener.js:26:30)
      at innerInvokeEventListeners (node_modules/jsdom/lib/jsdom/living/events/EventTarget-impl.js:350:25)
      at invokeEventListeners (node_modules/jsdom/lib/jsdom/living/events/EventTarget-impl.js:286:3)
      at HTMLInputElementImpl._dispatch (node_modules/jsdom/lib/jsdom/living/events/EventTarget-impl.js:233:9)
      at HTMLInputElementImpl.dispatchEvent (node_modules/jsdom/lib/jsdom/living/events/EventTarget-impl.js:104:17)
      at HTMLInputElement.dispatchEvent (node_modules/jsdom/lib/jsdom/living/generated/EventTarget.js:241:34)
      at node_modules/@testing-library/user-event/dist/cjs/event/dispatchEvent.js:45:43
      at node_modules/@testing-library/react/dist/pure.js:108:16
      at node_modules/@testing-library/react/dist/act-compat.js:48:24
      at act (node_modules/react/cjs/react.development.js:2512:16)
      at node_modules/@testing-library/react/dist/act-compat.js:47:25
      at Object.eventWrapper (node_modules/@testing-library/react/dist/pure.js:107:28)
      at Object.wrapEvent (node_modules/@testing-library/user-event/dist/cjs/event/wrapEvent.js:6:28)
      at Object.dispatchEvent (node_modules/@testing-library/user-event/dist/cjs/event/dispatchEvent.js:45:22)
      at Object.dispatchUIEvent (node_modules/@testing-library/user-event/dist/cjs/event/dispatchEvent.js:22:26)
      at commitInput (node_modules/@testing-library/user-event/dist/cjs/event/input.js:145:14)
      at editInputElement (node_modules/@testing-library/user-event/dist/cjs/event/input.js:115:9)
      at Object.input (node_modules/@testing-library/user-event/dist/cjs/event/input.js:37:9)
      at node_modules/@testing-library/user-event/dist/cjs/event/behavior/keypress.js:31:26
      at Object.dispatchEvent (node_modules/@testing-library/user-event/dist/cjs/event/dispatchEvent.js:41:13)
      at Object.dispatchUIEvent (node_modules/@testing-library/user-event/dist/cjs/event/dispatchEvent.js:22:26)
      at KeyboardHost.keydown (node_modules/@testing-library/user-event/dist/cjs/system/keyboard.js:76:22)
      at keyboardAction (node_modules/@testing-library/user-event/dist/cjs/keyboard/index.js:22:35)
      at Object.keyboard (node_modules/@testing-library/user-event/dist/cjs/keyboard/index.js:11:15)
      at Object.type (node_modules/@testing-library/user-event/dist/cjs/utility/type.js:17:5)
      at Object.asyncWrapper (node_modules/@testing-library/react/dist/pure.js:88:22)
      at Object.<anonymous> (src/app/[locale]/admin/programs/[id]/__tests__/page.test.tsx:229:5)

    console.error
      IntlError: FORMATTING_ERROR: The intl string context variable "count" was not provided to the string "{count} Students"
          at getFallbackFromErrorAndNotify (/Users/yusefbach/Projekte/studynexus/frontend/node_modules/use-intl/dist/development/createFormatter-QqAaZwGD.js:159:19)
          at translateBaseFn (/Users/yusefbach/Projekte/studynexus/frontend/node_modules/use-intl/dist/development/createFormatter-QqAaZwGD.js:251:14)
          at translateFn (/Users/yusefbach/Projekte/studynexus/frontend/node_modules/use-intl/dist/development/createFormatter-QqAaZwGD.js:258:20)
          at t (/Users/yusefbach/Projekte/studynexus/frontend/src/app/[locale]/admin/programs/[id]/page.tsx:177:27)
          at renderWithHooks (/Users/yusefbach/Projekte/studynexus/frontend/node_modules/react-dom/cjs/react-dom.development.js:15486:18)
          at updateFunctionComponent (/Users/yusefbach/Projekte/studynexus/frontend/node_modules/react-dom/cjs/react-dom.development.js:19617:20)
          at beginWork (/Users/yusefbach/Projekte/studynexus/frontend/node_modules/react-dom/cjs/react-dom.development.js:21640:16)
          at beginWork$1 (/Users/yusefbach/Projekte/studynexus/frontend/node_modules/react-dom/cjs/react-dom.development.js:27465:14)
          at performUnitOfWork (/Users/yusefbach/Projekte/studynexus/frontend/node_modules/react-dom/cjs/react-dom.development.js:26599:12)
          at workLoopSync (/Users/yusefbach/Projekte/studynexus/frontend/node_modules/react-dom/cjs/react-dom.development.js:26505:5)
          at renderRootSync (/Users/yusefbach/Projekte/studynexus/frontend/node_modules/react-dom/cjs/react-dom.development.js:26473:7)
          at performSyncWorkOnRoot (/Users/yusefbach/Projekte/studynexus/frontend/node_modules/react-dom/cjs/react-dom.development.js:26124:20)
          at flushSyncCallbacks (/Users/yusefbach/Projekte/studynexus/frontend/node_modules/react-dom/cjs/react-dom.development.js:12042:22)
          at flushSync (/Users/yusefbach/Projekte/studynexus/frontend/node_modules/react-dom/cjs/react-dom.development.js:26240:7)
          at finishEventHandler (/Users/yusefbach/Projekte/studynexus/frontend/node_modules/react-dom/cjs/react-dom.development.js:3976:5)
          at batchedUpdates (/Users/yusefbach/Projekte/studynexus/frontend/node_modules/react-dom/cjs/react-dom.development.js:3994:5)
          at dispatchEventForPluginEventSystem (/Users/yusefbach/Projekte/studynexus/frontend/node_modules/react-dom/cjs/react-dom.development.js:9287:3)
          at dispatchEventWithEnableCapturePhaseSelectiveHydrationWithoutDiscreteEventReplay (/Users/yusefbach/Projekte/studynexus/frontend/node_modules/react-dom/cjs/react-dom.development.js:6465:5)
          at dispatchEvent (/Users/yusefbach/Projekte/studynexus/frontend/node_modules/react-dom/cjs/react-dom.development.js:6457:5)
          at dispatchDiscreteEvent (/Users/yusefbach/Projekte/studynexus/frontend/node_modules/react-dom/cjs/react-dom.development.js:6430:5)
          at HTMLDivElement.callTheUserObjectsOperation (/Users/yusefbach/Projekte/studynexus/frontend/node_modules/jsdom/lib/jsdom/living/generated/EventListener.js:26:30)
          at innerInvokeEventListeners (/Users/yusefbach/Projekte/studynexus/frontend/node_modules/jsdom/lib/jsdom/living/events/EventTarget-impl.js:350:25)
          at invokeEventListeners (/Users/yusefbach/Projekte/studynexus/frontend/node_modules/jsdom/lib/jsdom/living/events/EventTarget-impl.js:286:3)
          at HTMLInputElementImpl._dispatch (/Users/yusefbach/Projekte/studynexus/frontend/node_modules/jsdom/lib/jsdom/living/events/EventTarget-impl.js:233:9)
          at HTMLInputElementImpl.dispatchEvent (/Users/yusefbach/Projekte/studynexus/frontend/node_modules/jsdom/lib/jsdom/living/events/EventTarget-impl.js:104:17)
          at HTMLInputElement.dispatchEvent (/Users/yusefbach/Projekte/studynexus/frontend/node_modules/jsdom/lib/jsdom/living/generated/EventTarget.js:241:34)
          at /Users/yusefbach/Projekte/studynexus/frontend/node_modules/@testing-library/user-event/dist/cjs/event/dispatchEvent.js:45:43
          at /Users/yusefbach/Projekte/studynexus/frontend/node_modules/@testing-library/react/dist/pure.js:108:16
          at /Users/yusefbach/Projekte/studynexus/frontend/node_modules/@testing-library/react/dist/act-compat.js:48:24
          at act (/Users/yusefbach/Projekte/studynexus/frontend/node_modules/react/cjs/react.development.js:2512:16)
          at /Users/yusefbach/Projekte/studynexus/frontend/node_modules/@testing-library/react/dist/act-compat.js:47:25
          at Object.eventWrapper (/Users/yusefbach/Projekte/studynexus/frontend/node_modules/@testing-library/react/dist/pure.js:107:28)
          at Object.wrapEvent (/Users/yusefbach/Projekte/studynexus/frontend/node_modules/@testing-library/user-event/dist/cjs/event/wrapEvent.js:6:28)
          at Object.dispatchEvent (/Users/yusefbach/Projekte/studynexus/frontend/node_modules/@testing-library/user-event/dist/cjs/event/dispatchEvent.js:45:22)
          at Object.dispatchUIEvent (/Users/yusefbach/Projekte/studynexus/frontend/node_modules/@testing-library/user-event/dist/cjs/event/dispatchEvent.js:22:26)
          at commitInput (/Users/yusefbach/Projekte/studynexus/frontend/node_modules/@testing-library/user-event/dist/cjs/event/input.js:145:14)
          at editInputElement (/Users/yusefbach/Projekte/studynexus/frontend/node_modules/@testing-library/user-event/dist/cjs/event/input.js:115:9)
          at Object.input (/Users/yusefbach/Projekte/studynexus/frontend/node_modules/@testing-library/user-event/dist/cjs/event/input.js:37:9)
          at /Users/yusefbach/Projekte/studynexus/frontend/node_modules/@testing-library/user-event/dist/cjs/event/behavior/keypress.js:31:26
          at Object.dispatchEvent (/Users/yusefbach/Projekte/studynexus/frontend/node_modules/@testing-library/user-event/dist/cjs/event/dispatchEvent.js:41:13)
          at Object.dispatchUIEvent (/Users/yusefbach/Projekte/studynexus/frontend/node_modules/@testing-library/user-event/dist/cjs/event/dispatchEvent.js:22:26)
          at KeyboardHost.keydown (/Users/yusefbach/Projekte/studynexus/frontend/node_modules/@testing-library/user-event/dist/cjs/system/keyboard.js:76:22)
          at keyboardAction (/Users/yusefbach/Projekte/studynexus/frontend/node_modules/@testing-library/user-event/dist/cjs/keyboard/index.js:22:35)
          at Object.keyboard (/Users/yusefbach/Projekte/studynexus/frontend/node_modules/@testing-library/user-event/dist/cjs/keyboard/index.js:11:15)
          at Object.type (/Users/yusefbach/Projekte/studynexus/frontend/node_modules/@testing-library/user-event/dist/cjs/utility/type.js:17:5)
          at Object.asyncWrapper (/Users/yusefbach/Projekte/studynexus/frontend/node_modules/@testing-library/react/dist/pure.js:88:22)
          at Object.<anonymous> (/Users/yusefbach/Projekte/studynexus/frontend/src/app/[locale]/admin/programs/[id]/__tests__/page.test.tsx:229:5) {
        code: 'FORMATTING_ERROR',
        originalMessage: 'The intl string context variable "count" was not provided to the string "{count} Students"'
      }

      175 |           <InfoRow label={t("detail.regelstudienzeit")} value={`${prog.regelstudienzeit} ${t("detail.semesterSuffix")}`} />
      176 |           <InfoRow label={t("detail.gesamtEcts")} value={`${prog.gesamt_ects} ECTS`} />
    > 177 |           <InfoRow label={t("detail.students")} value={t("detail.students", { count: prog.student_count })} />
          |                           ^
      178 |         </dl>
      179 |       </SectionCard>
      180 |

      at defaultOnError (node_modules/use-intl/dist/development/initializeConfig-BhfMSHP7.js:70:11)
      at getFallbackFromErrorAndNotify (node_modules/use-intl/dist/development/createFormatter-QqAaZwGD.js:160:5)
      at translateBaseFn (node_modules/use-intl/dist/development/createFormatter-QqAaZwGD.js:251:14)
      at translateFn (node_modules/use-intl/dist/development/createFormatter-QqAaZwGD.js:258:20)
      at t (src/app/[locale]/admin/programs/[id]/page.tsx:177:27)
      at renderWithHooks (node_modules/react-dom/cjs/react-dom.development.js:15486:18)
      at updateFunctionComponent (node_modules/react-dom/cjs/react-dom.development.js:19617:20)
      at beginWork (node_modules/react-dom/cjs/react-dom.development.js:21640:16)
      at beginWork$1 (node_modules/react-dom/cjs/react-dom.development.js:27465:14)
      at performUnitOfWork (node_modules/react-dom/cjs/react-dom.development.js:26599:12)
      at workLoopSync (node_modules/react-dom/cjs/react-dom.development.js:26505:5)
      at renderRootSync (node_modules/react-dom/cjs/react-dom.development.js:26473:7)
      at performSyncWorkOnRoot (node_modules/react-dom/cjs/react-dom.development.js:26124:20)
      at flushSyncCallbacks (node_modules/react-dom/cjs/react-dom.development.js:12042:22)
      at flushSync (node_modules/react-dom/cjs/react-dom.development.js:26240:7)
      at finishEventHandler (node_modules/react-dom/cjs/react-dom.development.js:3976:5)
      at batchedUpdates (node_modules/react-dom/cjs/react-dom.development.js:3994:5)
      at dispatchEventForPluginEventSystem (node_modules/react-dom/cjs/react-dom.development.js:9287:3)
      at dispatchEventWithEnableCapturePhaseSelectiveHydrationWithoutDiscreteEventReplay (node_modules/react-dom/cjs/react-dom.development.js:6465:5)
      at dispatchEvent (node_modules/react-dom/cjs/react-dom.development.js:6457:5)
      at dispatchDiscreteEvent (node_modules/react-dom/cjs/react-dom.development.js:6430:5)
      at HTMLDivElement.callTheUserObjectsOperation (node_modules/jsdom/lib/jsdom/living/generated/EventListener.js:26:30)
      at innerInvokeEventListeners (node_modules/jsdom/lib/jsdom/living/events/EventTarget-impl.js:350:25)
      at invokeEventListeners (node_modules/jsdom/lib/jsdom/living/events/EventTarget-impl.js:286:3)
      at HTMLInputElementImpl._dispatch (node_modules/jsdom/lib/jsdom/living/events/EventTarget-impl.js:233:9)
      at HTMLInputElementImpl.dispatchEvent (node_modules/jsdom/lib/jsdom/living/events/EventTarget-impl.js:104:17)
      at HTMLInputElement.dispatchEvent (node_modules/jsdom/lib/jsdom/living/generated/EventTarget.js:241:34)
      at node_modules/@testing-library/user-event/dist/cjs/event/dispatchEvent.js:45:43
      at node_modules/@testing-library/react/dist/pure.js:108:16
      at node_modules/@testing-library/react/dist/act-compat.js:48:24
      at act (node_modules/react/cjs/react.development.js:2512:16)
      at node_modules/@testing-library/react/dist/act-compat.js:47:25
      at Object.eventWrapper (node_modules/@testing-library/react/dist/pure.js:107:28)
      at Object.wrapEvent (node_modules/@testing-library/user-event/dist/cjs/event/wrapEvent.js:6:28)
      at Object.dispatchEvent (node_modules/@testing-library/user-event/dist/cjs/event/dispatchEvent.js:45:22)
      at Object.dispatchUIEvent (node_modules/@testing-library/user-event/dist/cjs/event/dispatchEvent.js:22:26)
      at commitInput (node_modules/@testing-library/user-event/dist/cjs/event/input.js:145:14)
      at editInputElement (node_modules/@testing-library/user-event/dist/cjs/event/input.js:115:9)
      at Object.input (node_modules/@testing-library/user-event/dist/cjs/event/input.js:37:9)
      at node_modules/@testing-library/user-event/dist/cjs/event/behavior/keypress.js:31:26
      at Object.dispatchEvent (node_modules/@testing-library/user-event/dist/cjs/event/dispatchEvent.js:41:13)
      at Object.dispatchUIEvent (node_modules/@testing-library/user-event/dist/cjs/event/dispatchEvent.js:22:26)
      at KeyboardHost.keydown (node_modules/@testing-library/user-event/dist/cjs/system/keyboard.js:76:22)
      at keyboardAction (node_modules/@testing-library/user-event/dist/cjs/keyboard/index.js:22:35)
      at Object.keyboard (node_modules/@testing-library/user-event/dist/cjs/keyboard/index.js:11:15)
      at Object.type (node_modules/@testing-library/user-event/dist/cjs/utility/type.js:17:5)
      at Object.asyncWrapper (node_modules/@testing-library/react/dist/pure.js:88:22)
      at Object.<anonymous> (src/app/[locale]/admin/programs/[id]/__tests__/page.test.tsx:229:5)

    console.error
      IntlError: FORMATTING_ERROR: The intl string context variable "count" was not provided to the string "{count} Students"
          at getFallbackFromErrorAndNotify (/Users/yusefbach/Projekte/studynexus/frontend/node_modules/use-intl/dist/development/createFormatter-QqAaZwGD.js:159:19)
          at translateBaseFn (/Users/yusefbach/Projekte/studynexus/frontend/node_modules/use-intl/dist/development/createFormatter-QqAaZwGD.js:251:14)
          at translateFn (/Users/yusefbach/Projekte/studynexus/frontend/node_modules/use-intl/dist/development/createFormatter-QqAaZwGD.js:258:20)
          at t (/Users/yusefbach/Projekte/studynexus/frontend/src/app/[locale]/admin/programs/[id]/page.tsx:177:27)
          at renderWithHooks (/Users/yusefbach/Projekte/studynexus/frontend/node_modules/react-dom/cjs/react-dom.development.js:15486:18)
          at updateFunctionComponent (/Users/yusefbach/Projekte/studynexus/frontend/node_modules/react-dom/cjs/react-dom.development.js:19617:20)
          at beginWork (/Users/yusefbach/Projekte/studynexus/frontend/node_modules/react-dom/cjs/react-dom.development.js:21640:16)
          at beginWork$1 (/Users/yusefbach/Projekte/studynexus/frontend/node_modules/react-dom/cjs/react-dom.development.js:27465:14)
          at performUnitOfWork (/Users/yusefbach/Projekte/studynexus/frontend/node_modules/react-dom/cjs/react-dom.development.js:26599:12)
          at workLoopSync (/Users/yusefbach/Projekte/studynexus/frontend/node_modules/react-dom/cjs/react-dom.development.js:26505:5)
          at renderRootSync (/Users/yusefbach/Projekte/studynexus/frontend/node_modules/react-dom/cjs/react-dom.development.js:26473:7)
          at performSyncWorkOnRoot (/Users/yusefbach/Projekte/studynexus/frontend/node_modules/react-dom/cjs/react-dom.development.js:26124:20)
          at flushSyncCallbacks (/Users/yusefbach/Projekte/studynexus/frontend/node_modules/react-dom/cjs/react-dom.development.js:12042:22)
          at flushSync (/Users/yusefbach/Projekte/studynexus/frontend/node_modules/react-dom/cjs/react-dom.development.js:26240:7)
          at finishEventHandler (/Users/yusefbach/Projekte/studynexus/frontend/node_modules/react-dom/cjs/react-dom.development.js:3976:5)
          at batchedUpdates (/Users/yusefbach/Projekte/studynexus/frontend/node_modules/react-dom/cjs/react-dom.development.js:3994:5)
          at dispatchEventForPluginEventSystem (/Users/yusefbach/Projekte/studynexus/frontend/node_modules/react-dom/cjs/react-dom.development.js:9287:3)
          at dispatchEventWithEnableCapturePhaseSelectiveHydrationWithoutDiscreteEventReplay (/Users/yusefbach/Projekte/studynexus/frontend/node_modules/react-dom/cjs/react-dom.development.js:6465:5)
          at dispatchEvent (/Users/yusefbach/Projekte/studynexus/frontend/node_modules/react-dom/cjs/react-dom.development.js:6457:5)
          at dispatchDiscreteEvent (/Users/yusefbach/Projekte/studynexus/frontend/node_modules/react-dom/cjs/react-dom.development.js:6430:5)
          at HTMLDivElement.callTheUserObjectsOperation (/Users/yusefbach/Projekte/studynexus/frontend/node_modules/jsdom/lib/jsdom/living/generated/EventListener.js:26:30)
          at innerInvokeEventListeners (/Users/yusefbach/Projekte/studynexus/frontend/node_modules/jsdom/lib/jsdom/living/events/EventTarget-impl.js:350:25)
          at invokeEventListeners (/Users/yusefbach/Projekte/studynexus/frontend/node_modules/jsdom/lib/jsdom/living/events/EventTarget-impl.js:286:3)
          at HTMLInputElementImpl._dispatch (/Users/yusefbach/Projekte/studynexus/frontend/node_modules/jsdom/lib/jsdom/living/events/EventTarget-impl.js:233:9)
          at HTMLInputElementImpl.dispatchEvent (/Users/yusefbach/Projekte/studynexus/frontend/node_modules/jsdom/lib/jsdom/living/events/EventTarget-impl.js:104:17)
          at HTMLInputElement.dispatchEvent (/Users/yusefbach/Projekte/studynexus/frontend/node_modules/jsdom/lib/jsdom/living/generated/EventTarget.js:241:34)
          at /Users/yusefbach/Projekte/studynexus/frontend/node_modules/@testing-library/user-event/dist/cjs/event/dispatchEvent.js:45:43
          at /Users/yusefbach/Projekte/studynexus/frontend/node_modules/@testing-library/react/dist/pure.js:108:16
          at /Users/yusefbach/Projekte/studynexus/frontend/node_modules/@testing-library/react/dist/act-compat.js:48:24
          at act (/Users/yusefbach/Projekte/studynexus/frontend/node_modules/react/cjs/react.development.js:2512:16)
          at /Users/yusefbach/Projekte/studynexus/frontend/node_modules/@testing-library/react/dist/act-compat.js:47:25
          at Object.eventWrapper (/Users/yusefbach/Projekte/studynexus/frontend/node_modules/@testing-library/react/dist/pure.js:107:28)
          at Object.wrapEvent (/Users/yusefbach/Projekte/studynexus/frontend/node_modules/@testing-library/user-event/dist/cjs/event/wrapEvent.js:6:28)
          at Object.dispatchEvent (/Users/yusefbach/Projekte/studynexus/frontend/node_modules/@testing-library/user-event/dist/cjs/event/dispatchEvent.js:45:22)
          at Object.dispatchUIEvent (/Users/yusefbach/Projekte/studynexus/frontend/node_modules/@testing-library/user-event/dist/cjs/event/dispatchEvent.js:22:26)
          at commitInput (/Users/yusefbach/Projekte/studynexus/frontend/node_modules/@testing-library/user-event/dist/cjs/event/input.js:145:14)
          at editInputElement (/Users/yusefbach/Projekte/studynexus/frontend/node_modules/@testing-library/user-event/dist/cjs/event/input.js:115:9)
          at Object.input (/Users/yusefbach/Projekte/studynexus/frontend/node_modules/@testing-library/user-event/dist/cjs/event/input.js:37:9)
          at /Users/yusefbach/Projekte/studynexus/frontend/node_modules/@testing-library/user-event/dist/cjs/event/behavior/keypress.js:31:26
          at Object.dispatchEvent (/Users/yusefbach/Projekte/studynexus/frontend/node_modules/@testing-library/user-event/dist/cjs/event/dispatchEvent.js:41:13)
          at Object.dispatchUIEvent (/Users/yusefbach/Projekte/studynexus/frontend/node_modules/@testing-library/user-event/dist/cjs/event/dispatchEvent.js:22:26)
          at KeyboardHost.keydown (/Users/yusefbach/Projekte/studynexus/frontend/node_modules/@testing-library/user-event/dist/cjs/system/keyboard.js:76:22)
          at keyboardAction (/Users/yusefbach/Projekte/studynexus/frontend/node_modules/@testing-library/user-event/dist/cjs/keyboard/index.js:22:35)
          at Object.keyboard (/Users/yusefbach/Projekte/studynexus/frontend/node_modules/@testing-library/user-event/dist/cjs/keyboard/index.js:11:15)
          at Object.type (/Users/yusefbach/Projekte/studynexus/frontend/node_modules/@testing-library/user-event/dist/cjs/utility/type.js:17:5)
          at Object.asyncWrapper (/Users/yusefbach/Projekte/studynexus/frontend/node_modules/@testing-library/react/dist/pure.js:88:22)
          at Object.<anonymous> (/Users/yusefbach/Projekte/studynexus/frontend/src/app/[locale]/admin/programs/[id]/__tests__/page.test.tsx:229:5) {
        code: 'FORMATTING_ERROR',
        originalMessage: 'The intl string context variable "count" was not provided to the string "{count} Students"'
      }

      175 |           <InfoRow label={t("detail.regelstudienzeit")} value={`${prog.regelstudienzeit} ${t("detail.semesterSuffix")}`} />
      176 |           <InfoRow label={t("detail.gesamtEcts")} value={`${prog.gesamt_ects} ECTS`} />
    > 177 |           <InfoRow label={t("detail.students")} value={t("detail.students", { count: prog.student_count })} />
          |                           ^
      178 |         </dl>
      179 |       </SectionCard>
      180 |

      at defaultOnError (node_modules/use-intl/dist/development/initializeConfig-BhfMSHP7.js:70:11)
      at getFallbackFromErrorAndNotify (node_modules/use-intl/dist/development/createFormatter-QqAaZwGD.js:160:5)
      at translateBaseFn (node_modules/use-intl/dist/development/createFormatter-QqAaZwGD.js:251:14)
      at translateFn (node_modules/use-intl/dist/development/createFormatter-QqAaZwGD.js:258:20)
      at t (src/app/[locale]/admin/programs/[id]/page.tsx:177:27)
      at renderWithHooks (node_modules/react-dom/cjs/react-dom.development.js:15486:18)
      at updateFunctionComponent (node_modules/react-dom/cjs/react-dom.development.js:19617:20)
      at beginWork (node_modules/react-dom/cjs/react-dom.development.js:21640:16)
      at beginWork$1 (node_modules/react-dom/cjs/react-dom.development.js:27465:14)
      at performUnitOfWork (node_modules/react-dom/cjs/react-dom.development.js:26599:12)
      at workLoopSync (node_modules/react-dom/cjs/react-dom.development.js:26505:5)
      at renderRootSync (node_modules/react-dom/cjs/react-dom.development.js:26473:7)
      at performSyncWorkOnRoot (node_modules/react-dom/cjs/react-dom.development.js:26124:20)
      at flushSyncCallbacks (node_modules/react-dom/cjs/react-dom.development.js:12042:22)
      at flushSync (node_modules/react-dom/cjs/react-dom.development.js:26240:7)
      at finishEventHandler (node_modules/react-dom/cjs/react-dom.development.js:3976:5)
      at batchedUpdates (node_modules/react-dom/cjs/react-dom.development.js:3994:5)
      at dispatchEventForPluginEventSystem (node_modules/react-dom/cjs/react-dom.development.js:9287:3)
      at dispatchEventWithEnableCapturePhaseSelectiveHydrationWithoutDiscreteEventReplay (node_modules/react-dom/cjs/react-dom.development.js:6465:5)
      at dispatchEvent (node_modules/react-dom/cjs/react-dom.development.js:6457:5)
      at dispatchDiscreteEvent (node_modules/react-dom/cjs/react-dom.development.js:6430:5)
      at HTMLDivElement.callTheUserObjectsOperation (node_modules/jsdom/lib/jsdom/living/generated/EventListener.js:26:30)
      at innerInvokeEventListeners (node_modules/jsdom/lib/jsdom/living/events/EventTarget-impl.js:350:25)
      at invokeEventListeners (node_modules/jsdom/lib/jsdom/living/events/EventTarget-impl.js:286:3)
      at HTMLInputElementImpl._dispatch (node_modules/jsdom/lib/jsdom/living/events/EventTarget-impl.js:233:9)
      at HTMLInputElementImpl.dispatchEvent (node_modules/jsdom/lib/jsdom/living/events/EventTarget-impl.js:104:17)
      at HTMLInputElement.dispatchEvent (node_modules/jsdom/lib/jsdom/living/generated/EventTarget.js:241:34)
      at node_modules/@testing-library/user-event/dist/cjs/event/dispatchEvent.js:45:43
      at node_modules/@testing-library/react/dist/pure.js:108:16
      at node_modules/@testing-library/react/dist/act-compat.js:48:24
      at act (node_modules/react/cjs/react.development.js:2512:16)
      at node_modules/@testing-library/react/dist/act-compat.js:47:25
      at Object.eventWrapper (node_modules/@testing-library/react/dist/pure.js:107:28)
      at Object.wrapEvent (node_modules/@testing-library/user-event/dist/cjs/event/wrapEvent.js:6:28)
      at Object.dispatchEvent (node_modules/@testing-library/user-event/dist/cjs/event/dispatchEvent.js:45:22)
      at Object.dispatchUIEvent (node_modules/@testing-library/user-event/dist/cjs/event/dispatchEvent.js:22:26)
      at commitInput (node_modules/@testing-library/user-event/dist/cjs/event/input.js:145:14)
      at editInputElement (node_modules/@testing-library/user-event/dist/cjs/event/input.js:115:9)
      at Object.input (node_modules/@testing-library/user-event/dist/cjs/event/input.js:37:9)
      at node_modules/@testing-library/user-event/dist/cjs/event/behavior/keypress.js:31:26
      at Object.dispatchEvent (node_modules/@testing-library/user-event/dist/cjs/event/dispatchEvent.js:41:13)
      at Object.dispatchUIEvent (node_modules/@testing-library/user-event/dist/cjs/event/dispatchEvent.js:22:26)
      at KeyboardHost.keydown (node_modules/@testing-library/user-event/dist/cjs/system/keyboard.js:76:22)
      at keyboardAction (node_modules/@testing-library/user-event/dist/cjs/keyboard/index.js:22:35)
      at Object.keyboard (node_modules/@testing-library/user-event/dist/cjs/keyboard/index.js:11:15)
      at Object.type (node_modules/@testing-library/user-event/dist/cjs/utility/type.js:17:5)
      at Object.asyncWrapper (node_modules/@testing-library/react/dist/pure.js:88:22)
      at Object.<anonymous> (src/app/[locale]/admin/programs/[id]/__tests__/page.test.tsx:229:5)

    console.error
      IntlError: FORMATTING_ERROR: The intl string context variable "count" was not provided to the string "{count} Students"
          at getFallbackFromErrorAndNotify (/Users/yusefbach/Projekte/studynexus/frontend/node_modules/use-intl/dist/development/createFormatter-QqAaZwGD.js:159:19)
          at translateBaseFn (/Users/yusefbach/Projekte/studynexus/frontend/node_modules/use-intl/dist/development/createFormatter-QqAaZwGD.js:251:14)
          at translateFn (/Users/yusefbach/Projekte/studynexus/frontend/node_modules/use-intl/dist/development/createFormatter-QqAaZwGD.js:258:20)
          at t (/Users/yusefbach/Projekte/studynexus/frontend/src/app/[locale]/admin/programs/[id]/page.tsx:177:27)
          at renderWithHooks (/Users/yusefbach/Projekte/studynexus/frontend/node_modules/react-dom/cjs/react-dom.development.js:15486:18)
          at updateFunctionComponent (/Users/yusefbach/Projekte/studynexus/frontend/node_modules/react-dom/cjs/react-dom.development.js:19617:20)
          at beginWork (/Users/yusefbach/Projekte/studynexus/frontend/node_modules/react-dom/cjs/react-dom.development.js:21640:16)
          at beginWork$1 (/Users/yusefbach/Projekte/studynexus/frontend/node_modules/react-dom/cjs/react-dom.development.js:27465:14)
          at performUnitOfWork (/Users/yusefbach/Projekte/studynexus/frontend/node_modules/react-dom/cjs/react-dom.development.js:26599:12)
          at workLoopSync (/Users/yusefbach/Projekte/studynexus/frontend/node_modules/react-dom/cjs/react-dom.development.js:26505:5)
          at renderRootSync (/Users/yusefbach/Projekte/studynexus/frontend/node_modules/react-dom/cjs/react-dom.development.js:26473:7)
          at performSyncWorkOnRoot (/Users/yusefbach/Projekte/studynexus/frontend/node_modules/react-dom/cjs/react-dom.development.js:26124:20)
          at flushSyncCallbacks (/Users/yusefbach/Projekte/studynexus/frontend/node_modules/react-dom/cjs/react-dom.development.js:12042:22)
          at flushSync (/Users/yusefbach/Projekte/studynexus/frontend/node_modules/react-dom/cjs/react-dom.development.js:26240:7)
          at finishEventHandler (/Users/yusefbach/Projekte/studynexus/frontend/node_modules/react-dom/cjs/react-dom.development.js:3976:5)
          at batchedUpdates (/Users/yusefbach/Projekte/studynexus/frontend/node_modules/react-dom/cjs/react-dom.development.js:3994:5)
          at dispatchEventForPluginEventSystem (/Users/yusefbach/Projekte/studynexus/frontend/node_modules/react-dom/cjs/react-dom.development.js:9287:3)
          at dispatchEventWithEnableCapturePhaseSelectiveHydrationWithoutDiscreteEventReplay (/Users/yusefbach/Projekte/studynexus/frontend/node_modules/react-dom/cjs/react-dom.development.js:6465:5)
          at dispatchEvent (/Users/yusefbach/Projekte/studynexus/frontend/node_modules/react-dom/cjs/react-dom.development.js:6457:5)
          at dispatchDiscreteEvent (/Users/yusefbach/Projekte/studynexus/frontend/node_modules/react-dom/cjs/react-dom.development.js:6430:5)
          at HTMLDivElement.callTheUserObjectsOperation (/Users/yusefbach/Projekte/studynexus/frontend/node_modules/jsdom/lib/jsdom/living/generated/EventListener.js:26:30)
          at innerInvokeEventListeners (/Users/yusefbach/Projekte/studynexus/frontend/node_modules/jsdom/lib/jsdom/living/events/EventTarget-impl.js:350:25)
          at invokeEventListeners (/Users/yusefbach/Projekte/studynexus/frontend/node_modules/jsdom/lib/jsdom/living/events/EventTarget-impl.js:286:3)
          at HTMLInputElementImpl._dispatch (/Users/yusefbach/Projekte/studynexus/frontend/node_modules/jsdom/lib/jsdom/living/events/EventTarget-impl.js:233:9)
          at HTMLInputElementImpl.dispatchEvent (/Users/yusefbach/Projekte/studynexus/frontend/node_modules/jsdom/lib/jsdom/living/events/EventTarget-impl.js:104:17)
          at HTMLInputElement.dispatchEvent (/Users/yusefbach/Projekte/studynexus/frontend/node_modules/jsdom/lib/jsdom/living/generated/EventTarget.js:241:34)
          at /Users/yusefbach/Projekte/studynexus/frontend/node_modules/@testing-library/user-event/dist/cjs/event/dispatchEvent.js:45:43
          at /Users/yusefbach/Projekte/studynexus/frontend/node_modules/@testing-library/react/dist/pure.js:108:16
          at /Users/yusefbach/Projekte/studynexus/frontend/node_modules/@testing-library/react/dist/act-compat.js:48:24
          at act (/Users/yusefbach/Projekte/studynexus/frontend/node_modules/react/cjs/react.development.js:2512:16)
          at /Users/yusefbach/Projekte/studynexus/frontend/node_modules/@testing-library/react/dist/act-compat.js:47:25
          at Object.eventWrapper (/Users/yusefbach/Projekte/studynexus/frontend/node_modules/@testing-library/react/dist/pure.js:107:28)
          at Object.wrapEvent (/Users/yusefbach/Projekte/studynexus/frontend/node_modules/@testing-library/user-event/dist/cjs/event/wrapEvent.js:6:28)
          at Object.dispatchEvent (/Users/yusefbach/Projekte/studynexus/frontend/node_modules/@testing-library/user-event/dist/cjs/event/dispatchEvent.js:45:22)
          at Object.dispatchUIEvent (/Users/yusefbach/Projekte/studynexus/frontend/node_modules/@testing-library/user-event/dist/cjs/event/dispatchEvent.js:22:26)
          at commitInput (/Users/yusefbach/Projekte/studynexus/frontend/node_modules/@testing-library/user-event/dist/cjs/event/input.js:145:14)
          at editInputElement (/Users/yusefbach/Projekte/studynexus/frontend/node_modules/@testing-library/user-event/dist/cjs/event/input.js:115:9)
          at Object.input (/Users/yusefbach/Projekte/studynexus/frontend/node_modules/@testing-library/user-event/dist/cjs/event/input.js:37:9)
          at /Users/yusefbach/Projekte/studynexus/frontend/node_modules/@testing-library/user-event/dist/cjs/event/behavior/keypress.js:31:26
          at Object.dispatchEvent (/Users/yusefbach/Projekte/studynexus/frontend/node_modules/@testing-library/user-event/dist/cjs/event/dispatchEvent.js:41:13)
          at Object.dispatchUIEvent (/Users/yusefbach/Projekte/studynexus/frontend/node_modules/@testing-library/user-event/dist/cjs/event/dispatchEvent.js:22:26)
          at KeyboardHost.keydown (/Users/yusefbach/Projekte/studynexus/frontend/node_modules/@testing-library/user-event/dist/cjs/system/keyboard.js:76:22)
          at keyboardAction (/Users/yusefbach/Projekte/studynexus/frontend/node_modules/@testing-library/user-event/dist/cjs/keyboard/index.js:22:35)
          at Object.keyboard (/Users/yusefbach/Projekte/studynexus/frontend/node_modules/@testing-library/user-event/dist/cjs/keyboard/index.js:11:15)
          at Object.type (/Users/yusefbach/Projekte/studynexus/frontend/node_modules/@testing-library/user-event/dist/cjs/utility/type.js:17:5)
          at Object.asyncWrapper (/Users/yusefbach/Projekte/studynexus/frontend/node_modules/@testing-library/react/dist/pure.js:88:22)
          at Object.<anonymous> (/Users/yusefbach/Projekte/studynexus/frontend/src/app/[locale]/admin/programs/[id]/__tests__/page.test.tsx:230:5) {
        code: 'FORMATTING_ERROR',
        originalMessage: 'The intl string context variable "count" was not provided to the string "{count} Students"'
      }

      175 |           <InfoRow label={t("detail.regelstudienzeit")} value={`${prog.regelstudienzeit} ${t("detail.semesterSuffix")}`} />
      176 |           <InfoRow label={t("detail.gesamtEcts")} value={`${prog.gesamt_ects} ECTS`} />
    > 177 |           <InfoRow label={t("detail.students")} value={t("detail.students", { count: prog.student_count })} />
          |                           ^
      178 |         </dl>
      179 |       </SectionCard>
      180 |

      at defaultOnError (node_modules/use-intl/dist/development/initializeConfig-BhfMSHP7.js:70:11)
      at getFallbackFromErrorAndNotify (node_modules/use-intl/dist/development/createFormatter-QqAaZwGD.js:160:5)
      at translateBaseFn (node_modules/use-intl/dist/development/createFormatter-QqAaZwGD.js:251:14)
      at translateFn (node_modules/use-intl/dist/development/createFormatter-QqAaZwGD.js:258:20)
      at t (src/app/[locale]/admin/programs/[id]/page.tsx:177:27)
      at renderWithHooks (node_modules/react-dom/cjs/react-dom.development.js:15486:18)
      at updateFunctionComponent (node_modules/react-dom/cjs/react-dom.development.js:19617:20)
      at beginWork (node_modules/react-dom/cjs/react-dom.development.js:21640:16)
      at beginWork$1 (node_modules/react-dom/cjs/react-dom.development.js:27465:14)
      at performUnitOfWork (node_modules/react-dom/cjs/react-dom.development.js:26599:12)
      at workLoopSync (node_modules/react-dom/cjs/react-dom.development.js:26505:5)
      at renderRootSync (node_modules/react-dom/cjs/react-dom.development.js:26473:7)
      at performSyncWorkOnRoot (node_modules/react-dom/cjs/react-dom.development.js:26124:20)
      at flushSyncCallbacks (node_modules/react-dom/cjs/react-dom.development.js:12042:22)
      at flushSync (node_modules/react-dom/cjs/react-dom.development.js:26240:7)
      at finishEventHandler (node_modules/react-dom/cjs/react-dom.development.js:3976:5)
      at batchedUpdates (node_modules/react-dom/cjs/react-dom.development.js:3994:5)
      at dispatchEventForPluginEventSystem (node_modules/react-dom/cjs/react-dom.development.js:9287:3)
      at dispatchEventWithEnableCapturePhaseSelectiveHydrationWithoutDiscreteEventReplay (node_modules/react-dom/cjs/react-dom.development.js:6465:5)
      at dispatchEvent (node_modules/react-dom/cjs/react-dom.development.js:6457:5)
      at dispatchDiscreteEvent (node_modules/react-dom/cjs/react-dom.development.js:6430:5)
      at HTMLDivElement.callTheUserObjectsOperation (node_modules/jsdom/lib/jsdom/living/generated/EventListener.js:26:30)
      at innerInvokeEventListeners (node_modules/jsdom/lib/jsdom/living/events/EventTarget-impl.js:350:25)
      at invokeEventListeners (node_modules/jsdom/lib/jsdom/living/events/EventTarget-impl.js:286:3)
      at HTMLInputElementImpl._dispatch (node_modules/jsdom/lib/jsdom/living/events/EventTarget-impl.js:233:9)
      at HTMLInputElementImpl.dispatchEvent (node_modules/jsdom/lib/jsdom/living/events/EventTarget-impl.js:104:17)
      at HTMLInputElement.dispatchEvent (node_modules/jsdom/lib/jsdom/living/generated/EventTarget.js:241:34)
      at node_modules/@testing-library/user-event/dist/cjs/event/dispatchEvent.js:45:43
      at node_modules/@testing-library/react/dist/pure.js:108:16
      at node_modules/@testing-library/react/dist/act-compat.js:48:24
      at act (node_modules/react/cjs/react.development.js:2512:16)
      at node_modules/@testing-library/react/dist/act-compat.js:47:25
      at Object.eventWrapper (node_modules/@testing-library/react/dist/pure.js:107:28)
      at Object.wrapEvent (node_modules/@testing-library/user-event/dist/cjs/event/wrapEvent.js:6:28)
      at Object.dispatchEvent (node_modules/@testing-library/user-event/dist/cjs/event/dispatchEvent.js:45:22)
      at Object.dispatchUIEvent (node_modules/@testing-library/user-event/dist/cjs/event/dispatchEvent.js:22:26)
      at commitInput (node_modules/@testing-library/user-event/dist/cjs/event/input.js:145:14)
      at editInputElement (node_modules/@testing-library/user-event/dist/cjs/event/input.js:115:9)
      at Object.input (node_modules/@testing-library/user-event/dist/cjs/event/input.js:37:9)
      at node_modules/@testing-library/user-event/dist/cjs/event/behavior/keypress.js:31:26
      at Object.dispatchEvent (node_modules/@testing-library/user-event/dist/cjs/event/dispatchEvent.js:41:13)
      at Object.dispatchUIEvent (node_modules/@testing-library/user-event/dist/cjs/event/dispatchEvent.js:22:26)
      at KeyboardHost.keydown (node_modules/@testing-library/user-event/dist/cjs/system/keyboard.js:76:22)
      at keyboardAction (node_modules/@testing-library/user-event/dist/cjs/keyboard/index.js:22:35)
      at Object.keyboard (node_modules/@testing-library/user-event/dist/cjs/keyboard/index.js:11:15)
      at Object.type (node_modules/@testing-library/user-event/dist/cjs/utility/type.js:17:5)
      at Object.asyncWrapper (node_modules/@testing-library/react/dist/pure.js:88:22)
      at Object.<anonymous> (src/app/[locale]/admin/programs/[id]/__tests__/page.test.tsx:230:5)

    console.error
      IntlError: FORMATTING_ERROR: The intl string context variable "count" was not provided to the string "{count} Students"
          at getFallbackFromErrorAndNotify (/Users/yusefbach/Projekte/studynexus/frontend/node_modules/use-intl/dist/development/createFormatter-QqAaZwGD.js:159:19)
          at translateBaseFn (/Users/yusefbach/Projekte/studynexus/frontend/node_modules/use-intl/dist/development/createFormatter-QqAaZwGD.js:251:14)
          at translateFn (/Users/yusefbach/Projekte/studynexus/frontend/node_modules/use-intl/dist/development/createFormatter-QqAaZwGD.js:258:20)
          at t (/Users/yusefbach/Projekte/studynexus/frontend/src/app/[locale]/admin/programs/[id]/page.tsx:177:27)
          at renderWithHooks (/Users/yusefbach/Projekte/studynexus/frontend/node_modules/react-dom/cjs/react-dom.development.js:15486:18)
          at updateFunctionComponent (/Users/yusefbach/Projekte/studynexus/frontend/node_modules/react-dom/cjs/react-dom.development.js:19617:20)
          at beginWork (/Users/yusefbach/Projekte/studynexus/frontend/node_modules/react-dom/cjs/react-dom.development.js:21640:16)
          at beginWork$1 (/Users/yusefbach/Projekte/studynexus/frontend/node_modules/react-dom/cjs/react-dom.development.js:27465:14)
          at performUnitOfWork (/Users/yusefbach/Projekte/studynexus/frontend/node_modules/react-dom/cjs/react-dom.development.js:26599:12)
          at workLoopSync (/Users/yusefbach/Projekte/studynexus/frontend/node_modules/react-dom/cjs/react-dom.development.js:26505:5)
          at renderRootSync (/Users/yusefbach/Projekte/studynexus/frontend/node_modules/react-dom/cjs/react-dom.development.js:26473:7)
          at performSyncWorkOnRoot (/Users/yusefbach/Projekte/studynexus/frontend/node_modules/react-dom/cjs/react-dom.development.js:26124:20)
          at flushSyncCallbacks (/Users/yusefbach/Projekte/studynexus/frontend/node_modules/react-dom/cjs/react-dom.development.js:12042:22)
          at flushSync (/Users/yusefbach/Projekte/studynexus/frontend/node_modules/react-dom/cjs/react-dom.development.js:26240:7)
          at finishEventHandler (/Users/yusefbach/Projekte/studynexus/frontend/node_modules/react-dom/cjs/react-dom.development.js:3976:5)
          at batchedUpdates (/Users/yusefbach/Projekte/studynexus/frontend/node_modules/react-dom/cjs/react-dom.development.js:3994:5)
          at dispatchEventForPluginEventSystem (/Users/yusefbach/Projekte/studynexus/frontend/node_modules/react-dom/cjs/react-dom.development.js:9287:3)
          at dispatchEventWithEnableCapturePhaseSelectiveHydrationWithoutDiscreteEventReplay (/Users/yusefbach/Projekte/studynexus/frontend/node_modules/react-dom/cjs/react-dom.development.js:6465:5)
          at dispatchEvent (/Users/yusefbach/Projekte/studynexus/frontend/node_modules/react-dom/cjs/react-dom.development.js:6457:5)
          at dispatchDiscreteEvent (/Users/yusefbach/Projekte/studynexus/frontend/node_modules/react-dom/cjs/react-dom.development.js:6430:5)
          at HTMLDivElement.callTheUserObjectsOperation (/Users/yusefbach/Projekte/studynexus/frontend/node_modules/jsdom/lib/jsdom/living/generated/EventListener.js:26:30)
          at innerInvokeEventListeners (/Users/yusefbach/Projekte/studynexus/frontend/node_modules/jsdom/lib/jsdom/living/events/EventTarget-impl.js:350:25)
          at invokeEventListeners (/Users/yusefbach/Projekte/studynexus/frontend/node_modules/jsdom/lib/jsdom/living/events/EventTarget-impl.js:286:3)
          at HTMLInputElementImpl._dispatch (/Users/yusefbach/Projekte/studynexus/frontend/node_modules/jsdom/lib/jsdom/living/events/EventTarget-impl.js:233:9)
          at HTMLInputElementImpl.dispatchEvent (/Users/yusefbach/Projekte/studynexus/frontend/node_modules/jsdom/lib/jsdom/living/events/EventTarget-impl.js:104:17)
          at HTMLInputElement.dispatchEvent (/Users/yusefbach/Projekte/studynexus/frontend/node_modules/jsdom/lib/jsdom/living/generated/EventTarget.js:241:34)
          at /Users/yusefbach/Projekte/studynexus/frontend/node_modules/@testing-library/user-event/dist/cjs/event/dispatchEvent.js:45:43
          at /Users/yusefbach/Projekte/studynexus/frontend/node_modules/@testing-library/react/dist/pure.js:108:16
          at /Users/yusefbach/Projekte/studynexus/frontend/node_modules/@testing-library/react/dist/act-compat.js:48:24
          at act (/Users/yusefbach/Projekte/studynexus/frontend/node_modules/react/cjs/react.development.js:2512:16)
          at /Users/yusefbach/Projekte/studynexus/frontend/node_modules/@testing-library/react/dist/act-compat.js:47:25
          at Object.eventWrapper (/Users/yusefbach/Projekte/studynexus/frontend/node_modules/@testing-library/react/dist/pure.js:107:28)
          at Object.wrapEvent (/Users/yusefbach/Projekte/studynexus/frontend/node_modules/@testing-library/user-event/dist/cjs/event/wrapEvent.js:6:28)
          at Object.dispatchEvent (/Users/yusefbach/Projekte/studynexus/frontend/node_modules/@testing-library/user-event/dist/cjs/event/dispatchEvent.js:45:22)
          at Object.dispatchUIEvent (/Users/yusefbach/Projekte/studynexus/frontend/node_modules/@testing-library/user-event/dist/cjs/event/dispatchEvent.js:22:26)
          at commitInput (/Users/yusefbach/Projekte/studynexus/frontend/node_modules/@testing-library/user-event/dist/cjs/event/input.js:145:14)
          at editInputElement (/Users/yusefbach/Projekte/studynexus/frontend/node_modules/@testing-library/user-event/dist/cjs/event/input.js:115:9)
          at Object.input (/Users/yusefbach/Projekte/studynexus/frontend/node_modules/@testing-library/user-event/dist/cjs/event/input.js:37:9)
          at /Users/yusefbach/Projekte/studynexus/frontend/node_modules/@testing-library/user-event/dist/cjs/event/behavior/keypress.js:31:26
          at Object.dispatchEvent (/Users/yusefbach/Projekte/studynexus/frontend/node_modules/@testing-library/user-event/dist/cjs/event/dispatchEvent.js:41:13)
          at Object.dispatchUIEvent (/Users/yusefbach/Projekte/studynexus/frontend/node_modules/@testing-library/user-event/dist/cjs/event/dispatchEvent.js:22:26)
          at KeyboardHost.keydown (/Users/yusefbach/Projekte/studynexus/frontend/node_modules/@testing-library/user-event/dist/cjs/system/keyboard.js:76:22)
          at keyboardAction (/Users/yusefbach/Projekte/studynexus/frontend/node_modules/@testing-library/user-event/dist/cjs/keyboard/index.js:22:35)
          at Object.keyboard (/Users/yusefbach/Projekte/studynexus/frontend/node_modules/@testing-library/user-event/dist/cjs/keyboard/index.js:11:15)
          at Object.type (/Users/yusefbach/Projekte/studynexus/frontend/node_modules/@testing-library/user-event/dist/cjs/utility/type.js:17:5)
          at Object.asyncWrapper (/Users/yusefbach/Projekte/studynexus/frontend/node_modules/@testing-library/react/dist/pure.js:88:22)
          at Object.<anonymous> (/Users/yusefbach/Projekte/studynexus/frontend/src/app/[locale]/admin/programs/[id]/__tests__/page.test.tsx:230:5) {
        code: 'FORMATTING_ERROR',
        originalMessage: 'The intl string context variable "count" was not provided to the string "{count} Students"'
      }

      175 |           <InfoRow label={t("detail.regelstudienzeit")} value={`${prog.regelstudienzeit} ${t("detail.semesterSuffix")}`} />
      176 |           <InfoRow label={t("detail.gesamtEcts")} value={`${prog.gesamt_ects} ECTS`} />
    > 177 |           <InfoRow label={t("detail.students")} value={t("detail.students", { count: prog.student_count })} />
          |                           ^
      178 |         </dl>
      179 |       </SectionCard>
      180 |

      at defaultOnError (node_modules/use-intl/dist/development/initializeConfig-BhfMSHP7.js:70:11)
      at getFallbackFromErrorAndNotify (node_modules/use-intl/dist/development/createFormatter-QqAaZwGD.js:160:5)
      at translateBaseFn (node_modules/use-intl/dist/development/createFormatter-QqAaZwGD.js:251:14)
      at translateFn (node_modules/use-intl/dist/development/createFormatter-QqAaZwGD.js:258:20)
      at t (src/app/[locale]/admin/programs/[id]/page.tsx:177:27)
      at renderWithHooks (node_modules/react-dom/cjs/react-dom.development.js:15486:18)
      at updateFunctionComponent (node_modules/react-dom/cjs/react-dom.development.js:19617:20)
      at beginWork (node_modules/react-dom/cjs/react-dom.development.js:21640:16)
      at beginWork$1 (node_modules/react-dom/cjs/react-dom.development.js:27465:14)
      at performUnitOfWork (node_modules/react-dom/cjs/react-dom.development.js:26599:12)
      at workLoopSync (node_modules/react-dom/cjs/react-dom.development.js:26505:5)
      at renderRootSync (node_modules/react-dom/cjs/react-dom.development.js:26473:7)
      at performSyncWorkOnRoot (node_modules/react-dom/cjs/react-dom.development.js:26124:20)
      at flushSyncCallbacks (node_modules/react-dom/cjs/react-dom.development.js:12042:22)
      at flushSync (node_modules/react-dom/cjs/react-dom.development.js:26240:7)
      at finishEventHandler (node_modules/react-dom/cjs/react-dom.development.js:3976:5)
      at batchedUpdates (node_modules/react-dom/cjs/react-dom.development.js:3994:5)
      at dispatchEventForPluginEventSystem (node_modules/react-dom/cjs/react-dom.development.js:9287:3)
      at dispatchEventWithEnableCapturePhaseSelectiveHydrationWithoutDiscreteEventReplay (node_modules/react-dom/cjs/react-dom.development.js:6465:5)
      at dispatchEvent (node_modules/react-dom/cjs/react-dom.development.js:6457:5)
      at dispatchDiscreteEvent (node_modules/react-dom/cjs/react-dom.development.js:6430:5)
      at HTMLDivElement.callTheUserObjectsOperation (node_modules/jsdom/lib/jsdom/living/generated/EventListener.js:26:30)
      at innerInvokeEventListeners (node_modules/jsdom/lib/jsdom/living/events/EventTarget-impl.js:350:25)
      at invokeEventListeners (node_modules/jsdom/lib/jsdom/living/events/EventTarget-impl.js:286:3)
      at HTMLInputElementImpl._dispatch (node_modules/jsdom/lib/jsdom/living/events/EventTarget-impl.js:233:9)
      at HTMLInputElementImpl.dispatchEvent (node_modules/jsdom/lib/jsdom/living/events/EventTarget-impl.js:104:17)
      at HTMLInputElement.dispatchEvent (node_modules/jsdom/lib/jsdom/living/generated/EventTarget.js:241:34)
      at node_modules/@testing-library/user-event/dist/cjs/event/dispatchEvent.js:45:43
      at node_modules/@testing-library/react/dist/pure.js:108:16
      at node_modules/@testing-library/react/dist/act-compat.js:48:24
      at act (node_modules/react/cjs/react.development.js:2512:16)
      at node_modules/@testing-library/react/dist/act-compat.js:47:25
      at Object.eventWrapper (node_modules/@testing-library/react/dist/pure.js:107:28)
      at Object.wrapEvent (node_modules/@testing-library/user-event/dist/cjs/event/wrapEvent.js:6:28)
      at Object.dispatchEvent (node_modules/@testing-library/user-event/dist/cjs/event/dispatchEvent.js:45:22)
      at Object.dispatchUIEvent (node_modules/@testing-library/user-event/dist/cjs/event/dispatchEvent.js:22:26)
      at commitInput (node_modules/@testing-library/user-event/dist/cjs/event/input.js:145:14)
      at editInputElement (node_modules/@testing-library/user-event/dist/cjs/event/input.js:115:9)
      at Object.input (node_modules/@testing-library/user-event/dist/cjs/event/input.js:37:9)
      at node_modules/@testing-library/user-event/dist/cjs/event/behavior/keypress.js:31:26
      at Object.dispatchEvent (node_modules/@testing-library/user-event/dist/cjs/event/dispatchEvent.js:41:13)
      at Object.dispatchUIEvent (node_modules/@testing-library/user-event/dist/cjs/event/dispatchEvent.js:22:26)
      at KeyboardHost.keydown (node_modules/@testing-library/user-event/dist/cjs/system/keyboard.js:76:22)
      at keyboardAction (node_modules/@testing-library/user-event/dist/cjs/keyboard/index.js:22:35)
      at Object.keyboard (node_modules/@testing-library/user-event/dist/cjs/keyboard/index.js:11:15)
      at Object.type (node_modules/@testing-library/user-event/dist/cjs/utility/type.js:17:5)
      at Object.asyncWrapper (node_modules/@testing-library/react/dist/pure.js:88:22)
      at Object.<anonymous> (src/app/[locale]/admin/programs/[id]/__tests__/page.test.tsx:230:5)

    console.error
      IntlError: FORMATTING_ERROR: The intl string context variable "count" was not provided to the string "{count} Students"
          at getFallbackFromErrorAndNotify (/Users/yusefbach/Projekte/studynexus/frontend/node_modules/use-intl/dist/development/createFormatter-QqAaZwGD.js:159:19)
          at translateBaseFn (/Users/yusefbach/Projekte/studynexus/frontend/node_modules/use-intl/dist/development/createFormatter-QqAaZwGD.js:251:14)
          at translateFn (/Users/yusefbach/Projekte/studynexus/frontend/node_modules/use-intl/dist/development/createFormatter-QqAaZwGD.js:258:20)
          at t (/Users/yusefbach/Projekte/studynexus/frontend/src/app/[locale]/admin/programs/[id]/page.tsx:177:27)
          at renderWithHooks (/Users/yusefbach/Projekte/studynexus/frontend/node_modules/react-dom/cjs/react-dom.development.js:15486:18)
          at updateFunctionComponent (/Users/yusefbach/Projekte/studynexus/frontend/node_modules/react-dom/cjs/react-dom.development.js:19617:20)
          at beginWork (/Users/yusefbach/Projekte/studynexus/frontend/node_modules/react-dom/cjs/react-dom.development.js:21640:16)
          at beginWork$1 (/Users/yusefbach/Projekte/studynexus/frontend/node_modules/react-dom/cjs/react-dom.development.js:27465:14)
          at performUnitOfWork (/Users/yusefbach/Projekte/studynexus/frontend/node_modules/react-dom/cjs/react-dom.development.js:26599:12)
          at workLoopSync (/Users/yusefbach/Projekte/studynexus/frontend/node_modules/react-dom/cjs/react-dom.development.js:26505:5)
          at renderRootSync (/Users/yusefbach/Projekte/studynexus/frontend/node_modules/react-dom/cjs/react-dom.development.js:26473:7)
          at performSyncWorkOnRoot (/Users/yusefbach/Projekte/studynexus/frontend/node_modules/react-dom/cjs/react-dom.development.js:26124:20)
          at flushSyncCallbacks (/Users/yusefbach/Projekte/studynexus/frontend/node_modules/react-dom/cjs/react-dom.development.js:12042:22)
          at flushSync (/Users/yusefbach/Projekte/studynexus/frontend/node_modules/react-dom/cjs/react-dom.development.js:26240:7)
          at finishEventHandler (/Users/yusefbach/Projekte/studynexus/frontend/node_modules/react-dom/cjs/react-dom.development.js:3976:5)
          at batchedUpdates (/Users/yusefbach/Projekte/studynexus/frontend/node_modules/react-dom/cjs/react-dom.development.js:3994:5)
          at dispatchEventForPluginEventSystem (/Users/yusefbach/Projekte/studynexus/frontend/node_modules/react-dom/cjs/react-dom.development.js:9287:3)
          at dispatchEventWithEnableCapturePhaseSelectiveHydrationWithoutDiscreteEventReplay (/Users/yusefbach/Projekte/studynexus/frontend/node_modules/react-dom/cjs/react-dom.development.js:6465:5)
          at dispatchEvent (/Users/yusefbach/Projekte/studynexus/frontend/node_modules/react-dom/cjs/react-dom.development.js:6457:5)
          at dispatchDiscreteEvent (/Users/yusefbach/Projekte/studynexus/frontend/node_modules/react-dom/cjs/react-dom.development.js:6430:5)
          at HTMLDivElement.callTheUserObjectsOperation (/Users/yusefbach/Projekte/studynexus/frontend/node_modules/jsdom/lib/jsdom/living/generated/EventListener.js:26:30)
          at innerInvokeEventListeners (/Users/yusefbach/Projekte/studynexus/frontend/node_modules/jsdom/lib/jsdom/living/events/EventTarget-impl.js:350:25)
          at invokeEventListeners (/Users/yusefbach/Projekte/studynexus/frontend/node_modules/jsdom/lib/jsdom/living/events/EventTarget-impl.js:286:3)
          at HTMLInputElementImpl._dispatch (/Users/yusefbach/Projekte/studynexus/frontend/node_modules/jsdom/lib/jsdom/living/events/EventTarget-impl.js:233:9)
          at HTMLInputElementImpl.dispatchEvent (/Users/yusefbach/Projekte/studynexus/frontend/node_modules/jsdom/lib/jsdom/living/events/EventTarget-impl.js:104:17)
          at HTMLInputElement.dispatchEvent (/Users/yusefbach/Projekte/studynexus/frontend/node_modules/jsdom/lib/jsdom/living/generated/EventTarget.js:241:34)
          at /Users/yusefbach/Projekte/studynexus/frontend/node_modules/@testing-library/user-event/dist/cjs/event/dispatchEvent.js:45:43
          at /Users/yusefbach/Projekte/studynexus/frontend/node_modules/@testing-library/react/dist/pure.js:108:16
          at /Users/yusefbach/Projekte/studynexus/frontend/node_modules/@testing-library/react/dist/act-compat.js:48:24
          at act (/Users/yusefbach/Projekte/studynexus/frontend/node_modules/react/cjs/react.development.js:2512:16)
          at /Users/yusefbach/Projekte/studynexus/frontend/node_modules/@testing-library/react/dist/act-compat.js:47:25
          at Object.eventWrapper (/Users/yusefbach/Projekte/studynexus/frontend/node_modules/@testing-library/react/dist/pure.js:107:28)
          at Object.wrapEvent (/Users/yusefbach/Projekte/studynexus/frontend/node_modules/@testing-library/user-event/dist/cjs/event/wrapEvent.js:6:28)
          at Object.dispatchEvent (/Users/yusefbach/Projekte/studynexus/frontend/node_modules/@testing-library/user-event/dist/cjs/event/dispatchEvent.js:45:22)
          at Object.dispatchUIEvent (/Users/yusefbach/Projekte/studynexus/frontend/node_modules/@testing-library/user-event/dist/cjs/event/dispatchEvent.js:22:26)
          at commitInput (/Users/yusefbach/Projekte/studynexus/frontend/node_modules/@testing-library/user-event/dist/cjs/event/input.js:145:14)
          at editInputElement (/Users/yusefbach/Projekte/studynexus/frontend/node_modules/@testing-library/user-event/dist/cjs/event/input.js:115:9)
          at Object.input (/Users/yusefbach/Projekte/studynexus/frontend/node_modules/@testing-library/user-event/dist/cjs/event/input.js:37:9)
          at /Users/yusefbach/Projekte/studynexus/frontend/node_modules/@testing-library/user-event/dist/cjs/event/behavior/keypress.js:31:26
          at Object.dispatchEvent (/Users/yusefbach/Projekte/studynexus/frontend/node_modules/@testing-library/user-event/dist/cjs/event/dispatchEvent.js:41:13)
          at Object.dispatchUIEvent (/Users/yusefbach/Projekte/studynexus/frontend/node_modules/@testing-library/user-event/dist/cjs/event/dispatchEvent.js:22:26)
          at KeyboardHost.keydown (/Users/yusefbach/Projekte/studynexus/frontend/node_modules/@testing-library/user-event/dist/cjs/system/keyboard.js:76:22)
          at keyboardAction (/Users/yusefbach/Projekte/studynexus/frontend/node_modules/@testing-library/user-event/dist/cjs/keyboard/index.js:22:35)
          at Object.keyboard (/Users/yusefbach/Projekte/studynexus/frontend/node_modules/@testing-library/user-event/dist/cjs/keyboard/index.js:11:15)
          at Object.type (/Users/yusefbach/Projekte/studynexus/frontend/node_modules/@testing-library/user-event/dist/cjs/utility/type.js:17:5)
          at Object.asyncWrapper (/Users/yusefbach/Projekte/studynexus/frontend/node_modules/@testing-library/react/dist/pure.js:88:22)
          at Object.<anonymous> (/Users/yusefbach/Projekte/studynexus/frontend/src/app/[locale]/admin/programs/[id]/__tests__/page.test.tsx:230:5) {
        code: 'FORMATTING_ERROR',
        originalMessage: 'The intl string context variable "count" was not provided to the string "{count} Students"'
      }

      175 |           <InfoRow label={t("detail.regelstudienzeit")} value={`${prog.regelstudienzeit} ${t("detail.semesterSuffix")}`} />
      176 |           <InfoRow label={t("detail.gesamtEcts")} value={`${prog.gesamt_ects} ECTS`} />
    > 177 |           <InfoRow label={t("detail.students")} value={t("detail.students", { count: prog.student_count })} />
          |                           ^
      178 |         </dl>
      179 |       </SectionCard>
      180 |

      at defaultOnError (node_modules/use-intl/dist/development/initializeConfig-BhfMSHP7.js:70:11)
      at getFallbackFromErrorAndNotify (node_modules/use-intl/dist/development/createFormatter-QqAaZwGD.js:160:5)
      at translateBaseFn (node_modules/use-intl/dist/development/createFormatter-QqAaZwGD.js:251:14)
      at translateFn (node_modules/use-intl/dist/development/createFormatter-QqAaZwGD.js:258:20)
      at t (src/app/[locale]/admin/programs/[id]/page.tsx:177:27)
      at renderWithHooks (node_modules/react-dom/cjs/react-dom.development.js:15486:18)
      at updateFunctionComponent (node_modules/react-dom/cjs/react-dom.development.js:19617:20)
      at beginWork (node_modules/react-dom/cjs/react-dom.development.js:21640:16)
      at beginWork$1 (node_modules/react-dom/cjs/react-dom.development.js:27465:14)
      at performUnitOfWork (node_modules/react-dom/cjs/react-dom.development.js:26599:12)
      at workLoopSync (node_modules/react-dom/cjs/react-dom.development.js:26505:5)
      at renderRootSync (node_modules/react-dom/cjs/react-dom.development.js:26473:7)
      at performSyncWorkOnRoot (node_modules/react-dom/cjs/react-dom.development.js:26124:20)
      at flushSyncCallbacks (node_modules/react-dom/cjs/react-dom.development.js:12042:22)
      at flushSync (node_modules/react-dom/cjs/react-dom.development.js:26240:7)
      at finishEventHandler (node_modules/react-dom/cjs/react-dom.development.js:3976:5)
      at batchedUpdates (node_modules/react-dom/cjs/react-dom.development.js:3994:5)
      at dispatchEventForPluginEventSystem (node_modules/react-dom/cjs/react-dom.development.js:9287:3)
      at dispatchEventWithEnableCapturePhaseSelectiveHydrationWithoutDiscreteEventReplay (node_modules/react-dom/cjs/react-dom.development.js:6465:5)
      at dispatchEvent (node_modules/react-dom/cjs/react-dom.development.js:6457:5)
      at dispatchDiscreteEvent (node_modules/react-dom/cjs/react-dom.development.js:6430:5)
      at HTMLDivElement.callTheUserObjectsOperation (node_modules/jsdom/lib/jsdom/living/generated/EventListener.js:26:30)
      at innerInvokeEventListeners (node_modules/jsdom/lib/jsdom/living/events/EventTarget-impl.js:350:25)
      at invokeEventListeners (node_modules/jsdom/lib/jsdom/living/events/EventTarget-impl.js:286:3)
      at HTMLInputElementImpl._dispatch (node_modules/jsdom/lib/jsdom/living/events/EventTarget-impl.js:233:9)
      at HTMLInputElementImpl.dispatchEvent (node_modules/jsdom/lib/jsdom/living/events/EventTarget-impl.js:104:17)
      at HTMLInputElement.dispatchEvent (node_modules/jsdom/lib/jsdom/living/generated/EventTarget.js:241:34)
      at node_modules/@testing-library/user-event/dist/cjs/event/dispatchEvent.js:45:43
      at node_modules/@testing-library/react/dist/pure.js:108:16
      at node_modules/@testing-library/react/dist/act-compat.js:48:24
      at act (node_modules/react/cjs/react.development.js:2512:16)
      at node_modules/@testing-library/react/dist/act-compat.js:47:25
      at Object.eventWrapper (node_modules/@testing-library/react/dist/pure.js:107:28)
      at Object.wrapEvent (node_modules/@testing-library/user-event/dist/cjs/event/wrapEvent.js:6:28)
      at Object.dispatchEvent (node_modules/@testing-library/user-event/dist/cjs/event/dispatchEvent.js:45:22)
      at Object.dispatchUIEvent (node_modules/@testing-library/user-event/dist/cjs/event/dispatchEvent.js:22:26)
      at commitInput (node_modules/@testing-library/user-event/dist/cjs/event/input.js:145:14)
      at editInputElement (node_modules/@testing-library/user-event/dist/cjs/event/input.js:115:9)
      at Object.input (node_modules/@testing-library/user-event/dist/cjs/event/input.js:37:9)
      at node_modules/@testing-library/user-event/dist/cjs/event/behavior/keypress.js:31:26
      at Object.dispatchEvent (node_modules/@testing-library/user-event/dist/cjs/event/dispatchEvent.js:41:13)
      at Object.dispatchUIEvent (node_modules/@testing-library/user-event/dist/cjs/event/dispatchEvent.js:22:26)
      at KeyboardHost.keydown (node_modules/@testing-library/user-event/dist/cjs/system/keyboard.js:76:22)
      at keyboardAction (node_modules/@testing-library/user-event/dist/cjs/keyboard/index.js:22:35)
      at Object.keyboard (node_modules/@testing-library/user-event/dist/cjs/keyboard/index.js:11:15)
      at Object.type (node_modules/@testing-library/user-event/dist/cjs/utility/type.js:17:5)
      at Object.asyncWrapper (node_modules/@testing-library/react/dist/pure.js:88:22)
      at Object.<anonymous> (src/app/[locale]/admin/programs/[id]/__tests__/page.test.tsx:230:5)

    console.error
      IntlError: FORMATTING_ERROR: The intl string context variable "count" was not provided to the string "{count} Students"
          at getFallbackFromErrorAndNotify (/Users/yusefbach/Projekte/studynexus/frontend/node_modules/use-intl/dist/development/createFormatter-QqAaZwGD.js:159:19)
          at translateBaseFn (/Users/yusefbach/Projekte/studynexus/frontend/node_modules/use-intl/dist/development/createFormatter-QqAaZwGD.js:251:14)
          at translateFn (/Users/yusefbach/Projekte/studynexus/frontend/node_modules/use-intl/dist/development/createFormatter-QqAaZwGD.js:258:20)
          at t (/Users/yusefbach/Projekte/studynexus/frontend/src/app/[locale]/admin/programs/[id]/page.tsx:177:27)
          at renderWithHooks (/Users/yusefbach/Projekte/studynexus/frontend/node_modules/react-dom/cjs/react-dom.development.js:15486:18)
          at updateFunctionComponent (/Users/yusefbach/Projekte/studynexus/frontend/node_modules/react-dom/cjs/react-dom.development.js:19617:20)
          at beginWork (/Users/yusefbach/Projekte/studynexus/frontend/node_modules/react-dom/cjs/react-dom.development.js:21640:16)
          at beginWork$1 (/Users/yusefbach/Projekte/studynexus/frontend/node_modules/react-dom/cjs/react-dom.development.js:27465:14)
          at performUnitOfWork (/Users/yusefbach/Projekte/studynexus/frontend/node_modules/react-dom/cjs/react-dom.development.js:26599:12)
          at workLoopSync (/Users/yusefbach/Projekte/studynexus/frontend/node_modules/react-dom/cjs/react-dom.development.js:26505:5)
          at renderRootSync (/Users/yusefbach/Projekte/studynexus/frontend/node_modules/react-dom/cjs/react-dom.development.js:26473:7)
          at performSyncWorkOnRoot (/Users/yusefbach/Projekte/studynexus/frontend/node_modules/react-dom/cjs/react-dom.development.js:26124:20)
          at flushSyncCallbacks (/Users/yusefbach/Projekte/studynexus/frontend/node_modules/react-dom/cjs/react-dom.development.js:12042:22)
          at flushSync (/Users/yusefbach/Projekte/studynexus/frontend/node_modules/react-dom/cjs/react-dom.development.js:26240:7)
          at finishEventHandler (/Users/yusefbach/Projekte/studynexus/frontend/node_modules/react-dom/cjs/react-dom.development.js:3976:5)
          at batchedUpdates (/Users/yusefbach/Projekte/studynexus/frontend/node_modules/react-dom/cjs/react-dom.development.js:3994:5)
          at dispatchEventForPluginEventSystem (/Users/yusefbach/Projekte/studynexus/frontend/node_modules/react-dom/cjs/react-dom.development.js:9287:3)
          at dispatchEventWithEnableCapturePhaseSelectiveHydrationWithoutDiscreteEventReplay (/Users/yusefbach/Projekte/studynexus/frontend/node_modules/react-dom/cjs/react-dom.development.js:6465:5)
          at dispatchEvent (/Users/yusefbach/Projekte/studynexus/frontend/node_modules/react-dom/cjs/react-dom.development.js:6457:5)
          at dispatchDiscreteEvent (/Users/yusefbach/Projekte/studynexus/frontend/node_modules/react-dom/cjs/react-dom.development.js:6430:5)
          at HTMLDivElement.callTheUserObjectsOperation (/Users/yusefbach/Projekte/studynexus/frontend/node_modules/jsdom/lib/jsdom/living/generated/EventListener.js:26:30)
          at innerInvokeEventListeners (/Users/yusefbach/Projekte/studynexus/frontend/node_modules/jsdom/lib/jsdom/living/events/EventTarget-impl.js:350:25)
          at invokeEventListeners (/Users/yusefbach/Projekte/studynexus/frontend/node_modules/jsdom/lib/jsdom/living/events/EventTarget-impl.js:286:3)
          at HTMLInputElementImpl._dispatch (/Users/yusefbach/Projekte/studynexus/frontend/node_modules/jsdom/lib/jsdom/living/events/EventTarget-impl.js:233:9)
          at HTMLInputElementImpl.dispatchEvent (/Users/yusefbach/Projekte/studynexus/frontend/node_modules/jsdom/lib/jsdom/living/events/EventTarget-impl.js:104:17)
          at HTMLInputElement.dispatchEvent (/Users/yusefbach/Projekte/studynexus/frontend/node_modules/jsdom/lib/jsdom/living/generated/EventTarget.js:241:34)
          at /Users/yusefbach/Projekte/studynexus/frontend/node_modules/@testing-library/user-event/dist/cjs/event/dispatchEvent.js:45:43
          at /Users/yusefbach/Projekte/studynexus/frontend/node_modules/@testing-library/react/dist/pure.js:108:16
          at /Users/yusefbach/Projekte/studynexus/frontend/node_modules/@testing-library/react/dist/act-compat.js:48:24
          at act (/Users/yusefbach/Projekte/studynexus/frontend/node_modules/react/cjs/react.development.js:2512:16)
          at /Users/yusefbach/Projekte/studynexus/frontend/node_modules/@testing-library/react/dist/act-compat.js:47:25
          at Object.eventWrapper (/Users/yusefbach/Projekte/studynexus/frontend/node_modules/@testing-library/react/dist/pure.js:107:28)
          at Object.wrapEvent (/Users/yusefbach/Projekte/studynexus/frontend/node_modules/@testing-library/user-event/dist/cjs/event/wrapEvent.js:6:28)
          at Object.dispatchEvent (/Users/yusefbach/Projekte/studynexus/frontend/node_modules/@testing-library/user-event/dist/cjs/event/dispatchEvent.js:45:22)
          at Object.dispatchUIEvent (/Users/yusefbach/Projekte/studynexus/frontend/node_modules/@testing-library/user-event/dist/cjs/event/dispatchEvent.js:22:26)
          at commitInput (/Users/yusefbach/Projekte/studynexus/frontend/node_modules/@testing-library/user-event/dist/cjs/event/input.js:145:14)
          at editInputElement (/Users/yusefbach/Projekte/studynexus/frontend/node_modules/@testing-library/user-event/dist/cjs/event/input.js:115:9)
          at Object.input (/Users/yusefbach/Projekte/studynexus/frontend/node_modules/@testing-library/user-event/dist/cjs/event/input.js:37:9)
          at /Users/yusefbach/Projekte/studynexus/frontend/node_modules/@testing-library/user-event/dist/cjs/event/behavior/keypress.js:31:26
          at Object.dispatchEvent (/Users/yusefbach/Projekte/studynexus/frontend/node_modules/@testing-library/user-event/dist/cjs/event/dispatchEvent.js:41:13)
          at Object.dispatchUIEvent (/Users/yusefbach/Projekte/studynexus/frontend/node_modules/@testing-library/user-event/dist/cjs/event/dispatchEvent.js:22:26)
          at KeyboardHost.keydown (/Users/yusefbach/Projekte/studynexus/frontend/node_modules/@testing-library/user-event/dist/cjs/system/keyboard.js:76:22)
          at keyboardAction (/Users/yusefbach/Projekte/studynexus/frontend/node_modules/@testing-library/user-event/dist/cjs/keyboard/index.js:22:35)
          at Object.keyboard (/Users/yusefbach/Projekte/studynexus/frontend/node_modules/@testing-library/user-event/dist/cjs/keyboard/index.js:11:15)
          at Object.type (/Users/yusefbach/Projekte/studynexus/frontend/node_modules/@testing-library/user-event/dist/cjs/utility/type.js:17:5)
          at Object.asyncWrapper (/Users/yusefbach/Projekte/studynexus/frontend/node_modules/@testing-library/react/dist/pure.js:88:22)
          at Object.<anonymous> (/Users/yusefbach/Projekte/studynexus/frontend/src/app/[locale]/admin/programs/[id]/__tests__/page.test.tsx:230:5) {
        code: 'FORMATTING_ERROR',
        originalMessage: 'The intl string context variable "count" was not provided to the string "{count} Students"'
      }

      175 |           <InfoRow label={t("detail.regelstudienzeit")} value={`${prog.regelstudienzeit} ${t("detail.semesterSuffix")}`} />
      176 |           <InfoRow label={t("detail.gesamtEcts")} value={`${prog.gesamt_ects} ECTS`} />
    > 177 |           <InfoRow label={t("detail.students")} value={t("detail.students", { count: prog.student_count })} />
          |                           ^
      178 |         </dl>
      179 |       </SectionCard>
      180 |

      at defaultOnError (node_modules/use-intl/dist/development/initializeConfig-BhfMSHP7.js:70:11)
      at getFallbackFromErrorAndNotify (node_modules/use-intl/dist/development/createFormatter-QqAaZwGD.js:160:5)
      at translateBaseFn (node_modules/use-intl/dist/development/createFormatter-QqAaZwGD.js:251:14)
      at translateFn (node_modules/use-intl/dist/development/createFormatter-QqAaZwGD.js:258:20)
      at t (src/app/[locale]/admin/programs/[id]/page.tsx:177:27)
      at renderWithHooks (node_modules/react-dom/cjs/react-dom.development.js:15486:18)
      at updateFunctionComponent (node_modules/react-dom/cjs/react-dom.development.js:19617:20)
      at beginWork (node_modules/react-dom/cjs/react-dom.development.js:21640:16)
      at beginWork$1 (node_modules/react-dom/cjs/react-dom.development.js:27465:14)
      at performUnitOfWork (node_modules/react-dom/cjs/react-dom.development.js:26599:12)
      at workLoopSync (node_modules/react-dom/cjs/react-dom.development.js:26505:5)
      at renderRootSync (node_modules/react-dom/cjs/react-dom.development.js:26473:7)
      at performSyncWorkOnRoot (node_modules/react-dom/cjs/react-dom.development.js:26124:20)
      at flushSyncCallbacks (node_modules/react-dom/cjs/react-dom.development.js:12042:22)
      at flushSync (node_modules/react-dom/cjs/react-dom.development.js:26240:7)
      at finishEventHandler (node_modules/react-dom/cjs/react-dom.development.js:3976:5)
      at batchedUpdates (node_modules/react-dom/cjs/react-dom.development.js:3994:5)
      at dispatchEventForPluginEventSystem (node_modules/react-dom/cjs/react-dom.development.js:9287:3)
      at dispatchEventWithEnableCapturePhaseSelectiveHydrationWithoutDiscreteEventReplay (node_modules/react-dom/cjs/react-dom.development.js:6465:5)
      at dispatchEvent (node_modules/react-dom/cjs/react-dom.development.js:6457:5)
      at dispatchDiscreteEvent (node_modules/react-dom/cjs/react-dom.development.js:6430:5)
      at HTMLDivElement.callTheUserObjectsOperation (node_modules/jsdom/lib/jsdom/living/generated/EventListener.js:26:30)
      at innerInvokeEventListeners (node_modules/jsdom/lib/jsdom/living/events/EventTarget-impl.js:350:25)
      at invokeEventListeners (node_modules/jsdom/lib/jsdom/living/events/EventTarget-impl.js:286:3)
      at HTMLInputElementImpl._dispatch (node_modules/jsdom/lib/jsdom/living/events/EventTarget-impl.js:233:9)
      at HTMLInputElementImpl.dispatchEvent (node_modules/jsdom/lib/jsdom/living/events/EventTarget-impl.js:104:17)
      at HTMLInputElement.dispatchEvent (node_modules/jsdom/lib/jsdom/living/generated/EventTarget.js:241:34)
      at node_modules/@testing-library/user-event/dist/cjs/event/dispatchEvent.js:45:43
      at node_modules/@testing-library/react/dist/pure.js:108:16
      at node_modules/@testing-library/react/dist/act-compat.js:48:24
      at act (node_modules/react/cjs/react.development.js:2512:16)
      at node_modules/@testing-library/react/dist/act-compat.js:47:25
      at Object.eventWrapper (node_modules/@testing-library/react/dist/pure.js:107:28)
      at Object.wrapEvent (node_modules/@testing-library/user-event/dist/cjs/event/wrapEvent.js:6:28)
      at Object.dispatchEvent (node_modules/@testing-library/user-event/dist/cjs/event/dispatchEvent.js:45:22)
      at Object.dispatchUIEvent (node_modules/@testing-library/user-event/dist/cjs/event/dispatchEvent.js:22:26)
      at commitInput (node_modules/@testing-library/user-event/dist/cjs/event/input.js:145:14)
      at editInputElement (node_modules/@testing-library/user-event/dist/cjs/event/input.js:115:9)
      at Object.input (node_modules/@testing-library/user-event/dist/cjs/event/input.js:37:9)
      at node_modules/@testing-library/user-event/dist/cjs/event/behavior/keypress.js:31:26
      at Object.dispatchEvent (node_modules/@testing-library/user-event/dist/cjs/event/dispatchEvent.js:41:13)
      at Object.dispatchUIEvent (node_modules/@testing-library/user-event/dist/cjs/event/dispatchEvent.js:22:26)
      at KeyboardHost.keydown (node_modules/@testing-library/user-event/dist/cjs/system/keyboard.js:76:22)
      at keyboardAction (node_modules/@testing-library/user-event/dist/cjs/keyboard/index.js:22:35)
      at Object.keyboard (node_modules/@testing-library/user-event/dist/cjs/keyboard/index.js:11:15)
      at Object.type (node_modules/@testing-library/user-event/dist/cjs/utility/type.js:17:5)
      at Object.asyncWrapper (node_modules/@testing-library/react/dist/pure.js:88:22)
      at Object.<anonymous> (src/app/[locale]/admin/programs/[id]/__tests__/page.test.tsx:230:5)

    console.error
      IntlError: FORMATTING_ERROR: The intl string context variable "count" was not provided to the string "{count} Students"
          at getFallbackFromErrorAndNotify (/Users/yusefbach/Projekte/studynexus/frontend/node_modules/use-intl/dist/development/createFormatter-QqAaZwGD.js:159:19)
          at translateBaseFn (/Users/yusefbach/Projekte/studynexus/frontend/node_modules/use-intl/dist/development/createFormatter-QqAaZwGD.js:251:14)
          at translateFn (/Users/yusefbach/Projekte/studynexus/frontend/node_modules/use-intl/dist/development/createFormatter-QqAaZwGD.js:258:20)
          at t (/Users/yusefbach/Projekte/studynexus/frontend/src/app/[locale]/admin/programs/[id]/page.tsx:177:27)
          at renderWithHooks (/Users/yusefbach/Projekte/studynexus/frontend/node_modules/react-dom/cjs/react-dom.development.js:15486:18)
          at updateFunctionComponent (/Users/yusefbach/Projekte/studynexus/frontend/node_modules/react-dom/cjs/react-dom.development.js:19617:20)
          at beginWork (/Users/yusefbach/Projekte/studynexus/frontend/node_modules/react-dom/cjs/react-dom.development.js:21640:16)
          at beginWork$1 (/Users/yusefbach/Projekte/studynexus/frontend/node_modules/react-dom/cjs/react-dom.development.js:27465:14)
          at performUnitOfWork (/Users/yusefbach/Projekte/studynexus/frontend/node_modules/react-dom/cjs/react-dom.development.js:26599:12)
          at workLoopSync (/Users/yusefbach/Projekte/studynexus/frontend/node_modules/react-dom/cjs/react-dom.development.js:26505:5)
          at renderRootSync (/Users/yusefbach/Projekte/studynexus/frontend/node_modules/react-dom/cjs/react-dom.development.js:26473:7)
          at performSyncWorkOnRoot (/Users/yusefbach/Projekte/studynexus/frontend/node_modules/react-dom/cjs/react-dom.development.js:26124:20)
          at flushSyncCallbacks (/Users/yusefbach/Projekte/studynexus/frontend/node_modules/react-dom/cjs/react-dom.development.js:12042:22)
          at flushSync (/Users/yusefbach/Projekte/studynexus/frontend/node_modules/react-dom/cjs/react-dom.development.js:26240:7)
          at finishEventHandler (/Users/yusefbach/Projekte/studynexus/frontend/node_modules/react-dom/cjs/react-dom.development.js:3976:5)
          at batchedUpdates (/Users/yusefbach/Projekte/studynexus/frontend/node_modules/react-dom/cjs/react-dom.development.js:3994:5)
          at dispatchEventForPluginEventSystem (/Users/yusefbach/Projekte/studynexus/frontend/node_modules/react-dom/cjs/react-dom.development.js:9287:3)
          at dispatchEventWithEnableCapturePhaseSelectiveHydrationWithoutDiscreteEventReplay (/Users/yusefbach/Projekte/studynexus/frontend/node_modules/react-dom/cjs/react-dom.development.js:6465:5)
          at dispatchEvent (/Users/yusefbach/Projekte/studynexus/frontend/node_modules/react-dom/cjs/react-dom.development.js:6457:5)
          at dispatchDiscreteEvent (/Users/yusefbach/Projekte/studynexus/frontend/node_modules/react-dom/cjs/react-dom.development.js:6430:5)
          at HTMLDivElement.callTheUserObjectsOperation (/Users/yusefbach/Projekte/studynexus/frontend/node_modules/jsdom/lib/jsdom/living/generated/EventListener.js:26:30)
          at innerInvokeEventListeners (/Users/yusefbach/Projekte/studynexus/frontend/node_modules/jsdom/lib/jsdom/living/events/EventTarget-impl.js:350:25)
          at invokeEventListeners (/Users/yusefbach/Projekte/studynexus/frontend/node_modules/jsdom/lib/jsdom/living/events/EventTarget-impl.js:286:3)
          at HTMLInputElementImpl._dispatch (/Users/yusefbach/Projekte/studynexus/frontend/node_modules/jsdom/lib/jsdom/living/events/EventTarget-impl.js:233:9)
          at HTMLInputElementImpl.dispatchEvent (/Users/yusefbach/Projekte/studynexus/frontend/node_modules/jsdom/lib/jsdom/living/events/EventTarget-impl.js:104:17)
          at HTMLInputElement.dispatchEvent (/Users/yusefbach/Projekte/studynexus/frontend/node_modules/jsdom/lib/jsdom/living/generated/EventTarget.js:241:34)
          at /Users/yusefbach/Projekte/studynexus/frontend/node_modules/@testing-library/user-event/dist/cjs/event/dispatchEvent.js:45:43
          at /Users/yusefbach/Projekte/studynexus/frontend/node_modules/@testing-library/react/dist/pure.js:108:16
          at /Users/yusefbach/Projekte/studynexus/frontend/node_modules/@testing-library/react/dist/act-compat.js:48:24
          at act (/Users/yusefbach/Projekte/studynexus/frontend/node_modules/react/cjs/react.development.js:2512:16)
          at /Users/yusefbach/Projekte/studynexus/frontend/node_modules/@testing-library/react/dist/act-compat.js:47:25
          at Object.eventWrapper (/Users/yusefbach/Projekte/studynexus/frontend/node_modules/@testing-library/react/dist/pure.js:107:28)
          at Object.wrapEvent (/Users/yusefbach/Projekte/studynexus/frontend/node_modules/@testing-library/user-event/dist/cjs/event/wrapEvent.js:6:28)
          at Object.dispatchEvent (/Users/yusefbach/Projekte/studynexus/frontend/node_modules/@testing-library/user-event/dist/cjs/event/dispatchEvent.js:45:22)
          at Object.dispatchUIEvent (/Users/yusefbach/Projekte/studynexus/frontend/node_modules/@testing-library/user-event/dist/cjs/event/dispatchEvent.js:22:26)
          at commitInput (/Users/yusefbach/Projekte/studynexus/frontend/node_modules/@testing-library/user-event/dist/cjs/event/input.js:145:14)
          at editInputElement (/Users/yusefbach/Projekte/studynexus/frontend/node_modules/@testing-library/user-event/dist/cjs/event/input.js:115:9)
          at Object.input (/Users/yusefbach/Projekte/studynexus/frontend/node_modules/@testing-library/user-event/dist/cjs/event/input.js:37:9)
          at /Users/yusefbach/Projekte/studynexus/frontend/node_modules/@testing-library/user-event/dist/cjs/event/behavior/keypress.js:31:26
          at Object.dispatchEvent (/Users/yusefbach/Projekte/studynexus/frontend/node_modules/@testing-library/user-event/dist/cjs/event/dispatchEvent.js:41:13)
          at Object.dispatchUIEvent (/Users/yusefbach/Projekte/studynexus/frontend/node_modules/@testing-library/user-event/dist/cjs/event/dispatchEvent.js:22:26)
          at KeyboardHost.keydown (/Users/yusefbach/Projekte/studynexus/frontend/node_modules/@testing-library/user-event/dist/cjs/system/keyboard.js:76:22)
          at keyboardAction (/Users/yusefbach/Projekte/studynexus/frontend/node_modules/@testing-library/user-event/dist/cjs/keyboard/index.js:22:35)
          at Object.keyboard (/Users/yusefbach/Projekte/studynexus/frontend/node_modules/@testing-library/user-event/dist/cjs/keyboard/index.js:11:15)
          at Object.type (/Users/yusefbach/Projekte/studynexus/frontend/node_modules/@testing-library/user-event/dist/cjs/utility/type.js:17:5)
          at Object.asyncWrapper (/Users/yusefbach/Projekte/studynexus/frontend/node_modules/@testing-library/react/dist/pure.js:88:22)
          at Object.<anonymous> (/Users/yusefbach/Projekte/studynexus/frontend/src/app/[locale]/admin/programs/[id]/__tests__/page.test.tsx:230:5) {
        code: 'FORMATTING_ERROR',
        originalMessage: 'The intl string context variable "count" was not provided to the string "{count} Students"'
      }

      175 |           <InfoRow label={t("detail.regelstudienzeit")} value={`${prog.regelstudienzeit} ${t("detail.semesterSuffix")}`} />
      176 |           <InfoRow label={t("detail.gesamtEcts")} value={`${prog.gesamt_ects} ECTS`} />
    > 177 |           <InfoRow label={t("detail.students")} value={t("detail.students", { count: prog.student_count })} />
          |                           ^
      178 |         </dl>
      179 |       </SectionCard>
      180 |

      at defaultOnError (node_modules/use-intl/dist/development/initializeConfig-BhfMSHP7.js:70:11)
      at getFallbackFromErrorAndNotify (node_modules/use-intl/dist/development/createFormatter-QqAaZwGD.js:160:5)
      at translateBaseFn (node_modules/use-intl/dist/development/createFormatter-QqAaZwGD.js:251:14)
      at translateFn (node_modules/use-intl/dist/development/createFormatter-QqAaZwGD.js:258:20)
      at t (src/app/[locale]/admin/programs/[id]/page.tsx:177:27)
      at renderWithHooks (node_modules/react-dom/cjs/react-dom.development.js:15486:18)
      at updateFunctionComponent (node_modules/react-dom/cjs/react-dom.development.js:19617:20)
      at beginWork (node_modules/react-dom/cjs/react-dom.development.js:21640:16)
      at beginWork$1 (node_modules/react-dom/cjs/react-dom.development.js:27465:14)
      at performUnitOfWork (node_modules/react-dom/cjs/react-dom.development.js:26599:12)
      at workLoopSync (node_modules/react-dom/cjs/react-dom.development.js:26505:5)
      at renderRootSync (node_modules/react-dom/cjs/react-dom.development.js:26473:7)
      at performSyncWorkOnRoot (node_modules/react-dom/cjs/react-dom.development.js:26124:20)
      at flushSyncCallbacks (node_modules/react-dom/cjs/react-dom.development.js:12042:22)
      at flushSync (node_modules/react-dom/cjs/react-dom.development.js:26240:7)
      at finishEventHandler (node_modules/react-dom/cjs/react-dom.development.js:3976:5)
      at batchedUpdates (node_modules/react-dom/cjs/react-dom.development.js:3994:5)
      at dispatchEventForPluginEventSystem (node_modules/react-dom/cjs/react-dom.development.js:9287:3)
      at dispatchEventWithEnableCapturePhaseSelectiveHydrationWithoutDiscreteEventReplay (node_modules/react-dom/cjs/react-dom.development.js:6465:5)
      at dispatchEvent (node_modules/react-dom/cjs/react-dom.development.js:6457:5)
      at dispatchDiscreteEvent (node_modules/react-dom/cjs/react-dom.development.js:6430:5)
      at HTMLDivElement.callTheUserObjectsOperation (node_modules/jsdom/lib/jsdom/living/generated/EventListener.js:26:30)
      at innerInvokeEventListeners (node_modules/jsdom/lib/jsdom/living/events/EventTarget-impl.js:350:25)
      at invokeEventListeners (node_modules/jsdom/lib/jsdom/living/events/EventTarget-impl.js:286:3)
      at HTMLInputElementImpl._dispatch (node_modules/jsdom/lib/jsdom/living/events/EventTarget-impl.js:233:9)
      at HTMLInputElementImpl.dispatchEvent (node_modules/jsdom/lib/jsdom/living/events/EventTarget-impl.js:104:17)
      at HTMLInputElement.dispatchEvent (node_modules/jsdom/lib/jsdom/living/generated/EventTarget.js:241:34)
      at node_modules/@testing-library/user-event/dist/cjs/event/dispatchEvent.js:45:43
      at node_modules/@testing-library/react/dist/pure.js:108:16
      at node_modules/@testing-library/react/dist/act-compat.js:48:24
      at act (node_modules/react/cjs/react.development.js:2512:16)
      at node_modules/@testing-library/react/dist/act-compat.js:47:25
      at Object.eventWrapper (node_modules/@testing-library/react/dist/pure.js:107:28)
      at Object.wrapEvent (node_modules/@testing-library/user-event/dist/cjs/event/wrapEvent.js:6:28)
      at Object.dispatchEvent (node_modules/@testing-library/user-event/dist/cjs/event/dispatchEvent.js:45:22)
      at Object.dispatchUIEvent (node_modules/@testing-library/user-event/dist/cjs/event/dispatchEvent.js:22:26)
      at commitInput (node_modules/@testing-library/user-event/dist/cjs/event/input.js:145:14)
      at editInputElement (node_modules/@testing-library/user-event/dist/cjs/event/input.js:115:9)
      at Object.input (node_modules/@testing-library/user-event/dist/cjs/event/input.js:37:9)
      at node_modules/@testing-library/user-event/dist/cjs/event/behavior/keypress.js:31:26
      at Object.dispatchEvent (node_modules/@testing-library/user-event/dist/cjs/event/dispatchEvent.js:41:13)
      at Object.dispatchUIEvent (node_modules/@testing-library/user-event/dist/cjs/event/dispatchEvent.js:22:26)
      at KeyboardHost.keydown (node_modules/@testing-library/user-event/dist/cjs/system/keyboard.js:76:22)
      at keyboardAction (node_modules/@testing-library/user-event/dist/cjs/keyboard/index.js:22:35)
      at Object.keyboard (node_modules/@testing-library/user-event/dist/cjs/keyboard/index.js:11:15)
      at Object.type (node_modules/@testing-library/user-event/dist/cjs/utility/type.js:17:5)
      at Object.asyncWrapper (node_modules/@testing-library/react/dist/pure.js:88:22)
      at Object.<anonymous> (src/app/[locale]/admin/programs/[id]/__tests__/page.test.tsx:230:5)

    console.error
      IntlError: FORMATTING_ERROR: The intl string context variable "count" was not provided to the string "{count} Students"
          at getFallbackFromErrorAndNotify (/Users/yusefbach/Projekte/studynexus/frontend/node_modules/use-intl/dist/development/createFormatter-QqAaZwGD.js:159:19)
          at translateBaseFn (/Users/yusefbach/Projekte/studynexus/frontend/node_modules/use-intl/dist/development/createFormatter-QqAaZwGD.js:251:14)
          at translateFn (/Users/yusefbach/Projekte/studynexus/frontend/node_modules/use-intl/dist/development/createFormatter-QqAaZwGD.js:258:20)
          at t (/Users/yusefbach/Projekte/studynexus/frontend/src/app/[locale]/admin/programs/[id]/page.tsx:177:27)
          at renderWithHooks (/Users/yusefbach/Projekte/studynexus/frontend/node_modules/react-dom/cjs/react-dom.development.js:15486:18)
          at updateFunctionComponent (/Users/yusefbach/Projekte/studynexus/frontend/node_modules/react-dom/cjs/react-dom.development.js:19617:20)
          at beginWork (/Users/yusefbach/Projekte/studynexus/frontend/node_modules/react-dom/cjs/react-dom.development.js:21640:16)
          at beginWork$1 (/Users/yusefbach/Projekte/studynexus/frontend/node_modules/react-dom/cjs/react-dom.development.js:27465:14)
          at performUnitOfWork (/Users/yusefbach/Projekte/studynexus/frontend/node_modules/react-dom/cjs/react-dom.development.js:26599:12)
          at workLoopSync (/Users/yusefbach/Projekte/studynexus/frontend/node_modules/react-dom/cjs/react-dom.development.js:26505:5)
          at renderRootSync (/Users/yusefbach/Projekte/studynexus/frontend/node_modules/react-dom/cjs/react-dom.development.js:26473:7)
          at performSyncWorkOnRoot (/Users/yusefbach/Projekte/studynexus/frontend/node_modules/react-dom/cjs/react-dom.development.js:26124:20)
          at flushSyncCallbacks (/Users/yusefbach/Projekte/studynexus/frontend/node_modules/react-dom/cjs/react-dom.development.js:12042:22)
          at flushSync (/Users/yusefbach/Projekte/studynexus/frontend/node_modules/react-dom/cjs/react-dom.development.js:26240:7)
          at finishEventHandler (/Users/yusefbach/Projekte/studynexus/frontend/node_modules/react-dom/cjs/react-dom.development.js:3976:5)
          at batchedUpdates (/Users/yusefbach/Projekte/studynexus/frontend/node_modules/react-dom/cjs/react-dom.development.js:3994:5)
          at dispatchEventForPluginEventSystem (/Users/yusefbach/Projekte/studynexus/frontend/node_modules/react-dom/cjs/react-dom.development.js:9287:3)
          at dispatchEventWithEnableCapturePhaseSelectiveHydrationWithoutDiscreteEventReplay (/Users/yusefbach/Projekte/studynexus/frontend/node_modules/react-dom/cjs/react-dom.development.js:6465:5)
          at dispatchEvent (/Users/yusefbach/Projekte/studynexus/frontend/node_modules/react-dom/cjs/react-dom.development.js:6457:5)
          at dispatchDiscreteEvent (/Users/yusefbach/Projekte/studynexus/frontend/node_modules/react-dom/cjs/react-dom.development.js:6430:5)
          at HTMLDivElement.callTheUserObjectsOperation (/Users/yusefbach/Projekte/studynexus/frontend/node_modules/jsdom/lib/jsdom/living/generated/EventListener.js:26:30)
          at innerInvokeEventListeners (/Users/yusefbach/Projekte/studynexus/frontend/node_modules/jsdom/lib/jsdom/living/events/EventTarget-impl.js:350:25)
          at invokeEventListeners (/Users/yusefbach/Projekte/studynexus/frontend/node_modules/jsdom/lib/jsdom/living/events/EventTarget-impl.js:286:3)
          at HTMLInputElementImpl._dispatch (/Users/yusefbach/Projekte/studynexus/frontend/node_modules/jsdom/lib/jsdom/living/events/EventTarget-impl.js:233:9)
          at HTMLInputElementImpl.dispatchEvent (/Users/yusefbach/Projekte/studynexus/frontend/node_modules/jsdom/lib/jsdom/living/events/EventTarget-impl.js:104:17)
          at HTMLInputElement.dispatchEvent (/Users/yusefbach/Projekte/studynexus/frontend/node_modules/jsdom/lib/jsdom/living/generated/EventTarget.js:241:34)
          at /Users/yusefbach/Projekte/studynexus/frontend/node_modules/@testing-library/user-event/dist/cjs/event/dispatchEvent.js:45:43
          at /Users/yusefbach/Projekte/studynexus/frontend/node_modules/@testing-library/react/dist/pure.js:108:16
          at /Users/yusefbach/Projekte/studynexus/frontend/node_modules/@testing-library/react/dist/act-compat.js:48:24
          at act (/Users/yusefbach/Projekte/studynexus/frontend/node_modules/react/cjs/react.development.js:2512:16)
          at /Users/yusefbach/Projekte/studynexus/frontend/node_modules/@testing-library/react/dist/act-compat.js:47:25
          at Object.eventWrapper (/Users/yusefbach/Projekte/studynexus/frontend/node_modules/@testing-library/react/dist/pure.js:107:28)
          at Object.wrapEvent (/Users/yusefbach/Projekte/studynexus/frontend/node_modules/@testing-library/user-event/dist/cjs/event/wrapEvent.js:6:28)
          at Object.dispatchEvent (/Users/yusefbach/Projekte/studynexus/frontend/node_modules/@testing-library/user-event/dist/cjs/event/dispatchEvent.js:45:22)
          at Object.dispatchUIEvent (/Users/yusefbach/Projekte/studynexus/frontend/node_modules/@testing-library/user-event/dist/cjs/event/dispatchEvent.js:22:26)
          at commitInput (/Users/yusefbach/Projekte/studynexus/frontend/node_modules/@testing-library/user-event/dist/cjs/event/input.js:145:14)
          at editInputElement (/Users/yusefbach/Projekte/studynexus/frontend/node_modules/@testing-library/user-event/dist/cjs/event/input.js:115:9)
          at Object.input (/Users/yusefbach/Projekte/studynexus/frontend/node_modules/@testing-library/user-event/dist/cjs/event/input.js:37:9)
          at /Users/yusefbach/Projekte/studynexus/frontend/node_modules/@testing-library/user-event/dist/cjs/event/behavior/keypress.js:31:26
          at Object.dispatchEvent (/Users/yusefbach/Projekte/studynexus/frontend/node_modules/@testing-library/user-event/dist/cjs/event/dispatchEvent.js:41:13)
          at Object.dispatchUIEvent (/Users/yusefbach/Projekte/studynexus/frontend/node_modules/@testing-library/user-event/dist/cjs/event/dispatchEvent.js:22:26)
          at KeyboardHost.keydown (/Users/yusefbach/Projekte/studynexus/frontend/node_modules/@testing-library/user-event/dist/cjs/system/keyboard.js:76:22)
          at keyboardAction (/Users/yusefbach/Projekte/studynexus/frontend/node_modules/@testing-library/user-event/dist/cjs/keyboard/index.js:22:35)
          at Object.keyboard (/Users/yusefbach/Projekte/studynexus/frontend/node_modules/@testing-library/user-event/dist/cjs/keyboard/index.js:11:15)
          at Object.type (/Users/yusefbach/Projekte/studynexus/frontend/node_modules/@testing-library/user-event/dist/cjs/utility/type.js:17:5)
          at Object.asyncWrapper (/Users/yusefbach/Projekte/studynexus/frontend/node_modules/@testing-library/react/dist/pure.js:88:22)
          at Object.<anonymous> (/Users/yusefbach/Projekte/studynexus/frontend/src/app/[locale]/admin/programs/[id]/__tests__/page.test.tsx:230:5) {
        code: 'FORMATTING_ERROR',
        originalMessage: 'The intl string context variable "count" was not provided to the string "{count} Students"'
      }

      175 |           <InfoRow label={t("detail.regelstudienzeit")} value={`${prog.regelstudienzeit} ${t("detail.semesterSuffix")}`} />
      176 |           <InfoRow label={t("detail.gesamtEcts")} value={`${prog.gesamt_ects} ECTS`} />
    > 177 |           <InfoRow label={t("detail.students")} value={t("detail.students", { count: prog.student_count })} />
          |                           ^
      178 |         </dl>
      179 |       </SectionCard>
      180 |

      at defaultOnError (node_modules/use-intl/dist/development/initializeConfig-BhfMSHP7.js:70:11)
      at getFallbackFromErrorAndNotify (node_modules/use-intl/dist/development/createFormatter-QqAaZwGD.js:160:5)
      at translateBaseFn (node_modules/use-intl/dist/development/createFormatter-QqAaZwGD.js:251:14)
      at translateFn (node_modules/use-intl/dist/development/createFormatter-QqAaZwGD.js:258:20)
      at t (src/app/[locale]/admin/programs/[id]/page.tsx:177:27)
      at renderWithHooks (node_modules/react-dom/cjs/react-dom.development.js:15486:18)
      at updateFunctionComponent (node_modules/react-dom/cjs/react-dom.development.js:19617:20)
      at beginWork (node_modules/react-dom/cjs/react-dom.development.js:21640:16)
      at beginWork$1 (node_modules/react-dom/cjs/react-dom.development.js:27465:14)
      at performUnitOfWork (node_modules/react-dom/cjs/react-dom.development.js:26599:12)
      at workLoopSync (node_modules/react-dom/cjs/react-dom.development.js:26505:5)
      at renderRootSync (node_modules/react-dom/cjs/react-dom.development.js:26473:7)
      at performSyncWorkOnRoot (node_modules/react-dom/cjs/react-dom.development.js:26124:20)
      at flushSyncCallbacks (node_modules/react-dom/cjs/react-dom.development.js:12042:22)
      at flushSync (node_modules/react-dom/cjs/react-dom.development.js:26240:7)
      at finishEventHandler (node_modules/react-dom/cjs/react-dom.development.js:3976:5)
      at batchedUpdates (node_modules/react-dom/cjs/react-dom.development.js:3994:5)
      at dispatchEventForPluginEventSystem (node_modules/react-dom/cjs/react-dom.development.js:9287:3)
      at dispatchEventWithEnableCapturePhaseSelectiveHydrationWithoutDiscreteEventReplay (node_modules/react-dom/cjs/react-dom.development.js:6465:5)
      at dispatchEvent (node_modules/react-dom/cjs/react-dom.development.js:6457:5)
      at dispatchDiscreteEvent (node_modules/react-dom/cjs/react-dom.development.js:6430:5)
      at HTMLDivElement.callTheUserObjectsOperation (node_modules/jsdom/lib/jsdom/living/generated/EventListener.js:26:30)
      at innerInvokeEventListeners (node_modules/jsdom/lib/jsdom/living/events/EventTarget-impl.js:350:25)
      at invokeEventListeners (node_modules/jsdom/lib/jsdom/living/events/EventTarget-impl.js:286:3)
      at HTMLInputElementImpl._dispatch (node_modules/jsdom/lib/jsdom/living/events/EventTarget-impl.js:233:9)
      at HTMLInputElementImpl.dispatchEvent (node_modules/jsdom/lib/jsdom/living/events/EventTarget-impl.js:104:17)
      at HTMLInputElement.dispatchEvent (node_modules/jsdom/lib/jsdom/living/generated/EventTarget.js:241:34)
      at node_modules/@testing-library/user-event/dist/cjs/event/dispatchEvent.js:45:43
      at node_modules/@testing-library/react/dist/pure.js:108:16
      at node_modules/@testing-library/react/dist/act-compat.js:48:24
      at act (node_modules/react/cjs/react.development.js:2512:16)
      at node_modules/@testing-library/react/dist/act-compat.js:47:25
      at Object.eventWrapper (node_modules/@testing-library/react/dist/pure.js:107:28)
      at Object.wrapEvent (node_modules/@testing-library/user-event/dist/cjs/event/wrapEvent.js:6:28)
      at Object.dispatchEvent (node_modules/@testing-library/user-event/dist/cjs/event/dispatchEvent.js:45:22)
      at Object.dispatchUIEvent (node_modules/@testing-library/user-event/dist/cjs/event/dispatchEvent.js:22:26)
      at commitInput (node_modules/@testing-library/user-event/dist/cjs/event/input.js:145:14)
      at editInputElement (node_modules/@testing-library/user-event/dist/cjs/event/input.js:115:9)
      at Object.input (node_modules/@testing-library/user-event/dist/cjs/event/input.js:37:9)
      at node_modules/@testing-library/user-event/dist/cjs/event/behavior/keypress.js:31:26
      at Object.dispatchEvent (node_modules/@testing-library/user-event/dist/cjs/event/dispatchEvent.js:41:13)
      at Object.dispatchUIEvent (node_modules/@testing-library/user-event/dist/cjs/event/dispatchEvent.js:22:26)
      at KeyboardHost.keydown (node_modules/@testing-library/user-event/dist/cjs/system/keyboard.js:76:22)
      at keyboardAction (node_modules/@testing-library/user-event/dist/cjs/keyboard/index.js:22:35)
      at Object.keyboard (node_modules/@testing-library/user-event/dist/cjs/keyboard/index.js:11:15)
      at Object.type (node_modules/@testing-library/user-event/dist/cjs/utility/type.js:17:5)
      at Object.asyncWrapper (node_modules/@testing-library/react/dist/pure.js:88:22)
      at Object.<anonymous> (src/app/[locale]/admin/programs/[id]/__tests__/page.test.tsx:230:5)

    console.error
      IntlError: FORMATTING_ERROR: The intl string context variable "count" was not provided to the string "{count} Students"
          at getFallbackFromErrorAndNotify (/Users/yusefbach/Projekte/studynexus/frontend/node_modules/use-intl/dist/development/createFormatter-QqAaZwGD.js:159:19)
          at translateBaseFn (/Users/yusefbach/Projekte/studynexus/frontend/node_modules/use-intl/dist/development/createFormatter-QqAaZwGD.js:251:14)
          at translateFn (/Users/yusefbach/Projekte/studynexus/frontend/node_modules/use-intl/dist/development/createFormatter-QqAaZwGD.js:258:20)
          at t (/Users/yusefbach/Projekte/studynexus/frontend/src/app/[locale]/admin/programs/[id]/page.tsx:177:27)
          at renderWithHooks (/Users/yusefbach/Projekte/studynexus/frontend/node_modules/react-dom/cjs/react-dom.development.js:15486:18)
          at updateFunctionComponent (/Users/yusefbach/Projekte/studynexus/frontend/node_modules/react-dom/cjs/react-dom.development.js:19617:20)
          at beginWork (/Users/yusefbach/Projekte/studynexus/frontend/node_modules/react-dom/cjs/react-dom.development.js:21640:16)
          at beginWork$1 (/Users/yusefbach/Projekte/studynexus/frontend/node_modules/react-dom/cjs/react-dom.development.js:27465:14)
          at performUnitOfWork (/Users/yusefbach/Projekte/studynexus/frontend/node_modules/react-dom/cjs/react-dom.development.js:26599:12)
          at workLoopSync (/Users/yusefbach/Projekte/studynexus/frontend/node_modules/react-dom/cjs/react-dom.development.js:26505:5)
          at renderRootSync (/Users/yusefbach/Projekte/studynexus/frontend/node_modules/react-dom/cjs/react-dom.development.js:26473:7)
          at performSyncWorkOnRoot (/Users/yusefbach/Projekte/studynexus/frontend/node_modules/react-dom/cjs/react-dom.development.js:26124:20)
          at flushSyncCallbacks (/Users/yusefbach/Projekte/studynexus/frontend/node_modules/react-dom/cjs/react-dom.development.js:12042:22)
          at flushSync (/Users/yusefbach/Projekte/studynexus/frontend/node_modules/react-dom/cjs/react-dom.development.js:26240:7)
          at finishEventHandler (/Users/yusefbach/Projekte/studynexus/frontend/node_modules/react-dom/cjs/react-dom.development.js:3976:5)
          at batchedUpdates (/Users/yusefbach/Projekte/studynexus/frontend/node_modules/react-dom/cjs/react-dom.development.js:3994:5)
          at dispatchEventForPluginEventSystem (/Users/yusefbach/Projekte/studynexus/frontend/node_modules/react-dom/cjs/react-dom.development.js:9287:3)
          at dispatchEventWithEnableCapturePhaseSelectiveHydrationWithoutDiscreteEventReplay (/Users/yusefbach/Projekte/studynexus/frontend/node_modules/react-dom/cjs/react-dom.development.js:6465:5)
          at dispatchEvent (/Users/yusefbach/Projekte/studynexus/frontend/node_modules/react-dom/cjs/react-dom.development.js:6457:5)
          at dispatchDiscreteEvent (/Users/yusefbach/Projekte/studynexus/frontend/node_modules/react-dom/cjs/react-dom.development.js:6430:5)
          at HTMLDivElement.callTheUserObjectsOperation (/Users/yusefbach/Projekte/studynexus/frontend/node_modules/jsdom/lib/jsdom/living/generated/EventListener.js:26:30)
          at innerInvokeEventListeners (/Users/yusefbach/Projekte/studynexus/frontend/node_modules/jsdom/lib/jsdom/living/events/EventTarget-impl.js:350:25)
          at invokeEventListeners (/Users/yusefbach/Projekte/studynexus/frontend/node_modules/jsdom/lib/jsdom/living/events/EventTarget-impl.js:286:3)
          at HTMLInputElementImpl._dispatch (/Users/yusefbach/Projekte/studynexus/frontend/node_modules/jsdom/lib/jsdom/living/events/EventTarget-impl.js:233:9)
          at HTMLInputElementImpl.dispatchEvent (/Users/yusefbach/Projekte/studynexus/frontend/node_modules/jsdom/lib/jsdom/living/events/EventTarget-impl.js:104:17)
          at HTMLInputElement.dispatchEvent (/Users/yusefbach/Projekte/studynexus/frontend/node_modules/jsdom/lib/jsdom/living/generated/EventTarget.js:241:34)
          at /Users/yusefbach/Projekte/studynexus/frontend/node_modules/@testing-library/user-event/dist/cjs/event/dispatchEvent.js:45:43
          at /Users/yusefbach/Projekte/studynexus/frontend/node_modules/@testing-library/react/dist/pure.js:108:16
          at /Users/yusefbach/Projekte/studynexus/frontend/node_modules/@testing-library/react/dist/act-compat.js:48:24
          at act (/Users/yusefbach/Projekte/studynexus/frontend/node_modules/react/cjs/react.development.js:2512:16)
          at /Users/yusefbach/Projekte/studynexus/frontend/node_modules/@testing-library/react/dist/act-compat.js:47:25
          at Object.eventWrapper (/Users/yusefbach/Projekte/studynexus/frontend/node_modules/@testing-library/react/dist/pure.js:107:28)
          at Object.wrapEvent (/Users/yusefbach/Projekte/studynexus/frontend/node_modules/@testing-library/user-event/dist/cjs/event/wrapEvent.js:6:28)
          at Object.dispatchEvent (/Users/yusefbach/Projekte/studynexus/frontend/node_modules/@testing-library/user-event/dist/cjs/event/dispatchEvent.js:45:22)
          at Object.dispatchUIEvent (/Users/yusefbach/Projekte/studynexus/frontend/node_modules/@testing-library/user-event/dist/cjs/event/dispatchEvent.js:22:26)
          at commitInput (/Users/yusefbach/Projekte/studynexus/frontend/node_modules/@testing-library/user-event/dist/cjs/event/input.js:145:14)
          at editInputElement (/Users/yusefbach/Projekte/studynexus/frontend/node_modules/@testing-library/user-event/dist/cjs/event/input.js:115:9)
          at Object.input (/Users/yusefbach/Projekte/studynexus/frontend/node_modules/@testing-library/user-event/dist/cjs/event/input.js:37:9)
          at /Users/yusefbach/Projekte/studynexus/frontend/node_modules/@testing-library/user-event/dist/cjs/event/behavior/keypress.js:31:26
          at Object.dispatchEvent (/Users/yusefbach/Projekte/studynexus/frontend/node_modules/@testing-library/user-event/dist/cjs/event/dispatchEvent.js:41:13)
          at Object.dispatchUIEvent (/Users/yusefbach/Projekte/studynexus/frontend/node_modules/@testing-library/user-event/dist/cjs/event/dispatchEvent.js:22:26)
          at KeyboardHost.keydown (/Users/yusefbach/Projekte/studynexus/frontend/node_modules/@testing-library/user-event/dist/cjs/system/keyboard.js:76:22)
          at keyboardAction (/Users/yusefbach/Projekte/studynexus/frontend/node_modules/@testing-library/user-event/dist/cjs/keyboard/index.js:22:35)
          at Object.keyboard (/Users/yusefbach/Projekte/studynexus/frontend/node_modules/@testing-library/user-event/dist/cjs/keyboard/index.js:11:15)
          at Object.type (/Users/yusefbach/Projekte/studynexus/frontend/node_modules/@testing-library/user-event/dist/cjs/utility/type.js:17:5)
          at Object.asyncWrapper (/Users/yusefbach/Projekte/studynexus/frontend/node_modules/@testing-library/react/dist/pure.js:88:22)
          at Object.<anonymous> (/Users/yusefbach/Projekte/studynexus/frontend/src/app/[locale]/admin/programs/[id]/__tests__/page.test.tsx:230:5) {
        code: 'FORMATTING_ERROR',
        originalMessage: 'The intl string context variable "count" was not provided to the string "{count} Students"'
      }

      175 |           <InfoRow label={t("detail.regelstudienzeit")} value={`${prog.regelstudienzeit} ${t("detail.semesterSuffix")}`} />
      176 |           <InfoRow label={t("detail.gesamtEcts")} value={`${prog.gesamt_ects} ECTS`} />
    > 177 |           <InfoRow label={t("detail.students")} value={t("detail.students", { count: prog.student_count })} />
          |                           ^
      178 |         </dl>
      179 |       </SectionCard>
      180 |

      at defaultOnError (node_modules/use-intl/dist/development/initializeConfig-BhfMSHP7.js:70:11)
      at getFallbackFromErrorAndNotify (node_modules/use-intl/dist/development/createFormatter-QqAaZwGD.js:160:5)
      at translateBaseFn (node_modules/use-intl/dist/development/createFormatter-QqAaZwGD.js:251:14)
      at translateFn (node_modules/use-intl/dist/development/createFormatter-QqAaZwGD.js:258:20)
      at t (src/app/[locale]/admin/programs/[id]/page.tsx:177:27)
      at renderWithHooks (node_modules/react-dom/cjs/react-dom.development.js:15486:18)
      at updateFunctionComponent (node_modules/react-dom/cjs/react-dom.development.js:19617:20)
      at beginWork (node_modules/react-dom/cjs/react-dom.development.js:21640:16)
      at beginWork$1 (node_modules/react-dom/cjs/react-dom.development.js:27465:14)
      at performUnitOfWork (node_modules/react-dom/cjs/react-dom.development.js:26599:12)
      at workLoopSync (node_modules/react-dom/cjs/react-dom.development.js:26505:5)
      at renderRootSync (node_modules/react-dom/cjs/react-dom.development.js:26473:7)
      at performSyncWorkOnRoot (node_modules/react-dom/cjs/react-dom.development.js:26124:20)
      at flushSyncCallbacks (node_modules/react-dom/cjs/react-dom.development.js:12042:22)
      at flushSync (node_modules/react-dom/cjs/react-dom.development.js:26240:7)
      at finishEventHandler (node_modules/react-dom/cjs/react-dom.development.js:3976:5)
      at batchedUpdates (node_modules/react-dom/cjs/react-dom.development.js:3994:5)
      at dispatchEventForPluginEventSystem (node_modules/react-dom/cjs/react-dom.development.js:9287:3)
      at dispatchEventWithEnableCapturePhaseSelectiveHydrationWithoutDiscreteEventReplay (node_modules/react-dom/cjs/react-dom.development.js:6465:5)
      at dispatchEvent (node_modules/react-dom/cjs/react-dom.development.js:6457:5)
      at dispatchDiscreteEvent (node_modules/react-dom/cjs/react-dom.development.js:6430:5)
      at HTMLDivElement.callTheUserObjectsOperation (node_modules/jsdom/lib/jsdom/living/generated/EventListener.js:26:30)
      at innerInvokeEventListeners (node_modules/jsdom/lib/jsdom/living/events/EventTarget-impl.js:350:25)
      at invokeEventListeners (node_modules/jsdom/lib/jsdom/living/events/EventTarget-impl.js:286:3)
      at HTMLInputElementImpl._dispatch (node_modules/jsdom/lib/jsdom/living/events/EventTarget-impl.js:233:9)
      at HTMLInputElementImpl.dispatchEvent (node_modules/jsdom/lib/jsdom/living/events/EventTarget-impl.js:104:17)
      at HTMLInputElement.dispatchEvent (node_modules/jsdom/lib/jsdom/living/generated/EventTarget.js:241:34)
      at node_modules/@testing-library/user-event/dist/cjs/event/dispatchEvent.js:45:43
      at node_modules/@testing-library/react/dist/pure.js:108:16
      at node_modules/@testing-library/react/dist/act-compat.js:48:24
      at act (node_modules/react/cjs/react.development.js:2512:16)
      at node_modules/@testing-library/react/dist/act-compat.js:47:25
      at Object.eventWrapper (node_modules/@testing-library/react/dist/pure.js:107:28)
      at Object.wrapEvent (node_modules/@testing-library/user-event/dist/cjs/event/wrapEvent.js:6:28)
      at Object.dispatchEvent (node_modules/@testing-library/user-event/dist/cjs/event/dispatchEvent.js:45:22)
      at Object.dispatchUIEvent (node_modules/@testing-library/user-event/dist/cjs/event/dispatchEvent.js:22:26)
      at commitInput (node_modules/@testing-library/user-event/dist/cjs/event/input.js:145:14)
      at editInputElement (node_modules/@testing-library/user-event/dist/cjs/event/input.js:115:9)
      at Object.input (node_modules/@testing-library/user-event/dist/cjs/event/input.js:37:9)
      at node_modules/@testing-library/user-event/dist/cjs/event/behavior/keypress.js:31:26
      at Object.dispatchEvent (node_modules/@testing-library/user-event/dist/cjs/event/dispatchEvent.js:41:13)
      at Object.dispatchUIEvent (node_modules/@testing-library/user-event/dist/cjs/event/dispatchEvent.js:22:26)
      at KeyboardHost.keydown (node_modules/@testing-library/user-event/dist/cjs/system/keyboard.js:76:22)
      at keyboardAction (node_modules/@testing-library/user-event/dist/cjs/keyboard/index.js:22:35)
      at Object.keyboard (node_modules/@testing-library/user-event/dist/cjs/keyboard/index.js:11:15)
      at Object.type (node_modules/@testing-library/user-event/dist/cjs/utility/type.js:17:5)
      at Object.asyncWrapper (node_modules/@testing-library/react/dist/pure.js:88:22)
      at Object.<anonymous> (src/app/[locale]/admin/programs/[id]/__tests__/page.test.tsx:230:5)

    console.error
      IntlError: FORMATTING_ERROR: The intl string context variable "count" was not provided to the string "{count} Students"
          at getFallbackFromErrorAndNotify (/Users/yusefbach/Projekte/studynexus/frontend/node_modules/use-intl/dist/development/createFormatter-QqAaZwGD.js:159:19)
          at translateBaseFn (/Users/yusefbach/Projekte/studynexus/frontend/node_modules/use-intl/dist/development/createFormatter-QqAaZwGD.js:251:14)
          at translateFn (/Users/yusefbach/Projekte/studynexus/frontend/node_modules/use-intl/dist/development/createFormatter-QqAaZwGD.js:258:20)
          at t (/Users/yusefbach/Projekte/studynexus/frontend/src/app/[locale]/admin/programs/[id]/page.tsx:177:27)
          at renderWithHooks (/Users/yusefbach/Projekte/studynexus/frontend/node_modules/react-dom/cjs/react-dom.development.js:15486:18)
          at updateFunctionComponent (/Users/yusefbach/Projekte/studynexus/frontend/node_modules/react-dom/cjs/react-dom.development.js:19617:20)
          at beginWork (/Users/yusefbach/Projekte/studynexus/frontend/node_modules/react-dom/cjs/react-dom.development.js:21640:16)
          at beginWork$1 (/Users/yusefbach/Projekte/studynexus/frontend/node_modules/react-dom/cjs/react-dom.development.js:27465:14)
          at performUnitOfWork (/Users/yusefbach/Projekte/studynexus/frontend/node_modules/react-dom/cjs/react-dom.development.js:26599:12)
          at workLoopSync (/Users/yusefbach/Projekte/studynexus/frontend/node_modules/react-dom/cjs/react-dom.development.js:26505:5)
          at renderRootSync (/Users/yusefbach/Projekte/studynexus/frontend/node_modules/react-dom/cjs/react-dom.development.js:26473:7)
          at performSyncWorkOnRoot (/Users/yusefbach/Projekte/studynexus/frontend/node_modules/react-dom/cjs/react-dom.development.js:26124:20)
          at flushSyncCallbacks (/Users/yusefbach/Projekte/studynexus/frontend/node_modules/react-dom/cjs/react-dom.development.js:12042:22)
          at flushSync (/Users/yusefbach/Projekte/studynexus/frontend/node_modules/react-dom/cjs/react-dom.development.js:26240:7)
          at finishEventHandler (/Users/yusefbach/Projekte/studynexus/frontend/node_modules/react-dom/cjs/react-dom.development.js:3976:5)
          at batchedUpdates (/Users/yusefbach/Projekte/studynexus/frontend/node_modules/react-dom/cjs/react-dom.development.js:3994:5)
          at dispatchEventForPluginEventSystem (/Users/yusefbach/Projekte/studynexus/frontend/node_modules/react-dom/cjs/react-dom.development.js:9287:3)
          at dispatchEventWithEnableCapturePhaseSelectiveHydrationWithoutDiscreteEventReplay (/Users/yusefbach/Projekte/studynexus/frontend/node_modules/react-dom/cjs/react-dom.development.js:6465:5)
          at dispatchEvent (/Users/yusefbach/Projekte/studynexus/frontend/node_modules/react-dom/cjs/react-dom.development.js:6457:5)
          at dispatchDiscreteEvent (/Users/yusefbach/Projekte/studynexus/frontend/node_modules/react-dom/cjs/react-dom.development.js:6430:5)
          at HTMLDivElement.callTheUserObjectsOperation (/Users/yusefbach/Projekte/studynexus/frontend/node_modules/jsdom/lib/jsdom/living/generated/EventListener.js:26:30)
          at innerInvokeEventListeners (/Users/yusefbach/Projekte/studynexus/frontend/node_modules/jsdom/lib/jsdom/living/events/EventTarget-impl.js:350:25)
          at invokeEventListeners (/Users/yusefbach/Projekte/studynexus/frontend/node_modules/jsdom/lib/jsdom/living/events/EventTarget-impl.js:286:3)
          at HTMLInputElementImpl._dispatch (/Users/yusefbach/Projekte/studynexus/frontend/node_modules/jsdom/lib/jsdom/living/events/EventTarget-impl.js:233:9)
          at HTMLInputElementImpl.dispatchEvent (/Users/yusefbach/Projekte/studynexus/frontend/node_modules/jsdom/lib/jsdom/living/events/EventTarget-impl.js:104:17)
          at HTMLInputElement.dispatchEvent (/Users/yusefbach/Projekte/studynexus/frontend/node_modules/jsdom/lib/jsdom/living/generated/EventTarget.js:241:34)
          at /Users/yusefbach/Projekte/studynexus/frontend/node_modules/@testing-library/user-event/dist/cjs/event/dispatchEvent.js:45:43
          at /Users/yusefbach/Projekte/studynexus/frontend/node_modules/@testing-library/react/dist/pure.js:108:16
          at /Users/yusefbach/Projekte/studynexus/frontend/node_modules/@testing-library/react/dist/act-compat.js:48:24
          at act (/Users/yusefbach/Projekte/studynexus/frontend/node_modules/react/cjs/react.development.js:2512:16)
          at /Users/yusefbach/Projekte/studynexus/frontend/node_modules/@testing-library/react/dist/act-compat.js:47:25
          at Object.eventWrapper (/Users/yusefbach/Projekte/studynexus/frontend/node_modules/@testing-library/react/dist/pure.js:107:28)
          at Object.wrapEvent (/Users/yusefbach/Projekte/studynexus/frontend/node_modules/@testing-library/user-event/dist/cjs/event/wrapEvent.js:6:28)
          at Object.dispatchEvent (/Users/yusefbach/Projekte/studynexus/frontend/node_modules/@testing-library/user-event/dist/cjs/event/dispatchEvent.js:45:22)
          at Object.dispatchUIEvent (/Users/yusefbach/Projekte/studynexus/frontend/node_modules/@testing-library/user-event/dist/cjs/event/dispatchEvent.js:22:26)
          at commitInput (/Users/yusefbach/Projekte/studynexus/frontend/node_modules/@testing-library/user-event/dist/cjs/event/input.js:145:14)
          at editInputElement (/Users/yusefbach/Projekte/studynexus/frontend/node_modules/@testing-library/user-event/dist/cjs/event/input.js:115:9)
          at Object.input (/Users/yusefbach/Projekte/studynexus/frontend/node_modules/@testing-library/user-event/dist/cjs/event/input.js:37:9)
          at /Users/yusefbach/Projekte/studynexus/frontend/node_modules/@testing-library/user-event/dist/cjs/event/behavior/keypress.js:31:26
          at Object.dispatchEvent (/Users/yusefbach/Projekte/studynexus/frontend/node_modules/@testing-library/user-event/dist/cjs/event/dispatchEvent.js:41:13)
          at Object.dispatchUIEvent (/Users/yusefbach/Projekte/studynexus/frontend/node_modules/@testing-library/user-event/dist/cjs/event/dispatchEvent.js:22:26)
          at KeyboardHost.keydown (/Users/yusefbach/Projekte/studynexus/frontend/node_modules/@testing-library/user-event/dist/cjs/system/keyboard.js:76:22)
          at keyboardAction (/Users/yusefbach/Projekte/studynexus/frontend/node_modules/@testing-library/user-event/dist/cjs/keyboard/index.js:22:35)
          at Object.keyboard (/Users/yusefbach/Projekte/studynexus/frontend/node_modules/@testing-library/user-event/dist/cjs/keyboard/index.js:11:15)
          at Object.type (/Users/yusefbach/Projekte/studynexus/frontend/node_modules/@testing-library/user-event/dist/cjs/utility/type.js:17:5)
          at Object.asyncWrapper (/Users/yusefbach/Projekte/studynexus/frontend/node_modules/@testing-library/react/dist/pure.js:88:22)
          at Object.<anonymous> (/Users/yusefbach/Projekte/studynexus/frontend/src/app/[locale]/admin/programs/[id]/__tests__/page.test.tsx:230:5) {
        code: 'FORMATTING_ERROR',
        originalMessage: 'The intl string context variable "count" was not provided to the string "{count} Students"'
      }

      175 |           <InfoRow label={t("detail.regelstudienzeit")} value={`${prog.regelstudienzeit} ${t("detail.semesterSuffix")}`} />
      176 |           <InfoRow label={t("detail.gesamtEcts")} value={`${prog.gesamt_ects} ECTS`} />
    > 177 |           <InfoRow label={t("detail.students")} value={t("detail.students", { count: prog.student_count })} />
          |                           ^
      178 |         </dl>
      179 |       </SectionCard>
      180 |

      at defaultOnError (node_modules/use-intl/dist/development/initializeConfig-BhfMSHP7.js:70:11)
      at getFallbackFromErrorAndNotify (node_modules/use-intl/dist/development/createFormatter-QqAaZwGD.js:160:5)
      at translateBaseFn (node_modules/use-intl/dist/development/createFormatter-QqAaZwGD.js:251:14)
      at translateFn (node_modules/use-intl/dist/development/createFormatter-QqAaZwGD.js:258:20)
      at t (src/app/[locale]/admin/programs/[id]/page.tsx:177:27)
      at renderWithHooks (node_modules/react-dom/cjs/react-dom.development.js:15486:18)
      at updateFunctionComponent (node_modules/react-dom/cjs/react-dom.development.js:19617:20)
      at beginWork (node_modules/react-dom/cjs/react-dom.development.js:21640:16)
      at beginWork$1 (node_modules/react-dom/cjs/react-dom.development.js:27465:14)
      at performUnitOfWork (node_modules/react-dom/cjs/react-dom.development.js:26599:12)
      at workLoopSync (node_modules/react-dom/cjs/react-dom.development.js:26505:5)
      at renderRootSync (node_modules/react-dom/cjs/react-dom.development.js:26473:7)
      at performSyncWorkOnRoot (node_modules/react-dom/cjs/react-dom.development.js:26124:20)
      at flushSyncCallbacks (node_modules/react-dom/cjs/react-dom.development.js:12042:22)
      at flushSync (node_modules/react-dom/cjs/react-dom.development.js:26240:7)
      at finishEventHandler (node_modules/react-dom/cjs/react-dom.development.js:3976:5)
      at batchedUpdates (node_modules/react-dom/cjs/react-dom.development.js:3994:5)
      at dispatchEventForPluginEventSystem (node_modules/react-dom/cjs/react-dom.development.js:9287:3)
      at dispatchEventWithEnableCapturePhaseSelectiveHydrationWithoutDiscreteEventReplay (node_modules/react-dom/cjs/react-dom.development.js:6465:5)
      at dispatchEvent (node_modules/react-dom/cjs/react-dom.development.js:6457:5)
      at dispatchDiscreteEvent (node_modules/react-dom/cjs/react-dom.development.js:6430:5)
      at HTMLDivElement.callTheUserObjectsOperation (node_modules/jsdom/lib/jsdom/living/generated/EventListener.js:26:30)
      at innerInvokeEventListeners (node_modules/jsdom/lib/jsdom/living/events/EventTarget-impl.js:350:25)
      at invokeEventListeners (node_modules/jsdom/lib/jsdom/living/events/EventTarget-impl.js:286:3)
      at HTMLInputElementImpl._dispatch (node_modules/jsdom/lib/jsdom/living/events/EventTarget-impl.js:233:9)
      at HTMLInputElementImpl.dispatchEvent (node_modules/jsdom/lib/jsdom/living/events/EventTarget-impl.js:104:17)
      at HTMLInputElement.dispatchEvent (node_modules/jsdom/lib/jsdom/living/generated/EventTarget.js:241:34)
      at node_modules/@testing-library/user-event/dist/cjs/event/dispatchEvent.js:45:43
      at node_modules/@testing-library/react/dist/pure.js:108:16
      at node_modules/@testing-library/react/dist/act-compat.js:48:24
      at act (node_modules/react/cjs/react.development.js:2512:16)
      at node_modules/@testing-library/react/dist/act-compat.js:47:25
      at Object.eventWrapper (node_modules/@testing-library/react/dist/pure.js:107:28)
      at Object.wrapEvent (node_modules/@testing-library/user-event/dist/cjs/event/wrapEvent.js:6:28)
      at Object.dispatchEvent (node_modules/@testing-library/user-event/dist/cjs/event/dispatchEvent.js:45:22)
      at Object.dispatchUIEvent (node_modules/@testing-library/user-event/dist/cjs/event/dispatchEvent.js:22:26)
      at commitInput (node_modules/@testing-library/user-event/dist/cjs/event/input.js:145:14)
      at editInputElement (node_modules/@testing-library/user-event/dist/cjs/event/input.js:115:9)
      at Object.input (node_modules/@testing-library/user-event/dist/cjs/event/input.js:37:9)
      at node_modules/@testing-library/user-event/dist/cjs/event/behavior/keypress.js:31:26
      at Object.dispatchEvent (node_modules/@testing-library/user-event/dist/cjs/event/dispatchEvent.js:41:13)
      at Object.dispatchUIEvent (node_modules/@testing-library/user-event/dist/cjs/event/dispatchEvent.js:22:26)
      at KeyboardHost.keydown (node_modules/@testing-library/user-event/dist/cjs/system/keyboard.js:76:22)
      at keyboardAction (node_modules/@testing-library/user-event/dist/cjs/keyboard/index.js:22:35)
      at Object.keyboard (node_modules/@testing-library/user-event/dist/cjs/keyboard/index.js:11:15)
      at Object.type (node_modules/@testing-library/user-event/dist/cjs/utility/type.js:17:5)
      at Object.asyncWrapper (node_modules/@testing-library/react/dist/pure.js:88:22)
      at Object.<anonymous> (src/app/[locale]/admin/programs/[id]/__tests__/page.test.tsx:230:5)

    console.error
      IntlError: FORMATTING_ERROR: The intl string context variable "count" was not provided to the string "{count} Students"
          at getFallbackFromErrorAndNotify (/Users/yusefbach/Projekte/studynexus/frontend/node_modules/use-intl/dist/development/createFormatter-QqAaZwGD.js:159:19)
          at translateBaseFn (/Users/yusefbach/Projekte/studynexus/frontend/node_modules/use-intl/dist/development/createFormatter-QqAaZwGD.js:251:14)
          at translateFn (/Users/yusefbach/Projekte/studynexus/frontend/node_modules/use-intl/dist/development/createFormatter-QqAaZwGD.js:258:20)
          at t (/Users/yusefbach/Projekte/studynexus/frontend/src/app/[locale]/admin/programs/[id]/page.tsx:177:27)
          at renderWithHooks (/Users/yusefbach/Projekte/studynexus/frontend/node_modules/react-dom/cjs/react-dom.development.js:15486:18)
          at updateFunctionComponent (/Users/yusefbach/Projekte/studynexus/frontend/node_modules/react-dom/cjs/react-dom.development.js:19617:20)
          at beginWork (/Users/yusefbach/Projekte/studynexus/frontend/node_modules/react-dom/cjs/react-dom.development.js:21640:16)
          at beginWork$1 (/Users/yusefbach/Projekte/studynexus/frontend/node_modules/react-dom/cjs/react-dom.development.js:27465:14)
          at performUnitOfWork (/Users/yusefbach/Projekte/studynexus/frontend/node_modules/react-dom/cjs/react-dom.development.js:26599:12)
          at workLoopSync (/Users/yusefbach/Projekte/studynexus/frontend/node_modules/react-dom/cjs/react-dom.development.js:26505:5)
          at renderRootSync (/Users/yusefbach/Projekte/studynexus/frontend/node_modules/react-dom/cjs/react-dom.development.js:26473:7)
          at performSyncWorkOnRoot (/Users/yusefbach/Projekte/studynexus/frontend/node_modules/react-dom/cjs/react-dom.development.js:26124:20)
          at flushSyncCallbacks (/Users/yusefbach/Projekte/studynexus/frontend/node_modules/react-dom/cjs/react-dom.development.js:12042:22)
          at flushSync (/Users/yusefbach/Projekte/studynexus/frontend/node_modules/react-dom/cjs/react-dom.development.js:26240:7)
          at finishEventHandler (/Users/yusefbach/Projekte/studynexus/frontend/node_modules/react-dom/cjs/react-dom.development.js:3976:5)
          at batchedUpdates (/Users/yusefbach/Projekte/studynexus/frontend/node_modules/react-dom/cjs/react-dom.development.js:3994:5)
          at dispatchEventForPluginEventSystem (/Users/yusefbach/Projekte/studynexus/frontend/node_modules/react-dom/cjs/react-dom.development.js:9287:3)
          at dispatchEventWithEnableCapturePhaseSelectiveHydrationWithoutDiscreteEventReplay (/Users/yusefbach/Projekte/studynexus/frontend/node_modules/react-dom/cjs/react-dom.development.js:6465:5)
          at dispatchEvent (/Users/yusefbach/Projekte/studynexus/frontend/node_modules/react-dom/cjs/react-dom.development.js:6457:5)
          at dispatchDiscreteEvent (/Users/yusefbach/Projekte/studynexus/frontend/node_modules/react-dom/cjs/react-dom.development.js:6430:5)
          at HTMLDivElement.callTheUserObjectsOperation (/Users/yusefbach/Projekte/studynexus/frontend/node_modules/jsdom/lib/jsdom/living/generated/EventListener.js:26:30)
          at innerInvokeEventListeners (/Users/yusefbach/Projekte/studynexus/frontend/node_modules/jsdom/lib/jsdom/living/events/EventTarget-impl.js:350:25)
          at invokeEventListeners (/Users/yusefbach/Projekte/studynexus/frontend/node_modules/jsdom/lib/jsdom/living/events/EventTarget-impl.js:286:3)
          at HTMLInputElementImpl._dispatch (/Users/yusefbach/Projekte/studynexus/frontend/node_modules/jsdom/lib/jsdom/living/events/EventTarget-impl.js:233:9)
          at HTMLInputElementImpl.dispatchEvent (/Users/yusefbach/Projekte/studynexus/frontend/node_modules/jsdom/lib/jsdom/living/events/EventTarget-impl.js:104:17)
          at HTMLInputElement.dispatchEvent (/Users/yusefbach/Projekte/studynexus/frontend/node_modules/jsdom/lib/jsdom/living/generated/EventTarget.js:241:34)
          at /Users/yusefbach/Projekte/studynexus/frontend/node_modules/@testing-library/user-event/dist/cjs/event/dispatchEvent.js:45:43
          at /Users/yusefbach/Projekte/studynexus/frontend/node_modules/@testing-library/react/dist/pure.js:108:16
          at /Users/yusefbach/Projekte/studynexus/frontend/node_modules/@testing-library/react/dist/act-compat.js:48:24
          at act (/Users/yusefbach/Projekte/studynexus/frontend/node_modules/react/cjs/react.development.js:2512:16)
          at /Users/yusefbach/Projekte/studynexus/frontend/node_modules/@testing-library/react/dist/act-compat.js:47:25
          at Object.eventWrapper (/Users/yusefbach/Projekte/studynexus/frontend/node_modules/@testing-library/react/dist/pure.js:107:28)
          at Object.wrapEvent (/Users/yusefbach/Projekte/studynexus/frontend/node_modules/@testing-library/user-event/dist/cjs/event/wrapEvent.js:6:28)
          at Object.dispatchEvent (/Users/yusefbach/Projekte/studynexus/frontend/node_modules/@testing-library/user-event/dist/cjs/event/dispatchEvent.js:45:22)
          at Object.dispatchUIEvent (/Users/yusefbach/Projekte/studynexus/frontend/node_modules/@testing-library/user-event/dist/cjs/event/dispatchEvent.js:22:26)
          at commitInput (/Users/yusefbach/Projekte/studynexus/frontend/node_modules/@testing-library/user-event/dist/cjs/event/input.js:145:14)
          at editInputElement (/Users/yusefbach/Projekte/studynexus/frontend/node_modules/@testing-library/user-event/dist/cjs/event/input.js:115:9)
          at Object.input (/Users/yusefbach/Projekte/studynexus/frontend/node_modules/@testing-library/user-event/dist/cjs/event/input.js:37:9)
          at /Users/yusefbach/Projekte/studynexus/frontend/node_modules/@testing-library/user-event/dist/cjs/event/behavior/keypress.js:31:26
          at Object.dispatchEvent (/Users/yusefbach/Projekte/studynexus/frontend/node_modules/@testing-library/user-event/dist/cjs/event/dispatchEvent.js:41:13)
          at Object.dispatchUIEvent (/Users/yusefbach/Projekte/studynexus/frontend/node_modules/@testing-library/user-event/dist/cjs/event/dispatchEvent.js:22:26)
          at KeyboardHost.keydown (/Users/yusefbach/Projekte/studynexus/frontend/node_modules/@testing-library/user-event/dist/cjs/system/keyboard.js:76:22)
          at keyboardAction (/Users/yusefbach/Projekte/studynexus/frontend/node_modules/@testing-library/user-event/dist/cjs/keyboard/index.js:22:35)
          at Object.keyboard (/Users/yusefbach/Projekte/studynexus/frontend/node_modules/@testing-library/user-event/dist/cjs/keyboard/index.js:11:15)
          at Object.type (/Users/yusefbach/Projekte/studynexus/frontend/node_modules/@testing-library/user-event/dist/cjs/utility/type.js:17:5)
          at Object.asyncWrapper (/Users/yusefbach/Projekte/studynexus/frontend/node_modules/@testing-library/react/dist/pure.js:88:22)
          at Object.<anonymous> (/Users/yusefbach/Projekte/studynexus/frontend/src/app/[locale]/admin/programs/[id]/__tests__/page.test.tsx:230:5) {
        code: 'FORMATTING_ERROR',
        originalMessage: 'The intl string context variable "count" was not provided to the string "{count} Students"'
      }

      175 |           <InfoRow label={t("detail.regelstudienzeit")} value={`${prog.regelstudienzeit} ${t("detail.semesterSuffix")}`} />
      176 |           <InfoRow label={t("detail.gesamtEcts")} value={`${prog.gesamt_ects} ECTS`} />
    > 177 |           <InfoRow label={t("detail.students")} value={t("detail.students", { count: prog.student_count })} />
          |                           ^
      178 |         </dl>
      179 |       </SectionCard>
      180 |

      at defaultOnError (node_modules/use-intl/dist/development/initializeConfig-BhfMSHP7.js:70:11)
      at getFallbackFromErrorAndNotify (node_modules/use-intl/dist/development/createFormatter-QqAaZwGD.js:160:5)
      at translateBaseFn (node_modules/use-intl/dist/development/createFormatter-QqAaZwGD.js:251:14)
      at translateFn (node_modules/use-intl/dist/development/createFormatter-QqAaZwGD.js:258:20)
      at t (src/app/[locale]/admin/programs/[id]/page.tsx:177:27)
      at renderWithHooks (node_modules/react-dom/cjs/react-dom.development.js:15486:18)
      at updateFunctionComponent (node_modules/react-dom/cjs/react-dom.development.js:19617:20)
      at beginWork (node_modules/react-dom/cjs/react-dom.development.js:21640:16)
      at beginWork$1 (node_modules/react-dom/cjs/react-dom.development.js:27465:14)
      at performUnitOfWork (node_modules/react-dom/cjs/react-dom.development.js:26599:12)
      at workLoopSync (node_modules/react-dom/cjs/react-dom.development.js:26505:5)
      at renderRootSync (node_modules/react-dom/cjs/react-dom.development.js:26473:7)
      at performSyncWorkOnRoot (node_modules/react-dom/cjs/react-dom.development.js:26124:20)
      at flushSyncCallbacks (node_modules/react-dom/cjs/react-dom.development.js:12042:22)
      at flushSync (node_modules/react-dom/cjs/react-dom.development.js:26240:7)
      at finishEventHandler (node_modules/react-dom/cjs/react-dom.development.js:3976:5)
      at batchedUpdates (node_modules/react-dom/cjs/react-dom.development.js:3994:5)
      at dispatchEventForPluginEventSystem (node_modules/react-dom/cjs/react-dom.development.js:9287:3)
      at dispatchEventWithEnableCapturePhaseSelectiveHydrationWithoutDiscreteEventReplay (node_modules/react-dom/cjs/react-dom.development.js:6465:5)
      at dispatchEvent (node_modules/react-dom/cjs/react-dom.development.js:6457:5)
      at dispatchDiscreteEvent (node_modules/react-dom/cjs/react-dom.development.js:6430:5)
      at HTMLDivElement.callTheUserObjectsOperation (node_modules/jsdom/lib/jsdom/living/generated/EventListener.js:26:30)
      at innerInvokeEventListeners (node_modules/jsdom/lib/jsdom/living/events/EventTarget-impl.js:350:25)
      at invokeEventListeners (node_modules/jsdom/lib/jsdom/living/events/EventTarget-impl.js:286:3)
      at HTMLInputElementImpl._dispatch (node_modules/jsdom/lib/jsdom/living/events/EventTarget-impl.js:233:9)
      at HTMLInputElementImpl.dispatchEvent (node_modules/jsdom/lib/jsdom/living/events/EventTarget-impl.js:104:17)
      at HTMLInputElement.dispatchEvent (node_modules/jsdom/lib/jsdom/living/generated/EventTarget.js:241:34)
      at node_modules/@testing-library/user-event/dist/cjs/event/dispatchEvent.js:45:43
      at node_modules/@testing-library/react/dist/pure.js:108:16
      at node_modules/@testing-library/react/dist/act-compat.js:48:24
      at act (node_modules/react/cjs/react.development.js:2512:16)
      at node_modules/@testing-library/react/dist/act-compat.js:47:25
      at Object.eventWrapper (node_modules/@testing-library/react/dist/pure.js:107:28)
      at Object.wrapEvent (node_modules/@testing-library/user-event/dist/cjs/event/wrapEvent.js:6:28)
      at Object.dispatchEvent (node_modules/@testing-library/user-event/dist/cjs/event/dispatchEvent.js:45:22)
      at Object.dispatchUIEvent (node_modules/@testing-library/user-event/dist/cjs/event/dispatchEvent.js:22:26)
      at commitInput (node_modules/@testing-library/user-event/dist/cjs/event/input.js:145:14)
      at editInputElement (node_modules/@testing-library/user-event/dist/cjs/event/input.js:115:9)
      at Object.input (node_modules/@testing-library/user-event/dist/cjs/event/input.js:37:9)
      at node_modules/@testing-library/user-event/dist/cjs/event/behavior/keypress.js:31:26
      at Object.dispatchEvent (node_modules/@testing-library/user-event/dist/cjs/event/dispatchEvent.js:41:13)
      at Object.dispatchUIEvent (node_modules/@testing-library/user-event/dist/cjs/event/dispatchEvent.js:22:26)
      at KeyboardHost.keydown (node_modules/@testing-library/user-event/dist/cjs/system/keyboard.js:76:22)
      at keyboardAction (node_modules/@testing-library/user-event/dist/cjs/keyboard/index.js:22:35)
      at Object.keyboard (node_modules/@testing-library/user-event/dist/cjs/keyboard/index.js:11:15)
      at Object.type (node_modules/@testing-library/user-event/dist/cjs/utility/type.js:17:5)
      at Object.asyncWrapper (node_modules/@testing-library/react/dist/pure.js:88:22)
      at Object.<anonymous> (src/app/[locale]/admin/programs/[id]/__tests__/page.test.tsx:230:5)

    console.error
      IntlError: FORMATTING_ERROR: The intl string context variable "count" was not provided to the string "{count} Students"
          at getFallbackFromErrorAndNotify (/Users/yusefbach/Projekte/studynexus/frontend/node_modules/use-intl/dist/development/createFormatter-QqAaZwGD.js:159:19)
          at translateBaseFn (/Users/yusefbach/Projekte/studynexus/frontend/node_modules/use-intl/dist/development/createFormatter-QqAaZwGD.js:251:14)
          at translateFn (/Users/yusefbach/Projekte/studynexus/frontend/node_modules/use-intl/dist/development/createFormatter-QqAaZwGD.js:258:20)
          at t (/Users/yusefbach/Projekte/studynexus/frontend/src/app/[locale]/admin/programs/[id]/page.tsx:177:27)
          at renderWithHooks (/Users/yusefbach/Projekte/studynexus/frontend/node_modules/react-dom/cjs/react-dom.development.js:15486:18)
          at updateFunctionComponent (/Users/yusefbach/Projekte/studynexus/frontend/node_modules/react-dom/cjs/react-dom.development.js:19617:20)
          at beginWork (/Users/yusefbach/Projekte/studynexus/frontend/node_modules/react-dom/cjs/react-dom.development.js:21640:16)
          at beginWork$1 (/Users/yusefbach/Projekte/studynexus/frontend/node_modules/react-dom/cjs/react-dom.development.js:27465:14)
          at performUnitOfWork (/Users/yusefbach/Projekte/studynexus/frontend/node_modules/react-dom/cjs/react-dom.development.js:26599:12)
          at workLoopSync (/Users/yusefbach/Projekte/studynexus/frontend/node_modules/react-dom/cjs/react-dom.development.js:26505:5)
          at renderRootSync (/Users/yusefbach/Projekte/studynexus/frontend/node_modules/react-dom/cjs/react-dom.development.js:26473:7)
          at performSyncWorkOnRoot (/Users/yusefbach/Projekte/studynexus/frontend/node_modules/react-dom/cjs/react-dom.development.js:26124:20)
          at flushSyncCallbacks (/Users/yusefbach/Projekte/studynexus/frontend/node_modules/react-dom/cjs/react-dom.development.js:12042:22)
          at flushSync (/Users/yusefbach/Projekte/studynexus/frontend/node_modules/react-dom/cjs/react-dom.development.js:26240:7)
          at finishEventHandler (/Users/yusefbach/Projekte/studynexus/frontend/node_modules/react-dom/cjs/react-dom.development.js:3976:5)
          at batchedUpdates (/Users/yusefbach/Projekte/studynexus/frontend/node_modules/react-dom/cjs/react-dom.development.js:3994:5)
          at dispatchEventForPluginEventSystem (/Users/yusefbach/Projekte/studynexus/frontend/node_modules/react-dom/cjs/react-dom.development.js:9287:3)
          at dispatchEventWithEnableCapturePhaseSelectiveHydrationWithoutDiscreteEventReplay (/Users/yusefbach/Projekte/studynexus/frontend/node_modules/react-dom/cjs/react-dom.development.js:6465:5)
          at dispatchEvent (/Users/yusefbach/Projekte/studynexus/frontend/node_modules/react-dom/cjs/react-dom.development.js:6457:5)
          at dispatchDiscreteEvent (/Users/yusefbach/Projekte/studynexus/frontend/node_modules/react-dom/cjs/react-dom.development.js:6430:5)
          at HTMLDivElement.callTheUserObjectsOperation (/Users/yusefbach/Projekte/studynexus/frontend/node_modules/jsdom/lib/jsdom/living/generated/EventListener.js:26:30)
          at innerInvokeEventListeners (/Users/yusefbach/Projekte/studynexus/frontend/node_modules/jsdom/lib/jsdom/living/events/EventTarget-impl.js:350:25)
          at invokeEventListeners (/Users/yusefbach/Projekte/studynexus/frontend/node_modules/jsdom/lib/jsdom/living/events/EventTarget-impl.js:286:3)
          at HTMLInputElementImpl._dispatch (/Users/yusefbach/Projekte/studynexus/frontend/node_modules/jsdom/lib/jsdom/living/events/EventTarget-impl.js:233:9)
          at HTMLInputElementImpl.dispatchEvent (/Users/yusefbach/Projekte/studynexus/frontend/node_modules/jsdom/lib/jsdom/living/events/EventTarget-impl.js:104:17)
          at HTMLInputElement.dispatchEvent (/Users/yusefbach/Projekte/studynexus/frontend/node_modules/jsdom/lib/jsdom/living/generated/EventTarget.js:241:34)
          at /Users/yusefbach/Projekte/studynexus/frontend/node_modules/@testing-library/user-event/dist/cjs/event/dispatchEvent.js:45:43
          at /Users/yusefbach/Projekte/studynexus/frontend/node_modules/@testing-library/react/dist/pure.js:108:16
          at /Users/yusefbach/Projekte/studynexus/frontend/node_modules/@testing-library/react/dist/act-compat.js:48:24
          at act (/Users/yusefbach/Projekte/studynexus/frontend/node_modules/react/cjs/react.development.js:2512:16)
          at /Users/yusefbach/Projekte/studynexus/frontend/node_modules/@testing-library/react/dist/act-compat.js:47:25
          at Object.eventWrapper (/Users/yusefbach/Projekte/studynexus/frontend/node_modules/@testing-library/react/dist/pure.js:107:28)
          at Object.wrapEvent (/Users/yusefbach/Projekte/studynexus/frontend/node_modules/@testing-library/user-event/dist/cjs/event/wrapEvent.js:6:28)
          at Object.dispatchEvent (/Users/yusefbach/Projekte/studynexus/frontend/node_modules/@testing-library/user-event/dist/cjs/event/dispatchEvent.js:45:22)
          at Object.dispatchUIEvent (/Users/yusefbach/Projekte/studynexus/frontend/node_modules/@testing-library/user-event/dist/cjs/event/dispatchEvent.js:22:26)
          at commitInput (/Users/yusefbach/Projekte/studynexus/frontend/node_modules/@testing-library/user-event/dist/cjs/event/input.js:145:14)
          at editInputElement (/Users/yusefbach/Projekte/studynexus/frontend/node_modules/@testing-library/user-event/dist/cjs/event/input.js:115:9)
          at Object.input (/Users/yusefbach/Projekte/studynexus/frontend/node_modules/@testing-library/user-event/dist/cjs/event/input.js:37:9)
          at /Users/yusefbach/Projekte/studynexus/frontend/node_modules/@testing-library/user-event/dist/cjs/event/behavior/keypress.js:31:26
          at Object.dispatchEvent (/Users/yusefbach/Projekte/studynexus/frontend/node_modules/@testing-library/user-event/dist/cjs/event/dispatchEvent.js:41:13)
          at Object.dispatchUIEvent (/Users/yusefbach/Projekte/studynexus/frontend/node_modules/@testing-library/user-event/dist/cjs/event/dispatchEvent.js:22:26)
          at KeyboardHost.keydown (/Users/yusefbach/Projekte/studynexus/frontend/node_modules/@testing-library/user-event/dist/cjs/system/keyboard.js:76:22)
          at keyboardAction (/Users/yusefbach/Projekte/studynexus/frontend/node_modules/@testing-library/user-event/dist/cjs/keyboard/index.js:22:35)
          at Object.keyboard (/Users/yusefbach/Projekte/studynexus/frontend/node_modules/@testing-library/user-event/dist/cjs/keyboard/index.js:11:15)
          at Object.type (/Users/yusefbach/Projekte/studynexus/frontend/node_modules/@testing-library/user-event/dist/cjs/utility/type.js:17:5)
          at Object.asyncWrapper (/Users/yusefbach/Projekte/studynexus/frontend/node_modules/@testing-library/react/dist/pure.js:88:22)
          at Object.<anonymous> (/Users/yusefbach/Projekte/studynexus/frontend/src/app/[locale]/admin/programs/[id]/__tests__/page.test.tsx:230:5) {
        code: 'FORMATTING_ERROR',
        originalMessage: 'The intl string context variable "count" was not provided to the string "{count} Students"'
      }

      175 |           <InfoRow label={t("detail.regelstudienzeit")} value={`${prog.regelstudienzeit} ${t("detail.semesterSuffix")}`} />
      176 |           <InfoRow label={t("detail.gesamtEcts")} value={`${prog.gesamt_ects} ECTS`} />
    > 177 |           <InfoRow label={t("detail.students")} value={t("detail.students", { count: prog.student_count })} />
          |                           ^
      178 |         </dl>
      179 |       </SectionCard>
      180 |

      at defaultOnError (node_modules/use-intl/dist/development/initializeConfig-BhfMSHP7.js:70:11)
      at getFallbackFromErrorAndNotify (node_modules/use-intl/dist/development/createFormatter-QqAaZwGD.js:160:5)
      at translateBaseFn (node_modules/use-intl/dist/development/createFormatter-QqAaZwGD.js:251:14)
      at translateFn (node_modules/use-intl/dist/development/createFormatter-QqAaZwGD.js:258:20)
      at t (src/app/[locale]/admin/programs/[id]/page.tsx:177:27)
      at renderWithHooks (node_modules/react-dom/cjs/react-dom.development.js:15486:18)
      at updateFunctionComponent (node_modules/react-dom/cjs/react-dom.development.js:19617:20)
      at beginWork (node_modules/react-dom/cjs/react-dom.development.js:21640:16)
      at beginWork$1 (node_modules/react-dom/cjs/react-dom.development.js:27465:14)
      at performUnitOfWork (node_modules/react-dom/cjs/react-dom.development.js:26599:12)
      at workLoopSync (node_modules/react-dom/cjs/react-dom.development.js:26505:5)
      at renderRootSync (node_modules/react-dom/cjs/react-dom.development.js:26473:7)
      at performSyncWorkOnRoot (node_modules/react-dom/cjs/react-dom.development.js:26124:20)
      at flushSyncCallbacks (node_modules/react-dom/cjs/react-dom.development.js:12042:22)
      at flushSync (node_modules/react-dom/cjs/react-dom.development.js:26240:7)
      at finishEventHandler (node_modules/react-dom/cjs/react-dom.development.js:3976:5)
      at batchedUpdates (node_modules/react-dom/cjs/react-dom.development.js:3994:5)
      at dispatchEventForPluginEventSystem (node_modules/react-dom/cjs/react-dom.development.js:9287:3)
      at dispatchEventWithEnableCapturePhaseSelectiveHydrationWithoutDiscreteEventReplay (node_modules/react-dom/cjs/react-dom.development.js:6465:5)
      at dispatchEvent (node_modules/react-dom/cjs/react-dom.development.js:6457:5)
      at dispatchDiscreteEvent (node_modules/react-dom/cjs/react-dom.development.js:6430:5)
      at HTMLDivElement.callTheUserObjectsOperation (node_modules/jsdom/lib/jsdom/living/generated/EventListener.js:26:30)
      at innerInvokeEventListeners (node_modules/jsdom/lib/jsdom/living/events/EventTarget-impl.js:350:25)
      at invokeEventListeners (node_modules/jsdom/lib/jsdom/living/events/EventTarget-impl.js:286:3)
      at HTMLInputElementImpl._dispatch (node_modules/jsdom/lib/jsdom/living/events/EventTarget-impl.js:233:9)
      at HTMLInputElementImpl.dispatchEvent (node_modules/jsdom/lib/jsdom/living/events/EventTarget-impl.js:104:17)
      at HTMLInputElement.dispatchEvent (node_modules/jsdom/lib/jsdom/living/generated/EventTarget.js:241:34)
      at node_modules/@testing-library/user-event/dist/cjs/event/dispatchEvent.js:45:43
      at node_modules/@testing-library/react/dist/pure.js:108:16
      at node_modules/@testing-library/react/dist/act-compat.js:48:24
      at act (node_modules/react/cjs/react.development.js:2512:16)
      at node_modules/@testing-library/react/dist/act-compat.js:47:25
      at Object.eventWrapper (node_modules/@testing-library/react/dist/pure.js:107:28)
      at Object.wrapEvent (node_modules/@testing-library/user-event/dist/cjs/event/wrapEvent.js:6:28)
      at Object.dispatchEvent (node_modules/@testing-library/user-event/dist/cjs/event/dispatchEvent.js:45:22)
      at Object.dispatchUIEvent (node_modules/@testing-library/user-event/dist/cjs/event/dispatchEvent.js:22:26)
      at commitInput (node_modules/@testing-library/user-event/dist/cjs/event/input.js:145:14)
      at editInputElement (node_modules/@testing-library/user-event/dist/cjs/event/input.js:115:9)
      at Object.input (node_modules/@testing-library/user-event/dist/cjs/event/input.js:37:9)
      at node_modules/@testing-library/user-event/dist/cjs/event/behavior/keypress.js:31:26
      at Object.dispatchEvent (node_modules/@testing-library/user-event/dist/cjs/event/dispatchEvent.js:41:13)
      at Object.dispatchUIEvent (node_modules/@testing-library/user-event/dist/cjs/event/dispatchEvent.js:22:26)
      at KeyboardHost.keydown (node_modules/@testing-library/user-event/dist/cjs/system/keyboard.js:76:22)
      at keyboardAction (node_modules/@testing-library/user-event/dist/cjs/keyboard/index.js:22:35)
      at Object.keyboard (node_modules/@testing-library/user-event/dist/cjs/keyboard/index.js:11:15)
      at Object.type (node_modules/@testing-library/user-event/dist/cjs/utility/type.js:17:5)
      at Object.asyncWrapper (node_modules/@testing-library/react/dist/pure.js:88:22)
      at Object.<anonymous> (src/app/[locale]/admin/programs/[id]/__tests__/page.test.tsx:230:5)

    console.error
      IntlError: FORMATTING_ERROR: The intl string context variable "count" was not provided to the string "{count} Students"
          at getFallbackFromErrorAndNotify (/Users/yusefbach/Projekte/studynexus/frontend/node_modules/use-intl/dist/development/createFormatter-QqAaZwGD.js:159:19)
          at translateBaseFn (/Users/yusefbach/Projekte/studynexus/frontend/node_modules/use-intl/dist/development/createFormatter-QqAaZwGD.js:251:14)
          at translateFn (/Users/yusefbach/Projekte/studynexus/frontend/node_modules/use-intl/dist/development/createFormatter-QqAaZwGD.js:258:20)
          at t (/Users/yusefbach/Projekte/studynexus/frontend/src/app/[locale]/admin/programs/[id]/page.tsx:177:27)
          at renderWithHooks (/Users/yusefbach/Projekte/studynexus/frontend/node_modules/react-dom/cjs/react-dom.development.js:15486:18)
          at updateFunctionComponent (/Users/yusefbach/Projekte/studynexus/frontend/node_modules/react-dom/cjs/react-dom.development.js:19617:20)
          at beginWork (/Users/yusefbach/Projekte/studynexus/frontend/node_modules/react-dom/cjs/react-dom.development.js:21640:16)
          at beginWork$1 (/Users/yusefbach/Projekte/studynexus/frontend/node_modules/react-dom/cjs/react-dom.development.js:27465:14)
          at performUnitOfWork (/Users/yusefbach/Projekte/studynexus/frontend/node_modules/react-dom/cjs/react-dom.development.js:26599:12)
          at workLoopSync (/Users/yusefbach/Projekte/studynexus/frontend/node_modules/react-dom/cjs/react-dom.development.js:26505:5)
          at renderRootSync (/Users/yusefbach/Projekte/studynexus/frontend/node_modules/react-dom/cjs/react-dom.development.js:26473:7)
          at performSyncWorkOnRoot (/Users/yusefbach/Projekte/studynexus/frontend/node_modules/react-dom/cjs/react-dom.development.js:26124:20)
          at flushSyncCallbacks (/Users/yusefbach/Projekte/studynexus/frontend/node_modules/react-dom/cjs/react-dom.development.js:12042:22)
          at flushSync (/Users/yusefbach/Projekte/studynexus/frontend/node_modules/react-dom/cjs/react-dom.development.js:26240:7)
          at finishEventHandler (/Users/yusefbach/Projekte/studynexus/frontend/node_modules/react-dom/cjs/react-dom.development.js:3976:5)
          at batchedUpdates (/Users/yusefbach/Projekte/studynexus/frontend/node_modules/react-dom/cjs/react-dom.development.js:3994:5)
          at dispatchEventForPluginEventSystem (/Users/yusefbach/Projekte/studynexus/frontend/node_modules/react-dom/cjs/react-dom.development.js:9287:3)
          at dispatchEventWithEnableCapturePhaseSelectiveHydrationWithoutDiscreteEventReplay (/Users/yusefbach/Projekte/studynexus/frontend/node_modules/react-dom/cjs/react-dom.development.js:6465:5)
          at dispatchEvent (/Users/yusefbach/Projekte/studynexus/frontend/node_modules/react-dom/cjs/react-dom.development.js:6457:5)
          at dispatchDiscreteEvent (/Users/yusefbach/Projekte/studynexus/frontend/node_modules/react-dom/cjs/react-dom.development.js:6430:5)
          at HTMLDivElement.callTheUserObjectsOperation (/Users/yusefbach/Projekte/studynexus/frontend/node_modules/jsdom/lib/jsdom/living/generated/EventListener.js:26:30)
          at innerInvokeEventListeners (/Users/yusefbach/Projekte/studynexus/frontend/node_modules/jsdom/lib/jsdom/living/events/EventTarget-impl.js:350:25)
          at invokeEventListeners (/Users/yusefbach/Projekte/studynexus/frontend/node_modules/jsdom/lib/jsdom/living/events/EventTarget-impl.js:286:3)
          at HTMLInputElementImpl._dispatch (/Users/yusefbach/Projekte/studynexus/frontend/node_modules/jsdom/lib/jsdom/living/events/EventTarget-impl.js:233:9)
          at HTMLInputElementImpl.dispatchEvent (/Users/yusefbach/Projekte/studynexus/frontend/node_modules/jsdom/lib/jsdom/living/events/EventTarget-impl.js:104:17)
          at HTMLInputElement.dispatchEvent (/Users/yusefbach/Projekte/studynexus/frontend/node_modules/jsdom/lib/jsdom/living/generated/EventTarget.js:241:34)
          at /Users/yusefbach/Projekte/studynexus/frontend/node_modules/@testing-library/dom/dist/events.js:19:20
          at /Users/yusefbach/Projekte/studynexus/frontend/node_modules/@testing-library/react/dist/pure.js:108:16
          at /Users/yusefbach/Projekte/studynexus/frontend/node_modules/@testing-library/react/dist/act-compat.js:48:24
          at act (/Users/yusefbach/Projekte/studynexus/frontend/node_modules/react/cjs/react.development.js:2512:16)
          at /Users/yusefbach/Projekte/studynexus/frontend/node_modules/@testing-library/react/dist/act-compat.js:47:25
          at Object.eventWrapper (/Users/yusefbach/Projekte/studynexus/frontend/node_modules/@testing-library/react/dist/pure.js:107:28)
          at fireEvent (/Users/yusefbach/Projekte/studynexus/frontend/node_modules/@testing-library/dom/dist/events.js:12:35)
          at fireEvent.<computed> [as click] (/Users/yusefbach/Projekte/studynexus/frontend/node_modules/@testing-library/dom/dist/events.js:110:36)
          at fireEvent.<computed> [as click] (/Users/yusefbach/Projekte/studynexus/frontend/node_modules/@testing-library/react/dist/fire-event.js:15:52)
          at Object.click (/Users/yusefbach/Projekte/studynexus/frontend/src/app/[locale]/admin/programs/[id]/__tests__/page.test.tsx:231:15) {
        code: 'FORMATTING_ERROR',
        originalMessage: 'The intl string context variable "count" was not provided to the string "{count} Students"'
      }

      175 |           <InfoRow label={t("detail.regelstudienzeit")} value={`${prog.regelstudienzeit} ${t("detail.semesterSuffix")}`} />
      176 |           <InfoRow label={t("detail.gesamtEcts")} value={`${prog.gesamt_ects} ECTS`} />
    > 177 |           <InfoRow label={t("detail.students")} value={t("detail.students", { count: prog.student_count })} />
          |                           ^
      178 |         </dl>
      179 |       </SectionCard>
      180 |

      at defaultOnError (node_modules/use-intl/dist/development/initializeConfig-BhfMSHP7.js:70:11)
      at getFallbackFromErrorAndNotify (node_modules/use-intl/dist/development/createFormatter-QqAaZwGD.js:160:5)
      at translateBaseFn (node_modules/use-intl/dist/development/createFormatter-QqAaZwGD.js:251:14)
      at translateFn (node_modules/use-intl/dist/development/createFormatter-QqAaZwGD.js:258:20)
      at t (src/app/[locale]/admin/programs/[id]/page.tsx:177:27)
      at renderWithHooks (node_modules/react-dom/cjs/react-dom.development.js:15486:18)
      at updateFunctionComponent (node_modules/react-dom/cjs/react-dom.development.js:19617:20)
      at beginWork (node_modules/react-dom/cjs/react-dom.development.js:21640:16)
      at beginWork$1 (node_modules/react-dom/cjs/react-dom.development.js:27465:14)
      at performUnitOfWork (node_modules/react-dom/cjs/react-dom.development.js:26599:12)
      at workLoopSync (node_modules/react-dom/cjs/react-dom.development.js:26505:5)
      at renderRootSync (node_modules/react-dom/cjs/react-dom.development.js:26473:7)
      at performSyncWorkOnRoot (node_modules/react-dom/cjs/react-dom.development.js:26124:20)
      at flushSyncCallbacks (node_modules/react-dom/cjs/react-dom.development.js:12042:22)
      at flushSync (node_modules/react-dom/cjs/react-dom.development.js:26240:7)
      at finishEventHandler (node_modules/react-dom/cjs/react-dom.development.js:3976:5)
      at batchedUpdates (node_modules/react-dom/cjs/react-dom.development.js:3994:5)
      at dispatchEventForPluginEventSystem (node_modules/react-dom/cjs/react-dom.development.js:9287:3)
      at dispatchEventWithEnableCapturePhaseSelectiveHydrationWithoutDiscreteEventReplay (node_modules/react-dom/cjs/react-dom.development.js:6465:5)
      at dispatchEvent (node_modules/react-dom/cjs/react-dom.development.js:6457:5)
      at dispatchDiscreteEvent (node_modules/react-dom/cjs/react-dom.development.js:6430:5)
      at HTMLDivElement.callTheUserObjectsOperation (node_modules/jsdom/lib/jsdom/living/generated/EventListener.js:26:30)
      at innerInvokeEventListeners (node_modules/jsdom/lib/jsdom/living/events/EventTarget-impl.js:350:25)
      at invokeEventListeners (node_modules/jsdom/lib/jsdom/living/events/EventTarget-impl.js:286:3)
      at HTMLInputElementImpl._dispatch (node_modules/jsdom/lib/jsdom/living/events/EventTarget-impl.js:233:9)
      at HTMLInputElementImpl.dispatchEvent (node_modules/jsdom/lib/jsdom/living/events/EventTarget-impl.js:104:17)
      at HTMLInputElement.dispatchEvent (node_modules/jsdom/lib/jsdom/living/generated/EventTarget.js:241:34)
      at node_modules/@testing-library/dom/dist/events.js:19:20
      at node_modules/@testing-library/react/dist/pure.js:108:16
      at node_modules/@testing-library/react/dist/act-compat.js:48:24
      at act (node_modules/react/cjs/react.development.js:2512:16)
      at node_modules/@testing-library/react/dist/act-compat.js:47:25
      at Object.eventWrapper (node_modules/@testing-library/react/dist/pure.js:107:28)
      at fireEvent (node_modules/@testing-library/dom/dist/events.js:12:35)
      at fireEvent.<computed> [as click] (node_modules/@testing-library/dom/dist/events.js:110:36)
      at fireEvent.<computed> [as click] (node_modules/@testing-library/react/dist/fire-event.js:15:52)
      at Object.click (src/app/[locale]/admin/programs/[id]/__tests__/page.test.tsx:231:15)

    console.error
      IntlError: FORMATTING_ERROR: The intl string context variable "count" was not provided to the string "{count} Students"
          at getFallbackFromErrorAndNotify (/Users/yusefbach/Projekte/studynexus/frontend/node_modules/use-intl/dist/development/createFormatter-QqAaZwGD.js:159:19)
          at translateBaseFn (/Users/yusefbach/Projekte/studynexus/frontend/node_modules/use-intl/dist/development/createFormatter-QqAaZwGD.js:251:14)
          at translateFn (/Users/yusefbach/Projekte/studynexus/frontend/node_modules/use-intl/dist/development/createFormatter-QqAaZwGD.js:258:20)
          at t (/Users/yusefbach/Projekte/studynexus/frontend/src/app/[locale]/admin/programs/[id]/page.tsx:177:27)
          at renderWithHooks (/Users/yusefbach/Projekte/studynexus/frontend/node_modules/react-dom/cjs/react-dom.development.js:15486:18)
          at updateFunctionComponent (/Users/yusefbach/Projekte/studynexus/frontend/node_modules/react-dom/cjs/react-dom.development.js:19617:20)
          at beginWork (/Users/yusefbach/Projekte/studynexus/frontend/node_modules/react-dom/cjs/react-dom.development.js:21640:16)
          at beginWork$1 (/Users/yusefbach/Projekte/studynexus/frontend/node_modules/react-dom/cjs/react-dom.development.js:27465:14)
          at performUnitOfWork (/Users/yusefbach/Projekte/studynexus/frontend/node_modules/react-dom/cjs/react-dom.development.js:26599:12)
          at workLoopSync (/Users/yusefbach/Projekte/studynexus/frontend/node_modules/react-dom/cjs/react-dom.development.js:26505:5)
          at renderRootSync (/Users/yusefbach/Projekte/studynexus/frontend/node_modules/react-dom/cjs/react-dom.development.js:26473:7)
          at performSyncWorkOnRoot (/Users/yusefbach/Projekte/studynexus/frontend/node_modules/react-dom/cjs/react-dom.development.js:26124:20)
          at flushSyncCallbacks (/Users/yusefbach/Projekte/studynexus/frontend/node_modules/react-dom/cjs/react-dom.development.js:12042:22)
          at flushActQueue (/Users/yusefbach/Projekte/studynexus/frontend/node_modules/react/cjs/react.development.js:2667:24)
          at act (/Users/yusefbach/Projekte/studynexus/frontend/node_modules/react/cjs/react.development.js:2582:11)
          at /Users/yusefbach/Projekte/studynexus/frontend/node_modules/@testing-library/react/dist/act-compat.js:47:25
          at Object.eventWrapper (/Users/yusefbach/Projekte/studynexus/frontend/node_modules/@testing-library/react/dist/pure.js:107:28)
          at fireEvent (/Users/yusefbach/Projekte/studynexus/frontend/node_modules/@testing-library/dom/dist/events.js:12:35)
          at fireEvent.<computed> [as click] (/Users/yusefbach/Projekte/studynexus/frontend/node_modules/@testing-library/dom/dist/events.js:110:36)
          at fireEvent.<computed> [as click] (/Users/yusefbach/Projekte/studynexus/frontend/node_modules/@testing-library/react/dist/fire-event.js:15:52)
          at Object.click (/Users/yusefbach/Projekte/studynexus/frontend/src/app/[locale]/admin/programs/[id]/__tests__/page.test.tsx:233:15) {
        code: 'FORMATTING_ERROR',
        originalMessage: 'The intl string context variable "count" was not provided to the string "{count} Students"'
      }

      175 |           <InfoRow label={t("detail.regelstudienzeit")} value={`${prog.regelstudienzeit} ${t("detail.semesterSuffix")}`} />
      176 |           <InfoRow label={t("detail.gesamtEcts")} value={`${prog.gesamt_ects} ECTS`} />
    > 177 |           <InfoRow label={t("detail.students")} value={t("detail.students", { count: prog.student_count })} />
          |                           ^
      178 |         </dl>
      179 |       </SectionCard>
      180 |

      at defaultOnError (node_modules/use-intl/dist/development/initializeConfig-BhfMSHP7.js:70:11)
      at getFallbackFromErrorAndNotify (node_modules/use-intl/dist/development/createFormatter-QqAaZwGD.js:160:5)
      at translateBaseFn (node_modules/use-intl/dist/development/createFormatter-QqAaZwGD.js:251:14)
      at translateFn (node_modules/use-intl/dist/development/createFormatter-QqAaZwGD.js:258:20)
      at t (src/app/[locale]/admin/programs/[id]/page.tsx:177:27)
      at renderWithHooks (node_modules/react-dom/cjs/react-dom.development.js:15486:18)
      at updateFunctionComponent (node_modules/react-dom/cjs/react-dom.development.js:19617:20)
      at beginWork (node_modules/react-dom/cjs/react-dom.development.js:21640:16)
      at beginWork$1 (node_modules/react-dom/cjs/react-dom.development.js:27465:14)
      at performUnitOfWork (node_modules/react-dom/cjs/react-dom.development.js:26599:12)
      at workLoopSync (node_modules/react-dom/cjs/react-dom.development.js:26505:5)
      at renderRootSync (node_modules/react-dom/cjs/react-dom.development.js:26473:7)
      at performSyncWorkOnRoot (node_modules/react-dom/cjs/react-dom.development.js:26124:20)
      at flushSyncCallbacks (node_modules/react-dom/cjs/react-dom.development.js:12042:22)
      at flushActQueue (node_modules/react/cjs/react.development.js:2667:24)
      at act (node_modules/react/cjs/react.development.js:2582:11)
      at node_modules/@testing-library/react/dist/act-compat.js:47:25
      at Object.eventWrapper (node_modules/@testing-library/react/dist/pure.js:107:28)
      at fireEvent (node_modules/@testing-library/dom/dist/events.js:12:35)
      at fireEvent.<computed> [as click] (node_modules/@testing-library/dom/dist/events.js:110:36)
      at fireEvent.<computed> [as click] (node_modules/@testing-library/react/dist/fire-event.js:15:52)
      at Object.click (src/app/[locale]/admin/programs/[id]/__tests__/page.test.tsx:233:15)

    console.error
      IntlError: FORMATTING_ERROR: The intl string context variable "count" was not provided to the string "{count} Students"
          at getFallbackFromErrorAndNotify (/Users/yusefbach/Projekte/studynexus/frontend/node_modules/use-intl/dist/development/createFormatter-QqAaZwGD.js:159:19)
          at translateBaseFn (/Users/yusefbach/Projekte/studynexus/frontend/node_modules/use-intl/dist/development/createFormatter-QqAaZwGD.js:251:14)
          at translateFn (/Users/yusefbach/Projekte/studynexus/frontend/node_modules/use-intl/dist/development/createFormatter-QqAaZwGD.js:258:20)
          at t (/Users/yusefbach/Projekte/studynexus/frontend/src/app/[locale]/admin/programs/[id]/page.tsx:177:27)
          at renderWithHooks (/Users/yusefbach/Projekte/studynexus/frontend/node_modules/react-dom/cjs/react-dom.development.js:15486:18)
          at updateFunctionComponent (/Users/yusefbach/Projekte/studynexus/frontend/node_modules/react-dom/cjs/react-dom.development.js:19617:20)
          at beginWork (/Users/yusefbach/Projekte/studynexus/frontend/node_modules/react-dom/cjs/react-dom.development.js:21640:16)
          at beginWork$1 (/Users/yusefbach/Projekte/studynexus/frontend/node_modules/react-dom/cjs/react-dom.development.js:27465:14)
          at performUnitOfWork (/Users/yusefbach/Projekte/studynexus/frontend/node_modules/react-dom/cjs/react-dom.development.js:26599:12)
          at workLoopSync (/Users/yusefbach/Projekte/studynexus/frontend/node_modules/react-dom/cjs/react-dom.development.js:26505:5)
          at renderRootSync (/Users/yusefbach/Projekte/studynexus/frontend/node_modules/react-dom/cjs/react-dom.development.js:26473:7)
          at performConcurrentWorkOnRoot (/Users/yusefbach/Projekte/studynexus/frontend/node_modules/react-dom/cjs/react-dom.development.js:25777:74)
          at workLoop (/Users/yusefbach/Projekte/studynexus/frontend/node_modules/scheduler/cjs/scheduler.development.js:266:34)
          at flushWork (/Users/yusefbach/Projekte/studynexus/frontend/node_modules/scheduler/cjs/scheduler.development.js:239:14)
          at performWorkUntilDeadline (/Users/yusefbach/Projekte/studynexus/frontend/node_modules/scheduler/cjs/scheduler.development.js:533:21)
          at Timeout.task [as _onTimeout] (/Users/yusefbach/Projekte/studynexus/frontend/node_modules/jsdom/lib/jsdom/browser/Window.js:520:19)
          at listOnTimeout (node:internal/timers:605:17)
          at processTimers (node:internal/timers:541:7) {
        code: 'FORMATTING_ERROR',
        originalMessage: 'The intl string context variable "count" was not provided to the string "{count} Students"'
      }

      175 |           <InfoRow label={t("detail.regelstudienzeit")} value={`${prog.regelstudienzeit} ${t("detail.semesterSuffix")}`} />
      176 |           <InfoRow label={t("detail.gesamtEcts")} value={`${prog.gesamt_ects} ECTS`} />
    > 177 |           <InfoRow label={t("detail.students")} value={t("detail.students", { count: prog.student_count })} />
          |                           ^
      178 |         </dl>
      179 |       </SectionCard>
      180 |

      at defaultOnError (node_modules/use-intl/dist/development/initializeConfig-BhfMSHP7.js:70:11)
      at getFallbackFromErrorAndNotify (node_modules/use-intl/dist/development/createFormatter-QqAaZwGD.js:160:5)
      at translateBaseFn (node_modules/use-intl/dist/development/createFormatter-QqAaZwGD.js:251:14)
      at translateFn (node_modules/use-intl/dist/development/createFormatter-QqAaZwGD.js:258:20)
      at t (src/app/[locale]/admin/programs/[id]/page.tsx:177:27)
      at renderWithHooks (node_modules/react-dom/cjs/react-dom.development.js:15486:18)
      at updateFunctionComponent (node_modules/react-dom/cjs/react-dom.development.js:19617:20)
      at beginWork (node_modules/react-dom/cjs/react-dom.development.js:21640:16)
      at beginWork$1 (node_modules/react-dom/cjs/react-dom.development.js:27465:14)
      at performUnitOfWork (node_modules/react-dom/cjs/react-dom.development.js:26599:12)
      at workLoopSync (node_modules/react-dom/cjs/react-dom.development.js:26505:5)
      at renderRootSync (node_modules/react-dom/cjs/react-dom.development.js:26473:7)
      at performConcurrentWorkOnRoot (node_modules/react-dom/cjs/react-dom.development.js:25777:74)
      at workLoop (node_modules/scheduler/cjs/scheduler.development.js:266:34)
      at flushWork (node_modules/scheduler/cjs/scheduler.development.js:239:14)
      at performWorkUntilDeadline (node_modules/scheduler/cjs/scheduler.development.js:533:21)
      at Timeout.task [as _onTimeout] (node_modules/jsdom/lib/jsdom/browser/Window.js:520:19)

    console.error
      IntlError: FORMATTING_ERROR: The intl string context variable "count" was not provided to the string "{count} Students"
          at getFallbackFromErrorAndNotify (/Users/yusefbach/Projekte/studynexus/frontend/node_modules/use-intl/dist/development/createFormatter-QqAaZwGD.js:159:19)
          at translateBaseFn (/Users/yusefbach/Projekte/studynexus/frontend/node_modules/use-intl/dist/development/createFormatter-QqAaZwGD.js:251:14)
          at translateFn (/Users/yusefbach/Projekte/studynexus/frontend/node_modules/use-intl/dist/development/createFormatter-QqAaZwGD.js:258:20)
          at t (/Users/yusefbach/Projekte/studynexus/frontend/src/app/[locale]/admin/programs/[id]/page.tsx:177:27)
          at renderWithHooks (/Users/yusefbach/Projekte/studynexus/frontend/node_modules/react-dom/cjs/react-dom.development.js:15486:18)
          at mountIndeterminateComponent (/Users/yusefbach/Projekte/studynexus/frontend/node_modules/react-dom/cjs/react-dom.development.js:20103:13)
          at beginWork (/Users/yusefbach/Projekte/studynexus/frontend/node_modules/react-dom/cjs/react-dom.development.js:21626:16)
          at beginWork$1 (/Users/yusefbach/Projekte/studynexus/frontend/node_modules/react-dom/cjs/react-dom.development.js:27465:14)
          at performUnitOfWork (/Users/yusefbach/Projekte/studynexus/frontend/node_modules/react-dom/cjs/react-dom.development.js:26599:12)
          at workLoopSync (/Users/yusefbach/Projekte/studynexus/frontend/node_modules/react-dom/cjs/react-dom.development.js:26505:5)
          at renderRootSync (/Users/yusefbach/Projekte/studynexus/frontend/node_modules/react-dom/cjs/react-dom.development.js:26473:7)
          at performConcurrentWorkOnRoot (/Users/yusefbach/Projekte/studynexus/frontend/node_modules/react-dom/cjs/react-dom.development.js:25777:74)
          at flushActQueue (/Users/yusefbach/Projekte/studynexus/frontend/node_modules/react/cjs/react.development.js:2667:24)
          at act (/Users/yusefbach/Projekte/studynexus/frontend/node_modules/react/cjs/react.development.js:2582:11)
          at /Users/yusefbach/Projekte/studynexus/frontend/node_modules/@testing-library/react/dist/act-compat.js:47:25
          at renderRoot (/Users/yusefbach/Projekte/studynexus/frontend/node_modules/@testing-library/react/dist/pure.js:180:26)
          at render (/Users/yusefbach/Projekte/studynexus/frontend/node_modules/@testing-library/react/dist/pure.js:271:10)
          at renderPage (/Users/yusefbach/Projekte/studynexus/frontend/src/app/[locale]/admin/programs/[id]/__tests__/page.test.tsx:133:18)
          at Object.renderPage (/Users/yusefbach/Projekte/studynexus/frontend/src/app/[locale]/admin/programs/[id]/__tests__/page.test.tsx:249:5)
          at Promise.then.completed (/Users/yusefbach/Projekte/studynexus/frontend/node_modules/jest-circus/build/utils.js:298:28)
          at new Promise (<anonymous>)
          at callAsyncCircusFn (/Users/yusefbach/Projekte/studynexus/frontend/node_modules/jest-circus/build/utils.js:231:10)
          at _callCircusTest (/Users/yusefbach/Projekte/studynexus/frontend/node_modules/jest-circus/build/run.js:316:40)
          at _runTest (/Users/yusefbach/Projekte/studynexus/frontend/node_modules/jest-circus/build/run.js:252:3)
          at _runTestsForDescribeBlock (/Users/yusefbach/Projekte/studynexus/frontend/node_modules/jest-circus/build/run.js:126:9)
          at _runTestsForDescribeBlock (/Users/yusefbach/Projekte/studynexus/frontend/node_modules/jest-circus/build/run.js:121:9)
          at run (/Users/yusefbach/Projekte/studynexus/frontend/node_modules/jest-circus/build/run.js:71:3)
          at runAndTransformResultsToJestFormat (/Users/yusefbach/Projekte/studynexus/frontend/node_modules/jest-circus/build/legacy-code-todo-rewrite/jestAdapterInit.js:122:21)
          at jestAdapter (/Users/yusefbach/Projekte/studynexus/frontend/node_modules/jest-circus/build/legacy-code-todo-rewrite/jestAdapter.js:79:19)
          at runTestInternal (/Users/yusefbach/Projekte/studynexus/frontend/node_modules/jest-runner/build/runTest.js:367:16)
          at runTest (/Users/yusefbach/Projekte/studynexus/frontend/node_modules/jest-runner/build/runTest.js:444:34)
          at Object.worker (/Users/yusefbach/Projekte/studynexus/frontend/node_modules/jest-runner/build/testWorker.js:106:12) {
        code: 'FORMATTING_ERROR',
        originalMessage: 'The intl string context variable "count" was not provided to the string "{count} Students"'
      }

      175 |           <InfoRow label={t("detail.regelstudienzeit")} value={`${prog.regelstudienzeit} ${t("detail.semesterSuffix")}`} />
      176 |           <InfoRow label={t("detail.gesamtEcts")} value={`${prog.gesamt_ects} ECTS`} />
    > 177 |           <InfoRow label={t("detail.students")} value={t("detail.students", { count: prog.student_count })} />
          |                           ^
      178 |         </dl>
      179 |       </SectionCard>
      180 |

      at defaultOnError (node_modules/use-intl/dist/development/initializeConfig-BhfMSHP7.js:70:11)
      at getFallbackFromErrorAndNotify (node_modules/use-intl/dist/development/createFormatter-QqAaZwGD.js:160:5)
      at translateBaseFn (node_modules/use-intl/dist/development/createFormatter-QqAaZwGD.js:251:14)
      at translateFn (node_modules/use-intl/dist/development/createFormatter-QqAaZwGD.js:258:20)
      at t (src/app/[locale]/admin/programs/[id]/page.tsx:177:27)
      at renderWithHooks (node_modules/react-dom/cjs/react-dom.development.js:15486:18)
      at mountIndeterminateComponent (node_modules/react-dom/cjs/react-dom.development.js:20103:13)
      at beginWork (node_modules/react-dom/cjs/react-dom.development.js:21626:16)
      at beginWork$1 (node_modules/react-dom/cjs/react-dom.development.js:27465:14)
      at performUnitOfWork (node_modules/react-dom/cjs/react-dom.development.js:26599:12)
      at workLoopSync (node_modules/react-dom/cjs/react-dom.development.js:26505:5)
      at renderRootSync (node_modules/react-dom/cjs/react-dom.development.js:26473:7)
      at performConcurrentWorkOnRoot (node_modules/react-dom/cjs/react-dom.development.js:25777:74)
      at flushActQueue (node_modules/react/cjs/react.development.js:2667:24)
      at act (node_modules/react/cjs/react.development.js:2582:11)
      at node_modules/@testing-library/react/dist/act-compat.js:47:25
      at renderRoot (node_modules/@testing-library/react/dist/pure.js:180:26)
      at render (node_modules/@testing-library/react/dist/pure.js:271:10)
      at renderPage (src/app/[locale]/admin/programs/[id]/__tests__/page.test.tsx:133:18)
      at Object.renderPage (src/app/[locale]/admin/programs/[id]/__tests__/page.test.tsx:249:5)

    console.error
      IntlError: FORMATTING_ERROR: The intl string context variable "count" was not provided to the string "{count} Students"
          at getFallbackFromErrorAndNotify (/Users/yusefbach/Projekte/studynexus/frontend/node_modules/use-intl/dist/development/createFormatter-QqAaZwGD.js:159:19)
          at translateBaseFn (/Users/yusefbach/Projekte/studynexus/frontend/node_modules/use-intl/dist/development/createFormatter-QqAaZwGD.js:251:14)
          at translateFn (/Users/yusefbach/Projekte/studynexus/frontend/node_modules/use-intl/dist/development/createFormatter-QqAaZwGD.js:258:20)
          at t (/Users/yusefbach/Projekte/studynexus/frontend/src/app/[locale]/admin/programs/[id]/page.tsx:177:27)
          at renderWithHooks (/Users/yusefbach/Projekte/studynexus/frontend/node_modules/react-dom/cjs/react-dom.development.js:15486:18)
          at updateFunctionComponent (/Users/yusefbach/Projekte/studynexus/frontend/node_modules/react-dom/cjs/react-dom.development.js:19617:20)
          at beginWork (/Users/yusefbach/Projekte/studynexus/frontend/node_modules/react-dom/cjs/react-dom.development.js:21640:16)
          at beginWork$1 (/Users/yusefbach/Projekte/studynexus/frontend/node_modules/react-dom/cjs/react-dom.development.js:27465:14)
          at performUnitOfWork (/Users/yusefbach/Projekte/studynexus/frontend/node_modules/react-dom/cjs/react-dom.development.js:26599:12)
          at workLoopSync (/Users/yusefbach/Projekte/studynexus/frontend/node_modules/react-dom/cjs/react-dom.development.js:26505:5)
          at renderRootSync (/Users/yusefbach/Projekte/studynexus/frontend/node_modules/react-dom/cjs/react-dom.development.js:26473:7)
          at performSyncWorkOnRoot (/Users/yusefbach/Projekte/studynexus/frontend/node_modules/react-dom/cjs/react-dom.development.js:26124:20)
          at flushSyncCallbacks (/Users/yusefbach/Projekte/studynexus/frontend/node_modules/react-dom/cjs/react-dom.development.js:12042:22)
          at flushActQueue (/Users/yusefbach/Projekte/studynexus/frontend/node_modules/react/cjs/react.development.js:2667:24)
          at act (/Users/yusefbach/Projekte/studynexus/frontend/node_modules/react/cjs/react.development.js:2582:11)
          at /Users/yusefbach/Projekte/studynexus/frontend/node_modules/@testing-library/react/dist/act-compat.js:47:25
          at Object.eventWrapper (/Users/yusefbach/Projekte/studynexus/frontend/node_modules/@testing-library/react/dist/pure.js:107:28)
          at fireEvent (/Users/yusefbach/Projekte/studynexus/frontend/node_modules/@testing-library/dom/dist/events.js:12:35)
          at fireEvent.<computed> [as click] (/Users/yusefbach/Projekte/studynexus/frontend/node_modules/@testing-library/dom/dist/events.js:110:36)
          at fireEvent.<computed> [as click] (/Users/yusefbach/Projekte/studynexus/frontend/node_modules/@testing-library/react/dist/fire-event.js:15:52)
          at Object.click (/Users/yusefbach/Projekte/studynexus/frontend/src/app/[locale]/admin/programs/[id]/__tests__/page.test.tsx:251:15)
          at Promise.then.completed (/Users/yusefbach/Projekte/studynexus/frontend/node_modules/jest-circus/build/utils.js:298:28)
          at new Promise (<anonymous>)
          at callAsyncCircusFn (/Users/yusefbach/Projekte/studynexus/frontend/node_modules/jest-circus/build/utils.js:231:10)
          at _callCircusTest (/Users/yusefbach/Projekte/studynexus/frontend/node_modules/jest-circus/build/run.js:316:40)
          at _runTest (/Users/yusefbach/Projekte/studynexus/frontend/node_modules/jest-circus/build/run.js:252:3)
          at _runTestsForDescribeBlock (/Users/yusefbach/Projekte/studynexus/frontend/node_modules/jest-circus/build/run.js:126:9)
          at _runTestsForDescribeBlock (/Users/yusefbach/Projekte/studynexus/frontend/node_modules/jest-circus/build/run.js:121:9)
          at run (/Users/yusefbach/Projekte/studynexus/frontend/node_modules/jest-circus/build/run.js:71:3)
          at runAndTransformResultsToJestFormat (/Users/yusefbach/Projekte/studynexus/frontend/node_modules/jest-circus/build/legacy-code-todo-rewrite/jestAdapterInit.js:122:21)
          at jestAdapter (/Users/yusefbach/Projekte/studynexus/frontend/node_modules/jest-circus/build/legacy-code-todo-rewrite/jestAdapter.js:79:19)
          at runTestInternal (/Users/yusefbach/Projekte/studynexus/frontend/node_modules/jest-runner/build/runTest.js:367:16)
          at runTest (/Users/yusefbach/Projekte/studynexus/frontend/node_modules/jest-runner/build/runTest.js:444:34)
          at Object.worker (/Users/yusefbach/Projekte/studynexus/frontend/node_modules/jest-runner/build/testWorker.js:106:12) {
        code: 'FORMATTING_ERROR',
        originalMessage: 'The intl string context variable "count" was not provided to the string "{count} Students"'
      }

      175 |           <InfoRow label={t("detail.regelstudienzeit")} value={`${prog.regelstudienzeit} ${t("detail.semesterSuffix")}`} />
      176 |           <InfoRow label={t("detail.gesamtEcts")} value={`${prog.gesamt_ects} ECTS`} />
    > 177 |           <InfoRow label={t("detail.students")} value={t("detail.students", { count: prog.student_count })} />
          |                           ^
      178 |         </dl>
      179 |       </SectionCard>
      180 |

      at defaultOnError (node_modules/use-intl/dist/development/initializeConfig-BhfMSHP7.js:70:11)
      at getFallbackFromErrorAndNotify (node_modules/use-intl/dist/development/createFormatter-QqAaZwGD.js:160:5)
      at translateBaseFn (node_modules/use-intl/dist/development/createFormatter-QqAaZwGD.js:251:14)
      at translateFn (node_modules/use-intl/dist/development/createFormatter-QqAaZwGD.js:258:20)
      at t (src/app/[locale]/admin/programs/[id]/page.tsx:177:27)
      at renderWithHooks (node_modules/react-dom/cjs/react-dom.development.js:15486:18)
      at updateFunctionComponent (node_modules/react-dom/cjs/react-dom.development.js:19617:20)
      at beginWork (node_modules/react-dom/cjs/react-dom.development.js:21640:16)
      at beginWork$1 (node_modules/react-dom/cjs/react-dom.development.js:27465:14)
      at performUnitOfWork (node_modules/react-dom/cjs/react-dom.development.js:26599:12)
      at workLoopSync (node_modules/react-dom/cjs/react-dom.development.js:26505:5)
      at renderRootSync (node_modules/react-dom/cjs/react-dom.development.js:26473:7)
      at performSyncWorkOnRoot (node_modules/react-dom/cjs/react-dom.development.js:26124:20)
      at flushSyncCallbacks (node_modules/react-dom/cjs/react-dom.development.js:12042:22)
      at flushActQueue (node_modules/react/cjs/react.development.js:2667:24)
      at act (node_modules/react/cjs/react.development.js:2582:11)
      at node_modules/@testing-library/react/dist/act-compat.js:47:25
      at Object.eventWrapper (node_modules/@testing-library/react/dist/pure.js:107:28)
      at fireEvent (node_modules/@testing-library/dom/dist/events.js:12:35)
      at fireEvent.<computed> [as click] (node_modules/@testing-library/dom/dist/events.js:110:36)
      at fireEvent.<computed> [as click] (node_modules/@testing-library/react/dist/fire-event.js:15:52)
      at Object.click (src/app/[locale]/admin/programs/[id]/__tests__/page.test.tsx:251:15)

    console.error
      IntlError: FORMATTING_ERROR: The intl string context variable "count" was not provided to the string "{count} Students"
          at getFallbackFromErrorAndNotify (/Users/yusefbach/Projekte/studynexus/frontend/node_modules/use-intl/dist/development/createFormatter-QqAaZwGD.js:159:19)
          at translateBaseFn (/Users/yusefbach/Projekte/studynexus/frontend/node_modules/use-intl/dist/development/createFormatter-QqAaZwGD.js:251:14)
          at translateFn (/Users/yusefbach/Projekte/studynexus/frontend/node_modules/use-intl/dist/development/createFormatter-QqAaZwGD.js:258:20)
          at t (/Users/yusefbach/Projekte/studynexus/frontend/src/app/[locale]/admin/programs/[id]/page.tsx:177:27)
          at renderWithHooks (/Users/yusefbach/Projekte/studynexus/frontend/node_modules/react-dom/cjs/react-dom.development.js:15486:18)
          at updateFunctionComponent (/Users/yusefbach/Projekte/studynexus/frontend/node_modules/react-dom/cjs/react-dom.development.js:19617:20)
          at beginWork (/Users/yusefbach/Projekte/studynexus/frontend/node_modules/react-dom/cjs/react-dom.development.js:21640:16)
          at beginWork$1 (/Users/yusefbach/Projekte/studynexus/frontend/node_modules/react-dom/cjs/react-dom.development.js:27465:14)
          at performUnitOfWork (/Users/yusefbach/Projekte/studynexus/frontend/node_modules/react-dom/cjs/react-dom.development.js:26599:12)
          at workLoopSync (/Users/yusefbach/Projekte/studynexus/frontend/node_modules/react-dom/cjs/react-dom.development.js:26505:5)
          at renderRootSync (/Users/yusefbach/Projekte/studynexus/frontend/node_modules/react-dom/cjs/react-dom.development.js:26473:7)
          at performSyncWorkOnRoot (/Users/yusefbach/Projekte/studynexus/frontend/node_modules/react-dom/cjs/react-dom.development.js:26124:20)
          at flushSyncCallbacks (/Users/yusefbach/Projekte/studynexus/frontend/node_modules/react-dom/cjs/react-dom.development.js:12042:22)
          at flushActQueue (/Users/yusefbach/Projekte/studynexus/frontend/node_modules/react/cjs/react.development.js:2667:24)
          at act (/Users/yusefbach/Projekte/studynexus/frontend/node_modules/react/cjs/react.development.js:2582:11)
          at /Users/yusefbach/Projekte/studynexus/frontend/node_modules/@testing-library/react/dist/act-compat.js:47:25
          at Object.eventWrapper (/Users/yusefbach/Projekte/studynexus/frontend/node_modules/@testing-library/react/dist/pure.js:107:28)
          at fireEvent (/Users/yusefbach/Projekte/studynexus/frontend/node_modules/@testing-library/dom/dist/events.js:12:35)
          at fireEvent.<computed> [as click] (/Users/yusefbach/Projekte/studynexus/frontend/node_modules/@testing-library/dom/dist/events.js:110:36)
          at fireEvent.<computed> [as click] (/Users/yusefbach/Projekte/studynexus/frontend/node_modules/@testing-library/react/dist/fire-event.js:15:52)
          at Object.click (/Users/yusefbach/Projekte/studynexus/frontend/src/app/[locale]/admin/programs/[id]/__tests__/page.test.tsx:254:15)
          at Promise.then.completed (/Users/yusefbach/Projekte/studynexus/frontend/node_modules/jest-circus/build/utils.js:298:28)
          at new Promise (<anonymous>)
          at callAsyncCircusFn (/Users/yusefbach/Projekte/studynexus/frontend/node_modules/jest-circus/build/utils.js:231:10)
          at _callCircusTest (/Users/yusefbach/Projekte/studynexus/frontend/node_modules/jest-circus/build/run.js:316:40)
          at _runTest (/Users/yusefbach/Projekte/studynexus/frontend/node_modules/jest-circus/build/run.js:252:3)
          at _runTestsForDescribeBlock (/Users/yusefbach/Projekte/studynexus/frontend/node_modules/jest-circus/build/run.js:126:9)
          at _runTestsForDescribeBlock (/Users/yusefbach/Projekte/studynexus/frontend/node_modules/jest-circus/build/run.js:121:9)
          at run (/Users/yusefbach/Projekte/studynexus/frontend/node_modules/jest-circus/build/run.js:71:3)
          at runAndTransformResultsToJestFormat (/Users/yusefbach/Projekte/studynexus/frontend/node_modules/jest-circus/build/legacy-code-todo-rewrite/jestAdapterInit.js:122:21)
          at jestAdapter (/Users/yusefbach/Projekte/studynexus/frontend/node_modules/jest-circus/build/legacy-code-todo-rewrite/jestAdapter.js:79:19)
          at runTestInternal (/Users/yusefbach/Projekte/studynexus/frontend/node_modules/jest-runner/build/runTest.js:367:16)
          at runTest (/Users/yusefbach/Projekte/studynexus/frontend/node_modules/jest-runner/build/runTest.js:444:34)
          at Object.worker (/Users/yusefbach/Projekte/studynexus/frontend/node_modules/jest-runner/build/testWorker.js:106:12) {
        code: 'FORMATTING_ERROR',
        originalMessage: 'The intl string context variable "count" was not provided to the string "{count} Students"'
      }

      175 |           <InfoRow label={t("detail.regelstudienzeit")} value={`${prog.regelstudienzeit} ${t("detail.semesterSuffix")}`} />
      176 |           <InfoRow label={t("detail.gesamtEcts")} value={`${prog.gesamt_ects} ECTS`} />
    > 177 |           <InfoRow label={t("detail.students")} value={t("detail.students", { count: prog.student_count })} />
          |                           ^
      178 |         </dl>
      179 |       </SectionCard>
      180 |

      at defaultOnError (node_modules/use-intl/dist/development/initializeConfig-BhfMSHP7.js:70:11)
      at getFallbackFromErrorAndNotify (node_modules/use-intl/dist/development/createFormatter-QqAaZwGD.js:160:5)
      at translateBaseFn (node_modules/use-intl/dist/development/createFormatter-QqAaZwGD.js:251:14)
      at translateFn (node_modules/use-intl/dist/development/createFormatter-QqAaZwGD.js:258:20)
      at t (src/app/[locale]/admin/programs/[id]/page.tsx:177:27)
      at renderWithHooks (node_modules/react-dom/cjs/react-dom.development.js:15486:18)
      at updateFunctionComponent (node_modules/react-dom/cjs/react-dom.development.js:19617:20)
      at beginWork (node_modules/react-dom/cjs/react-dom.development.js:21640:16)
      at beginWork$1 (node_modules/react-dom/cjs/react-dom.development.js:27465:14)
      at performUnitOfWork (node_modules/react-dom/cjs/react-dom.development.js:26599:12)
      at workLoopSync (node_modules/react-dom/cjs/react-dom.development.js:26505:5)
      at renderRootSync (node_modules/react-dom/cjs/react-dom.development.js:26473:7)
      at performSyncWorkOnRoot (node_modules/react-dom/cjs/react-dom.development.js:26124:20)
      at flushSyncCallbacks (node_modules/react-dom/cjs/react-dom.development.js:12042:22)
      at flushActQueue (node_modules/react/cjs/react.development.js:2667:24)
      at act (node_modules/react/cjs/react.development.js:2582:11)
      at node_modules/@testing-library/react/dist/act-compat.js:47:25
      at Object.eventWrapper (node_modules/@testing-library/react/dist/pure.js:107:28)
      at fireEvent (node_modules/@testing-library/dom/dist/events.js:12:35)
      at fireEvent.<computed> [as click] (node_modules/@testing-library/dom/dist/events.js:110:36)
      at fireEvent.<computed> [as click] (node_modules/@testing-library/react/dist/fire-event.js:15:52)
      at Object.click (src/app/[locale]/admin/programs/[id]/__tests__/page.test.tsx:254:15)

    console.error
      IntlError: FORMATTING_ERROR: The intl string context variable "count" was not provided to the string "{count} Students"
          at getFallbackFromErrorAndNotify (/Users/yusefbach/Projekte/studynexus/frontend/node_modules/use-intl/dist/development/createFormatter-QqAaZwGD.js:159:19)
          at translateBaseFn (/Users/yusefbach/Projekte/studynexus/frontend/node_modules/use-intl/dist/development/createFormatter-QqAaZwGD.js:251:14)
          at translateFn (/Users/yusefbach/Projekte/studynexus/frontend/node_modules/use-intl/dist/development/createFormatter-QqAaZwGD.js:258:20)
          at t (/Users/yusefbach/Projekte/studynexus/frontend/src/app/[locale]/admin/programs/[id]/page.tsx:177:27)
          at renderWithHooks (/Users/yusefbach/Projekte/studynexus/frontend/node_modules/react-dom/cjs/react-dom.development.js:15486:18)
          at mountIndeterminateComponent (/Users/yusefbach/Projekte/studynexus/frontend/node_modules/react-dom/cjs/react-dom.development.js:20103:13)
          at beginWork (/Users/yusefbach/Projekte/studynexus/frontend/node_modules/react-dom/cjs/react-dom.development.js:21626:16)
          at beginWork$1 (/Users/yusefbach/Projekte/studynexus/frontend/node_modules/react-dom/cjs/react-dom.development.js:27465:14)
          at performUnitOfWork (/Users/yusefbach/Projekte/studynexus/frontend/node_modules/react-dom/cjs/react-dom.development.js:26599:12)
          at workLoopSync (/Users/yusefbach/Projekte/studynexus/frontend/node_modules/react-dom/cjs/react-dom.development.js:26505:5)
          at renderRootSync (/Users/yusefbach/Projekte/studynexus/frontend/node_modules/react-dom/cjs/react-dom.development.js:26473:7)
          at performConcurrentWorkOnRoot (/Users/yusefbach/Projekte/studynexus/frontend/node_modules/react-dom/cjs/react-dom.development.js:25777:74)
          at flushActQueue (/Users/yusefbach/Projekte/studynexus/frontend/node_modules/react/cjs/react.development.js:2667:24)
          at act (/Users/yusefbach/Projekte/studynexus/frontend/node_modules/react/cjs/react.development.js:2582:11)
          at /Users/yusefbach/Projekte/studynexus/frontend/node_modules/@testing-library/react/dist/act-compat.js:47:25
          at renderRoot (/Users/yusefbach/Projekte/studynexus/frontend/node_modules/@testing-library/react/dist/pure.js:180:26)
          at render (/Users/yusefbach/Projekte/studynexus/frontend/node_modules/@testing-library/react/dist/pure.js:271:10)
          at renderPage (/Users/yusefbach/Projekte/studynexus/frontend/src/app/[locale]/admin/programs/[id]/__tests__/page.test.tsx:133:18)
          at Object.renderPage (/Users/yusefbach/Projekte/studynexus/frontend/src/app/[locale]/admin/programs/[id]/__tests__/page.test.tsx:262:26)
          at Promise.then.completed (/Users/yusefbach/Projekte/studynexus/frontend/node_modules/jest-circus/build/utils.js:298:28)
          at new Promise (<anonymous>)
          at callAsyncCircusFn (/Users/yusefbach/Projekte/studynexus/frontend/node_modules/jest-circus/build/utils.js:231:10)
          at _callCircusTest (/Users/yusefbach/Projekte/studynexus/frontend/node_modules/jest-circus/build/run.js:316:40)
          at runNextTicks (node:internal/process/task_queues:65:5)
          at listOnTimeout (node:internal/timers:567:9)
          at processTimers (node:internal/timers:541:7)
          at _runTest (/Users/yusefbach/Projekte/studynexus/frontend/node_modules/jest-circus/build/run.js:252:3)
          at _runTestsForDescribeBlock (/Users/yusefbach/Projekte/studynexus/frontend/node_modules/jest-circus/build/run.js:126:9)
          at _runTestsForDescribeBlock (/Users/yusefbach/Projekte/studynexus/frontend/node_modules/jest-circus/build/run.js:121:9)
          at run (/Users/yusefbach/Projekte/studynexus/frontend/node_modules/jest-circus/build/run.js:71:3)
          at runAndTransformResultsToJestFormat (/Users/yusefbach/Projekte/studynexus/frontend/node_modules/jest-circus/build/legacy-code-todo-rewrite/jestAdapterInit.js:122:21)
          at jestAdapter (/Users/yusefbach/Projekte/studynexus/frontend/node_modules/jest-circus/build/legacy-code-todo-rewrite/jestAdapter.js:79:19)
          at runTestInternal (/Users/yusefbach/Projekte/studynexus/frontend/node_modules/jest-runner/build/runTest.js:367:16)
          at runTest (/Users/yusefbach/Projekte/studynexus/frontend/node_modules/jest-runner/build/runTest.js:444:34)
          at Object.worker (/Users/yusefbach/Projekte/studynexus/frontend/node_modules/jest-runner/build/testWorker.js:106:12) {
        code: 'FORMATTING_ERROR',
        originalMessage: 'The intl string context variable "count" was not provided to the string "{count} Students"'
      }

      175 |           <InfoRow label={t("detail.regelstudienzeit")} value={`${prog.regelstudienzeit} ${t("detail.semesterSuffix")}`} />
      176 |           <InfoRow label={t("detail.gesamtEcts")} value={`${prog.gesamt_ects} ECTS`} />
    > 177 |           <InfoRow label={t("detail.students")} value={t("detail.students", { count: prog.student_count })} />
          |                           ^
      178 |         </dl>
      179 |       </SectionCard>
      180 |

      at defaultOnError (node_modules/use-intl/dist/development/initializeConfig-BhfMSHP7.js:70:11)
      at getFallbackFromErrorAndNotify (node_modules/use-intl/dist/development/createFormatter-QqAaZwGD.js:160:5)
      at translateBaseFn (node_modules/use-intl/dist/development/createFormatter-QqAaZwGD.js:251:14)
      at translateFn (node_modules/use-intl/dist/development/createFormatter-QqAaZwGD.js:258:20)
      at t (src/app/[locale]/admin/programs/[id]/page.tsx:177:27)
      at renderWithHooks (node_modules/react-dom/cjs/react-dom.development.js:15486:18)
      at mountIndeterminateComponent (node_modules/react-dom/cjs/react-dom.development.js:20103:13)
      at beginWork (node_modules/react-dom/cjs/react-dom.development.js:21626:16)
      at beginWork$1 (node_modules/react-dom/cjs/react-dom.development.js:27465:14)
      at performUnitOfWork (node_modules/react-dom/cjs/react-dom.development.js:26599:12)
      at workLoopSync (node_modules/react-dom/cjs/react-dom.development.js:26505:5)
      at renderRootSync (node_modules/react-dom/cjs/react-dom.development.js:26473:7)
      at performConcurrentWorkOnRoot (node_modules/react-dom/cjs/react-dom.development.js:25777:74)
      at flushActQueue (node_modules/react/cjs/react.development.js:2667:24)
      at act (node_modules/react/cjs/react.development.js:2582:11)
      at node_modules/@testing-library/react/dist/act-compat.js:47:25
      at renderRoot (node_modules/@testing-library/react/dist/pure.js:180:26)
      at render (node_modules/@testing-library/react/dist/pure.js:271:10)
      at renderPage (src/app/[locale]/admin/programs/[id]/__tests__/page.test.tsx:133:18)
      at Object.renderPage (src/app/[locale]/admin/programs/[id]/__tests__/page.test.tsx:262:26)

    console.error
      IntlError: FORMATTING_ERROR: The intl string context variable "count" was not provided to the string "{count} Students"
          at getFallbackFromErrorAndNotify (/Users/yusefbach/Projekte/studynexus/frontend/node_modules/use-intl/dist/development/createFormatter-QqAaZwGD.js:159:19)
          at translateBaseFn (/Users/yusefbach/Projekte/studynexus/frontend/node_modules/use-intl/dist/development/createFormatter-QqAaZwGD.js:251:14)
          at translateFn (/Users/yusefbach/Projekte/studynexus/frontend/node_modules/use-intl/dist/development/createFormatter-QqAaZwGD.js:258:20)
          at t (/Users/yusefbach/Projekte/studynexus/frontend/src/app/[locale]/admin/programs/[id]/page.tsx:177:27)
          at renderWithHooks (/Users/yusefbach/Projekte/studynexus/frontend/node_modules/react-dom/cjs/react-dom.development.js:15486:18)
          at updateFunctionComponent (/Users/yusefbach/Projekte/studynexus/frontend/node_modules/react-dom/cjs/react-dom.development.js:19617:20)
          at beginWork (/Users/yusefbach/Projekte/studynexus/frontend/node_modules/react-dom/cjs/react-dom.development.js:21640:16)
          at beginWork$1 (/Users/yusefbach/Projekte/studynexus/frontend/node_modules/react-dom/cjs/react-dom.development.js:27465:14)
          at performUnitOfWork (/Users/yusefbach/Projekte/studynexus/frontend/node_modules/react-dom/cjs/react-dom.development.js:26599:12)
          at workLoopSync (/Users/yusefbach/Projekte/studynexus/frontend/node_modules/react-dom/cjs/react-dom.development.js:26505:5)
          at renderRootSync (/Users/yusefbach/Projekte/studynexus/frontend/node_modules/react-dom/cjs/react-dom.development.js:26473:7)
          at performSyncWorkOnRoot (/Users/yusefbach/Projekte/studynexus/frontend/node_modules/react-dom/cjs/react-dom.development.js:26124:20)
          at flushSyncCallbacks (/Users/yusefbach/Projekte/studynexus/frontend/node_modules/react-dom/cjs/react-dom.development.js:12042:22)
          at flushActQueue (/Users/yusefbach/Projekte/studynexus/frontend/node_modules/react/cjs/react.development.js:2667:24)
          at act (/Users/yusefbach/Projekte/studynexus/frontend/node_modules/react/cjs/react.development.js:2582:11)
          at /Users/yusefbach/Projekte/studynexus/frontend/node_modules/@testing-library/react/dist/act-compat.js:47:25
          at Object.eventWrapper (/Users/yusefbach/Projekte/studynexus/frontend/node_modules/@testing-library/react/dist/pure.js:107:28)
          at fireEvent (/Users/yusefbach/Projekte/studynexus/frontend/node_modules/@testing-library/dom/dist/events.js:12:35)
          at fireEvent.<computed> [as click] (/Users/yusefbach/Projekte/studynexus/frontend/node_modules/@testing-library/dom/dist/events.js:110:36)
          at fireEvent.<computed> [as click] (/Users/yusefbach/Projekte/studynexus/frontend/node_modules/@testing-library/react/dist/fire-event.js:15:52)
          at Object.click (/Users/yusefbach/Projekte/studynexus/frontend/src/app/[locale]/admin/programs/[id]/__tests__/page.test.tsx:265:15)
          at Promise.then.completed (/Users/yusefbach/Projekte/studynexus/frontend/node_modules/jest-circus/build/utils.js:298:28)
          at new Promise (<anonymous>)
          at callAsyncCircusFn (/Users/yusefbach/Projekte/studynexus/frontend/node_modules/jest-circus/build/utils.js:231:10)
          at _callCircusTest (/Users/yusefbach/Projekte/studynexus/frontend/node_modules/jest-circus/build/run.js:316:40)
          at runNextTicks (node:internal/process/task_queues:65:5)
          at listOnTimeout (node:internal/timers:567:9)
          at processTimers (node:internal/timers:541:7)
          at _runTest (/Users/yusefbach/Projekte/studynexus/frontend/node_modules/jest-circus/build/run.js:252:3)
          at _runTestsForDescribeBlock (/Users/yusefbach/Projekte/studynexus/frontend/node_modules/jest-circus/build/run.js:126:9)
          at _runTestsForDescribeBlock (/Users/yusefbach/Projekte/studynexus/frontend/node_modules/jest-circus/build/run.js:121:9)
          at run (/Users/yusefbach/Projekte/studynexus/frontend/node_modules/jest-circus/build/run.js:71:3)
          at runAndTransformResultsToJestFormat (/Users/yusefbach/Projekte/studynexus/frontend/node_modules/jest-circus/build/legacy-code-todo-rewrite/jestAdapterInit.js:122:21)
          at jestAdapter (/Users/yusefbach/Projekte/studynexus/frontend/node_modules/jest-circus/build/legacy-code-todo-rewrite/jestAdapter.js:79:19)
          at runTestInternal (/Users/yusefbach/Projekte/studynexus/frontend/node_modules/jest-runner/build/runTest.js:367:16)
          at runTest (/Users/yusefbach/Projekte/studynexus/frontend/node_modules/jest-runner/build/runTest.js:444:34)
          at Object.worker (/Users/yusefbach/Projekte/studynexus/frontend/node_modules/jest-runner/build/testWorker.js:106:12) {
        code: 'FORMATTING_ERROR',
        originalMessage: 'The intl string context variable "count" was not provided to the string "{count} Students"'
      }

      175 |           <InfoRow label={t("detail.regelstudienzeit")} value={`${prog.regelstudienzeit} ${t("detail.semesterSuffix")}`} />
      176 |           <InfoRow label={t("detail.gesamtEcts")} value={`${prog.gesamt_ects} ECTS`} />
    > 177 |           <InfoRow label={t("detail.students")} value={t("detail.students", { count: prog.student_count })} />
          |                           ^
      178 |         </dl>
      179 |       </SectionCard>
      180 |

      at defaultOnError (node_modules/use-intl/dist/development/initializeConfig-BhfMSHP7.js:70:11)
      at getFallbackFromErrorAndNotify (node_modules/use-intl/dist/development/createFormatter-QqAaZwGD.js:160:5)
      at translateBaseFn (node_modules/use-intl/dist/development/createFormatter-QqAaZwGD.js:251:14)
      at translateFn (node_modules/use-intl/dist/development/createFormatter-QqAaZwGD.js:258:20)
      at t (src/app/[locale]/admin/programs/[id]/page.tsx:177:27)
      at renderWithHooks (node_modules/react-dom/cjs/react-dom.development.js:15486:18)
      at updateFunctionComponent (node_modules/react-dom/cjs/react-dom.development.js:19617:20)
      at beginWork (node_modules/react-dom/cjs/react-dom.development.js:21640:16)
      at beginWork$1 (node_modules/react-dom/cjs/react-dom.development.js:27465:14)
      at performUnitOfWork (node_modules/react-dom/cjs/react-dom.development.js:26599:12)
      at workLoopSync (node_modules/react-dom/cjs/react-dom.development.js:26505:5)
      at renderRootSync (node_modules/react-dom/cjs/react-dom.development.js:26473:7)
      at performSyncWorkOnRoot (node_modules/react-dom/cjs/react-dom.development.js:26124:20)
      at flushSyncCallbacks (node_modules/react-dom/cjs/react-dom.development.js:12042:22)
      at flushActQueue (node_modules/react/cjs/react.development.js:2667:24)
      at act (node_modules/react/cjs/react.development.js:2582:11)
      at node_modules/@testing-library/react/dist/act-compat.js:47:25
      at Object.eventWrapper (node_modules/@testing-library/react/dist/pure.js:107:28)
      at fireEvent (node_modules/@testing-library/dom/dist/events.js:12:35)
      at fireEvent.<computed> [as click] (node_modules/@testing-library/dom/dist/events.js:110:36)
      at fireEvent.<computed> [as click] (node_modules/@testing-library/react/dist/fire-event.js:15:52)
      at Object.click (src/app/[locale]/admin/programs/[id]/__tests__/page.test.tsx:265:15)

    console.error
      IntlError: FORMATTING_ERROR: The intl string context variable "count" was not provided to the string "{count} Students"
          at getFallbackFromErrorAndNotify (/Users/yusefbach/Projekte/studynexus/frontend/node_modules/use-intl/dist/development/createFormatter-QqAaZwGD.js:159:19)
          at translateBaseFn (/Users/yusefbach/Projekte/studynexus/frontend/node_modules/use-intl/dist/development/createFormatter-QqAaZwGD.js:251:14)
          at translateFn (/Users/yusefbach/Projekte/studynexus/frontend/node_modules/use-intl/dist/development/createFormatter-QqAaZwGD.js:258:20)
          at t (/Users/yusefbach/Projekte/studynexus/frontend/src/app/[locale]/admin/programs/[id]/page.tsx:177:27)
          at renderWithHooks (/Users/yusefbach/Projekte/studynexus/frontend/node_modules/react-dom/cjs/react-dom.development.js:15486:18)
          at updateFunctionComponent (/Users/yusefbach/Projekte/studynexus/frontend/node_modules/react-dom/cjs/react-dom.development.js:19617:20)
          at beginWork (/Users/yusefbach/Projekte/studynexus/frontend/node_modules/react-dom/cjs/react-dom.development.js:21640:16)
          at beginWork$1 (/Users/yusefbach/Projekte/studynexus/frontend/node_modules/react-dom/cjs/react-dom.development.js:27465:14)
          at performUnitOfWork (/Users/yusefbach/Projekte/studynexus/frontend/node_modules/react-dom/cjs/react-dom.development.js:26599:12)
          at workLoopSync (/Users/yusefbach/Projekte/studynexus/frontend/node_modules/react-dom/cjs/react-dom.development.js:26505:5)
          at renderRootSync (/Users/yusefbach/Projekte/studynexus/frontend/node_modules/react-dom/cjs/react-dom.development.js:26473:7)
          at performSyncWorkOnRoot (/Users/yusefbach/Projekte/studynexus/frontend/node_modules/react-dom/cjs/react-dom.development.js:26124:20)
          at flushSyncCallbacks (/Users/yusefbach/Projekte/studynexus/frontend/node_modules/react-dom/cjs/react-dom.development.js:12042:22)
          at flushActQueue (/Users/yusefbach/Projekte/studynexus/frontend/node_modules/react/cjs/react.development.js:2667:24)
          at act (/Users/yusefbach/Projekte/studynexus/frontend/node_modules/react/cjs/react.development.js:2582:11)
          at /Users/yusefbach/Projekte/studynexus/frontend/node_modules/@testing-library/react/dist/act-compat.js:47:25
          at Object.eventWrapper (/Users/yusefbach/Projekte/studynexus/frontend/node_modules/@testing-library/react/dist/pure.js:107:28)
          at fireEvent (/Users/yusefbach/Projekte/studynexus/frontend/node_modules/@testing-library/dom/dist/events.js:12:35)
          at fireEvent.<computed> [as click] (/Users/yusefbach/Projekte/studynexus/frontend/node_modules/@testing-library/dom/dist/events.js:110:36)
          at fireEvent.<computed> [as click] (/Users/yusefbach/Projekte/studynexus/frontend/node_modules/@testing-library/react/dist/fire-event.js:15:52)
          at Object.click (/Users/yusefbach/Projekte/studynexus/frontend/src/app/[locale]/admin/programs/[id]/__tests__/page.test.tsx:268:15)
          at Promise.then.completed (/Users/yusefbach/Projekte/studynexus/frontend/node_modules/jest-circus/build/utils.js:298:28)
          at new Promise (<anonymous>)
          at callAsyncCircusFn (/Users/yusefbach/Projekte/studynexus/frontend/node_modules/jest-circus/build/utils.js:231:10)
          at _callCircusTest (/Users/yusefbach/Projekte/studynexus/frontend/node_modules/jest-circus/build/run.js:316:40)
          at runNextTicks (node:internal/process/task_queues:65:5)
          at listOnTimeout (node:internal/timers:567:9)
          at processTimers (node:internal/timers:541:7)
          at _runTest (/Users/yusefbach/Projekte/studynexus/frontend/node_modules/jest-circus/build/run.js:252:3)
          at _runTestsForDescribeBlock (/Users/yusefbach/Projekte/studynexus/frontend/node_modules/jest-circus/build/run.js:126:9)
          at _runTestsForDescribeBlock (/Users/yusefbach/Projekte/studynexus/frontend/node_modules/jest-circus/build/run.js:121:9)
          at run (/Users/yusefbach/Projekte/studynexus/frontend/node_modules/jest-circus/build/run.js:71:3)
          at runAndTransformResultsToJestFormat (/Users/yusefbach/Projekte/studynexus/frontend/node_modules/jest-circus/build/legacy-code-todo-rewrite/jestAdapterInit.js:122:21)
          at jestAdapter (/Users/yusefbach/Projekte/studynexus/frontend/node_modules/jest-circus/build/legacy-code-todo-rewrite/jestAdapter.js:79:19)
          at runTestInternal (/Users/yusefbach/Projekte/studynexus/frontend/node_modules/jest-runner/build/runTest.js:367:16)
          at runTest (/Users/yusefbach/Projekte/studynexus/frontend/node_modules/jest-runner/build/runTest.js:444:34)
          at Object.worker (/Users/yusefbach/Projekte/studynexus/frontend/node_modules/jest-runner/build/testWorker.js:106:12) {
        code: 'FORMATTING_ERROR',
        originalMessage: 'The intl string context variable "count" was not provided to the string "{count} Students"'
      }

      175 |           <InfoRow label={t("detail.regelstudienzeit")} value={`${prog.regelstudienzeit} ${t("detail.semesterSuffix")}`} />
      176 |           <InfoRow label={t("detail.gesamtEcts")} value={`${prog.gesamt_ects} ECTS`} />
    > 177 |           <InfoRow label={t("detail.students")} value={t("detail.students", { count: prog.student_count })} />
          |                           ^
      178 |         </dl>
      179 |       </SectionCard>
      180 |

      at defaultOnError (node_modules/use-intl/dist/development/initializeConfig-BhfMSHP7.js:70:11)
      at getFallbackFromErrorAndNotify (node_modules/use-intl/dist/development/createFormatter-QqAaZwGD.js:160:5)
      at translateBaseFn (node_modules/use-intl/dist/development/createFormatter-QqAaZwGD.js:251:14)
      at translateFn (node_modules/use-intl/dist/development/createFormatter-QqAaZwGD.js:258:20)
      at t (src/app/[locale]/admin/programs/[id]/page.tsx:177:27)
      at renderWithHooks (node_modules/react-dom/cjs/react-dom.development.js:15486:18)
      at updateFunctionComponent (node_modules/react-dom/cjs/react-dom.development.js:19617:20)
      at beginWork (node_modules/react-dom/cjs/react-dom.development.js:21640:16)
      at beginWork$1 (node_modules/react-dom/cjs/react-dom.development.js:27465:14)
      at performUnitOfWork (node_modules/react-dom/cjs/react-dom.development.js:26599:12)
      at workLoopSync (node_modules/react-dom/cjs/react-dom.development.js:26505:5)
      at renderRootSync (node_modules/react-dom/cjs/react-dom.development.js:26473:7)
      at performSyncWorkOnRoot (node_modules/react-dom/cjs/react-dom.development.js:26124:20)
      at flushSyncCallbacks (node_modules/react-dom/cjs/react-dom.development.js:12042:22)
      at flushActQueue (node_modules/react/cjs/react.development.js:2667:24)
      at act (node_modules/react/cjs/react.development.js:2582:11)
      at node_modules/@testing-library/react/dist/act-compat.js:47:25
      at Object.eventWrapper (node_modules/@testing-library/react/dist/pure.js:107:28)
      at fireEvent (node_modules/@testing-library/dom/dist/events.js:12:35)
      at fireEvent.<computed> [as click] (node_modules/@testing-library/dom/dist/events.js:110:36)
      at fireEvent.<computed> [as click] (node_modules/@testing-library/react/dist/fire-event.js:15:52)
      at Object.click (src/app/[locale]/admin/programs/[id]/__tests__/page.test.tsx:268:15)

    console.error
      IntlError: FORMATTING_ERROR: The intl string context variable "count" was not provided to the string "{count} Students"
          at getFallbackFromErrorAndNotify (/Users/yusefbach/Projekte/studynexus/frontend/node_modules/use-intl/dist/development/createFormatter-QqAaZwGD.js:159:19)
          at translateBaseFn (/Users/yusefbach/Projekte/studynexus/frontend/node_modules/use-intl/dist/development/createFormatter-QqAaZwGD.js:251:14)
          at translateFn (/Users/yusefbach/Projekte/studynexus/frontend/node_modules/use-intl/dist/development/createFormatter-QqAaZwGD.js:258:20)
          at t (/Users/yusefbach/Projekte/studynexus/frontend/src/app/[locale]/admin/programs/[id]/page.tsx:177:27)
          at renderWithHooks (/Users/yusefbach/Projekte/studynexus/frontend/node_modules/react-dom/cjs/react-dom.development.js:15486:18)
          at updateFunctionComponent (/Users/yusefbach/Projekte/studynexus/frontend/node_modules/react-dom/cjs/react-dom.development.js:19617:20)
          at beginWork (/Users/yusefbach/Projekte/studynexus/frontend/node_modules/react-dom/cjs/react-dom.development.js:21640:16)
          at beginWork$1 (/Users/yusefbach/Projekte/studynexus/frontend/node_modules/react-dom/cjs/react-dom.development.js:27465:14)
          at performUnitOfWork (/Users/yusefbach/Projekte/studynexus/frontend/node_modules/react-dom/cjs/react-dom.development.js:26599:12)
          at workLoopSync (/Users/yusefbach/Projekte/studynexus/frontend/node_modules/react-dom/cjs/react-dom.development.js:26505:5)
          at renderRootSync (/Users/yusefbach/Projekte/studynexus/frontend/node_modules/react-dom/cjs/react-dom.development.js:26473:7)
          at performConcurrentWorkOnRoot (/Users/yusefbach/Projekte/studynexus/frontend/node_modules/react-dom/cjs/react-dom.development.js:25777:74)
          at workLoop (/Users/yusefbach/Projekte/studynexus/frontend/node_modules/scheduler/cjs/scheduler.development.js:266:34)
          at flushWork (/Users/yusefbach/Projekte/studynexus/frontend/node_modules/scheduler/cjs/scheduler.development.js:239:14)
          at performWorkUntilDeadline (/Users/yusefbach/Projekte/studynexus/frontend/node_modules/scheduler/cjs/scheduler.development.js:533:21)
          at Timeout.task [as _onTimeout] (/Users/yusefbach/Projekte/studynexus/frontend/node_modules/jsdom/lib/jsdom/browser/Window.js:520:19)
          at listOnTimeout (node:internal/timers:605:17)
          at processTimers (node:internal/timers:541:7) {
        code: 'FORMATTING_ERROR',
        originalMessage: 'The intl string context variable "count" was not provided to the string "{count} Students"'
      }

      175 |           <InfoRow label={t("detail.regelstudienzeit")} value={`${prog.regelstudienzeit} ${t("detail.semesterSuffix")}`} />
      176 |           <InfoRow label={t("detail.gesamtEcts")} value={`${prog.gesamt_ects} ECTS`} />
    > 177 |           <InfoRow label={t("detail.students")} value={t("detail.students", { count: prog.student_count })} />
          |                           ^
      178 |         </dl>
      179 |       </SectionCard>
      180 |

      at defaultOnError (node_modules/use-intl/dist/development/initializeConfig-BhfMSHP7.js:70:11)
      at getFallbackFromErrorAndNotify (node_modules/use-intl/dist/development/createFormatter-QqAaZwGD.js:160:5)
      at translateBaseFn (node_modules/use-intl/dist/development/createFormatter-QqAaZwGD.js:251:14)
      at translateFn (node_modules/use-intl/dist/development/createFormatter-QqAaZwGD.js:258:20)
      at t (src/app/[locale]/admin/programs/[id]/page.tsx:177:27)
      at renderWithHooks (node_modules/react-dom/cjs/react-dom.development.js:15486:18)
      at updateFunctionComponent (node_modules/react-dom/cjs/react-dom.development.js:19617:20)
      at beginWork (node_modules/react-dom/cjs/react-dom.development.js:21640:16)
      at beginWork$1 (node_modules/react-dom/cjs/react-dom.development.js:27465:14)
      at performUnitOfWork (node_modules/react-dom/cjs/react-dom.development.js:26599:12)
      at workLoopSync (node_modules/react-dom/cjs/react-dom.development.js:26505:5)
      at renderRootSync (node_modules/react-dom/cjs/react-dom.development.js:26473:7)
      at performConcurrentWorkOnRoot (node_modules/react-dom/cjs/react-dom.development.js:25777:74)
      at workLoop (node_modules/scheduler/cjs/scheduler.development.js:266:34)
      at flushWork (node_modules/scheduler/cjs/scheduler.development.js:239:14)
      at performWorkUntilDeadline (node_modules/scheduler/cjs/scheduler.development.js:533:21)
      at Timeout.task [as _onTimeout] (node_modules/jsdom/lib/jsdom/browser/Window.js:520:19)

    console.error
      IntlError: FORMATTING_ERROR: The intl string context variable "count" was not provided to the string "{count} Students"
          at getFallbackFromErrorAndNotify (/Users/yusefbach/Projekte/studynexus/frontend/node_modules/use-intl/dist/development/createFormatter-QqAaZwGD.js:159:19)
          at translateBaseFn (/Users/yusefbach/Projekte/studynexus/frontend/node_modules/use-intl/dist/development/createFormatter-QqAaZwGD.js:251:14)
          at translateFn (/Users/yusefbach/Projekte/studynexus/frontend/node_modules/use-intl/dist/development/createFormatter-QqAaZwGD.js:258:20)
          at t (/Users/yusefbach/Projekte/studynexus/frontend/src/app/[locale]/admin/programs/[id]/page.tsx:177:27)
          at renderWithHooks (/Users/yusefbach/Projekte/studynexus/frontend/node_modules/react-dom/cjs/react-dom.development.js:15486:18)
          at updateFunctionComponent (/Users/yusefbach/Projekte/studynexus/frontend/node_modules/react-dom/cjs/react-dom.development.js:19617:20)
          at beginWork (/Users/yusefbach/Projekte/studynexus/frontend/node_modules/react-dom/cjs/react-dom.development.js:21640:16)
          at beginWork$1 (/Users/yusefbach/Projekte/studynexus/frontend/node_modules/react-dom/cjs/react-dom.development.js:27465:14)
          at performUnitOfWork (/Users/yusefbach/Projekte/studynexus/frontend/node_modules/react-dom/cjs/react-dom.development.js:26599:12)
          at workLoopSync (/Users/yusefbach/Projekte/studynexus/frontend/node_modules/react-dom/cjs/react-dom.development.js:26505:5)
          at renderRootSync (/Users/yusefbach/Projekte/studynexus/frontend/node_modules/react-dom/cjs/react-dom.development.js:26473:7)
          at performConcurrentWorkOnRoot (/Users/yusefbach/Projekte/studynexus/frontend/node_modules/react-dom/cjs/react-dom.development.js:25777:74)
          at flushActQueue (/Users/yusefbach/Projekte/studynexus/frontend/node_modules/react/cjs/react.development.js:2667:24)
          at act (/Users/yusefbach/Projekte/studynexus/frontend/node_modules/react/cjs/react.development.js:2582:11)
          at /Users/yusefbach/Projekte/studynexus/frontend/node_modules/@testing-library/react/dist/act-compat.js:47:25
          at renderRoot (/Users/yusefbach/Projekte/studynexus/frontend/node_modules/@testing-library/react/dist/pure.js:180:26)
          at rerender (/Users/yusefbach/Projekte/studynexus/frontend/node_modules/@testing-library/react/dist/pure.js:201:7)
          at Object.rerender (/Users/yusefbach/Projekte/studynexus/frontend/src/app/[locale]/admin/programs/[id]/__tests__/page.test.tsx:283:5) {
        code: 'FORMATTING_ERROR',
        originalMessage: 'The intl string context variable "count" was not provided to the string "{count} Students"'
      }

      175 |           <InfoRow label={t("detail.regelstudienzeit")} value={`${prog.regelstudienzeit} ${t("detail.semesterSuffix")}`} />
      176 |           <InfoRow label={t("detail.gesamtEcts")} value={`${prog.gesamt_ects} ECTS`} />
    > 177 |           <InfoRow label={t("detail.students")} value={t("detail.students", { count: prog.student_count })} />
          |                           ^
      178 |         </dl>
      179 |       </SectionCard>
      180 |

      at defaultOnError (node_modules/use-intl/dist/development/initializeConfig-BhfMSHP7.js:70:11)
      at getFallbackFromErrorAndNotify (node_modules/use-intl/dist/development/createFormatter-QqAaZwGD.js:160:5)
      at translateBaseFn (node_modules/use-intl/dist/development/createFormatter-QqAaZwGD.js:251:14)
      at translateFn (node_modules/use-intl/dist/development/createFormatter-QqAaZwGD.js:258:20)
      at t (src/app/[locale]/admin/programs/[id]/page.tsx:177:27)
      at renderWithHooks (node_modules/react-dom/cjs/react-dom.development.js:15486:18)
      at updateFunctionComponent (node_modules/react-dom/cjs/react-dom.development.js:19617:20)
      at beginWork (node_modules/react-dom/cjs/react-dom.development.js:21640:16)
      at beginWork$1 (node_modules/react-dom/cjs/react-dom.development.js:27465:14)
      at performUnitOfWork (node_modules/react-dom/cjs/react-dom.development.js:26599:12)
      at workLoopSync (node_modules/react-dom/cjs/react-dom.development.js:26505:5)
      at renderRootSync (node_modules/react-dom/cjs/react-dom.development.js:26473:7)
      at performConcurrentWorkOnRoot (node_modules/react-dom/cjs/react-dom.development.js:25777:74)
      at flushActQueue (node_modules/react/cjs/react.development.js:2667:24)
      at act (node_modules/react/cjs/react.development.js:2582:11)
      at node_modules/@testing-library/react/dist/act-compat.js:47:25
      at renderRoot (node_modules/@testing-library/react/dist/pure.js:180:26)
      at rerender (node_modules/@testing-library/react/dist/pure.js:201:7)
      at Object.rerender (src/app/[locale]/admin/programs/[id]/__tests__/page.test.tsx:283:5)

    console.error
      IntlError: FORMATTING_ERROR: The intl string context variable "count" was not provided to the string "{count} Students"
          at getFallbackFromErrorAndNotify (/Users/yusefbach/Projekte/studynexus/frontend/node_modules/use-intl/dist/development/createFormatter-QqAaZwGD.js:159:19)
          at translateBaseFn (/Users/yusefbach/Projekte/studynexus/frontend/node_modules/use-intl/dist/development/createFormatter-QqAaZwGD.js:251:14)
          at translateFn (/Users/yusefbach/Projekte/studynexus/frontend/node_modules/use-intl/dist/development/createFormatter-QqAaZwGD.js:258:20)
          at t (/Users/yusefbach/Projekte/studynexus/frontend/src/app/[locale]/admin/programs/[id]/page.tsx:177:27)
          at renderWithHooks (/Users/yusefbach/Projekte/studynexus/frontend/node_modules/react-dom/cjs/react-dom.development.js:15486:18)
          at mountIndeterminateComponent (/Users/yusefbach/Projekte/studynexus/frontend/node_modules/react-dom/cjs/react-dom.development.js:20103:13)
          at beginWork (/Users/yusefbach/Projekte/studynexus/frontend/node_modules/react-dom/cjs/react-dom.development.js:21626:16)
          at beginWork$1 (/Users/yusefbach/Projekte/studynexus/frontend/node_modules/react-dom/cjs/react-dom.development.js:27465:14)
          at performUnitOfWork (/Users/yusefbach/Projekte/studynexus/frontend/node_modules/react-dom/cjs/react-dom.development.js:26599:12)
          at workLoopSync (/Users/yusefbach/Projekte/studynexus/frontend/node_modules/react-dom/cjs/react-dom.development.js:26505:5)
          at renderRootSync (/Users/yusefbach/Projekte/studynexus/frontend/node_modules/react-dom/cjs/react-dom.development.js:26473:7)
          at performConcurrentWorkOnRoot (/Users/yusefbach/Projekte/studynexus/frontend/node_modules/react-dom/cjs/react-dom.development.js:25777:74)
          at flushActQueue (/Users/yusefbach/Projekte/studynexus/frontend/node_modules/react/cjs/react.development.js:2667:24)
          at act (/Users/yusefbach/Projekte/studynexus/frontend/node_modules/react/cjs/react.development.js:2582:11)
          at /Users/yusefbach/Projekte/studynexus/frontend/node_modules/@testing-library/react/dist/act-compat.js:47:25
          at renderRoot (/Users/yusefbach/Projekte/studynexus/frontend/node_modules/@testing-library/react/dist/pure.js:180:26)
          at render (/Users/yusefbach/Projekte/studynexus/frontend/node_modules/@testing-library/react/dist/pure.js:271:10)
          at renderPage (/Users/yusefbach/Projekte/studynexus/frontend/src/app/[locale]/admin/programs/[id]/__tests__/page.test.tsx:133:18)
          at Object.renderPage (/Users/yusefbach/Projekte/studynexus/frontend/src/app/[locale]/admin/programs/[id]/__tests__/page.test.tsx:301:5)
          at Promise.then.completed (/Users/yusefbach/Projekte/studynexus/frontend/node_modules/jest-circus/build/utils.js:298:28)
          at new Promise (<anonymous>)
          at callAsyncCircusFn (/Users/yusefbach/Projekte/studynexus/frontend/node_modules/jest-circus/build/utils.js:231:10)
          at _callCircusTest (/Users/yusefbach/Projekte/studynexus/frontend/node_modules/jest-circus/build/run.js:316:40)
          at _runTest (/Users/yusefbach/Projekte/studynexus/frontend/node_modules/jest-circus/build/run.js:252:3)
          at _runTestsForDescribeBlock (/Users/yusefbach/Projekte/studynexus/frontend/node_modules/jest-circus/build/run.js:126:9)
          at _runTestsForDescribeBlock (/Users/yusefbach/Projekte/studynexus/frontend/node_modules/jest-circus/build/run.js:121:9)
          at run (/Users/yusefbach/Projekte/studynexus/frontend/node_modules/jest-circus/build/run.js:71:3)
          at runAndTransformResultsToJestFormat (/Users/yusefbach/Projekte/studynexus/frontend/node_modules/jest-circus/build/legacy-code-todo-rewrite/jestAdapterInit.js:122:21)
          at jestAdapter (/Users/yusefbach/Projekte/studynexus/frontend/node_modules/jest-circus/build/legacy-code-todo-rewrite/jestAdapter.js:79:19)
          at runTestInternal (/Users/yusefbach/Projekte/studynexus/frontend/node_modules/jest-runner/build/runTest.js:367:16)
          at runTest (/Users/yusefbach/Projekte/studynexus/frontend/node_modules/jest-runner/build/runTest.js:444:34)
          at Object.worker (/Users/yusefbach/Projekte/studynexus/frontend/node_modules/jest-runner/build/testWorker.js:106:12) {
        code: 'FORMATTING_ERROR',
        originalMessage: 'The intl string context variable "count" was not provided to the string "{count} Students"'
      }

      175 |           <InfoRow label={t("detail.regelstudienzeit")} value={`${prog.regelstudienzeit} ${t("detail.semesterSuffix")}`} />
      176 |           <InfoRow label={t("detail.gesamtEcts")} value={`${prog.gesamt_ects} ECTS`} />
    > 177 |           <InfoRow label={t("detail.students")} value={t("detail.students", { count: prog.student_count })} />
          |                           ^
      178 |         </dl>
      179 |       </SectionCard>
      180 |

      at defaultOnError (node_modules/use-intl/dist/development/initializeConfig-BhfMSHP7.js:70:11)
      at getFallbackFromErrorAndNotify (node_modules/use-intl/dist/development/createFormatter-QqAaZwGD.js:160:5)
      at translateBaseFn (node_modules/use-intl/dist/development/createFormatter-QqAaZwGD.js:251:14)
      at translateFn (node_modules/use-intl/dist/development/createFormatter-QqAaZwGD.js:258:20)
      at t (src/app/[locale]/admin/programs/[id]/page.tsx:177:27)
      at renderWithHooks (node_modules/react-dom/cjs/react-dom.development.js:15486:18)
      at mountIndeterminateComponent (node_modules/react-dom/cjs/react-dom.development.js:20103:13)
      at beginWork (node_modules/react-dom/cjs/react-dom.development.js:21626:16)
      at beginWork$1 (node_modules/react-dom/cjs/react-dom.development.js:27465:14)
      at performUnitOfWork (node_modules/react-dom/cjs/react-dom.development.js:26599:12)
      at workLoopSync (node_modules/react-dom/cjs/react-dom.development.js:26505:5)
      at renderRootSync (node_modules/react-dom/cjs/react-dom.development.js:26473:7)
      at performConcurrentWorkOnRoot (node_modules/react-dom/cjs/react-dom.development.js:25777:74)
      at flushActQueue (node_modules/react/cjs/react.development.js:2667:24)
      at act (node_modules/react/cjs/react.development.js:2582:11)
      at node_modules/@testing-library/react/dist/act-compat.js:47:25
      at renderRoot (node_modules/@testing-library/react/dist/pure.js:180:26)
      at render (node_modules/@testing-library/react/dist/pure.js:271:10)
      at renderPage (src/app/[locale]/admin/programs/[id]/__tests__/page.test.tsx:133:18)
      at Object.renderPage (src/app/[locale]/admin/programs/[id]/__tests__/page.test.tsx:301:5)

    console.error
      IntlError: FORMATTING_ERROR: The intl string context variable "count" was not provided to the string "{count} Students"
          at getFallbackFromErrorAndNotify (/Users/yusefbach/Projekte/studynexus/frontend/node_modules/use-intl/dist/development/createFormatter-QqAaZwGD.js:159:19)
          at translateBaseFn (/Users/yusefbach/Projekte/studynexus/frontend/node_modules/use-intl/dist/development/createFormatter-QqAaZwGD.js:251:14)
          at translateFn (/Users/yusefbach/Projekte/studynexus/frontend/node_modules/use-intl/dist/development/createFormatter-QqAaZwGD.js:258:20)
          at t (/Users/yusefbach/Projekte/studynexus/frontend/src/app/[locale]/admin/programs/[id]/page.tsx:177:27)
          at renderWithHooks (/Users/yusefbach/Projekte/studynexus/frontend/node_modules/react-dom/cjs/react-dom.development.js:15486:18)
          at updateFunctionComponent (/Users/yusefbach/Projekte/studynexus/frontend/node_modules/react-dom/cjs/react-dom.development.js:19617:20)
          at beginWork (/Users/yusefbach/Projekte/studynexus/frontend/node_modules/react-dom/cjs/react-dom.development.js:21640:16)
          at beginWork$1 (/Users/yusefbach/Projekte/studynexus/frontend/node_modules/react-dom/cjs/react-dom.development.js:27465:14)
          at performUnitOfWork (/Users/yusefbach/Projekte/studynexus/frontend/node_modules/react-dom/cjs/react-dom.development.js:26599:12)
          at workLoopSync (/Users/yusefbach/Projekte/studynexus/frontend/node_modules/react-dom/cjs/react-dom.development.js:26505:5)
          at renderRootSync (/Users/yusefbach/Projekte/studynexus/frontend/node_modules/react-dom/cjs/react-dom.development.js:26473:7)
          at performSyncWorkOnRoot (/Users/yusefbach/Projekte/studynexus/frontend/node_modules/react-dom/cjs/react-dom.development.js:26124:20)
          at flushSyncCallbacks (/Users/yusefbach/Projekte/studynexus/frontend/node_modules/react-dom/cjs/react-dom.development.js:12042:22)
          at flushActQueue (/Users/yusefbach/Projekte/studynexus/frontend/node_modules/react/cjs/react.development.js:2667:24)
          at act (/Users/yusefbach/Projekte/studynexus/frontend/node_modules/react/cjs/react.development.js:2582:11)
          at /Users/yusefbach/Projekte/studynexus/frontend/node_modules/@testing-library/react/dist/act-compat.js:47:25
          at Object.eventWrapper (/Users/yusefbach/Projekte/studynexus/frontend/node_modules/@testing-library/react/dist/pure.js:107:28)
          at fireEvent (/Users/yusefbach/Projekte/studynexus/frontend/node_modules/@testing-library/dom/dist/events.js:12:35)
          at fireEvent.<computed> [as click] (/Users/yusefbach/Projekte/studynexus/frontend/node_modules/@testing-library/dom/dist/events.js:110:36)
          at fireEvent.<computed> [as click] (/Users/yusefbach/Projekte/studynexus/frontend/node_modules/@testing-library/react/dist/fire-event.js:15:52)
          at Object.click (/Users/yusefbach/Projekte/studynexus/frontend/src/app/[locale]/admin/programs/[id]/__tests__/page.test.tsx:302:15)
          at Promise.then.completed (/Users/yusefbach/Projekte/studynexus/frontend/node_modules/jest-circus/build/utils.js:298:28)
          at new Promise (<anonymous>)
          at callAsyncCircusFn (/Users/yusefbach/Projekte/studynexus/frontend/node_modules/jest-circus/build/utils.js:231:10)
          at _callCircusTest (/Users/yusefbach/Projekte/studynexus/frontend/node_modules/jest-circus/build/run.js:316:40)
          at _runTest (/Users/yusefbach/Projekte/studynexus/frontend/node_modules/jest-circus/build/run.js:252:3)
          at _runTestsForDescribeBlock (/Users/yusefbach/Projekte/studynexus/frontend/node_modules/jest-circus/build/run.js:126:9)
          at _runTestsForDescribeBlock (/Users/yusefbach/Projekte/studynexus/frontend/node_modules/jest-circus/build/run.js:121:9)
          at run (/Users/yusefbach/Projekte/studynexus/frontend/node_modules/jest-circus/build/run.js:71:3)
          at runAndTransformResultsToJestFormat (/Users/yusefbach/Projekte/studynexus/frontend/node_modules/jest-circus/build/legacy-code-todo-rewrite/jestAdapterInit.js:122:21)
          at jestAdapter (/Users/yusefbach/Projekte/studynexus/frontend/node_modules/jest-circus/build/legacy-code-todo-rewrite/jestAdapter.js:79:19)
          at runTestInternal (/Users/yusefbach/Projekte/studynexus/frontend/node_modules/jest-runner/build/runTest.js:367:16)
          at runTest (/Users/yusefbach/Projekte/studynexus/frontend/node_modules/jest-runner/build/runTest.js:444:34)
          at Object.worker (/Users/yusefbach/Projekte/studynexus/frontend/node_modules/jest-runner/build/testWorker.js:106:12) {
        code: 'FORMATTING_ERROR',
        originalMessage: 'The intl string context variable "count" was not provided to the string "{count} Students"'
      }

      175 |           <InfoRow label={t("detail.regelstudienzeit")} value={`${prog.regelstudienzeit} ${t("detail.semesterSuffix")}`} />
      176 |           <InfoRow label={t("detail.gesamtEcts")} value={`${prog.gesamt_ects} ECTS`} />
    > 177 |           <InfoRow label={t("detail.students")} value={t("detail.students", { count: prog.student_count })} />
          |                           ^
      178 |         </dl>
      179 |       </SectionCard>
      180 |

      at defaultOnError (node_modules/use-intl/dist/development/initializeConfig-BhfMSHP7.js:70:11)
      at getFallbackFromErrorAndNotify (node_modules/use-intl/dist/development/createFormatter-QqAaZwGD.js:160:5)
      at translateBaseFn (node_modules/use-intl/dist/development/createFormatter-QqAaZwGD.js:251:14)
      at translateFn (node_modules/use-intl/dist/development/createFormatter-QqAaZwGD.js:258:20)
      at t (src/app/[locale]/admin/programs/[id]/page.tsx:177:27)
      at renderWithHooks (node_modules/react-dom/cjs/react-dom.development.js:15486:18)
      at updateFunctionComponent (node_modules/react-dom/cjs/react-dom.development.js:19617:20)
      at beginWork (node_modules/react-dom/cjs/react-dom.development.js:21640:16)
      at beginWork$1 (node_modules/react-dom/cjs/react-dom.development.js:27465:14)
      at performUnitOfWork (node_modules/react-dom/cjs/react-dom.development.js:26599:12)
      at workLoopSync (node_modules/react-dom/cjs/react-dom.development.js:26505:5)
      at renderRootSync (node_modules/react-dom/cjs/react-dom.development.js:26473:7)
      at performSyncWorkOnRoot (node_modules/react-dom/cjs/react-dom.development.js:26124:20)
      at flushSyncCallbacks (node_modules/react-dom/cjs/react-dom.development.js:12042:22)
      at flushActQueue (node_modules/react/cjs/react.development.js:2667:24)
      at act (node_modules/react/cjs/react.development.js:2582:11)
      at node_modules/@testing-library/react/dist/act-compat.js:47:25
      at Object.eventWrapper (node_modules/@testing-library/react/dist/pure.js:107:28)
      at fireEvent (node_modules/@testing-library/dom/dist/events.js:12:35)
      at fireEvent.<computed> [as click] (node_modules/@testing-library/dom/dist/events.js:110:36)
      at fireEvent.<computed> [as click] (node_modules/@testing-library/react/dist/fire-event.js:15:52)
      at Object.click (src/app/[locale]/admin/programs/[id]/__tests__/page.test.tsx:302:15)

    console.error
      IntlError: FORMATTING_ERROR: The intl string context variable "count" was not provided to the string "{count} Students"
          at getFallbackFromErrorAndNotify (/Users/yusefbach/Projekte/studynexus/frontend/node_modules/use-intl/dist/development/createFormatter-QqAaZwGD.js:159:19)
          at translateBaseFn (/Users/yusefbach/Projekte/studynexus/frontend/node_modules/use-intl/dist/development/createFormatter-QqAaZwGD.js:251:14)
          at translateFn (/Users/yusefbach/Projekte/studynexus/frontend/node_modules/use-intl/dist/development/createFormatter-QqAaZwGD.js:258:20)
          at t (/Users/yusefbach/Projekte/studynexus/frontend/src/app/[locale]/admin/programs/[id]/page.tsx:177:27)
          at renderWithHooks (/Users/yusefbach/Projekte/studynexus/frontend/node_modules/react-dom/cjs/react-dom.development.js:15486:18)
          at updateFunctionComponent (/Users/yusefbach/Projekte/studynexus/frontend/node_modules/react-dom/cjs/react-dom.development.js:19617:20)
          at beginWork (/Users/yusefbach/Projekte/studynexus/frontend/node_modules/react-dom/cjs/react-dom.development.js:21640:16)
          at beginWork$1 (/Users/yusefbach/Projekte/studynexus/frontend/node_modules/react-dom/cjs/react-dom.development.js:27465:14)
          at performUnitOfWork (/Users/yusefbach/Projekte/studynexus/frontend/node_modules/react-dom/cjs/react-dom.development.js:26599:12)
          at workLoopSync (/Users/yusefbach/Projekte/studynexus/frontend/node_modules/react-dom/cjs/react-dom.development.js:26505:5)
          at renderRootSync (/Users/yusefbach/Projekte/studynexus/frontend/node_modules/react-dom/cjs/react-dom.development.js:26473:7)
          at performSyncWorkOnRoot (/Users/yusefbach/Projekte/studynexus/frontend/node_modules/react-dom/cjs/react-dom.development.js:26124:20)
          at flushSyncCallbacks (/Users/yusefbach/Projekte/studynexus/frontend/node_modules/react-dom/cjs/react-dom.development.js:12042:22)
          at flushActQueue (/Users/yusefbach/Projekte/studynexus/frontend/node_modules/react/cjs/react.development.js:2667:24)
          at act (/Users/yusefbach/Projekte/studynexus/frontend/node_modules/react/cjs/react.development.js:2582:11)
          at /Users/yusefbach/Projekte/studynexus/frontend/node_modules/@testing-library/react/dist/act-compat.js:47:25
          at Object.eventWrapper (/Users/yusefbach/Projekte/studynexus/frontend/node_modules/@testing-library/react/dist/pure.js:107:28)
          at fireEvent (/Users/yusefbach/Projekte/studynexus/frontend/node_modules/@testing-library/dom/dist/events.js:12:35)
          at fireEvent.<computed> [as click] (/Users/yusefbach/Projekte/studynexus/frontend/node_modules/@testing-library/dom/dist/events.js:110:36)
          at fireEvent.<computed> [as click] (/Users/yusefbach/Projekte/studynexus/frontend/node_modules/@testing-library/react/dist/fire-event.js:15:52)
          at Object.click (/Users/yusefbach/Projekte/studynexus/frontend/src/app/[locale]/admin/programs/[id]/__tests__/page.test.tsx:303:15)
          at Promise.then.completed (/Users/yusefbach/Projekte/studynexus/frontend/node_modules/jest-circus/build/utils.js:298:28)
          at new Promise (<anonymous>)
          at callAsyncCircusFn (/Users/yusefbach/Projekte/studynexus/frontend/node_modules/jest-circus/build/utils.js:231:10)
          at _callCircusTest (/Users/yusefbach/Projekte/studynexus/frontend/node_modules/jest-circus/build/run.js:316:40)
          at _runTest (/Users/yusefbach/Projekte/studynexus/frontend/node_modules/jest-circus/build/run.js:252:3)
          at _runTestsForDescribeBlock (/Users/yusefbach/Projekte/studynexus/frontend/node_modules/jest-circus/build/run.js:126:9)
          at _runTestsForDescribeBlock (/Users/yusefbach/Projekte/studynexus/frontend/node_modules/jest-circus/build/run.js:121:9)
          at run (/Users/yusefbach/Projekte/studynexus/frontend/node_modules/jest-circus/build/run.js:71:3)
          at runAndTransformResultsToJestFormat (/Users/yusefbach/Projekte/studynexus/frontend/node_modules/jest-circus/build/legacy-code-todo-rewrite/jestAdapterInit.js:122:21)
          at jestAdapter (/Users/yusefbach/Projekte/studynexus/frontend/node_modules/jest-circus/build/legacy-code-todo-rewrite/jestAdapter.js:79:19)
          at runTestInternal (/Users/yusefbach/Projekte/studynexus/frontend/node_modules/jest-runner/build/runTest.js:367:16)
          at runTest (/Users/yusefbach/Projekte/studynexus/frontend/node_modules/jest-runner/build/runTest.js:444:34)
          at Object.worker (/Users/yusefbach/Projekte/studynexus/frontend/node_modules/jest-runner/build/testWorker.js:106:12) {
        code: 'FORMATTING_ERROR',
        originalMessage: 'The intl string context variable "count" was not provided to the string "{count} Students"'
      }

      175 |           <InfoRow label={t("detail.regelstudienzeit")} value={`${prog.regelstudienzeit} ${t("detail.semesterSuffix")}`} />
      176 |           <InfoRow label={t("detail.gesamtEcts")} value={`${prog.gesamt_ects} ECTS`} />
    > 177 |           <InfoRow label={t("detail.students")} value={t("detail.students", { count: prog.student_count })} />
          |                           ^
      178 |         </dl>
      179 |       </SectionCard>
      180 |

      at defaultOnError (node_modules/use-intl/dist/development/initializeConfig-BhfMSHP7.js:70:11)
      at getFallbackFromErrorAndNotify (node_modules/use-intl/dist/development/createFormatter-QqAaZwGD.js:160:5)
      at translateBaseFn (node_modules/use-intl/dist/development/createFormatter-QqAaZwGD.js:251:14)
      at translateFn (node_modules/use-intl/dist/development/createFormatter-QqAaZwGD.js:258:20)
      at t (src/app/[locale]/admin/programs/[id]/page.tsx:177:27)
      at renderWithHooks (node_modules/react-dom/cjs/react-dom.development.js:15486:18)
      at updateFunctionComponent (node_modules/react-dom/cjs/react-dom.development.js:19617:20)
      at beginWork (node_modules/react-dom/cjs/react-dom.development.js:21640:16)
      at beginWork$1 (node_modules/react-dom/cjs/react-dom.development.js:27465:14)
      at performUnitOfWork (node_modules/react-dom/cjs/react-dom.development.js:26599:12)
      at workLoopSync (node_modules/react-dom/cjs/react-dom.development.js:26505:5)
      at renderRootSync (node_modules/react-dom/cjs/react-dom.development.js:26473:7)
      at performSyncWorkOnRoot (node_modules/react-dom/cjs/react-dom.development.js:26124:20)
      at flushSyncCallbacks (node_modules/react-dom/cjs/react-dom.development.js:12042:22)
      at flushActQueue (node_modules/react/cjs/react.development.js:2667:24)
      at act (node_modules/react/cjs/react.development.js:2582:11)
      at node_modules/@testing-library/react/dist/act-compat.js:47:25
      at Object.eventWrapper (node_modules/@testing-library/react/dist/pure.js:107:28)
      at fireEvent (node_modules/@testing-library/dom/dist/events.js:12:35)
      at fireEvent.<computed> [as click] (node_modules/@testing-library/dom/dist/events.js:110:36)
      at fireEvent.<computed> [as click] (node_modules/@testing-library/react/dist/fire-event.js:15:52)
      at Object.click (src/app/[locale]/admin/programs/[id]/__tests__/page.test.tsx:303:15)

    console.error
      IntlError: FORMATTING_ERROR: The intl string context variable "count" was not provided to the string "{count} Students"
          at getFallbackFromErrorAndNotify (/Users/yusefbach/Projekte/studynexus/frontend/node_modules/use-intl/dist/development/createFormatter-QqAaZwGD.js:159:19)
          at translateBaseFn (/Users/yusefbach/Projekte/studynexus/frontend/node_modules/use-intl/dist/development/createFormatter-QqAaZwGD.js:251:14)
          at translateFn (/Users/yusefbach/Projekte/studynexus/frontend/node_modules/use-intl/dist/development/createFormatter-QqAaZwGD.js:258:20)
          at t (/Users/yusefbach/Projekte/studynexus/frontend/src/app/[locale]/admin/programs/[id]/page.tsx:177:27)
          at renderWithHooks (/Users/yusefbach/Projekte/studynexus/frontend/node_modules/react-dom/cjs/react-dom.development.js:15486:18)
          at mountIndeterminateComponent (/Users/yusefbach/Projekte/studynexus/frontend/node_modules/react-dom/cjs/react-dom.development.js:20103:13)
          at beginWork (/Users/yusefbach/Projekte/studynexus/frontend/node_modules/react-dom/cjs/react-dom.development.js:21626:16)
          at beginWork$1 (/Users/yusefbach/Projekte/studynexus/frontend/node_modules/react-dom/cjs/react-dom.development.js:27465:14)
          at performUnitOfWork (/Users/yusefbach/Projekte/studynexus/frontend/node_modules/react-dom/cjs/react-dom.development.js:26599:12)
          at workLoopSync (/Users/yusefbach/Projekte/studynexus/frontend/node_modules/react-dom/cjs/react-dom.development.js:26505:5)
          at renderRootSync (/Users/yusefbach/Projekte/studynexus/frontend/node_modules/react-dom/cjs/react-dom.development.js:26473:7)
          at performConcurrentWorkOnRoot (/Users/yusefbach/Projekte/studynexus/frontend/node_modules/react-dom/cjs/react-dom.development.js:25777:74)
          at flushActQueue (/Users/yusefbach/Projekte/studynexus/frontend/node_modules/react/cjs/react.development.js:2667:24)
          at act (/Users/yusefbach/Projekte/studynexus/frontend/node_modules/react/cjs/react.development.js:2582:11)
          at /Users/yusefbach/Projekte/studynexus/frontend/node_modules/@testing-library/react/dist/act-compat.js:47:25
          at renderRoot (/Users/yusefbach/Projekte/studynexus/frontend/node_modules/@testing-library/react/dist/pure.js:180:26)
          at render (/Users/yusefbach/Projekte/studynexus/frontend/node_modules/@testing-library/react/dist/pure.js:271:10)
          at renderPage (/Users/yusefbach/Projekte/studynexus/frontend/src/app/[locale]/admin/programs/[id]/__tests__/page.test.tsx:133:18)
          at Object.renderPage (/Users/yusefbach/Projekte/studynexus/frontend/src/app/[locale]/admin/programs/[id]/__tests__/page.test.tsx:316:5)
          at Promise.then.completed (/Users/yusefbach/Projekte/studynexus/frontend/node_modules/jest-circus/build/utils.js:298:28)
          at new Promise (<anonymous>)
          at callAsyncCircusFn (/Users/yusefbach/Projekte/studynexus/frontend/node_modules/jest-circus/build/utils.js:231:10)
          at _callCircusTest (/Users/yusefbach/Projekte/studynexus/frontend/node_modules/jest-circus/build/run.js:316:40)
          at runNextTicks (node:internal/process/task_queues:65:5)
          at listOnTimeout (node:internal/timers:567:9)
          at processTimers (node:internal/timers:541:7)
          at _runTest (/Users/yusefbach/Projekte/studynexus/frontend/node_modules/jest-circus/build/run.js:252:3)
          at _runTestsForDescribeBlock (/Users/yusefbach/Projekte/studynexus/frontend/node_modules/jest-circus/build/run.js:126:9)
          at _runTestsForDescribeBlock (/Users/yusefbach/Projekte/studynexus/frontend/node_modules/jest-circus/build/run.js:121:9)
          at run (/Users/yusefbach/Projekte/studynexus/frontend/node_modules/jest-circus/build/run.js:71:3)
          at runAndTransformResultsToJestFormat (/Users/yusefbach/Projekte/studynexus/frontend/node_modules/jest-circus/build/legacy-code-todo-rewrite/jestAdapterInit.js:122:21)
          at jestAdapter (/Users/yusefbach/Projekte/studynexus/frontend/node_modules/jest-circus/build/legacy-code-todo-rewrite/jestAdapter.js:79:19)
          at runTestInternal (/Users/yusefbach/Projekte/studynexus/frontend/node_modules/jest-runner/build/runTest.js:367:16)
          at runTest (/Users/yusefbach/Projekte/studynexus/frontend/node_modules/jest-runner/build/runTest.js:444:34)
          at Object.worker (/Users/yusefbach/Projekte/studynexus/frontend/node_modules/jest-runner/build/testWorker.js:106:12) {
        code: 'FORMATTING_ERROR',
        originalMessage: 'The intl string context variable "count" was not provided to the string "{count} Students"'
      }

      175 |           <InfoRow label={t("detail.regelstudienzeit")} value={`${prog.regelstudienzeit} ${t("detail.semesterSuffix")}`} />
      176 |           <InfoRow label={t("detail.gesamtEcts")} value={`${prog.gesamt_ects} ECTS`} />
    > 177 |           <InfoRow label={t("detail.students")} value={t("detail.students", { count: prog.student_count })} />
          |                           ^
      178 |         </dl>
      179 |       </SectionCard>
      180 |

      at defaultOnError (node_modules/use-intl/dist/development/initializeConfig-BhfMSHP7.js:70:11)
      at getFallbackFromErrorAndNotify (node_modules/use-intl/dist/development/createFormatter-QqAaZwGD.js:160:5)
      at translateBaseFn (node_modules/use-intl/dist/development/createFormatter-QqAaZwGD.js:251:14)
      at translateFn (node_modules/use-intl/dist/development/createFormatter-QqAaZwGD.js:258:20)
      at t (src/app/[locale]/admin/programs/[id]/page.tsx:177:27)
      at renderWithHooks (node_modules/react-dom/cjs/react-dom.development.js:15486:18)
      at mountIndeterminateComponent (node_modules/react-dom/cjs/react-dom.development.js:20103:13)
      at beginWork (node_modules/react-dom/cjs/react-dom.development.js:21626:16)
      at beginWork$1 (node_modules/react-dom/cjs/react-dom.development.js:27465:14)
      at performUnitOfWork (node_modules/react-dom/cjs/react-dom.development.js:26599:12)
      at workLoopSync (node_modules/react-dom/cjs/react-dom.development.js:26505:5)
      at renderRootSync (node_modules/react-dom/cjs/react-dom.development.js:26473:7)
      at performConcurrentWorkOnRoot (node_modules/react-dom/cjs/react-dom.development.js:25777:74)
      at flushActQueue (node_modules/react/cjs/react.development.js:2667:24)
      at act (node_modules/react/cjs/react.development.js:2582:11)
      at node_modules/@testing-library/react/dist/act-compat.js:47:25
      at renderRoot (node_modules/@testing-library/react/dist/pure.js:180:26)
      at render (node_modules/@testing-library/react/dist/pure.js:271:10)
      at renderPage (src/app/[locale]/admin/programs/[id]/__tests__/page.test.tsx:133:18)
      at Object.renderPage (src/app/[locale]/admin/programs/[id]/__tests__/page.test.tsx:316:5)

PASS src/components/auth/__tests__/LoginForm.test.tsx
PASS src/app/[locale]/admin/modules/__tests__/page.test.tsx
PASS src/app/[locale]/admin/system/__tests__/page.test.tsx
PASS src/components/admin/__tests__/GrowthChart.test.tsx
PASS src/app/[locale]/admin/__tests__/DashboardPage.test.tsx
PASS src/app/[locale]/admin/audit-log/__tests__/page.test.tsx
  ● Console

    console.error
      IntlError: MISSING_MESSAGE: Could not resolve `admin.auditLog.actionUNKNOWN_ACTION_TEST` in messages for locale `de`.
          at getFallbackFromErrorAndNotify (/Users/yusefbach/Projekte/studynexus/frontend/node_modules/use-intl/dist/development/createFormatter-QqAaZwGD.js:159:19)
          at translateBaseFn (/Users/yusefbach/Projekte/studynexus/frontend/node_modules/use-intl/dist/development/createFormatter-QqAaZwGD.js:184:14)
          at translateFn (/Users/yusefbach/Projekte/studynexus/frontend/node_modules/use-intl/dist/development/createFormatter-QqAaZwGD.js:258:20)
          at t (/Users/yusefbach/Projekte/studynexus/frontend/src/app/[locale]/admin/audit-log/page.tsx:288:32)
          at Array.map (<anonymous>)
          at map (/Users/yusefbach/Projekte/studynexus/frontend/src/app/[locale]/admin/audit-log/page.tsx:263:23)
          at renderWithHooks (/Users/yusefbach/Projekte/studynexus/frontend/node_modules/react-dom/cjs/react-dom.development.js:15486:18)
          at mountIndeterminateComponent (/Users/yusefbach/Projekte/studynexus/frontend/node_modules/react-dom/cjs/react-dom.development.js:20103:13)
          at beginWork (/Users/yusefbach/Projekte/studynexus/frontend/node_modules/react-dom/cjs/react-dom.development.js:21626:16)
          at beginWork$1 (/Users/yusefbach/Projekte/studynexus/frontend/node_modules/react-dom/cjs/react-dom.development.js:27465:14)
          at performUnitOfWork (/Users/yusefbach/Projekte/studynexus/frontend/node_modules/react-dom/cjs/react-dom.development.js:26599:12)
          at workLoopSync (/Users/yusefbach/Projekte/studynexus/frontend/node_modules/react-dom/cjs/react-dom.development.js:26505:5)
          at renderRootSync (/Users/yusefbach/Projekte/studynexus/frontend/node_modules/react-dom/cjs/react-dom.development.js:26473:7)
          at performConcurrentWorkOnRoot (/Users/yusefbach/Projekte/studynexus/frontend/node_modules/react-dom/cjs/react-dom.development.js:25777:74)
          at flushActQueue (/Users/yusefbach/Projekte/studynexus/frontend/node_modules/react/cjs/react.development.js:2667:24)
          at act (/Users/yusefbach/Projekte/studynexus/frontend/node_modules/react/cjs/react.development.js:2582:11)
          at /Users/yusefbach/Projekte/studynexus/frontend/node_modules/@testing-library/react/dist/act-compat.js:47:25
          at renderRoot (/Users/yusefbach/Projekte/studynexus/frontend/node_modules/@testing-library/react/dist/pure.js:180:26)
          at render (/Users/yusefbach/Projekte/studynexus/frontend/node_modules/@testing-library/react/dist/pure.js:271:10)
          at renderPage (/Users/yusefbach/Projekte/studynexus/frontend/src/app/[locale]/admin/audit-log/__tests__/page.test.tsx:133:18)
          at Object.renderPage (/Users/yusefbach/Projekte/studynexus/frontend/src/app/[locale]/admin/audit-log/__tests__/page.test.tsx:166:5)
          at Promise.then.completed (/Users/yusefbach/Projekte/studynexus/frontend/node_modules/jest-circus/build/utils.js:298:28)
          at new Promise (<anonymous>)
          at callAsyncCircusFn (/Users/yusefbach/Projekte/studynexus/frontend/node_modules/jest-circus/build/utils.js:231:10)
          at _callCircusTest (/Users/yusefbach/Projekte/studynexus/frontend/node_modules/jest-circus/build/run.js:316:40)
          at processTicksAndRejections (node:internal/process/task_queues:104:5)
          at _runTest (/Users/yusefbach/Projekte/studynexus/frontend/node_modules/jest-circus/build/run.js:252:3)
          at _runTestsForDescribeBlock (/Users/yusefbach/Projekte/studynexus/frontend/node_modules/jest-circus/build/run.js:126:9)
          at _runTestsForDescribeBlock (/Users/yusefbach/Projekte/studynexus/frontend/node_modules/jest-circus/build/run.js:121:9)
          at run (/Users/yusefbach/Projekte/studynexus/frontend/node_modules/jest-circus/build/run.js:71:3)
          at runAndTransformResultsToJestFormat (/Users/yusefbach/Projekte/studynexus/frontend/node_modules/jest-circus/build/legacy-code-todo-rewrite/jestAdapterInit.js:122:21)
          at jestAdapter (/Users/yusefbach/Projekte/studynexus/frontend/node_modules/jest-circus/build/legacy-code-todo-rewrite/jestAdapter.js:79:19)
          at runTestInternal (/Users/yusefbach/Projekte/studynexus/frontend/node_modules/jest-runner/build/runTest.js:367:16)
          at runTest (/Users/yusefbach/Projekte/studynexus/frontend/node_modules/jest-runner/build/runTest.js:444:34)
          at Object.worker (/Users/yusefbach/Projekte/studynexus/frontend/node_modules/jest-runner/build/testWorker.js:106:12) {
        code: 'MISSING_MESSAGE',
        originalMessage: 'Could not resolve `admin.auditLog.actionUNKNOWN_ACTION_TEST` in messages for locale `de`.'
      }

      286 |                       <ActionBadge
      287 |                         action={entry.action}
    > 288 |                         label={t(`action${entry.action}` as any)}
          |                                ^
      289 |                       />
      290 |                       <span className="text-xs font-medium text-muted-foreground">
      291 |                         {entry.entity_type}

      at defaultOnError (node_modules/use-intl/dist/development/initializeConfig-BhfMSHP7.js:70:11)
      at getFallbackFromErrorAndNotify (node_modules/use-intl/dist/development/createFormatter-QqAaZwGD.js:160:5)
      at translateBaseFn (node_modules/use-intl/dist/development/createFormatter-QqAaZwGD.js:184:14)
      at translateFn (node_modules/use-intl/dist/development/createFormatter-QqAaZwGD.js:258:20)
      at t (src/app/[locale]/admin/audit-log/page.tsx:288:32)
          at Array.map (<anonymous>)
      at map (src/app/[locale]/admin/audit-log/page.tsx:263:23)
      at renderWithHooks (node_modules/react-dom/cjs/react-dom.development.js:15486:18)
      at mountIndeterminateComponent (node_modules/react-dom/cjs/react-dom.development.js:20103:13)
      at beginWork (node_modules/react-dom/cjs/react-dom.development.js:21626:16)
      at beginWork$1 (node_modules/react-dom/cjs/react-dom.development.js:27465:14)
      at performUnitOfWork (node_modules/react-dom/cjs/react-dom.development.js:26599:12)
      at workLoopSync (node_modules/react-dom/cjs/react-dom.development.js:26505:5)
      at renderRootSync (node_modules/react-dom/cjs/react-dom.development.js:26473:7)
      at performConcurrentWorkOnRoot (node_modules/react-dom/cjs/react-dom.development.js:25777:74)
      at flushActQueue (node_modules/react/cjs/react.development.js:2667:24)
      at act (node_modules/react/cjs/react.development.js:2582:11)
      at node_modules/@testing-library/react/dist/act-compat.js:47:25
      at renderRoot (node_modules/@testing-library/react/dist/pure.js:180:26)
      at render (node_modules/@testing-library/react/dist/pure.js:271:10)
      at renderPage (src/app/[locale]/admin/audit-log/__tests__/page.test.tsx:133:18)
      at Object.renderPage (src/app/[locale]/admin/audit-log/__tests__/page.test.tsx:166:5)

    console.error
      IntlError: MISSING_MESSAGE: Could not resolve `admin.auditLog.actionUNKNOWN_ACTION_TEST` in messages for locale `de`.
          at getFallbackFromErrorAndNotify (/Users/yusefbach/Projekte/studynexus/frontend/node_modules/use-intl/dist/development/createFormatter-QqAaZwGD.js:159:19)
          at translateBaseFn (/Users/yusefbach/Projekte/studynexus/frontend/node_modules/use-intl/dist/development/createFormatter-QqAaZwGD.js:184:14)
          at translateFn (/Users/yusefbach/Projekte/studynexus/frontend/node_modules/use-intl/dist/development/createFormatter-QqAaZwGD.js:258:20)
          at t (/Users/yusefbach/Projekte/studynexus/frontend/src/app/[locale]/admin/audit-log/page.tsx:288:32)
          at Array.map (<anonymous>)
          at map (/Users/yusefbach/Projekte/studynexus/frontend/src/app/[locale]/admin/audit-log/page.tsx:263:23)
          at renderWithHooks (/Users/yusefbach/Projekte/studynexus/frontend/node_modules/react-dom/cjs/react-dom.development.js:15486:18)
          at mountIndeterminateComponent (/Users/yusefbach/Projekte/studynexus/frontend/node_modules/react-dom/cjs/react-dom.development.js:20103:13)
          at beginWork (/Users/yusefbach/Projekte/studynexus/frontend/node_modules/react-dom/cjs/react-dom.development.js:21626:16)
          at beginWork$1 (/Users/yusefbach/Projekte/studynexus/frontend/node_modules/react-dom/cjs/react-dom.development.js:27465:14)
          at performUnitOfWork (/Users/yusefbach/Projekte/studynexus/frontend/node_modules/react-dom/cjs/react-dom.development.js:26599:12)
          at workLoopSync (/Users/yusefbach/Projekte/studynexus/frontend/node_modules/react-dom/cjs/react-dom.development.js:26505:5)
          at renderRootSync (/Users/yusefbach/Projekte/studynexus/frontend/node_modules/react-dom/cjs/react-dom.development.js:26473:7)
          at performConcurrentWorkOnRoot (/Users/yusefbach/Projekte/studynexus/frontend/node_modules/react-dom/cjs/react-dom.development.js:25777:74)
          at flushActQueue (/Users/yusefbach/Projekte/studynexus/frontend/node_modules/react/cjs/react.development.js:2667:24)
          at act (/Users/yusefbach/Projekte/studynexus/frontend/node_modules/react/cjs/react.development.js:2582:11)
          at /Users/yusefbach/Projekte/studynexus/frontend/node_modules/@testing-library/react/dist/act-compat.js:47:25
          at renderRoot (/Users/yusefbach/Projekte/studynexus/frontend/node_modules/@testing-library/react/dist/pure.js:180:26)
          at render (/Users/yusefbach/Projekte/studynexus/frontend/node_modules/@testing-library/react/dist/pure.js:271:10)
          at renderPage (/Users/yusefbach/Projekte/studynexus/frontend/src/app/[locale]/admin/audit-log/__tests__/page.test.tsx:133:18)
          at Object.renderPage (/Users/yusefbach/Projekte/studynexus/frontend/src/app/[locale]/admin/audit-log/__tests__/page.test.tsx:192:5)
          at Promise.then.completed (/Users/yusefbach/Projekte/studynexus/frontend/node_modules/jest-circus/build/utils.js:298:28)
          at new Promise (<anonymous>)
          at callAsyncCircusFn (/Users/yusefbach/Projekte/studynexus/frontend/node_modules/jest-circus/build/utils.js:231:10)
          at _callCircusTest (/Users/yusefbach/Projekte/studynexus/frontend/node_modules/jest-circus/build/run.js:316:40)
          at processTicksAndRejections (node:internal/process/task_queues:104:5)
          at _runTest (/Users/yusefbach/Projekte/studynexus/frontend/node_modules/jest-circus/build/run.js:252:3)
          at _runTestsForDescribeBlock (/Users/yusefbach/Projekte/studynexus/frontend/node_modules/jest-circus/build/run.js:126:9)
          at _runTestsForDescribeBlock (/Users/yusefbach/Projekte/studynexus/frontend/node_modules/jest-circus/build/run.js:121:9)
          at run (/Users/yusefbach/Projekte/studynexus/frontend/node_modules/jest-circus/build/run.js:71:3)
          at runAndTransformResultsToJestFormat (/Users/yusefbach/Projekte/studynexus/frontend/node_modules/jest-circus/build/legacy-code-todo-rewrite/jestAdapterInit.js:122:21)
          at jestAdapter (/Users/yusefbach/Projekte/studynexus/frontend/node_modules/jest-circus/build/legacy-code-todo-rewrite/jestAdapter.js:79:19)
          at runTestInternal (/Users/yusefbach/Projekte/studynexus/frontend/node_modules/jest-runner/build/runTest.js:367:16)
          at runTest (/Users/yusefbach/Projekte/studynexus/frontend/node_modules/jest-runner/build/runTest.js:444:34)
          at Object.worker (/Users/yusefbach/Projekte/studynexus/frontend/node_modules/jest-runner/build/testWorker.js:106:12) {
        code: 'MISSING_MESSAGE',
        originalMessage: 'Could not resolve `admin.auditLog.actionUNKNOWN_ACTION_TEST` in messages for locale `de`.'
      }

      286 |                       <ActionBadge
      287 |                         action={entry.action}
    > 288 |                         label={t(`action${entry.action}` as any)}
          |                                ^
      289 |                       />
      290 |                       <span className="text-xs font-medium text-muted-foreground">
      291 |                         {entry.entity_type}

      at defaultOnError (node_modules/use-intl/dist/development/initializeConfig-BhfMSHP7.js:70:11)
      at getFallbackFromErrorAndNotify (node_modules/use-intl/dist/development/createFormatter-QqAaZwGD.js:160:5)
      at translateBaseFn (node_modules/use-intl/dist/development/createFormatter-QqAaZwGD.js:184:14)
      at translateFn (node_modules/use-intl/dist/development/createFormatter-QqAaZwGD.js:258:20)
      at t (src/app/[locale]/admin/audit-log/page.tsx:288:32)
          at Array.map (<anonymous>)
      at map (src/app/[locale]/admin/audit-log/page.tsx:263:23)
      at renderWithHooks (node_modules/react-dom/cjs/react-dom.development.js:15486:18)
      at mountIndeterminateComponent (node_modules/react-dom/cjs/react-dom.development.js:20103:13)
      at beginWork (node_modules/react-dom/cjs/react-dom.development.js:21626:16)
      at beginWork$1 (node_modules/react-dom/cjs/react-dom.development.js:27465:14)
      at performUnitOfWork (node_modules/react-dom/cjs/react-dom.development.js:26599:12)
      at workLoopSync (node_modules/react-dom/cjs/react-dom.development.js:26505:5)
      at renderRootSync (node_modules/react-dom/cjs/react-dom.development.js:26473:7)
      at performConcurrentWorkOnRoot (node_modules/react-dom/cjs/react-dom.development.js:25777:74)
      at flushActQueue (node_modules/react/cjs/react.development.js:2667:24)
      at act (node_modules/react/cjs/react.development.js:2582:11)
      at node_modules/@testing-library/react/dist/act-compat.js:47:25
      at renderRoot (node_modules/@testing-library/react/dist/pure.js:180:26)
      at render (node_modules/@testing-library/react/dist/pure.js:271:10)
      at renderPage (src/app/[locale]/admin/audit-log/__tests__/page.test.tsx:133:18)
      at Object.renderPage (src/app/[locale]/admin/audit-log/__tests__/page.test.tsx:192:5)

    console.error
      IntlError: MISSING_MESSAGE: Could not resolve `admin.auditLog.actionUNKNOWN_ACTION_TEST` in messages for locale `de`.
          at getFallbackFromErrorAndNotify (/Users/yusefbach/Projekte/studynexus/frontend/node_modules/use-intl/dist/development/createFormatter-QqAaZwGD.js:159:19)
          at translateBaseFn (/Users/yusefbach/Projekte/studynexus/frontend/node_modules/use-intl/dist/development/createFormatter-QqAaZwGD.js:184:14)
          at translateFn (/Users/yusefbach/Projekte/studynexus/frontend/node_modules/use-intl/dist/development/createFormatter-QqAaZwGD.js:258:20)
          at t (/Users/yusefbach/Projekte/studynexus/frontend/src/app/[locale]/admin/audit-log/page.tsx:288:32)
          at Array.map (<anonymous>)
          at map (/Users/yusefbach/Projekte/studynexus/frontend/src/app/[locale]/admin/audit-log/page.tsx:263:23)
          at renderWithHooks (/Users/yusefbach/Projekte/studynexus/frontend/node_modules/react-dom/cjs/react-dom.development.js:15486:18)
          at mountIndeterminateComponent (/Users/yusefbach/Projekte/studynexus/frontend/node_modules/react-dom/cjs/react-dom.development.js:20103:13)
          at beginWork (/Users/yusefbach/Projekte/studynexus/frontend/node_modules/react-dom/cjs/react-dom.development.js:21626:16)
          at beginWork$1 (/Users/yusefbach/Projekte/studynexus/frontend/node_modules/react-dom/cjs/react-dom.development.js:27465:14)
          at performUnitOfWork (/Users/yusefbach/Projekte/studynexus/frontend/node_modules/react-dom/cjs/react-dom.development.js:26599:12)
          at workLoopSync (/Users/yusefbach/Projekte/studynexus/frontend/node_modules/react-dom/cjs/react-dom.development.js:26505:5)
          at renderRootSync (/Users/yusefbach/Projekte/studynexus/frontend/node_modules/react-dom/cjs/react-dom.development.js:26473:7)
          at performConcurrentWorkOnRoot (/Users/yusefbach/Projekte/studynexus/frontend/node_modules/react-dom/cjs/react-dom.development.js:25777:74)
          at flushActQueue (/Users/yusefbach/Projekte/studynexus/frontend/node_modules/react/cjs/react.development.js:2667:24)
          at act (/Users/yusefbach/Projekte/studynexus/frontend/node_modules/react/cjs/react.development.js:2582:11)
          at /Users/yusefbach/Projekte/studynexus/frontend/node_modules/@testing-library/react/dist/act-compat.js:47:25
          at renderRoot (/Users/yusefbach/Projekte/studynexus/frontend/node_modules/@testing-library/react/dist/pure.js:180:26)
          at render (/Users/yusefbach/Projekte/studynexus/frontend/node_modules/@testing-library/react/dist/pure.js:271:10)
          at renderPage (/Users/yusefbach/Projekte/studynexus/frontend/src/app/[locale]/admin/audit-log/__tests__/page.test.tsx:133:18)
          at Object.renderPage (/Users/yusefbach/Projekte/studynexus/frontend/src/app/[locale]/admin/audit-log/__tests__/page.test.tsx:213:5)
          at Promise.then.completed (/Users/yusefbach/Projekte/studynexus/frontend/node_modules/jest-circus/build/utils.js:298:28)
          at new Promise (<anonymous>)
          at callAsyncCircusFn (/Users/yusefbach/Projekte/studynexus/frontend/node_modules/jest-circus/build/utils.js:231:10)
          at _callCircusTest (/Users/yusefbach/Projekte/studynexus/frontend/node_modules/jest-circus/build/run.js:316:40)
          at processTicksAndRejections (node:internal/process/task_queues:104:5)
          at _runTest (/Users/yusefbach/Projekte/studynexus/frontend/node_modules/jest-circus/build/run.js:252:3)
          at _runTestsForDescribeBlock (/Users/yusefbach/Projekte/studynexus/frontend/node_modules/jest-circus/build/run.js:126:9)
          at _runTestsForDescribeBlock (/Users/yusefbach/Projekte/studynexus/frontend/node_modules/jest-circus/build/run.js:121:9)
          at run (/Users/yusefbach/Projekte/studynexus/frontend/node_modules/jest-circus/build/run.js:71:3)
          at runAndTransformResultsToJestFormat (/Users/yusefbach/Projekte/studynexus/frontend/node_modules/jest-circus/build/legacy-code-todo-rewrite/jestAdapterInit.js:122:21)
          at jestAdapter (/Users/yusefbach/Projekte/studynexus/frontend/node_modules/jest-circus/build/legacy-code-todo-rewrite/jestAdapter.js:79:19)
          at runTestInternal (/Users/yusefbach/Projekte/studynexus/frontend/node_modules/jest-runner/build/runTest.js:367:16)
          at runTest (/Users/yusefbach/Projekte/studynexus/frontend/node_modules/jest-runner/build/runTest.js:444:34)
          at Object.worker (/Users/yusefbach/Projekte/studynexus/frontend/node_modules/jest-runner/build/testWorker.js:106:12) {
        code: 'MISSING_MESSAGE',
        originalMessage: 'Could not resolve `admin.auditLog.actionUNKNOWN_ACTION_TEST` in messages for locale `de`.'
      }

      286 |                       <ActionBadge
      287 |                         action={entry.action}
    > 288 |                         label={t(`action${entry.action}` as any)}
          |                                ^
      289 |                       />
      290 |                       <span className="text-xs font-medium text-muted-foreground">
      291 |                         {entry.entity_type}

      at defaultOnError (node_modules/use-intl/dist/development/initializeConfig-BhfMSHP7.js:70:11)
      at getFallbackFromErrorAndNotify (node_modules/use-intl/dist/development/createFormatter-QqAaZwGD.js:160:5)
      at translateBaseFn (node_modules/use-intl/dist/development/createFormatter-QqAaZwGD.js:184:14)
      at translateFn (node_modules/use-intl/dist/development/createFormatter-QqAaZwGD.js:258:20)
      at t (src/app/[locale]/admin/audit-log/page.tsx:288:32)
          at Array.map (<anonymous>)
      at map (src/app/[locale]/admin/audit-log/page.tsx:263:23)
      at renderWithHooks (node_modules/react-dom/cjs/react-dom.development.js:15486:18)
      at mountIndeterminateComponent (node_modules/react-dom/cjs/react-dom.development.js:20103:13)
      at beginWork (node_modules/react-dom/cjs/react-dom.development.js:21626:16)
      at beginWork$1 (node_modules/react-dom/cjs/react-dom.development.js:27465:14)
      at performUnitOfWork (node_modules/react-dom/cjs/react-dom.development.js:26599:12)
      at workLoopSync (node_modules/react-dom/cjs/react-dom.development.js:26505:5)
      at renderRootSync (node_modules/react-dom/cjs/react-dom.development.js:26473:7)
      at performConcurrentWorkOnRoot (node_modules/react-dom/cjs/react-dom.development.js:25777:74)
      at flushActQueue (node_modules/react/cjs/react.development.js:2667:24)
      at act (node_modules/react/cjs/react.development.js:2582:11)
      at node_modules/@testing-library/react/dist/act-compat.js:47:25
      at renderRoot (node_modules/@testing-library/react/dist/pure.js:180:26)
      at render (node_modules/@testing-library/react/dist/pure.js:271:10)
      at renderPage (src/app/[locale]/admin/audit-log/__tests__/page.test.tsx:133:18)
      at Object.renderPage (src/app/[locale]/admin/audit-log/__tests__/page.test.tsx:213:5)

    console.error
      IntlError: MISSING_MESSAGE: Could not resolve `admin.auditLog.actionUNKNOWN_ACTION_TEST` in messages for locale `de`.
          at getFallbackFromErrorAndNotify (/Users/yusefbach/Projekte/studynexus/frontend/node_modules/use-intl/dist/development/createFormatter-QqAaZwGD.js:159:19)
          at translateBaseFn (/Users/yusefbach/Projekte/studynexus/frontend/node_modules/use-intl/dist/development/createFormatter-QqAaZwGD.js:184:14)
          at translateFn (/Users/yusefbach/Projekte/studynexus/frontend/node_modules/use-intl/dist/development/createFormatter-QqAaZwGD.js:258:20)
          at t (/Users/yusefbach/Projekte/studynexus/frontend/src/app/[locale]/admin/audit-log/page.tsx:288:32)
          at Array.map (<anonymous>)
          at map (/Users/yusefbach/Projekte/studynexus/frontend/src/app/[locale]/admin/audit-log/page.tsx:263:23)
          at renderWithHooks (/Users/yusefbach/Projekte/studynexus/frontend/node_modules/react-dom/cjs/react-dom.development.js:15486:18)
          at updateFunctionComponent (/Users/yusefbach/Projekte/studynexus/frontend/node_modules/react-dom/cjs/react-dom.development.js:19617:20)
          at beginWork (/Users/yusefbach/Projekte/studynexus/frontend/node_modules/react-dom/cjs/react-dom.development.js:21640:16)
          at beginWork$1 (/Users/yusefbach/Projekte/studynexus/frontend/node_modules/react-dom/cjs/react-dom.development.js:27465:14)
          at performUnitOfWork (/Users/yusefbach/Projekte/studynexus/frontend/node_modules/react-dom/cjs/react-dom.development.js:26599:12)
          at workLoopSync (/Users/yusefbach/Projekte/studynexus/frontend/node_modules/react-dom/cjs/react-dom.development.js:26505:5)
          at renderRootSync (/Users/yusefbach/Projekte/studynexus/frontend/node_modules/react-dom/cjs/react-dom.development.js:26473:7)
          at performSyncWorkOnRoot (/Users/yusefbach/Projekte/studynexus/frontend/node_modules/react-dom/cjs/react-dom.development.js:26124:20)
          at flushSyncCallbacks (/Users/yusefbach/Projekte/studynexus/frontend/node_modules/react-dom/cjs/react-dom.development.js:12042:22)
          at flushSync (/Users/yusefbach/Projekte/studynexus/frontend/node_modules/react-dom/cjs/react-dom.development.js:26240:7)
          at finishEventHandler (/Users/yusefbach/Projekte/studynexus/frontend/node_modules/react-dom/cjs/react-dom.development.js:3976:5)
          at batchedUpdates (/Users/yusefbach/Projekte/studynexus/frontend/node_modules/react-dom/cjs/react-dom.development.js:3994:5)
          at dispatchEventForPluginEventSystem (/Users/yusefbach/Projekte/studynexus/frontend/node_modules/react-dom/cjs/react-dom.development.js:9287:3)
          at dispatchEventWithEnableCapturePhaseSelectiveHydrationWithoutDiscreteEventReplay (/Users/yusefbach/Projekte/studynexus/frontend/node_modules/react-dom/cjs/react-dom.development.js:6465:5)
          at dispatchEvent (/Users/yusefbach/Projekte/studynexus/frontend/node_modules/react-dom/cjs/react-dom.development.js:6457:5)
          at dispatchDiscreteEvent (/Users/yusefbach/Projekte/studynexus/frontend/node_modules/react-dom/cjs/react-dom.development.js:6430:5)
          at HTMLDivElement.callTheUserObjectsOperation (/Users/yusefbach/Projekte/studynexus/frontend/node_modules/jsdom/lib/jsdom/living/generated/EventListener.js:26:30)
          at innerInvokeEventListeners (/Users/yusefbach/Projekte/studynexus/frontend/node_modules/jsdom/lib/jsdom/living/events/EventTarget-impl.js:350:25)
          at invokeEventListeners (/Users/yusefbach/Projekte/studynexus/frontend/node_modules/jsdom/lib/jsdom/living/events/EventTarget-impl.js:286:3)
          at HTMLSelectElementImpl._dispatch (/Users/yusefbach/Projekte/studynexus/frontend/node_modules/jsdom/lib/jsdom/living/events/EventTarget-impl.js:233:9)
          at HTMLSelectElementImpl.dispatchEvent (/Users/yusefbach/Projekte/studynexus/frontend/node_modules/jsdom/lib/jsdom/living/events/EventTarget-impl.js:104:17)
          at Proxy.dispatchEvent (/Users/yusefbach/Projekte/studynexus/frontend/node_modules/jsdom/lib/jsdom/living/generated/EventTarget.js:241:34)
          at /Users/yusefbach/Projekte/studynexus/frontend/node_modules/@testing-library/dom/dist/events.js:19:20
          at /Users/yusefbach/Projekte/studynexus/frontend/node_modules/@testing-library/react/dist/pure.js:108:16
          at /Users/yusefbach/Projekte/studynexus/frontend/node_modules/@testing-library/react/dist/act-compat.js:48:24
          at act (/Users/yusefbach/Projekte/studynexus/frontend/node_modules/react/cjs/react.development.js:2512:16)
          at /Users/yusefbach/Projekte/studynexus/frontend/node_modules/@testing-library/react/dist/act-compat.js:47:25
          at Object.eventWrapper (/Users/yusefbach/Projekte/studynexus/frontend/node_modules/@testing-library/react/dist/pure.js:107:28)
          at fireEvent (/Users/yusefbach/Projekte/studynexus/frontend/node_modules/@testing-library/dom/dist/events.js:12:35)
          at fireEvent.<computed> [as change] (/Users/yusefbach/Projekte/studynexus/frontend/node_modules/@testing-library/dom/dist/events.js:110:36)
          at fireEvent.<computed> [as change] (/Users/yusefbach/Projekte/studynexus/frontend/node_modules/@testing-library/react/dist/fire-event.js:15:52)
          at Object.change (/Users/yusefbach/Projekte/studynexus/frontend/src/app/[locale]/admin/audit-log/__tests__/page.test.tsx:218:15)
          at Promise.then.completed (/Users/yusefbach/Projekte/studynexus/frontend/node_modules/jest-circus/build/utils.js:298:28)
          at new Promise (<anonymous>)
          at callAsyncCircusFn (/Users/yusefbach/Projekte/studynexus/frontend/node_modules/jest-circus/build/utils.js:231:10)
          at _callCircusTest (/Users/yusefbach/Projekte/studynexus/frontend/node_modules/jest-circus/build/run.js:316:40)
          at processTicksAndRejections (node:internal/process/task_queues:104:5)
          at _runTest (/Users/yusefbach/Projekte/studynexus/frontend/node_modules/jest-circus/build/run.js:252:3)
          at _runTestsForDescribeBlock (/Users/yusefbach/Projekte/studynexus/frontend/node_modules/jest-circus/build/run.js:126:9)
          at _runTestsForDescribeBlock (/Users/yusefbach/Projekte/studynexus/frontend/node_modules/jest-circus/build/run.js:121:9)
          at run (/Users/yusefbach/Projekte/studynexus/frontend/node_modules/jest-circus/build/run.js:71:3)
          at runAndTransformResultsToJestFormat (/Users/yusefbach/Projekte/studynexus/frontend/node_modules/jest-circus/build/legacy-code-todo-rewrite/jestAdapterInit.js:122:21)
          at jestAdapter (/Users/yusefbach/Projekte/studynexus/frontend/node_modules/jest-circus/build/legacy-code-todo-rewrite/jestAdapter.js:79:19)
          at runTestInternal (/Users/yusefbach/Projekte/studynexus/frontend/node_modules/jest-runner/build/runTest.js:367:16)
          at runTest (/Users/yusefbach/Projekte/studynexus/frontend/node_modules/jest-runner/build/runTest.js:444:34)
          at Object.worker (/Users/yusefbach/Projekte/studynexus/frontend/node_modules/jest-runner/build/testWorker.js:106:12) {
        code: 'MISSING_MESSAGE',
        originalMessage: 'Could not resolve `admin.auditLog.actionUNKNOWN_ACTION_TEST` in messages for locale `de`.'
      }

      286 |                       <ActionBadge
      287 |                         action={entry.action}
    > 288 |                         label={t(`action${entry.action}` as any)}
          |                                ^
      289 |                       />
      290 |                       <span className="text-xs font-medium text-muted-foreground">
      291 |                         {entry.entity_type}

      at defaultOnError (node_modules/use-intl/dist/development/initializeConfig-BhfMSHP7.js:70:11)
      at getFallbackFromErrorAndNotify (node_modules/use-intl/dist/development/createFormatter-QqAaZwGD.js:160:5)
      at translateBaseFn (node_modules/use-intl/dist/development/createFormatter-QqAaZwGD.js:184:14)
      at translateFn (node_modules/use-intl/dist/development/createFormatter-QqAaZwGD.js:258:20)
      at t (src/app/[locale]/admin/audit-log/page.tsx:288:32)
          at Array.map (<anonymous>)
      at map (src/app/[locale]/admin/audit-log/page.tsx:263:23)
      at renderWithHooks (node_modules/react-dom/cjs/react-dom.development.js:15486:18)
      at updateFunctionComponent (node_modules/react-dom/cjs/react-dom.development.js:19617:20)
      at beginWork (node_modules/react-dom/cjs/react-dom.development.js:21640:16)
      at beginWork$1 (node_modules/react-dom/cjs/react-dom.development.js:27465:14)
      at performUnitOfWork (node_modules/react-dom/cjs/react-dom.development.js:26599:12)
      at workLoopSync (node_modules/react-dom/cjs/react-dom.development.js:26505:5)
      at renderRootSync (node_modules/react-dom/cjs/react-dom.development.js:26473:7)
      at performSyncWorkOnRoot (node_modules/react-dom/cjs/react-dom.development.js:26124:20)
      at flushSyncCallbacks (node_modules/react-dom/cjs/react-dom.development.js:12042:22)
      at flushSync (node_modules/react-dom/cjs/react-dom.development.js:26240:7)
      at finishEventHandler (node_modules/react-dom/cjs/react-dom.development.js:3976:5)
      at batchedUpdates (node_modules/react-dom/cjs/react-dom.development.js:3994:5)
      at dispatchEventForPluginEventSystem (node_modules/react-dom/cjs/react-dom.development.js:9287:3)
      at dispatchEventWithEnableCapturePhaseSelectiveHydrationWithoutDiscreteEventReplay (node_modules/react-dom/cjs/react-dom.development.js:6465:5)
      at dispatchEvent (node_modules/react-dom/cjs/react-dom.development.js:6457:5)
      at dispatchDiscreteEvent (node_modules/react-dom/cjs/react-dom.development.js:6430:5)
      at HTMLDivElement.callTheUserObjectsOperation (node_modules/jsdom/lib/jsdom/living/generated/EventListener.js:26:30)
      at innerInvokeEventListeners (node_modules/jsdom/lib/jsdom/living/events/EventTarget-impl.js:350:25)
      at invokeEventListeners (node_modules/jsdom/lib/jsdom/living/events/EventTarget-impl.js:286:3)
      at HTMLSelectElementImpl._dispatch (node_modules/jsdom/lib/jsdom/living/events/EventTarget-impl.js:233:9)
      at HTMLSelectElementImpl.dispatchEvent (node_modules/jsdom/lib/jsdom/living/events/EventTarget-impl.js:104:17)
      at Proxy.dispatchEvent (node_modules/jsdom/lib/jsdom/living/generated/EventTarget.js:241:34)
      at node_modules/@testing-library/dom/dist/events.js:19:20
      at node_modules/@testing-library/react/dist/pure.js:108:16
      at node_modules/@testing-library/react/dist/act-compat.js:48:24
      at act (node_modules/react/cjs/react.development.js:2512:16)
      at node_modules/@testing-library/react/dist/act-compat.js:47:25
      at Object.eventWrapper (node_modules/@testing-library/react/dist/pure.js:107:28)
      at fireEvent (node_modules/@testing-library/dom/dist/events.js:12:35)
      at fireEvent.<computed> [as change] (node_modules/@testing-library/dom/dist/events.js:110:36)
      at fireEvent.<computed> [as change] (node_modules/@testing-library/react/dist/fire-event.js:15:52)
      at Object.change (src/app/[locale]/admin/audit-log/__tests__/page.test.tsx:218:15)

    console.error
      IntlError: MISSING_MESSAGE: Could not resolve `admin.auditLog.actionUNKNOWN_ACTION_TEST` in messages for locale `de`.
          at getFallbackFromErrorAndNotify (/Users/yusefbach/Projekte/studynexus/frontend/node_modules/use-intl/dist/development/createFormatter-QqAaZwGD.js:159:19)
          at translateBaseFn (/Users/yusefbach/Projekte/studynexus/frontend/node_modules/use-intl/dist/development/createFormatter-QqAaZwGD.js:184:14)
          at translateFn (/Users/yusefbach/Projekte/studynexus/frontend/node_modules/use-intl/dist/development/createFormatter-QqAaZwGD.js:258:20)
          at t (/Users/yusefbach/Projekte/studynexus/frontend/src/app/[locale]/admin/audit-log/page.tsx:288:32)
          at Array.map (<anonymous>)
          at map (/Users/yusefbach/Projekte/studynexus/frontend/src/app/[locale]/admin/audit-log/page.tsx:263:23)
          at renderWithHooks (/Users/yusefbach/Projekte/studynexus/frontend/node_modules/react-dom/cjs/react-dom.development.js:15486:18)
          at updateFunctionComponent (/Users/yusefbach/Projekte/studynexus/frontend/node_modules/react-dom/cjs/react-dom.development.js:19617:20)
          at beginWork (/Users/yusefbach/Projekte/studynexus/frontend/node_modules/react-dom/cjs/react-dom.development.js:21640:16)
          at beginWork$1 (/Users/yusefbach/Projekte/studynexus/frontend/node_modules/react-dom/cjs/react-dom.development.js:27465:14)
          at performUnitOfWork (/Users/yusefbach/Projekte/studynexus/frontend/node_modules/react-dom/cjs/react-dom.development.js:26599:12)
          at workLoopSync (/Users/yusefbach/Projekte/studynexus/frontend/node_modules/react-dom/cjs/react-dom.development.js:26505:5)
          at renderRootSync (/Users/yusefbach/Projekte/studynexus/frontend/node_modules/react-dom/cjs/react-dom.development.js:26473:7)
          at performSyncWorkOnRoot (/Users/yusefbach/Projekte/studynexus/frontend/node_modules/react-dom/cjs/react-dom.development.js:26124:20)
          at flushSyncCallbacks (/Users/yusefbach/Projekte/studynexus/frontend/node_modules/react-dom/cjs/react-dom.development.js:12042:22)
          at flushSync (/Users/yusefbach/Projekte/studynexus/frontend/node_modules/react-dom/cjs/react-dom.development.js:26240:7)
          at finishEventHandler (/Users/yusefbach/Projekte/studynexus/frontend/node_modules/react-dom/cjs/react-dom.development.js:3976:5)
          at batchedUpdates (/Users/yusefbach/Projekte/studynexus/frontend/node_modules/react-dom/cjs/react-dom.development.js:3994:5)
          at dispatchEventForPluginEventSystem (/Users/yusefbach/Projekte/studynexus/frontend/node_modules/react-dom/cjs/react-dom.development.js:9287:3)
          at dispatchEventWithEnableCapturePhaseSelectiveHydrationWithoutDiscreteEventReplay (/Users/yusefbach/Projekte/studynexus/frontend/node_modules/react-dom/cjs/react-dom.development.js:6465:5)
          at dispatchEvent (/Users/yusefbach/Projekte/studynexus/frontend/node_modules/react-dom/cjs/react-dom.development.js:6457:5)
          at dispatchDiscreteEvent (/Users/yusefbach/Projekte/studynexus/frontend/node_modules/react-dom/cjs/react-dom.development.js:6430:5)
          at HTMLDivElement.callTheUserObjectsOperation (/Users/yusefbach/Projekte/studynexus/frontend/node_modules/jsdom/lib/jsdom/living/generated/EventListener.js:26:30)
          at innerInvokeEventListeners (/Users/yusefbach/Projekte/studynexus/frontend/node_modules/jsdom/lib/jsdom/living/events/EventTarget-impl.js:350:25)
          at invokeEventListeners (/Users/yusefbach/Projekte/studynexus/frontend/node_modules/jsdom/lib/jsdom/living/events/EventTarget-impl.js:286:3)
          at HTMLSelectElementImpl._dispatch (/Users/yusefbach/Projekte/studynexus/frontend/node_modules/jsdom/lib/jsdom/living/events/EventTarget-impl.js:233:9)
          at HTMLSelectElementImpl.dispatchEvent (/Users/yusefbach/Projekte/studynexus/frontend/node_modules/jsdom/lib/jsdom/living/events/EventTarget-impl.js:104:17)
          at Proxy.dispatchEvent (/Users/yusefbach/Projekte/studynexus/frontend/node_modules/jsdom/lib/jsdom/living/generated/EventTarget.js:241:34)
          at /Users/yusefbach/Projekte/studynexus/frontend/node_modules/@testing-library/dom/dist/events.js:19:20
          at /Users/yusefbach/Projekte/studynexus/frontend/node_modules/@testing-library/react/dist/pure.js:108:16
          at /Users/yusefbach/Projekte/studynexus/frontend/node_modules/@testing-library/react/dist/act-compat.js:48:24
          at act (/Users/yusefbach/Projekte/studynexus/frontend/node_modules/react/cjs/react.development.js:2512:16)
          at /Users/yusefbach/Projekte/studynexus/frontend/node_modules/@testing-library/react/dist/act-compat.js:47:25
          at Object.eventWrapper (/Users/yusefbach/Projekte/studynexus/frontend/node_modules/@testing-library/react/dist/pure.js:107:28)
          at fireEvent (/Users/yusefbach/Projekte/studynexus/frontend/node_modules/@testing-library/dom/dist/events.js:12:35)
          at fireEvent.<computed> [as change] (/Users/yusefbach/Projekte/studynexus/frontend/node_modules/@testing-library/dom/dist/events.js:110:36)
          at fireEvent.<computed> [as change] (/Users/yusefbach/Projekte/studynexus/frontend/node_modules/@testing-library/react/dist/fire-event.js:15:52)
          at Object.change (/Users/yusefbach/Projekte/studynexus/frontend/src/app/[locale]/admin/audit-log/__tests__/page.test.tsx:219:15)
          at Promise.then.completed (/Users/yusefbach/Projekte/studynexus/frontend/node_modules/jest-circus/build/utils.js:298:28)
          at new Promise (<anonymous>)
          at callAsyncCircusFn (/Users/yusefbach/Projekte/studynexus/frontend/node_modules/jest-circus/build/utils.js:231:10)
          at _callCircusTest (/Users/yusefbach/Projekte/studynexus/frontend/node_modules/jest-circus/build/run.js:316:40)
          at processTicksAndRejections (node:internal/process/task_queues:104:5)
          at _runTest (/Users/yusefbach/Projekte/studynexus/frontend/node_modules/jest-circus/build/run.js:252:3)
          at _runTestsForDescribeBlock (/Users/yusefbach/Projekte/studynexus/frontend/node_modules/jest-circus/build/run.js:126:9)
          at _runTestsForDescribeBlock (/Users/yusefbach/Projekte/studynexus/frontend/node_modules/jest-circus/build/run.js:121:9)
          at run (/Users/yusefbach/Projekte/studynexus/frontend/node_modules/jest-circus/build/run.js:71:3)
          at runAndTransformResultsToJestFormat (/Users/yusefbach/Projekte/studynexus/frontend/node_modules/jest-circus/build/legacy-code-todo-rewrite/jestAdapterInit.js:122:21)
          at jestAdapter (/Users/yusefbach/Projekte/studynexus/frontend/node_modules/jest-circus/build/legacy-code-todo-rewrite/jestAdapter.js:79:19)
          at runTestInternal (/Users/yusefbach/Projekte/studynexus/frontend/node_modules/jest-runner/build/runTest.js:367:16)
          at runTest (/Users/yusefbach/Projekte/studynexus/frontend/node_modules/jest-runner/build/runTest.js:444:34)
          at Object.worker (/Users/yusefbach/Projekte/studynexus/frontend/node_modules/jest-runner/build/testWorker.js:106:12) {
        code: 'MISSING_MESSAGE',
        originalMessage: 'Could not resolve `admin.auditLog.actionUNKNOWN_ACTION_TEST` in messages for locale `de`.'
      }

      286 |                       <ActionBadge
      287 |                         action={entry.action}
    > 288 |                         label={t(`action${entry.action}` as any)}
          |                                ^
      289 |                       />
      290 |                       <span className="text-xs font-medium text-muted-foreground">
      291 |                         {entry.entity_type}

      at defaultOnError (node_modules/use-intl/dist/development/initializeConfig-BhfMSHP7.js:70:11)
      at getFallbackFromErrorAndNotify (node_modules/use-intl/dist/development/createFormatter-QqAaZwGD.js:160:5)
      at translateBaseFn (node_modules/use-intl/dist/development/createFormatter-QqAaZwGD.js:184:14)
      at translateFn (node_modules/use-intl/dist/development/createFormatter-QqAaZwGD.js:258:20)
      at t (src/app/[locale]/admin/audit-log/page.tsx:288:32)
          at Array.map (<anonymous>)
      at map (src/app/[locale]/admin/audit-log/page.tsx:263:23)
      at renderWithHooks (node_modules/react-dom/cjs/react-dom.development.js:15486:18)
      at updateFunctionComponent (node_modules/react-dom/cjs/react-dom.development.js:19617:20)
      at beginWork (node_modules/react-dom/cjs/react-dom.development.js:21640:16)
      at beginWork$1 (node_modules/react-dom/cjs/react-dom.development.js:27465:14)
      at performUnitOfWork (node_modules/react-dom/cjs/react-dom.development.js:26599:12)
      at workLoopSync (node_modules/react-dom/cjs/react-dom.development.js:26505:5)
      at renderRootSync (node_modules/react-dom/cjs/react-dom.development.js:26473:7)
      at performSyncWorkOnRoot (node_modules/react-dom/cjs/react-dom.development.js:26124:20)
      at flushSyncCallbacks (node_modules/react-dom/cjs/react-dom.development.js:12042:22)
      at flushSync (node_modules/react-dom/cjs/react-dom.development.js:26240:7)
      at finishEventHandler (node_modules/react-dom/cjs/react-dom.development.js:3976:5)
      at batchedUpdates (node_modules/react-dom/cjs/react-dom.development.js:3994:5)
      at dispatchEventForPluginEventSystem (node_modules/react-dom/cjs/react-dom.development.js:9287:3)
      at dispatchEventWithEnableCapturePhaseSelectiveHydrationWithoutDiscreteEventReplay (node_modules/react-dom/cjs/react-dom.development.js:6465:5)
      at dispatchEvent (node_modules/react-dom/cjs/react-dom.development.js:6457:5)
      at dispatchDiscreteEvent (node_modules/react-dom/cjs/react-dom.development.js:6430:5)
      at HTMLDivElement.callTheUserObjectsOperation (node_modules/jsdom/lib/jsdom/living/generated/EventListener.js:26:30)
      at innerInvokeEventListeners (node_modules/jsdom/lib/jsdom/living/events/EventTarget-impl.js:350:25)
      at invokeEventListeners (node_modules/jsdom/lib/jsdom/living/events/EventTarget-impl.js:286:3)
      at HTMLSelectElementImpl._dispatch (node_modules/jsdom/lib/jsdom/living/events/EventTarget-impl.js:233:9)
      at HTMLSelectElementImpl.dispatchEvent (node_modules/jsdom/lib/jsdom/living/events/EventTarget-impl.js:104:17)
      at Proxy.dispatchEvent (node_modules/jsdom/lib/jsdom/living/generated/EventTarget.js:241:34)
      at node_modules/@testing-library/dom/dist/events.js:19:20
      at node_modules/@testing-library/react/dist/pure.js:108:16
      at node_modules/@testing-library/react/dist/act-compat.js:48:24
      at act (node_modules/react/cjs/react.development.js:2512:16)
      at node_modules/@testing-library/react/dist/act-compat.js:47:25
      at Object.eventWrapper (node_modules/@testing-library/react/dist/pure.js:107:28)
      at fireEvent (node_modules/@testing-library/dom/dist/events.js:12:35)
      at fireEvent.<computed> [as change] (node_modules/@testing-library/dom/dist/events.js:110:36)
      at fireEvent.<computed> [as change] (node_modules/@testing-library/react/dist/fire-event.js:15:52)
      at Object.change (src/app/[locale]/admin/audit-log/__tests__/page.test.tsx:219:15)

    console.error
      IntlError: MISSING_MESSAGE: Could not resolve `admin.auditLog.actionUNKNOWN_ACTION_TEST` in messages for locale `de`.
          at getFallbackFromErrorAndNotify (/Users/yusefbach/Projekte/studynexus/frontend/node_modules/use-intl/dist/development/createFormatter-QqAaZwGD.js:159:19)
          at translateBaseFn (/Users/yusefbach/Projekte/studynexus/frontend/node_modules/use-intl/dist/development/createFormatter-QqAaZwGD.js:184:14)
          at translateFn (/Users/yusefbach/Projekte/studynexus/frontend/node_modules/use-intl/dist/development/createFormatter-QqAaZwGD.js:258:20)
          at t (/Users/yusefbach/Projekte/studynexus/frontend/src/app/[locale]/admin/audit-log/page.tsx:288:32)
          at Array.map (<anonymous>)
          at map (/Users/yusefbach/Projekte/studynexus/frontend/src/app/[locale]/admin/audit-log/page.tsx:263:23)
          at renderWithHooks (/Users/yusefbach/Projekte/studynexus/frontend/node_modules/react-dom/cjs/react-dom.development.js:15486:18)
          at updateFunctionComponent (/Users/yusefbach/Projekte/studynexus/frontend/node_modules/react-dom/cjs/react-dom.development.js:19617:20)
          at beginWork (/Users/yusefbach/Projekte/studynexus/frontend/node_modules/react-dom/cjs/react-dom.development.js:21640:16)
          at beginWork$1 (/Users/yusefbach/Projekte/studynexus/frontend/node_modules/react-dom/cjs/react-dom.development.js:27465:14)
          at performUnitOfWork (/Users/yusefbach/Projekte/studynexus/frontend/node_modules/react-dom/cjs/react-dom.development.js:26599:12)
          at workLoopSync (/Users/yusefbach/Projekte/studynexus/frontend/node_modules/react-dom/cjs/react-dom.development.js:26505:5)
          at renderRootSync (/Users/yusefbach/Projekte/studynexus/frontend/node_modules/react-dom/cjs/react-dom.development.js:26473:7)
          at performSyncWorkOnRoot (/Users/yusefbach/Projekte/studynexus/frontend/node_modules/react-dom/cjs/react-dom.development.js:26124:20)
          at flushSyncCallbacks (/Users/yusefbach/Projekte/studynexus/frontend/node_modules/react-dom/cjs/react-dom.development.js:12042:22)
          at flushSync (/Users/yusefbach/Projekte/studynexus/frontend/node_modules/react-dom/cjs/react-dom.development.js:26240:7)
          at finishEventHandler (/Users/yusefbach/Projekte/studynexus/frontend/node_modules/react-dom/cjs/react-dom.development.js:3976:5)
          at batchedUpdates (/Users/yusefbach/Projekte/studynexus/frontend/node_modules/react-dom/cjs/react-dom.development.js:3994:5)
          at dispatchEventForPluginEventSystem (/Users/yusefbach/Projekte/studynexus/frontend/node_modules/react-dom/cjs/react-dom.development.js:9287:3)
          at dispatchEventWithEnableCapturePhaseSelectiveHydrationWithoutDiscreteEventReplay (/Users/yusefbach/Projekte/studynexus/frontend/node_modules/react-dom/cjs/react-dom.development.js:6465:5)
          at dispatchEvent (/Users/yusefbach/Projekte/studynexus/frontend/node_modules/react-dom/cjs/react-dom.development.js:6457:5)
          at dispatchDiscreteEvent (/Users/yusefbach/Projekte/studynexus/frontend/node_modules/react-dom/cjs/react-dom.development.js:6430:5)
          at HTMLDivElement.callTheUserObjectsOperation (/Users/yusefbach/Projekte/studynexus/frontend/node_modules/jsdom/lib/jsdom/living/generated/EventListener.js:26:30)
          at innerInvokeEventListeners (/Users/yusefbach/Projekte/studynexus/frontend/node_modules/jsdom/lib/jsdom/living/events/EventTarget-impl.js:350:25)
          at invokeEventListeners (/Users/yusefbach/Projekte/studynexus/frontend/node_modules/jsdom/lib/jsdom/living/events/EventTarget-impl.js:286:3)
          at HTMLInputElementImpl._dispatch (/Users/yusefbach/Projekte/studynexus/frontend/node_modules/jsdom/lib/jsdom/living/events/EventTarget-impl.js:233:9)
          at HTMLInputElementImpl.dispatchEvent (/Users/yusefbach/Projekte/studynexus/frontend/node_modules/jsdom/lib/jsdom/living/events/EventTarget-impl.js:104:17)
          at HTMLInputElement.dispatchEvent (/Users/yusefbach/Projekte/studynexus/frontend/node_modules/jsdom/lib/jsdom/living/generated/EventTarget.js:241:34)
          at /Users/yusefbach/Projekte/studynexus/frontend/node_modules/@testing-library/dom/dist/events.js:19:20
          at /Users/yusefbach/Projekte/studynexus/frontend/node_modules/@testing-library/react/dist/pure.js:108:16
          at /Users/yusefbach/Projekte/studynexus/frontend/node_modules/@testing-library/react/dist/act-compat.js:48:24
          at act (/Users/yusefbach/Projekte/studynexus/frontend/node_modules/react/cjs/react.development.js:2512:16)
          at /Users/yusefbach/Projekte/studynexus/frontend/node_modules/@testing-library/react/dist/act-compat.js:47:25
          at Object.eventWrapper (/Users/yusefbach/Projekte/studynexus/frontend/node_modules/@testing-library/react/dist/pure.js:107:28)
          at fireEvent (/Users/yusefbach/Projekte/studynexus/frontend/node_modules/@testing-library/dom/dist/events.js:12:35)
          at fireEvent.<computed> [as change] (/Users/yusefbach/Projekte/studynexus/frontend/node_modules/@testing-library/dom/dist/events.js:110:36)
          at fireEvent.<computed> [as change] (/Users/yusefbach/Projekte/studynexus/frontend/node_modules/@testing-library/react/dist/fire-event.js:15:52)
          at Object.change (/Users/yusefbach/Projekte/studynexus/frontend/src/app/[locale]/admin/audit-log/__tests__/page.test.tsx:229:15)
          at Promise.then.completed (/Users/yusefbach/Projekte/studynexus/frontend/node_modules/jest-circus/build/utils.js:298:28)
          at new Promise (<anonymous>)
          at callAsyncCircusFn (/Users/yusefbach/Projekte/studynexus/frontend/node_modules/jest-circus/build/utils.js:231:10)
          at _callCircusTest (/Users/yusefbach/Projekte/studynexus/frontend/node_modules/jest-circus/build/run.js:316:40)
          at processTicksAndRejections (node:internal/process/task_queues:104:5)
          at _runTest (/Users/yusefbach/Projekte/studynexus/frontend/node_modules/jest-circus/build/run.js:252:3)
          at _runTestsForDescribeBlock (/Users/yusefbach/Projekte/studynexus/frontend/node_modules/jest-circus/build/run.js:126:9)
          at _runTestsForDescribeBlock (/Users/yusefbach/Projekte/studynexus/frontend/node_modules/jest-circus/build/run.js:121:9)
          at run (/Users/yusefbach/Projekte/studynexus/frontend/node_modules/jest-circus/build/run.js:71:3)
          at runAndTransformResultsToJestFormat (/Users/yusefbach/Projekte/studynexus/frontend/node_modules/jest-circus/build/legacy-code-todo-rewrite/jestAdapterInit.js:122:21)
          at jestAdapter (/Users/yusefbach/Projekte/studynexus/frontend/node_modules/jest-circus/build/legacy-code-todo-rewrite/jestAdapter.js:79:19)
          at runTestInternal (/Users/yusefbach/Projekte/studynexus/frontend/node_modules/jest-runner/build/runTest.js:367:16)
          at runTest (/Users/yusefbach/Projekte/studynexus/frontend/node_modules/jest-runner/build/runTest.js:444:34)
          at Object.worker (/Users/yusefbach/Projekte/studynexus/frontend/node_modules/jest-runner/build/testWorker.js:106:12) {
        code: 'MISSING_MESSAGE',
        originalMessage: 'Could not resolve `admin.auditLog.actionUNKNOWN_ACTION_TEST` in messages for locale `de`.'
      }

      286 |                       <ActionBadge
      287 |                         action={entry.action}
    > 288 |                         label={t(`action${entry.action}` as any)}
          |                                ^
      289 |                       />
      290 |                       <span className="text-xs font-medium text-muted-foreground">
      291 |                         {entry.entity_type}

      at defaultOnError (node_modules/use-intl/dist/development/initializeConfig-BhfMSHP7.js:70:11)
      at getFallbackFromErrorAndNotify (node_modules/use-intl/dist/development/createFormatter-QqAaZwGD.js:160:5)
      at translateBaseFn (node_modules/use-intl/dist/development/createFormatter-QqAaZwGD.js:184:14)
      at translateFn (node_modules/use-intl/dist/development/createFormatter-QqAaZwGD.js:258:20)
      at t (src/app/[locale]/admin/audit-log/page.tsx:288:32)
          at Array.map (<anonymous>)
      at map (src/app/[locale]/admin/audit-log/page.tsx:263:23)
      at renderWithHooks (node_modules/react-dom/cjs/react-dom.development.js:15486:18)
      at updateFunctionComponent (node_modules/react-dom/cjs/react-dom.development.js:19617:20)
      at beginWork (node_modules/react-dom/cjs/react-dom.development.js:21640:16)
      at beginWork$1 (node_modules/react-dom/cjs/react-dom.development.js:27465:14)
      at performUnitOfWork (node_modules/react-dom/cjs/react-dom.development.js:26599:12)
      at workLoopSync (node_modules/react-dom/cjs/react-dom.development.js:26505:5)
      at renderRootSync (node_modules/react-dom/cjs/react-dom.development.js:26473:7)
      at performSyncWorkOnRoot (node_modules/react-dom/cjs/react-dom.development.js:26124:20)
      at flushSyncCallbacks (node_modules/react-dom/cjs/react-dom.development.js:12042:22)
      at flushSync (node_modules/react-dom/cjs/react-dom.development.js:26240:7)
      at finishEventHandler (node_modules/react-dom/cjs/react-dom.development.js:3976:5)
      at batchedUpdates (node_modules/react-dom/cjs/react-dom.development.js:3994:5)
      at dispatchEventForPluginEventSystem (node_modules/react-dom/cjs/react-dom.development.js:9287:3)
      at dispatchEventWithEnableCapturePhaseSelectiveHydrationWithoutDiscreteEventReplay (node_modules/react-dom/cjs/react-dom.development.js:6465:5)
      at dispatchEvent (node_modules/react-dom/cjs/react-dom.development.js:6457:5)
      at dispatchDiscreteEvent (node_modules/react-dom/cjs/react-dom.development.js:6430:5)
      at HTMLDivElement.callTheUserObjectsOperation (node_modules/jsdom/lib/jsdom/living/generated/EventListener.js:26:30)
      at innerInvokeEventListeners (node_modules/jsdom/lib/jsdom/living/events/EventTarget-impl.js:350:25)
      at invokeEventListeners (node_modules/jsdom/lib/jsdom/living/events/EventTarget-impl.js:286:3)
      at HTMLInputElementImpl._dispatch (node_modules/jsdom/lib/jsdom/living/events/EventTarget-impl.js:233:9)
      at HTMLInputElementImpl.dispatchEvent (node_modules/jsdom/lib/jsdom/living/events/EventTarget-impl.js:104:17)
      at HTMLInputElement.dispatchEvent (node_modules/jsdom/lib/jsdom/living/generated/EventTarget.js:241:34)
      at node_modules/@testing-library/dom/dist/events.js:19:20
      at node_modules/@testing-library/react/dist/pure.js:108:16
      at node_modules/@testing-library/react/dist/act-compat.js:48:24
      at act (node_modules/react/cjs/react.development.js:2512:16)
      at node_modules/@testing-library/react/dist/act-compat.js:47:25
      at Object.eventWrapper (node_modules/@testing-library/react/dist/pure.js:107:28)
      at fireEvent (node_modules/@testing-library/dom/dist/events.js:12:35)
      at fireEvent.<computed> [as change] (node_modules/@testing-library/dom/dist/events.js:110:36)
      at fireEvent.<computed> [as change] (node_modules/@testing-library/react/dist/fire-event.js:15:52)
      at Object.change (src/app/[locale]/admin/audit-log/__tests__/page.test.tsx:229:15)

    console.error
      IntlError: MISSING_MESSAGE: Could not resolve `admin.auditLog.actionUNKNOWN_ACTION_TEST` in messages for locale `de`.
          at getFallbackFromErrorAndNotify (/Users/yusefbach/Projekte/studynexus/frontend/node_modules/use-intl/dist/development/createFormatter-QqAaZwGD.js:159:19)
          at translateBaseFn (/Users/yusefbach/Projekte/studynexus/frontend/node_modules/use-intl/dist/development/createFormatter-QqAaZwGD.js:184:14)
          at translateFn (/Users/yusefbach/Projekte/studynexus/frontend/node_modules/use-intl/dist/development/createFormatter-QqAaZwGD.js:258:20)
          at t (/Users/yusefbach/Projekte/studynexus/frontend/src/app/[locale]/admin/audit-log/page.tsx:288:32)
          at Array.map (<anonymous>)
          at map (/Users/yusefbach/Projekte/studynexus/frontend/src/app/[locale]/admin/audit-log/page.tsx:263:23)
          at renderWithHooks (/Users/yusefbach/Projekte/studynexus/frontend/node_modules/react-dom/cjs/react-dom.development.js:15486:18)
          at updateFunctionComponent (/Users/yusefbach/Projekte/studynexus/frontend/node_modules/react-dom/cjs/react-dom.development.js:19617:20)
          at beginWork (/Users/yusefbach/Projekte/studynexus/frontend/node_modules/react-dom/cjs/react-dom.development.js:21640:16)
          at beginWork$1 (/Users/yusefbach/Projekte/studynexus/frontend/node_modules/react-dom/cjs/react-dom.development.js:27465:14)
          at performUnitOfWork (/Users/yusefbach/Projekte/studynexus/frontend/node_modules/react-dom/cjs/react-dom.development.js:26599:12)
          at workLoopSync (/Users/yusefbach/Projekte/studynexus/frontend/node_modules/react-dom/cjs/react-dom.development.js:26505:5)
          at renderRootSync (/Users/yusefbach/Projekte/studynexus/frontend/node_modules/react-dom/cjs/react-dom.development.js:26473:7)
          at performSyncWorkOnRoot (/Users/yusefbach/Projekte/studynexus/frontend/node_modules/react-dom/cjs/react-dom.development.js:26124:20)
          at flushSyncCallbacks (/Users/yusefbach/Projekte/studynexus/frontend/node_modules/react-dom/cjs/react-dom.development.js:12042:22)
          at flushSync (/Users/yusefbach/Projekte/studynexus/frontend/node_modules/react-dom/cjs/react-dom.development.js:26240:7)
          at finishEventHandler (/Users/yusefbach/Projekte/studynexus/frontend/node_modules/react-dom/cjs/react-dom.development.js:3976:5)
          at batchedUpdates (/Users/yusefbach/Projekte/studynexus/frontend/node_modules/react-dom/cjs/react-dom.development.js:3994:5)
          at dispatchEventForPluginEventSystem (/Users/yusefbach/Projekte/studynexus/frontend/node_modules/react-dom/cjs/react-dom.development.js:9287:3)
          at dispatchEventWithEnableCapturePhaseSelectiveHydrationWithoutDiscreteEventReplay (/Users/yusefbach/Projekte/studynexus/frontend/node_modules/react-dom/cjs/react-dom.development.js:6465:5)
          at dispatchEvent (/Users/yusefbach/Projekte/studynexus/frontend/node_modules/react-dom/cjs/react-dom.development.js:6457:5)
          at dispatchDiscreteEvent (/Users/yusefbach/Projekte/studynexus/frontend/node_modules/react-dom/cjs/react-dom.development.js:6430:5)
          at HTMLDivElement.callTheUserObjectsOperation (/Users/yusefbach/Projekte/studynexus/frontend/node_modules/jsdom/lib/jsdom/living/generated/EventListener.js:26:30)
          at innerInvokeEventListeners (/Users/yusefbach/Projekte/studynexus/frontend/node_modules/jsdom/lib/jsdom/living/events/EventTarget-impl.js:350:25)
          at invokeEventListeners (/Users/yusefbach/Projekte/studynexus/frontend/node_modules/jsdom/lib/jsdom/living/events/EventTarget-impl.js:286:3)
          at HTMLInputElementImpl._dispatch (/Users/yusefbach/Projekte/studynexus/frontend/node_modules/jsdom/lib/jsdom/living/events/EventTarget-impl.js:233:9)
          at HTMLInputElementImpl.dispatchEvent (/Users/yusefbach/Projekte/studynexus/frontend/node_modules/jsdom/lib/jsdom/living/events/EventTarget-impl.js:104:17)
          at HTMLInputElement.dispatchEvent (/Users/yusefbach/Projekte/studynexus/frontend/node_modules/jsdom/lib/jsdom/living/generated/EventTarget.js:241:34)
          at /Users/yusefbach/Projekte/studynexus/frontend/node_modules/@testing-library/dom/dist/events.js:19:20
          at /Users/yusefbach/Projekte/studynexus/frontend/node_modules/@testing-library/react/dist/pure.js:108:16
          at /Users/yusefbach/Projekte/studynexus/frontend/node_modules/@testing-library/react/dist/act-compat.js:48:24
          at act (/Users/yusefbach/Projekte/studynexus/frontend/node_modules/react/cjs/react.development.js:2512:16)
          at /Users/yusefbach/Projekte/studynexus/frontend/node_modules/@testing-library/react/dist/act-compat.js:47:25
          at Object.eventWrapper (/Users/yusefbach/Projekte/studynexus/frontend/node_modules/@testing-library/react/dist/pure.js:107:28)
          at fireEvent (/Users/yusefbach/Projekte/studynexus/frontend/node_modules/@testing-library/dom/dist/events.js:12:35)
          at fireEvent.<computed> [as change] (/Users/yusefbach/Projekte/studynexus/frontend/node_modules/@testing-library/dom/dist/events.js:110:36)
          at fireEvent.<computed> [as change] (/Users/yusefbach/Projekte/studynexus/frontend/node_modules/@testing-library/react/dist/fire-event.js:15:52)
          at Object.change (/Users/yusefbach/Projekte/studynexus/frontend/src/app/[locale]/admin/audit-log/__tests__/page.test.tsx:230:15)
          at Promise.then.completed (/Users/yusefbach/Projekte/studynexus/frontend/node_modules/jest-circus/build/utils.js:298:28)
          at new Promise (<anonymous>)
          at callAsyncCircusFn (/Users/yusefbach/Projekte/studynexus/frontend/node_modules/jest-circus/build/utils.js:231:10)
          at _callCircusTest (/Users/yusefbach/Projekte/studynexus/frontend/node_modules/jest-circus/build/run.js:316:40)
          at processTicksAndRejections (node:internal/process/task_queues:104:5)
          at _runTest (/Users/yusefbach/Projekte/studynexus/frontend/node_modules/jest-circus/build/run.js:252:3)
          at _runTestsForDescribeBlock (/Users/yusefbach/Projekte/studynexus/frontend/node_modules/jest-circus/build/run.js:126:9)
          at _runTestsForDescribeBlock (/Users/yusefbach/Projekte/studynexus/frontend/node_modules/jest-circus/build/run.js:121:9)
          at run (/Users/yusefbach/Projekte/studynexus/frontend/node_modules/jest-circus/build/run.js:71:3)
          at runAndTransformResultsToJestFormat (/Users/yusefbach/Projekte/studynexus/frontend/node_modules/jest-circus/build/legacy-code-todo-rewrite/jestAdapterInit.js:122:21)
          at jestAdapter (/Users/yusefbach/Projekte/studynexus/frontend/node_modules/jest-circus/build/legacy-code-todo-rewrite/jestAdapter.js:79:19)
          at runTestInternal (/Users/yusefbach/Projekte/studynexus/frontend/node_modules/jest-runner/build/runTest.js:367:16)
          at runTest (/Users/yusefbach/Projekte/studynexus/frontend/node_modules/jest-runner/build/runTest.js:444:34)
          at Object.worker (/Users/yusefbach/Projekte/studynexus/frontend/node_modules/jest-runner/build/testWorker.js:106:12) {
        code: 'MISSING_MESSAGE',
        originalMessage: 'Could not resolve `admin.auditLog.actionUNKNOWN_ACTION_TEST` in messages for locale `de`.'
      }

      286 |                       <ActionBadge
      287 |                         action={entry.action}
    > 288 |                         label={t(`action${entry.action}` as any)}
          |                                ^
      289 |                       />
      290 |                       <span className="text-xs font-medium text-muted-foreground">
      291 |                         {entry.entity_type}

      at defaultOnError (node_modules/use-intl/dist/development/initializeConfig-BhfMSHP7.js:70:11)
      at getFallbackFromErrorAndNotify (node_modules/use-intl/dist/development/createFormatter-QqAaZwGD.js:160:5)
      at translateBaseFn (node_modules/use-intl/dist/development/createFormatter-QqAaZwGD.js:184:14)
      at translateFn (node_modules/use-intl/dist/development/createFormatter-QqAaZwGD.js:258:20)
      at t (src/app/[locale]/admin/audit-log/page.tsx:288:32)
          at Array.map (<anonymous>)
      at map (src/app/[locale]/admin/audit-log/page.tsx:263:23)
      at renderWithHooks (node_modules/react-dom/cjs/react-dom.development.js:15486:18)
      at updateFunctionComponent (node_modules/react-dom/cjs/react-dom.development.js:19617:20)
      at beginWork (node_modules/react-dom/cjs/react-dom.development.js:21640:16)
      at beginWork$1 (node_modules/react-dom/cjs/react-dom.development.js:27465:14)
      at performUnitOfWork (node_modules/react-dom/cjs/react-dom.development.js:26599:12)
      at workLoopSync (node_modules/react-dom/cjs/react-dom.development.js:26505:5)
      at renderRootSync (node_modules/react-dom/cjs/react-dom.development.js:26473:7)
      at performSyncWorkOnRoot (node_modules/react-dom/cjs/react-dom.development.js:26124:20)
      at flushSyncCallbacks (node_modules/react-dom/cjs/react-dom.development.js:12042:22)
      at flushSync (node_modules/react-dom/cjs/react-dom.development.js:26240:7)
      at finishEventHandler (node_modules/react-dom/cjs/react-dom.development.js:3976:5)
      at batchedUpdates (node_modules/react-dom/cjs/react-dom.development.js:3994:5)
      at dispatchEventForPluginEventSystem (node_modules/react-dom/cjs/react-dom.development.js:9287:3)
      at dispatchEventWithEnableCapturePhaseSelectiveHydrationWithoutDiscreteEventReplay (node_modules/react-dom/cjs/react-dom.development.js:6465:5)
      at dispatchEvent (node_modules/react-dom/cjs/react-dom.development.js:6457:5)
      at dispatchDiscreteEvent (node_modules/react-dom/cjs/react-dom.development.js:6430:5)
      at HTMLDivElement.callTheUserObjectsOperation (node_modules/jsdom/lib/jsdom/living/generated/EventListener.js:26:30)
      at innerInvokeEventListeners (node_modules/jsdom/lib/jsdom/living/events/EventTarget-impl.js:350:25)
      at invokeEventListeners (node_modules/jsdom/lib/jsdom/living/events/EventTarget-impl.js:286:3)
      at HTMLInputElementImpl._dispatch (node_modules/jsdom/lib/jsdom/living/events/EventTarget-impl.js:233:9)
      at HTMLInputElementImpl.dispatchEvent (node_modules/jsdom/lib/jsdom/living/events/EventTarget-impl.js:104:17)
      at HTMLInputElement.dispatchEvent (node_modules/jsdom/lib/jsdom/living/generated/EventTarget.js:241:34)
      at node_modules/@testing-library/dom/dist/events.js:19:20
      at node_modules/@testing-library/react/dist/pure.js:108:16
      at node_modules/@testing-library/react/dist/act-compat.js:48:24
      at act (node_modules/react/cjs/react.development.js:2512:16)
      at node_modules/@testing-library/react/dist/act-compat.js:47:25
      at Object.eventWrapper (node_modules/@testing-library/react/dist/pure.js:107:28)
      at fireEvent (node_modules/@testing-library/dom/dist/events.js:12:35)
      at fireEvent.<computed> [as change] (node_modules/@testing-library/dom/dist/events.js:110:36)
      at fireEvent.<computed> [as change] (node_modules/@testing-library/react/dist/fire-event.js:15:52)
      at Object.change (src/app/[locale]/admin/audit-log/__tests__/page.test.tsx:230:15)

    console.error
      IntlError: MISSING_MESSAGE: Could not resolve `admin.auditLog.actionUNKNOWN_ACTION_TEST` in messages for locale `de`.
          at getFallbackFromErrorAndNotify (/Users/yusefbach/Projekte/studynexus/frontend/node_modules/use-intl/dist/development/createFormatter-QqAaZwGD.js:159:19)
          at translateBaseFn (/Users/yusefbach/Projekte/studynexus/frontend/node_modules/use-intl/dist/development/createFormatter-QqAaZwGD.js:184:14)
          at translateFn (/Users/yusefbach/Projekte/studynexus/frontend/node_modules/use-intl/dist/development/createFormatter-QqAaZwGD.js:258:20)
          at t (/Users/yusefbach/Projekte/studynexus/frontend/src/app/[locale]/admin/audit-log/page.tsx:288:32)
          at Array.map (<anonymous>)
          at map (/Users/yusefbach/Projekte/studynexus/frontend/src/app/[locale]/admin/audit-log/page.tsx:263:23)
          at renderWithHooks (/Users/yusefbach/Projekte/studynexus/frontend/node_modules/react-dom/cjs/react-dom.development.js:15486:18)
          at updateFunctionComponent (/Users/yusefbach/Projekte/studynexus/frontend/node_modules/react-dom/cjs/react-dom.development.js:19617:20)
          at beginWork (/Users/yusefbach/Projekte/studynexus/frontend/node_modules/react-dom/cjs/react-dom.development.js:21640:16)
          at beginWork$1 (/Users/yusefbach/Projekte/studynexus/frontend/node_modules/react-dom/cjs/react-dom.development.js:27465:14)
          at performUnitOfWork (/Users/yusefbach/Projekte/studynexus/frontend/node_modules/react-dom/cjs/react-dom.development.js:26599:12)
          at workLoopSync (/Users/yusefbach/Projekte/studynexus/frontend/node_modules/react-dom/cjs/react-dom.development.js:26505:5)
          at renderRootSync (/Users/yusefbach/Projekte/studynexus/frontend/node_modules/react-dom/cjs/react-dom.development.js:26473:7)
          at performSyncWorkOnRoot (/Users/yusefbach/Projekte/studynexus/frontend/node_modules/react-dom/cjs/react-dom.development.js:26124:20)
          at flushSyncCallbacks (/Users/yusefbach/Projekte/studynexus/frontend/node_modules/react-dom/cjs/react-dom.development.js:12042:22)
          at flushActQueue (/Users/yusefbach/Projekte/studynexus/frontend/node_modules/react/cjs/react.development.js:2667:24)
          at act (/Users/yusefbach/Projekte/studynexus/frontend/node_modules/react/cjs/react.development.js:2582:11)
          at /Users/yusefbach/Projekte/studynexus/frontend/node_modules/@testing-library/react/dist/act-compat.js:47:25
          at Object.eventWrapper (/Users/yusefbach/Projekte/studynexus/frontend/node_modules/@testing-library/react/dist/pure.js:107:28)
          at fireEvent (/Users/yusefbach/Projekte/studynexus/frontend/node_modules/@testing-library/dom/dist/events.js:12:35)
          at fireEvent.<computed> [as click] (/Users/yusefbach/Projekte/studynexus/frontend/node_modules/@testing-library/dom/dist/events.js:110:36)
          at fireEvent.<computed> [as click] (/Users/yusefbach/Projekte/studynexus/frontend/node_modules/@testing-library/react/dist/fire-event.js:15:52)
          at Object.click (/Users/yusefbach/Projekte/studynexus/frontend/src/app/[locale]/admin/audit-log/__tests__/page.test.tsx:233:15)
          at Promise.then.completed (/Users/yusefbach/Projekte/studynexus/frontend/node_modules/jest-circus/build/utils.js:298:28)
          at new Promise (<anonymous>)
          at callAsyncCircusFn (/Users/yusefbach/Projekte/studynexus/frontend/node_modules/jest-circus/build/utils.js:231:10)
          at _callCircusTest (/Users/yusefbach/Projekte/studynexus/frontend/node_modules/jest-circus/build/run.js:316:40)
          at processTicksAndRejections (node:internal/process/task_queues:104:5)
          at _runTest (/Users/yusefbach/Projekte/studynexus/frontend/node_modules/jest-circus/build/run.js:252:3)
          at _runTestsForDescribeBlock (/Users/yusefbach/Projekte/studynexus/frontend/node_modules/jest-circus/build/run.js:126:9)
          at _runTestsForDescribeBlock (/Users/yusefbach/Projekte/studynexus/frontend/node_modules/jest-circus/build/run.js:121:9)
          at run (/Users/yusefbach/Projekte/studynexus/frontend/node_modules/jest-circus/build/run.js:71:3)
          at runAndTransformResultsToJestFormat (/Users/yusefbach/Projekte/studynexus/frontend/node_modules/jest-circus/build/legacy-code-todo-rewrite/jestAdapterInit.js:122:21)
          at jestAdapter (/Users/yusefbach/Projekte/studynexus/frontend/node_modules/jest-circus/build/legacy-code-todo-rewrite/jestAdapter.js:79:19)
          at runTestInternal (/Users/yusefbach/Projekte/studynexus/frontend/node_modules/jest-runner/build/runTest.js:367:16)
          at runTest (/Users/yusefbach/Projekte/studynexus/frontend/node_modules/jest-runner/build/runTest.js:444:34)
          at Object.worker (/Users/yusefbach/Projekte/studynexus/frontend/node_modules/jest-runner/build/testWorker.js:106:12) {
        code: 'MISSING_MESSAGE',
        originalMessage: 'Could not resolve `admin.auditLog.actionUNKNOWN_ACTION_TEST` in messages for locale `de`.'
      }

      286 |                       <ActionBadge
      287 |                         action={entry.action}
    > 288 |                         label={t(`action${entry.action}` as any)}
          |                                ^
      289 |                       />
      290 |                       <span className="text-xs font-medium text-muted-foreground">
      291 |                         {entry.entity_type}

      at defaultOnError (node_modules/use-intl/dist/development/initializeConfig-BhfMSHP7.js:70:11)
      at getFallbackFromErrorAndNotify (node_modules/use-intl/dist/development/createFormatter-QqAaZwGD.js:160:5)
      at translateBaseFn (node_modules/use-intl/dist/development/createFormatter-QqAaZwGD.js:184:14)
      at translateFn (node_modules/use-intl/dist/development/createFormatter-QqAaZwGD.js:258:20)
      at t (src/app/[locale]/admin/audit-log/page.tsx:288:32)
          at Array.map (<anonymous>)
      at map (src/app/[locale]/admin/audit-log/page.tsx:263:23)
      at renderWithHooks (node_modules/react-dom/cjs/react-dom.development.js:15486:18)
      at updateFunctionComponent (node_modules/react-dom/cjs/react-dom.development.js:19617:20)
      at beginWork (node_modules/react-dom/cjs/react-dom.development.js:21640:16)
      at beginWork$1 (node_modules/react-dom/cjs/react-dom.development.js:27465:14)
      at performUnitOfWork (node_modules/react-dom/cjs/react-dom.development.js:26599:12)
      at workLoopSync (node_modules/react-dom/cjs/react-dom.development.js:26505:5)
      at renderRootSync (node_modules/react-dom/cjs/react-dom.development.js:26473:7)
      at performSyncWorkOnRoot (node_modules/react-dom/cjs/react-dom.development.js:26124:20)
      at flushSyncCallbacks (node_modules/react-dom/cjs/react-dom.development.js:12042:22)
      at flushActQueue (node_modules/react/cjs/react.development.js:2667:24)
      at act (node_modules/react/cjs/react.development.js:2582:11)
      at node_modules/@testing-library/react/dist/act-compat.js:47:25
      at Object.eventWrapper (node_modules/@testing-library/react/dist/pure.js:107:28)
      at fireEvent (node_modules/@testing-library/dom/dist/events.js:12:35)
      at fireEvent.<computed> [as click] (node_modules/@testing-library/dom/dist/events.js:110:36)
      at fireEvent.<computed> [as click] (node_modules/@testing-library/react/dist/fire-event.js:15:52)
      at Object.click (src/app/[locale]/admin/audit-log/__tests__/page.test.tsx:233:15)

    console.error
      IntlError: MISSING_MESSAGE: Could not resolve `admin.auditLog.actionUNKNOWN_ACTION_TEST` in messages for locale `de`.
          at getFallbackFromErrorAndNotify (/Users/yusefbach/Projekte/studynexus/frontend/node_modules/use-intl/dist/development/createFormatter-QqAaZwGD.js:159:19)
          at translateBaseFn (/Users/yusefbach/Projekte/studynexus/frontend/node_modules/use-intl/dist/development/createFormatter-QqAaZwGD.js:184:14)
          at translateFn (/Users/yusefbach/Projekte/studynexus/frontend/node_modules/use-intl/dist/development/createFormatter-QqAaZwGD.js:258:20)
          at t (/Users/yusefbach/Projekte/studynexus/frontend/src/app/[locale]/admin/audit-log/page.tsx:288:32)
          at Array.map (<anonymous>)
          at map (/Users/yusefbach/Projekte/studynexus/frontend/src/app/[locale]/admin/audit-log/page.tsx:263:23)
          at renderWithHooks (/Users/yusefbach/Projekte/studynexus/frontend/node_modules/react-dom/cjs/react-dom.development.js:15486:18)
          at mountIndeterminateComponent (/Users/yusefbach/Projekte/studynexus/frontend/node_modules/react-dom/cjs/react-dom.development.js:20103:13)
          at beginWork (/Users/yusefbach/Projekte/studynexus/frontend/node_modules/react-dom/cjs/react-dom.development.js:21626:16)
          at beginWork$1 (/Users/yusefbach/Projekte/studynexus/frontend/node_modules/react-dom/cjs/react-dom.development.js:27465:14)
          at performUnitOfWork (/Users/yusefbach/Projekte/studynexus/frontend/node_modules/react-dom/cjs/react-dom.development.js:26599:12)
          at workLoopSync (/Users/yusefbach/Projekte/studynexus/frontend/node_modules/react-dom/cjs/react-dom.development.js:26505:5)
          at renderRootSync (/Users/yusefbach/Projekte/studynexus/frontend/node_modules/react-dom/cjs/react-dom.development.js:26473:7)
          at performConcurrentWorkOnRoot (/Users/yusefbach/Projekte/studynexus/frontend/node_modules/react-dom/cjs/react-dom.development.js:25777:74)
          at flushActQueue (/Users/yusefbach/Projekte/studynexus/frontend/node_modules/react/cjs/react.development.js:2667:24)
          at act (/Users/yusefbach/Projekte/studynexus/frontend/node_modules/react/cjs/react.development.js:2582:11)
          at /Users/yusefbach/Projekte/studynexus/frontend/node_modules/@testing-library/react/dist/act-compat.js:47:25
          at renderRoot (/Users/yusefbach/Projekte/studynexus/frontend/node_modules/@testing-library/react/dist/pure.js:180:26)
          at render (/Users/yusefbach/Projekte/studynexus/frontend/node_modules/@testing-library/react/dist/pure.js:271:10)
          at renderPage (/Users/yusefbach/Projekte/studynexus/frontend/src/app/[locale]/admin/audit-log/__tests__/page.test.tsx:133:18)
          at Object.renderPage (/Users/yusefbach/Projekte/studynexus/frontend/src/app/[locale]/admin/audit-log/__tests__/page.test.tsx:244:5)
          at Promise.then.completed (/Users/yusefbach/Projekte/studynexus/frontend/node_modules/jest-circus/build/utils.js:298:28)
          at new Promise (<anonymous>)
          at callAsyncCircusFn (/Users/yusefbach/Projekte/studynexus/frontend/node_modules/jest-circus/build/utils.js:231:10)
          at _callCircusTest (/Users/yusefbach/Projekte/studynexus/frontend/node_modules/jest-circus/build/run.js:316:40)
          at processTicksAndRejections (node:internal/process/task_queues:104:5)
          at _runTest (/Users/yusefbach/Projekte/studynexus/frontend/node_modules/jest-circus/build/run.js:252:3)
          at _runTestsForDescribeBlock (/Users/yusefbach/Projekte/studynexus/frontend/node_modules/jest-circus/build/run.js:126:9)
          at _runTestsForDescribeBlock (/Users/yusefbach/Projekte/studynexus/frontend/node_modules/jest-circus/build/run.js:121:9)
          at run (/Users/yusefbach/Projekte/studynexus/frontend/node_modules/jest-circus/build/run.js:71:3)
          at runAndTransformResultsToJestFormat (/Users/yusefbach/Projekte/studynexus/frontend/node_modules/jest-circus/build/legacy-code-todo-rewrite/jestAdapterInit.js:122:21)
          at jestAdapter (/Users/yusefbach/Projekte/studynexus/frontend/node_modules/jest-circus/build/legacy-code-todo-rewrite/jestAdapter.js:79:19)
          at runTestInternal (/Users/yusefbach/Projekte/studynexus/frontend/node_modules/jest-runner/build/runTest.js:367:16)
          at runTest (/Users/yusefbach/Projekte/studynexus/frontend/node_modules/jest-runner/build/runTest.js:444:34)
          at Object.worker (/Users/yusefbach/Projekte/studynexus/frontend/node_modules/jest-runner/build/testWorker.js:106:12) {
        code: 'MISSING_MESSAGE',
        originalMessage: 'Could not resolve `admin.auditLog.actionUNKNOWN_ACTION_TEST` in messages for locale `de`.'
      }

      286 |                       <ActionBadge
      287 |                         action={entry.action}
    > 288 |                         label={t(`action${entry.action}` as any)}
          |                                ^
      289 |                       />
      290 |                       <span className="text-xs font-medium text-muted-foreground">
      291 |                         {entry.entity_type}

      at defaultOnError (node_modules/use-intl/dist/development/initializeConfig-BhfMSHP7.js:70:11)
      at getFallbackFromErrorAndNotify (node_modules/use-intl/dist/development/createFormatter-QqAaZwGD.js:160:5)
      at translateBaseFn (node_modules/use-intl/dist/development/createFormatter-QqAaZwGD.js:184:14)
      at translateFn (node_modules/use-intl/dist/development/createFormatter-QqAaZwGD.js:258:20)
      at t (src/app/[locale]/admin/audit-log/page.tsx:288:32)
          at Array.map (<anonymous>)
      at map (src/app/[locale]/admin/audit-log/page.tsx:263:23)
      at renderWithHooks (node_modules/react-dom/cjs/react-dom.development.js:15486:18)
      at mountIndeterminateComponent (node_modules/react-dom/cjs/react-dom.development.js:20103:13)
      at beginWork (node_modules/react-dom/cjs/react-dom.development.js:21626:16)
      at beginWork$1 (node_modules/react-dom/cjs/react-dom.development.js:27465:14)
      at performUnitOfWork (node_modules/react-dom/cjs/react-dom.development.js:26599:12)
      at workLoopSync (node_modules/react-dom/cjs/react-dom.development.js:26505:5)
      at renderRootSync (node_modules/react-dom/cjs/react-dom.development.js:26473:7)
      at performConcurrentWorkOnRoot (node_modules/react-dom/cjs/react-dom.development.js:25777:74)
      at flushActQueue (node_modules/react/cjs/react.development.js:2667:24)
      at act (node_modules/react/cjs/react.development.js:2582:11)
      at node_modules/@testing-library/react/dist/act-compat.js:47:25
      at renderRoot (node_modules/@testing-library/react/dist/pure.js:180:26)
      at render (node_modules/@testing-library/react/dist/pure.js:271:10)
      at renderPage (src/app/[locale]/admin/audit-log/__tests__/page.test.tsx:133:18)
      at Object.renderPage (src/app/[locale]/admin/audit-log/__tests__/page.test.tsx:244:5)

    console.error
      IntlError: MISSING_MESSAGE: Could not resolve `admin.auditLog.actionUNKNOWN_ACTION_TEST` in messages for locale `de`.
          at getFallbackFromErrorAndNotify (/Users/yusefbach/Projekte/studynexus/frontend/node_modules/use-intl/dist/development/createFormatter-QqAaZwGD.js:159:19)
          at translateBaseFn (/Users/yusefbach/Projekte/studynexus/frontend/node_modules/use-intl/dist/development/createFormatter-QqAaZwGD.js:184:14)
          at translateFn (/Users/yusefbach/Projekte/studynexus/frontend/node_modules/use-intl/dist/development/createFormatter-QqAaZwGD.js:258:20)
          at t (/Users/yusefbach/Projekte/studynexus/frontend/src/app/[locale]/admin/audit-log/page.tsx:288:32)
          at Array.map (<anonymous>)
          at map (/Users/yusefbach/Projekte/studynexus/frontend/src/app/[locale]/admin/audit-log/page.tsx:263:23)
          at renderWithHooks (/Users/yusefbach/Projekte/studynexus/frontend/node_modules/react-dom/cjs/react-dom.development.js:15486:18)
          at updateFunctionComponent (/Users/yusefbach/Projekte/studynexus/frontend/node_modules/react-dom/cjs/react-dom.development.js:19617:20)
          at beginWork (/Users/yusefbach/Projekte/studynexus/frontend/node_modules/react-dom/cjs/react-dom.development.js:21640:16)
          at beginWork$1 (/Users/yusefbach/Projekte/studynexus/frontend/node_modules/react-dom/cjs/react-dom.development.js:27465:14)
          at performUnitOfWork (/Users/yusefbach/Projekte/studynexus/frontend/node_modules/react-dom/cjs/react-dom.development.js:26599:12)
          at workLoopSync (/Users/yusefbach/Projekte/studynexus/frontend/node_modules/react-dom/cjs/react-dom.development.js:26505:5)
          at renderRootSync (/Users/yusefbach/Projekte/studynexus/frontend/node_modules/react-dom/cjs/react-dom.development.js:26473:7)
          at performSyncWorkOnRoot (/Users/yusefbach/Projekte/studynexus/frontend/node_modules/react-dom/cjs/react-dom.development.js:26124:20)
          at flushSyncCallbacks (/Users/yusefbach/Projekte/studynexus/frontend/node_modules/react-dom/cjs/react-dom.development.js:12042:22)
          at flushActQueue (/Users/yusefbach/Projekte/studynexus/frontend/node_modules/react/cjs/react.development.js:2667:24)
          at act (/Users/yusefbach/Projekte/studynexus/frontend/node_modules/react/cjs/react.development.js:2582:11)
          at /Users/yusefbach/Projekte/studynexus/frontend/node_modules/@testing-library/react/dist/act-compat.js:47:25
          at Object.eventWrapper (/Users/yusefbach/Projekte/studynexus/frontend/node_modules/@testing-library/react/dist/pure.js:107:28)
          at fireEvent (/Users/yusefbach/Projekte/studynexus/frontend/node_modules/@testing-library/dom/dist/events.js:12:35)
          at fireEvent.<computed> [as click] (/Users/yusefbach/Projekte/studynexus/frontend/node_modules/@testing-library/dom/dist/events.js:110:36)
          at fireEvent.<computed> [as click] (/Users/yusefbach/Projekte/studynexus/frontend/node_modules/@testing-library/react/dist/fire-event.js:15:52)
          at Object.click (/Users/yusefbach/Projekte/studynexus/frontend/src/app/[locale]/admin/audit-log/__tests__/page.test.tsx:254:15)
          at Promise.then.completed (/Users/yusefbach/Projekte/studynexus/frontend/node_modules/jest-circus/build/utils.js:298:28)
          at new Promise (<anonymous>)
          at callAsyncCircusFn (/Users/yusefbach/Projekte/studynexus/frontend/node_modules/jest-circus/build/utils.js:231:10)
          at _callCircusTest (/Users/yusefbach/Projekte/studynexus/frontend/node_modules/jest-circus/build/run.js:316:40)
          at processTicksAndRejections (node:internal/process/task_queues:104:5)
          at _runTest (/Users/yusefbach/Projekte/studynexus/frontend/node_modules/jest-circus/build/run.js:252:3)
          at _runTestsForDescribeBlock (/Users/yusefbach/Projekte/studynexus/frontend/node_modules/jest-circus/build/run.js:126:9)
          at _runTestsForDescribeBlock (/Users/yusefbach/Projekte/studynexus/frontend/node_modules/jest-circus/build/run.js:121:9)
          at run (/Users/yusefbach/Projekte/studynexus/frontend/node_modules/jest-circus/build/run.js:71:3)
          at runAndTransformResultsToJestFormat (/Users/yusefbach/Projekte/studynexus/frontend/node_modules/jest-circus/build/legacy-code-todo-rewrite/jestAdapterInit.js:122:21)
          at jestAdapter (/Users/yusefbach/Projekte/studynexus/frontend/node_modules/jest-circus/build/legacy-code-todo-rewrite/jestAdapter.js:79:19)
          at runTestInternal (/Users/yusefbach/Projekte/studynexus/frontend/node_modules/jest-runner/build/runTest.js:367:16)
          at runTest (/Users/yusefbach/Projekte/studynexus/frontend/node_modules/jest-runner/build/runTest.js:444:34)
          at Object.worker (/Users/yusefbach/Projekte/studynexus/frontend/node_modules/jest-runner/build/testWorker.js:106:12) {
        code: 'MISSING_MESSAGE',
        originalMessage: 'Could not resolve `admin.auditLog.actionUNKNOWN_ACTION_TEST` in messages for locale `de`.'
      }

      286 |                       <ActionBadge
      287 |                         action={entry.action}
    > 288 |                         label={t(`action${entry.action}` as any)}
          |                                ^
      289 |                       />
      290 |                       <span className="text-xs font-medium text-muted-foreground">
      291 |                         {entry.entity_type}

      at defaultOnError (node_modules/use-intl/dist/development/initializeConfig-BhfMSHP7.js:70:11)
      at getFallbackFromErrorAndNotify (node_modules/use-intl/dist/development/createFormatter-QqAaZwGD.js:160:5)
      at translateBaseFn (node_modules/use-intl/dist/development/createFormatter-QqAaZwGD.js:184:14)
      at translateFn (node_modules/use-intl/dist/development/createFormatter-QqAaZwGD.js:258:20)
      at t (src/app/[locale]/admin/audit-log/page.tsx:288:32)
          at Array.map (<anonymous>)
      at map (src/app/[locale]/admin/audit-log/page.tsx:263:23)
      at renderWithHooks (node_modules/react-dom/cjs/react-dom.development.js:15486:18)
      at updateFunctionComponent (node_modules/react-dom/cjs/react-dom.development.js:19617:20)
      at beginWork (node_modules/react-dom/cjs/react-dom.development.js:21640:16)
      at beginWork$1 (node_modules/react-dom/cjs/react-dom.development.js:27465:14)
      at performUnitOfWork (node_modules/react-dom/cjs/react-dom.development.js:26599:12)
      at workLoopSync (node_modules/react-dom/cjs/react-dom.development.js:26505:5)
      at renderRootSync (node_modules/react-dom/cjs/react-dom.development.js:26473:7)
      at performSyncWorkOnRoot (node_modules/react-dom/cjs/react-dom.development.js:26124:20)
      at flushSyncCallbacks (node_modules/react-dom/cjs/react-dom.development.js:12042:22)
      at flushActQueue (node_modules/react/cjs/react.development.js:2667:24)
      at act (node_modules/react/cjs/react.development.js:2582:11)
      at node_modules/@testing-library/react/dist/act-compat.js:47:25
      at Object.eventWrapper (node_modules/@testing-library/react/dist/pure.js:107:28)
      at fireEvent (node_modules/@testing-library/dom/dist/events.js:12:35)
      at fireEvent.<computed> [as click] (node_modules/@testing-library/dom/dist/events.js:110:36)
      at fireEvent.<computed> [as click] (node_modules/@testing-library/react/dist/fire-event.js:15:52)
      at Object.click (src/app/[locale]/admin/audit-log/__tests__/page.test.tsx:254:15)

    console.error
      IntlError: MISSING_MESSAGE: Could not resolve `admin.auditLog.actionUNKNOWN_ACTION_TEST` in messages for locale `de`.
          at getFallbackFromErrorAndNotify (/Users/yusefbach/Projekte/studynexus/frontend/node_modules/use-intl/dist/development/createFormatter-QqAaZwGD.js:159:19)
          at translateBaseFn (/Users/yusefbach/Projekte/studynexus/frontend/node_modules/use-intl/dist/development/createFormatter-QqAaZwGD.js:184:14)
          at translateFn (/Users/yusefbach/Projekte/studynexus/frontend/node_modules/use-intl/dist/development/createFormatter-QqAaZwGD.js:258:20)
          at t (/Users/yusefbach/Projekte/studynexus/frontend/src/app/[locale]/admin/audit-log/page.tsx:288:32)
          at Array.map (<anonymous>)
          at map (/Users/yusefbach/Projekte/studynexus/frontend/src/app/[locale]/admin/audit-log/page.tsx:263:23)
          at renderWithHooks (/Users/yusefbach/Projekte/studynexus/frontend/node_modules/react-dom/cjs/react-dom.development.js:15486:18)
          at updateFunctionComponent (/Users/yusefbach/Projekte/studynexus/frontend/node_modules/react-dom/cjs/react-dom.development.js:19617:20)
          at beginWork (/Users/yusefbach/Projekte/studynexus/frontend/node_modules/react-dom/cjs/react-dom.development.js:21640:16)
          at beginWork$1 (/Users/yusefbach/Projekte/studynexus/frontend/node_modules/react-dom/cjs/react-dom.development.js:27465:14)
          at performUnitOfWork (/Users/yusefbach/Projekte/studynexus/frontend/node_modules/react-dom/cjs/react-dom.development.js:26599:12)
          at workLoopSync (/Users/yusefbach/Projekte/studynexus/frontend/node_modules/react-dom/cjs/react-dom.development.js:26505:5)
          at renderRootSync (/Users/yusefbach/Projekte/studynexus/frontend/node_modules/react-dom/cjs/react-dom.development.js:26473:7)
          at performSyncWorkOnRoot (/Users/yusefbach/Projekte/studynexus/frontend/node_modules/react-dom/cjs/react-dom.development.js:26124:20)
          at flushSyncCallbacks (/Users/yusefbach/Projekte/studynexus/frontend/node_modules/react-dom/cjs/react-dom.development.js:12042:22)
          at flushActQueue (/Users/yusefbach/Projekte/studynexus/frontend/node_modules/react/cjs/react.development.js:2667:24)
          at act (/Users/yusefbach/Projekte/studynexus/frontend/node_modules/react/cjs/react.development.js:2582:11)
          at /Users/yusefbach/Projekte/studynexus/frontend/node_modules/@testing-library/react/dist/act-compat.js:47:25
          at Object.eventWrapper (/Users/yusefbach/Projekte/studynexus/frontend/node_modules/@testing-library/react/dist/pure.js:107:28)
          at fireEvent (/Users/yusefbach/Projekte/studynexus/frontend/node_modules/@testing-library/dom/dist/events.js:12:35)
          at fireEvent.<computed> [as click] (/Users/yusefbach/Projekte/studynexus/frontend/node_modules/@testing-library/dom/dist/events.js:110:36)
          at fireEvent.<computed> [as click] (/Users/yusefbach/Projekte/studynexus/frontend/node_modules/@testing-library/react/dist/fire-event.js:15:52)
          at Object.click (/Users/yusefbach/Projekte/studynexus/frontend/src/app/[locale]/admin/audit-log/__tests__/page.test.tsx:269:15)
          at Promise.then.completed (/Users/yusefbach/Projekte/studynexus/frontend/node_modules/jest-circus/build/utils.js:298:28)
          at new Promise (<anonymous>)
          at callAsyncCircusFn (/Users/yusefbach/Projekte/studynexus/frontend/node_modules/jest-circus/build/utils.js:231:10)
          at _callCircusTest (/Users/yusefbach/Projekte/studynexus/frontend/node_modules/jest-circus/build/run.js:316:40)
          at processTicksAndRejections (node:internal/process/task_queues:104:5)
          at _runTest (/Users/yusefbach/Projekte/studynexus/frontend/node_modules/jest-circus/build/run.js:252:3)
          at _runTestsForDescribeBlock (/Users/yusefbach/Projekte/studynexus/frontend/node_modules/jest-circus/build/run.js:126:9)
          at _runTestsForDescribeBlock (/Users/yusefbach/Projekte/studynexus/frontend/node_modules/jest-circus/build/run.js:121:9)
          at run (/Users/yusefbach/Projekte/studynexus/frontend/node_modules/jest-circus/build/run.js:71:3)
          at runAndTransformResultsToJestFormat (/Users/yusefbach/Projekte/studynexus/frontend/node_modules/jest-circus/build/legacy-code-todo-rewrite/jestAdapterInit.js:122:21)
          at jestAdapter (/Users/yusefbach/Projekte/studynexus/frontend/node_modules/jest-circus/build/legacy-code-todo-rewrite/jestAdapter.js:79:19)
          at runTestInternal (/Users/yusefbach/Projekte/studynexus/frontend/node_modules/jest-runner/build/runTest.js:367:16)
          at runTest (/Users/yusefbach/Projekte/studynexus/frontend/node_modules/jest-runner/build/runTest.js:444:34)
          at Object.worker (/Users/yusefbach/Projekte/studynexus/frontend/node_modules/jest-runner/build/testWorker.js:106:12) {
        code: 'MISSING_MESSAGE',
        originalMessage: 'Could not resolve `admin.auditLog.actionUNKNOWN_ACTION_TEST` in messages for locale `de`.'
      }

      286 |                       <ActionBadge
      287 |                         action={entry.action}
    > 288 |                         label={t(`action${entry.action}` as any)}
          |                                ^
      289 |                       />
      290 |                       <span className="text-xs font-medium text-muted-foreground">
      291 |                         {entry.entity_type}

      at defaultOnError (node_modules/use-intl/dist/development/initializeConfig-BhfMSHP7.js:70:11)
      at getFallbackFromErrorAndNotify (node_modules/use-intl/dist/development/createFormatter-QqAaZwGD.js:160:5)
      at translateBaseFn (node_modules/use-intl/dist/development/createFormatter-QqAaZwGD.js:184:14)
      at translateFn (node_modules/use-intl/dist/development/createFormatter-QqAaZwGD.js:258:20)
      at t (src/app/[locale]/admin/audit-log/page.tsx:288:32)
          at Array.map (<anonymous>)
      at map (src/app/[locale]/admin/audit-log/page.tsx:263:23)
      at renderWithHooks (node_modules/react-dom/cjs/react-dom.development.js:15486:18)
      at updateFunctionComponent (node_modules/react-dom/cjs/react-dom.development.js:19617:20)
      at beginWork (node_modules/react-dom/cjs/react-dom.development.js:21640:16)
      at beginWork$1 (node_modules/react-dom/cjs/react-dom.development.js:27465:14)
      at performUnitOfWork (node_modules/react-dom/cjs/react-dom.development.js:26599:12)
      at workLoopSync (node_modules/react-dom/cjs/react-dom.development.js:26505:5)
      at renderRootSync (node_modules/react-dom/cjs/react-dom.development.js:26473:7)
      at performSyncWorkOnRoot (node_modules/react-dom/cjs/react-dom.development.js:26124:20)
      at flushSyncCallbacks (node_modules/react-dom/cjs/react-dom.development.js:12042:22)
      at flushActQueue (node_modules/react/cjs/react.development.js:2667:24)
      at act (node_modules/react/cjs/react.development.js:2582:11)
      at node_modules/@testing-library/react/dist/act-compat.js:47:25
      at Object.eventWrapper (node_modules/@testing-library/react/dist/pure.js:107:28)
      at fireEvent (node_modules/@testing-library/dom/dist/events.js:12:35)
      at fireEvent.<computed> [as click] (node_modules/@testing-library/dom/dist/events.js:110:36)
      at fireEvent.<computed> [as click] (node_modules/@testing-library/react/dist/fire-event.js:15:52)
      at Object.click (src/app/[locale]/admin/audit-log/__tests__/page.test.tsx:269:15)

    console.error
      IntlError: MISSING_MESSAGE: Could not resolve `admin.auditLog.actionUNKNOWN_ACTION_TEST` in messages for locale `de`.
          at getFallbackFromErrorAndNotify (/Users/yusefbach/Projekte/studynexus/frontend/node_modules/use-intl/dist/development/createFormatter-QqAaZwGD.js:159:19)
          at translateBaseFn (/Users/yusefbach/Projekte/studynexus/frontend/node_modules/use-intl/dist/development/createFormatter-QqAaZwGD.js:184:14)
          at translateFn (/Users/yusefbach/Projekte/studynexus/frontend/node_modules/use-intl/dist/development/createFormatter-QqAaZwGD.js:258:20)
          at t (/Users/yusefbach/Projekte/studynexus/frontend/src/app/[locale]/admin/audit-log/page.tsx:288:32)
          at Array.map (<anonymous>)
          at map (/Users/yusefbach/Projekte/studynexus/frontend/src/app/[locale]/admin/audit-log/page.tsx:263:23)
          at renderWithHooks (/Users/yusefbach/Projekte/studynexus/frontend/node_modules/react-dom/cjs/react-dom.development.js:15486:18)
          at mountIndeterminateComponent (/Users/yusefbach/Projekte/studynexus/frontend/node_modules/react-dom/cjs/react-dom.development.js:20103:13)
          at beginWork (/Users/yusefbach/Projekte/studynexus/frontend/node_modules/react-dom/cjs/react-dom.development.js:21626:16)
          at beginWork$1 (/Users/yusefbach/Projekte/studynexus/frontend/node_modules/react-dom/cjs/react-dom.development.js:27465:14)
          at performUnitOfWork (/Users/yusefbach/Projekte/studynexus/frontend/node_modules/react-dom/cjs/react-dom.development.js:26599:12)
          at workLoopSync (/Users/yusefbach/Projekte/studynexus/frontend/node_modules/react-dom/cjs/react-dom.development.js:26505:5)
          at renderRootSync (/Users/yusefbach/Projekte/studynexus/frontend/node_modules/react-dom/cjs/react-dom.development.js:26473:7)
          at performConcurrentWorkOnRoot (/Users/yusefbach/Projekte/studynexus/frontend/node_modules/react-dom/cjs/react-dom.development.js:25777:74)
          at flushActQueue (/Users/yusefbach/Projekte/studynexus/frontend/node_modules/react/cjs/react.development.js:2667:24)
          at act (/Users/yusefbach/Projekte/studynexus/frontend/node_modules/react/cjs/react.development.js:2582:11)
          at /Users/yusefbach/Projekte/studynexus/frontend/node_modules/@testing-library/react/dist/act-compat.js:47:25
          at renderRoot (/Users/yusefbach/Projekte/studynexus/frontend/node_modules/@testing-library/react/dist/pure.js:180:26)
          at render (/Users/yusefbach/Projekte/studynexus/frontend/node_modules/@testing-library/react/dist/pure.js:271:10)
          at renderPage (/Users/yusefbach/Projekte/studynexus/frontend/src/app/[locale]/admin/audit-log/__tests__/page.test.tsx:133:18)
          at Object.renderPage (/Users/yusefbach/Projekte/studynexus/frontend/src/app/[locale]/admin/audit-log/__tests__/page.test.tsx:274:5)
          at Promise.then.completed (/Users/yusefbach/Projekte/studynexus/frontend/node_modules/jest-circus/build/utils.js:298:28)
          at new Promise (<anonymous>)
          at callAsyncCircusFn (/Users/yusefbach/Projekte/studynexus/frontend/node_modules/jest-circus/build/utils.js:231:10)
          at _callCircusTest (/Users/yusefbach/Projekte/studynexus/frontend/node_modules/jest-circus/build/run.js:316:40)
          at processTicksAndRejections (node:internal/process/task_queues:104:5)
          at _runTest (/Users/yusefbach/Projekte/studynexus/frontend/node_modules/jest-circus/build/run.js:252:3)
          at _runTestsForDescribeBlock (/Users/yusefbach/Projekte/studynexus/frontend/node_modules/jest-circus/build/run.js:126:9)
          at _runTestsForDescribeBlock (/Users/yusefbach/Projekte/studynexus/frontend/node_modules/jest-circus/build/run.js:121:9)
          at run (/Users/yusefbach/Projekte/studynexus/frontend/node_modules/jest-circus/build/run.js:71:3)
          at runAndTransformResultsToJestFormat (/Users/yusefbach/Projekte/studynexus/frontend/node_modules/jest-circus/build/legacy-code-todo-rewrite/jestAdapterInit.js:122:21)
          at jestAdapter (/Users/yusefbach/Projekte/studynexus/frontend/node_modules/jest-circus/build/legacy-code-todo-rewrite/jestAdapter.js:79:19)
          at runTestInternal (/Users/yusefbach/Projekte/studynexus/frontend/node_modules/jest-runner/build/runTest.js:367:16)
          at runTest (/Users/yusefbach/Projekte/studynexus/frontend/node_modules/jest-runner/build/runTest.js:444:34)
          at Object.worker (/Users/yusefbach/Projekte/studynexus/frontend/node_modules/jest-runner/build/testWorker.js:106:12) {
        code: 'MISSING_MESSAGE',
        originalMessage: 'Could not resolve `admin.auditLog.actionUNKNOWN_ACTION_TEST` in messages for locale `de`.'
      }

      286 |                       <ActionBadge
      287 |                         action={entry.action}
    > 288 |                         label={t(`action${entry.action}` as any)}
          |                                ^
      289 |                       />
      290 |                       <span className="text-xs font-medium text-muted-foreground">
      291 |                         {entry.entity_type}

      at defaultOnError (node_modules/use-intl/dist/development/initializeConfig-BhfMSHP7.js:70:11)
      at getFallbackFromErrorAndNotify (node_modules/use-intl/dist/development/createFormatter-QqAaZwGD.js:160:5)
      at translateBaseFn (node_modules/use-intl/dist/development/createFormatter-QqAaZwGD.js:184:14)
      at translateFn (node_modules/use-intl/dist/development/createFormatter-QqAaZwGD.js:258:20)
      at t (src/app/[locale]/admin/audit-log/page.tsx:288:32)
          at Array.map (<anonymous>)
      at map (src/app/[locale]/admin/audit-log/page.tsx:263:23)
      at renderWithHooks (node_modules/react-dom/cjs/react-dom.development.js:15486:18)
      at mountIndeterminateComponent (node_modules/react-dom/cjs/react-dom.development.js:20103:13)
      at beginWork (node_modules/react-dom/cjs/react-dom.development.js:21626:16)
      at beginWork$1 (node_modules/react-dom/cjs/react-dom.development.js:27465:14)
      at performUnitOfWork (node_modules/react-dom/cjs/react-dom.development.js:26599:12)
      at workLoopSync (node_modules/react-dom/cjs/react-dom.development.js:26505:5)
      at renderRootSync (node_modules/react-dom/cjs/react-dom.development.js:26473:7)
      at performConcurrentWorkOnRoot (node_modules/react-dom/cjs/react-dom.development.js:25777:74)
      at flushActQueue (node_modules/react/cjs/react.development.js:2667:24)
      at act (node_modules/react/cjs/react.development.js:2582:11)
      at node_modules/@testing-library/react/dist/act-compat.js:47:25
      at renderRoot (node_modules/@testing-library/react/dist/pure.js:180:26)
      at render (node_modules/@testing-library/react/dist/pure.js:271:10)
      at renderPage (src/app/[locale]/admin/audit-log/__tests__/page.test.tsx:133:18)
      at Object.renderPage (src/app/[locale]/admin/audit-log/__tests__/page.test.tsx:274:5)

PASS src/components/ui/__tests__/label.test.tsx
PASS src/components/ui/__tests__/input.test.tsx
PASS src/app/[locale]/admin/users/__tests__/page.test.tsx
PASS src/components/admin/__tests__/KPICard.test.tsx
PASS src/components/ui/__tests__/button.test.tsx
FAIL src/app/[locale]/dashboard/setup/__tests__/SetupForm.test.tsx
  ● Console

    console.error
      Warning: An update to SetupForm inside a test was not wrapped in act(...).
      
      When testing, code that causes React state updates should be wrapped into act(...):
      
      act(() => {
        /* fire events that update state */
      });
      /* assert on the output */
      
      This ensures that you're testing the behavior the user would see in the browser. Learn more at https://reactjs.org/link/wrap-tests-with-act
          at locale (/Users/yusefbach/Projekte/studynexus/frontend/src/app/[locale]/dashboard/setup/SetupForm.tsx:30:29)

      59 |         const hsh = unis[0];
      60 |         if (!hsh) throw new Error();
    > 61 |         setUniversity(hsh);
         |         ^
      62 |       })
      63 |       .catch(() => {
      64 |         setLoadError(t("loadError"));

      at printWarning (node_modules/react-dom/cjs/react-dom.development.js:86:30)
      at error (node_modules/react-dom/cjs/react-dom.development.js:60:7)
      at warnIfUpdatesNotWrappedWithActDEV (node_modules/react-dom/cjs/react-dom.development.js:27628:9)
      at scheduleUpdateOnFiber (node_modules/react-dom/cjs/react-dom.development.js:25547:5)
      at dispatchSetState (node_modules/react-dom/cjs/react-dom.development.js:16708:7)
      at setUniversity (src/app/[locale]/dashboard/setup/SetupForm.tsx:61:9)

    console.error
      Error: Not implemented: navigation (except hash changes)
          at module.exports (/Users/yusefbach/Projekte/studynexus/frontend/node_modules/jsdom/lib/jsdom/browser/not-implemented.js:9:17)
          at navigateFetch (/Users/yusefbach/Projekte/studynexus/frontend/node_modules/jsdom/lib/jsdom/living/window/navigation.js:77:3)
          at exports.navigate (/Users/yusefbach/Projekte/studynexus/frontend/node_modules/jsdom/lib/jsdom/living/window/navigation.js:55:3)
          at LocationImpl._locationObjectNavigate (/Users/yusefbach/Projekte/studynexus/frontend/node_modules/jsdom/lib/jsdom/living/window/Location-impl.js:31:5)
          at LocationImpl._locationObjectSetterNavigate (/Users/yusefbach/Projekte/studynexus/frontend/node_modules/jsdom/lib/jsdom/living/window/Location-impl.js:25:17)
          at LocationImpl.set href [as href] (/Users/yusefbach/Projekte/studynexus/frontend/node_modules/jsdom/lib/jsdom/living/window/Location-impl.js:47:10)
          at Location.set href [as href] (/Users/yusefbach/Projekte/studynexus/frontend/node_modules/jsdom/lib/jsdom/living/generated/Location.js:125:37)
          at handleConfirm (/Users/yusefbach/Projekte/studynexus/frontend/src/app/[locale]/dashboard/setup/SetupForm.tsx:144:27) {
        type: 'not implemented'
      }

      142 |         return;
      143 |       }
    > 144 |       window.location.href = `/${locale}/dashboard`;
          |                           ^
      145 |     } catch {
      146 |       setSaveError(t("saveError"));
      147 |     } finally {

      at VirtualConsole.<anonymous> (node_modules/jest-environment-jsdom/build/index.js:63:23)
      at module.exports (node_modules/jsdom/lib/jsdom/browser/not-implemented.js:12:26)
      at navigateFetch (node_modules/jsdom/lib/jsdom/living/window/navigation.js:77:3)
      at exports.navigate (node_modules/jsdom/lib/jsdom/living/window/navigation.js:55:3)
      at LocationImpl._locationObjectNavigate (node_modules/jsdom/lib/jsdom/living/window/Location-impl.js:31:5)
      at LocationImpl._locationObjectSetterNavigate (node_modules/jsdom/lib/jsdom/living/window/Location-impl.js:25:17)
      at LocationImpl.set href [as href] (node_modules/jsdom/lib/jsdom/living/window/Location-impl.js:47:10)
      at Location.set href [as href] (node_modules/jsdom/lib/jsdom/living/generated/Location.js:125:37)
      at handleConfirm (src/app/[locale]/dashboard/setup/SetupForm.tsx:144:27)

  ● SetupForm › calls POST and redirects on successful confirm

    expect(jest.fn()).toHaveBeenCalledWith(...expected)

    Expected: "/de/dashboard"

    Number of calls: 0

    Ignored nodes: comments, script, style
    [36m<html>[39m
      [36m<head />[39m
      [36m<body>[39m
        [36m<div>[39m
          [36m<main[39m
            [33mclass[39m=[32m"min-h-screen bg-background"[39m
          [36m>[39m
            [36m<div[39m
              [33mclass[39m=[32m"max-w-lg mx-auto px-4 py-16"[39m
            [36m>[39m
              [36m<div[39m
                [33mclass[39m=[32m"mb-8"[39m
              [36m>[39m
                [36m<h1[39m
                  [33mclass[39m=[32m"text-2xl font-bold"[39m
                [36m>[39m
                  [0mdashboard.setup.title[0m
                [36m</h1>[39m
                [36m<p[39m
                  [33mclass[39m=[32m"mt-1 text-sm text-muted-foreground"[39m
                [36m>[39m
                  [0mdashboard.setup.subtitle[0m
                [36m</p>[39m
              [36m</div>[39m
              [36m<div[39m
                [33mclass[39m=[32m"rounded-lg border bg-card p-6 space-y-5"[39m
              [36m>[39m
                [36m<div[39m
                  [33mclass[39m=[32m"space-y-1.5"[39m
                [36m>[39m
                  [36m<label[39m
                    [33mclass[39m=[32m"text-sm font-medium leading-none peer-disabled:cursor-not-allowed peer-disabled:opacity-70"[39m
                  [36m>[39m
                    [0mdashboard.setup.university[0m
                  [36m</label>[39m
                  [36m<div[39m
                    [33mclass[39m=[32m"flex h-10 items-center rounded-md border bg-muted px-3 text-sm text-muted-foreground"[39m
                  [36m>[39m
                    [0mHochschule Hannover[0m
                  [36m</div>[39m
                [36m</div>[39m
                [36m<div[39m
                  [33mclass[39m=[32m"space-y-1.5"[39m
                [36m>[39m
                  [36m<label[39m
                    [33mclass[39m=[32m"text-sm font-medium leading-none peer-disabled:cursor-not-allowed peer-disabled:opacity-70"[39m
                    [33mfor[39m=[32m"setup-faculty"[39m
                  [36m>[39m
                    [0mdashboard.setup.faculty[0m
                  [36m</label>[39m
                  [36m<select[39m
                    [33mclass[39m=[32m"flex h-10 w-full rounded-md border border-input bg-background px-3 py-2 text-sm ring-offset-background focus-visible:outline-none focus-visible:ring-2 focus-visible:ring-ring focus-visible:ring-offset-2 disabled:cursor-not-allowed disabled:opacity-50"[39m
                    [33mid[39m=[32m"setup-faculty"[39m
                  [36m>[39m
                    [36m<option[39m
                      [33mvalue[39m=[32m""[39m
                    [36m>[39m
                      [0mdashboard.setup.selectFaculty[0m
                    [36m</option>[39m
                    [36m<option[39m
                      [33mvalue[39m=[32m"fac-1"[39m
                    [36m>[39m
                      [0mFakultät IV[0m
                    [36m</option>[39m
                  [36m</select>[39m
                [36m</div>[39m
                [36m<div[39m
                  [33mclass[39m=[32m"space-y-1.5"[39m
                [36m>[39m
                  [36m<label[39m
                    [33mclass[39m=[32m"text-sm font-medium leading-none peer-disabled:cursor-not-allowed peer-disabled:opacity-70"[39m
                    [33mfor[39m=[32m"setup-program"[39m
                  [36m>[39m
                    [0mdashboard.setup.program[0m
                  [36m</label>[39m
                  [36m<select[39m
                    [33mclass[39m=[32m"flex h-10 w-full rounded-md border border-input bg-background px-3 py-2 text-sm ring-offset-background focus-visible:outline-none focus-visible:ring-2 focus-visible:ring-ring focus-visible:ring-offset-2 disabled:cursor-not-allowed disabled:opacity-50"[39m
                    [33mid[39m=[32m"setup-program"[39m
                  [36m>[39m
                    [36m<option[39m
                      [33mvalue[39m=[32m""[39m
                    [36m>[39m
                      [0mdashboard.setup.selectProgram[0m
                    [36m</option>[39m
                    [36m<option[39m
                      [33mvalue[39m=[32m"prog-1"[39m
                    [36m>[39m
                      [0mInformatik[0m
                      [0m ([0m
                      [0mBachelor[0m
                      [0m)[0m
                    [36m</option>[39m
                  [36m</select>[39m
                [36m</div>[39m
                [36m<div[39m
                  [33mclass[39m=[32m"space-y-1.5"[39m
                [36m>[39m
                  [36m<label[39m
                    [33mclass[39m=[32m"text-sm font-medium leading-none peer-disabled:cursor-not-allowed peer-disabled:opacity-70"[39m
                    [33mfor[39m=[32m"setup-examreg"[39m
                  [36m>[39m
                    [0mdashboard.setup.examReg[0m
                  [36m</label>[39m
                  [36m<select[39m
                    [33mclass[39m=[32m"flex h-10 w-full rounded-md border border-input bg-background px-3 py-2 text-sm ring-offset-background focus-visible:outline-none focus-visible:ring-2 focus-visible:ring-ring focus-visible:ring-offset-2 disabled:cursor-not-allowed disabled:opacity-50"[39m
                    [33mid[39m=[32m"setup-examreg"[39m
                  [36m>[39m
                    [36m<option[39m
                      [33mvalue[39m=[32m""[39m
                    [36m>[39m
                      [0mdashboard.setup.selectExamReg[0m
                    [36m</option>[39m
                    [36m<option[39m
                      [33mvalue[39m=[32m"er-1"[39m
                    [36m>[39m
                      [0mPO2021[0m
                    [36m</option>[39m
                  [36m</select>[39m
                [36m</div>[39m
                [36m<div[39m
                  [33mclass[39m=[32m"space-y-1.5"[39m
                [36m>[39m
                  [36m<label[39m
                    [33mclass[39m=[32m"text-sm font-medium leading-none peer-disabled:cursor-not-allowed peer-disabled:opacity-70"[39m
                    [33mfor[39m=[32m"setup-semester"[39m
                  [36m>[39m
                    [0mdashboard.setup.startSemester[0m
                  [36m</label>[39m
                  [36m<select[39m
                    [33mclass[39m=[32m"flex h-10 w-full rounded-md border border-input bg-background px-3 py-2 text-sm ring-offset-background focus-visible:outline-none focus-visible:ring-2 focus-visible:ring-ring focus-visible:ring-offset-2 disabled:cursor-not-allowed disabled:opacity-50"[39m
                    [33mid[39m=[32m"setup-semester"[39m
                  [36m>[39m
                    [36m<option[39m
                      [33mvalue[39m=[32m""[39m
                    [36m>[39m
                      [0mdashboard.setup.selectSemester[0m
                    [36m</option>[39m
                    [36m<option[39m
                      [33mvalue[39m=[32m"WS2022/23"[39m
                    [36m>[39m
                      [0mWiSe 2022/23[0m
                    [36m</option>[39m
                    [36m<option[39m
                      [33mvalue[39m=[32m"SoSe2023"[39m
                    [36m>[39m
                      [0mSoSe 2023[0m
                    [36m</option>[39m
                    [36m<option[39m
                      [33mvalue[39m=[32m"WS2023/24"[39m
                    [36m>[39m
                      [0mWiSe 2023/24[0m
                    [36m</option>[39m
                    [36m<option[39m
                      [33mvalue[39m=[32m"SoSe2024"[39m
                    [36m>[39m
                      [0mSoSe 2024[0m
                    [36m</option>[39m
                    [36m<option[39m
                      [33mvalue[39m=[32m"WS2024/25"[39m
                    [36m>[39m
                      [0mWiSe 2024/25[0m
                    [36m</option>[39m
                    [36m<option[39m
                      [33mvalue[39m=[32m"SoSe2025"[39m
                    [36m>[39m
                      [0mSoSe 2025[0m
                    [36m</option>[39m
                    [36m<option[39m
                      [33mvalue[39m=[32m"WS2025/26"[39m
                    [36m>[39m
                      [0mWiSe 2025/26[0m
                    [36m</option>[39m
                    [36m<option[39m
                      [33mvalue[39m=[32m"SoSe2026"[39m
                    [36m>[39m
                      [0mSoSe 2026[0m
                    [36m</option>[39m
                    [36m<option[39m
                      [33mvalue[39m=[32m"WS2026/27"[39m
                    [36m>[39m
                      [0mWiSe 2026/27[0m
                    [36m</option>[39m
                    [36m<option[39m
                      [33mvalue[39m=[32m"SoSe2027"[39m
                    [36m>[39m
                      [0mSoSe 2027[0m
                    [36m</option>[39m
                  [36m</select>[39m
                [36m</div>[39m
                [36m<button[39m
                  [33mclass[39m=[32m"inline-flex items-center justify-center whitespace-nowrap rounded-md text-sm font-medium ring-offset-background transition-colors focus-visible:outline-none focus-visible:ring-2 focus-visible:ring-ring focus-visible:ring-offset-2 disabled:pointer-events-none disabled:opacity-50 bg-primary text-primary-foreground hover:bg-primary/90 h-10 px-4 py-2 w-full"[39m
                [36m>[39m
                  [0mdashboard.setup.confirm[0m
                [36m</button>[39m
              [36m</div>[39m
            [36m</div>[39m
          [36m</main>[39m
        [36m</div>[39m
      [36m</body>[39m
    [36m</html>[39m

      130 |
      131 |     await waitFor(() => {
    > 132 |       expect(replace).toHaveBeenCalledWith("/de/dashboard");
          |                       ^
      133 |     });
      134 |     expect(global.fetch).toHaveBeenCalledWith(
      135 |       "/api/study/program",

      at toHaveBeenCalledWith (src/app/[locale]/dashboard/setup/__tests__/SetupForm.test.tsx:132:23)
      at runWithExpensiveErrorDiagnosticsDisabled (node_modules/@testing-library/dom/dist/config.js:47:12)
      at checkCallback (node_modules/@testing-library/dom/dist/wait-for.js:124:77)
      at checkRealTimersCallback (node_modules/@testing-library/dom/dist/wait-for.js:118:16)
      at Timeout.task [as _onTimeout] (node_modules/jsdom/lib/jsdom/browser/Window.js:520:19)

PASS src/app/[locale]/admin/modules/[id]/__tests__/page.test.tsx

Summary of all failing tests
FAIL src/components/study/__tests__/AddModuleModal.test.tsx
  ● AddModuleModal › shows loading indicator initially

    No QueryClient set, use QueryClientProvider to set one

      12 |
      13 | export function useAddModule() {
    > 14 |   const queryClient = useQueryClient();
         |                                     ^
      15 |
      16 |   return useMutation<StudentModuleResponse, Error, AddPayload>({
      17 |     mutationFn: async (body) => {

      at useQueryClient (node_modules/@tanstack/react-query/src/QueryClientProvider.tsx:18:11)
      at useAddModule (src/hooks/queries/useAddModule.ts:14:37)
      at AddModuleModal (src/components/study/AddModuleModal.tsx:51:33)
      at renderWithHooks (node_modules/react-dom/cjs/react-dom.development.js:15486:18)
      at mountIndeterminateComponent (node_modules/react-dom/cjs/react-dom.development.js:20103:13)
      at beginWork (node_modules/react-dom/cjs/react-dom.development.js:21626:16)
      at beginWork$1 (node_modules/react-dom/cjs/react-dom.development.js:27465:14)
      at performUnitOfWork (node_modules/react-dom/cjs/react-dom.development.js:26599:12)
      at workLoopSync (node_modules/react-dom/cjs/react-dom.development.js:26505:5)
      at renderRootSync (node_modules/react-dom/cjs/react-dom.development.js:26473:7)
      at recoverFromConcurrentError (node_modules/react-dom/cjs/react-dom.development.js:25889:20)
      at performConcurrentWorkOnRoot (node_modules/react-dom/cjs/react-dom.development.js:25789:22)
      at flushActQueue (node_modules/react/cjs/react.development.js:2667:24)
      at act (node_modules/react/cjs/react.development.js:2582:11)
      at node_modules/@testing-library/react/dist/act-compat.js:47:25
      at renderRoot (node_modules/@testing-library/react/dist/pure.js:180:26)
      at render (node_modules/@testing-library/react/dist/pure.js:271:10)
      at Object.<anonymous> (src/components/study/__tests__/AddModuleModal.test.tsx:70:11)

  ● AddModuleModal › renders wahlpflicht dropdown after load (filters out PFLICHT modules)

    No QueryClient set, use QueryClientProvider to set one

      12 |
      13 | export function useAddModule() {
    > 14 |   const queryClient = useQueryClient();
         |                                     ^
      15 |
      16 |   return useMutation<StudentModuleResponse, Error, AddPayload>({
      17 |     mutationFn: async (body) => {

      at useQueryClient (node_modules/@tanstack/react-query/src/QueryClientProvider.tsx:18:11)
      at useAddModule (src/hooks/queries/useAddModule.ts:14:37)
      at AddModuleModal (src/components/study/AddModuleModal.tsx:51:33)
      at renderWithHooks (node_modules/react-dom/cjs/react-dom.development.js:15486:18)
      at mountIndeterminateComponent (node_modules/react-dom/cjs/react-dom.development.js:20103:13)
      at beginWork (node_modules/react-dom/cjs/react-dom.development.js:21626:16)
      at beginWork$1 (node_modules/react-dom/cjs/react-dom.development.js:27465:14)
      at performUnitOfWork (node_modules/react-dom/cjs/react-dom.development.js:26599:12)
      at workLoopSync (node_modules/react-dom/cjs/react-dom.development.js:26505:5)
      at renderRootSync (node_modules/react-dom/cjs/react-dom.development.js:26473:7)
      at recoverFromConcurrentError (node_modules/react-dom/cjs/react-dom.development.js:25889:20)
      at performConcurrentWorkOnRoot (node_modules/react-dom/cjs/react-dom.development.js:25789:22)
      at flushActQueue (node_modules/react/cjs/react.development.js:2667:24)
      at act (node_modules/react/cjs/react.development.js:2582:11)
      at node_modules/@testing-library/react/dist/act-compat.js:47:25
      at renderRoot (node_modules/@testing-library/react/dist/pure.js:180:26)
      at render (node_modules/@testing-library/react/dist/pure.js:271:10)
      at Object.<anonymous> (src/components/study/__tests__/AddModuleModal.test.tsx:77:11)

  ● AddModuleModal › filters out already-added modules

    No QueryClient set, use QueryClientProvider to set one

      12 |
      13 | export function useAddModule() {
    > 14 |   const queryClient = useQueryClient();
         |                                     ^
      15 |
      16 |   return useMutation<StudentModuleResponse, Error, AddPayload>({
      17 |     mutationFn: async (body) => {

      at useQueryClient (node_modules/@tanstack/react-query/src/QueryClientProvider.tsx:18:11)
      at useAddModule (src/hooks/queries/useAddModule.ts:14:37)
      at AddModuleModal (src/components/study/AddModuleModal.tsx:51:33)
      at renderWithHooks (node_modules/react-dom/cjs/react-dom.development.js:15486:18)
      at mountIndeterminateComponent (node_modules/react-dom/cjs/react-dom.development.js:20103:13)
      at beginWork (node_modules/react-dom/cjs/react-dom.development.js:21626:16)
      at beginWork$1 (node_modules/react-dom/cjs/react-dom.development.js:27465:14)
      at performUnitOfWork (node_modules/react-dom/cjs/react-dom.development.js:26599:12)
      at workLoopSync (node_modules/react-dom/cjs/react-dom.development.js:26505:5)
      at renderRootSync (node_modules/react-dom/cjs/react-dom.development.js:26473:7)
      at recoverFromConcurrentError (node_modules/react-dom/cjs/react-dom.development.js:25889:20)
      at performConcurrentWorkOnRoot (node_modules/react-dom/cjs/react-dom.development.js:25789:22)
      at flushActQueue (node_modules/react/cjs/react.development.js:2667:24)
      at act (node_modules/react/cjs/react.development.js:2582:11)
      at node_modules/@testing-library/react/dist/act-compat.js:47:25
      at renderRoot (node_modules/@testing-library/react/dist/pure.js:180:26)
      at render (node_modules/@testing-library/react/dist/pure.js:271:10)
      at Object.<anonymous> (src/components/study/__tests__/AddModuleModal.test.tsx:89:11)

  ● AddModuleModal › shows custom form when mode is switched to Eigenes

    No QueryClient set, use QueryClientProvider to set one

      12 |
      13 | export function useAddModule() {
    > 14 |   const queryClient = useQueryClient();
         |                                     ^
      15 |
      16 |   return useMutation<StudentModuleResponse, Error, AddPayload>({
      17 |     mutationFn: async (body) => {

      at useQueryClient (node_modules/@tanstack/react-query/src/QueryClientProvider.tsx:18:11)
      at useAddModule (src/hooks/queries/useAddModule.ts:14:37)
      at AddModuleModal (src/components/study/AddModuleModal.tsx:51:33)
      at renderWithHooks (node_modules/react-dom/cjs/react-dom.development.js:15486:18)
      at mountIndeterminateComponent (node_modules/react-dom/cjs/react-dom.development.js:20103:13)
      at beginWork (node_modules/react-dom/cjs/react-dom.development.js:21626:16)
      at beginWork$1 (node_modules/react-dom/cjs/react-dom.development.js:27465:14)
      at performUnitOfWork (node_modules/react-dom/cjs/react-dom.development.js:26599:12)
      at workLoopSync (node_modules/react-dom/cjs/react-dom.development.js:26505:5)
      at renderRootSync (node_modules/react-dom/cjs/react-dom.development.js:26473:7)
      at recoverFromConcurrentError (node_modules/react-dom/cjs/react-dom.development.js:25889:20)
      at performConcurrentWorkOnRoot (node_modules/react-dom/cjs/react-dom.development.js:25789:22)
      at flushActQueue (node_modules/react/cjs/react.development.js:2667:24)
      at act (node_modules/react/cjs/react.development.js:2582:11)
      at node_modules/@testing-library/react/dist/act-compat.js:47:25
      at renderRoot (node_modules/@testing-library/react/dist/pure.js:180:26)
      at render (node_modules/@testing-library/react/dist/pure.js:271:10)
      at Object.<anonymous> (src/components/study/__tests__/AddModuleModal.test.tsx:98:11)

  ● AddModuleModal › calls POST with module_id when saving wahlpflicht

    No QueryClient set, use QueryClientProvider to set one

      12 |
      13 | export function useAddModule() {
    > 14 |   const queryClient = useQueryClient();
         |                                     ^
      15 |
      16 |   return useMutation<StudentModuleResponse, Error, AddPayload>({
      17 |     mutationFn: async (body) => {

      at useQueryClient (node_modules/@tanstack/react-query/src/QueryClientProvider.tsx:18:11)
      at useAddModule (src/hooks/queries/useAddModule.ts:14:37)
      at AddModuleModal (src/components/study/AddModuleModal.tsx:51:33)
      at renderWithHooks (node_modules/react-dom/cjs/react-dom.development.js:15486:18)
      at mountIndeterminateComponent (node_modules/react-dom/cjs/react-dom.development.js:20103:13)
      at beginWork (node_modules/react-dom/cjs/react-dom.development.js:21626:16)
      at beginWork$1 (node_modules/react-dom/cjs/react-dom.development.js:27465:14)
      at performUnitOfWork (node_modules/react-dom/cjs/react-dom.development.js:26599:12)
      at workLoopSync (node_modules/react-dom/cjs/react-dom.development.js:26505:5)
      at renderRootSync (node_modules/react-dom/cjs/react-dom.development.js:26473:7)
      at recoverFromConcurrentError (node_modules/react-dom/cjs/react-dom.development.js:25889:20)
      at performConcurrentWorkOnRoot (node_modules/react-dom/cjs/react-dom.development.js:25789:22)
      at flushActQueue (node_modules/react/cjs/react.development.js:2667:24)
      at act (node_modules/react/cjs/react.development.js:2582:11)
      at node_modules/@testing-library/react/dist/act-compat.js:47:25
      at renderRoot (node_modules/@testing-library/react/dist/pure.js:180:26)
      at render (node_modules/@testing-library/react/dist/pure.js:271:10)
      at Object.<anonymous> (src/components/study/__tests__/AddModuleModal.test.tsx:114:11)

  ● AddModuleModal › calls POST with custom_name and custom_ects when saving custom module

    No QueryClient set, use QueryClientProvider to set one

      12 |
      13 | export function useAddModule() {
    > 14 |   const queryClient = useQueryClient();
         |                                     ^
      15 |
      16 |   return useMutation<StudentModuleResponse, Error, AddPayload>({
      17 |     mutationFn: async (body) => {

      at useQueryClient (node_modules/@tanstack/react-query/src/QueryClientProvider.tsx:18:11)
      at useAddModule (src/hooks/queries/useAddModule.ts:14:37)
      at AddModuleModal (src/components/study/AddModuleModal.tsx:51:33)
      at renderWithHooks (node_modules/react-dom/cjs/react-dom.development.js:15486:18)
      at mountIndeterminateComponent (node_modules/react-dom/cjs/react-dom.development.js:20103:13)
      at beginWork (node_modules/react-dom/cjs/react-dom.development.js:21626:16)
      at beginWork$1 (node_modules/react-dom/cjs/react-dom.development.js:27465:14)
      at performUnitOfWork (node_modules/react-dom/cjs/react-dom.development.js:26599:12)
      at workLoopSync (node_modules/react-dom/cjs/react-dom.development.js:26505:5)
      at renderRootSync (node_modules/react-dom/cjs/react-dom.development.js:26473:7)
      at recoverFromConcurrentError (node_modules/react-dom/cjs/react-dom.development.js:25889:20)
      at performConcurrentWorkOnRoot (node_modules/react-dom/cjs/react-dom.development.js:25789:22)
      at flushActQueue (node_modules/react/cjs/react.development.js:2667:24)
      at act (node_modules/react/cjs/react.development.js:2582:11)
      at node_modules/@testing-library/react/dist/act-compat.js:47:25
      at renderRoot (node_modules/@testing-library/react/dist/pure.js:180:26)
      at render (node_modules/@testing-library/react/dist/pure.js:271:10)
      at Object.<anonymous> (src/components/study/__tests__/AddModuleModal.test.tsx:135:11)

  ● AddModuleModal › shows error message when POST fails

    No QueryClient set, use QueryClientProvider to set one

      12 |
      13 | export function useAddModule() {
    > 14 |   const queryClient = useQueryClient();
         |                                     ^
      15 |
      16 |   return useMutation<StudentModuleResponse, Error, AddPayload>({
      17 |     mutationFn: async (body) => {

      at useQueryClient (node_modules/@tanstack/react-query/src/QueryClientProvider.tsx:18:11)
      at useAddModule (src/hooks/queries/useAddModule.ts:14:37)
      at AddModuleModal (src/components/study/AddModuleModal.tsx:51:33)
      at renderWithHooks (node_modules/react-dom/cjs/react-dom.development.js:15486:18)
      at mountIndeterminateComponent (node_modules/react-dom/cjs/react-dom.development.js:20103:13)
      at beginWork (node_modules/react-dom/cjs/react-dom.development.js:21626:16)
      at beginWork$1 (node_modules/react-dom/cjs/react-dom.development.js:27465:14)
      at performUnitOfWork (node_modules/react-dom/cjs/react-dom.development.js:26599:12)
      at workLoopSync (node_modules/react-dom/cjs/react-dom.development.js:26505:5)
      at renderRootSync (node_modules/react-dom/cjs/react-dom.development.js:26473:7)
      at recoverFromConcurrentError (node_modules/react-dom/cjs/react-dom.development.js:25889:20)
      at performConcurrentWorkOnRoot (node_modules/react-dom/cjs/react-dom.development.js:25789:22)
      at flushActQueue (node_modules/react/cjs/react.development.js:2667:24)
      at act (node_modules/react/cjs/react.development.js:2582:11)
      at node_modules/@testing-library/react/dist/act-compat.js:47:25
      at renderRoot (node_modules/@testing-library/react/dist/pure.js:180:26)
      at render (node_modules/@testing-library/react/dist/pure.js:271:10)
      at Object.<anonymous> (src/components/study/__tests__/AddModuleModal.test.tsx:158:11)

  ● AddModuleModal › calls onClose when cancel button is clicked

    No QueryClient set, use QueryClientProvider to set one

      12 |
      13 | export function useAddModule() {
    > 14 |   const queryClient = useQueryClient();
         |                                     ^
      15 |
      16 |   return useMutation<StudentModuleResponse, Error, AddPayload>({
      17 |     mutationFn: async (body) => {

      at useQueryClient (node_modules/@tanstack/react-query/src/QueryClientProvider.tsx:18:11)
      at useAddModule (src/hooks/queries/useAddModule.ts:14:37)
      at AddModuleModal (src/components/study/AddModuleModal.tsx:51:33)
      at renderWithHooks (node_modules/react-dom/cjs/react-dom.development.js:15486:18)
      at mountIndeterminateComponent (node_modules/react-dom/cjs/react-dom.development.js:20103:13)
      at beginWork (node_modules/react-dom/cjs/react-dom.development.js:21626:16)
      at beginWork$1 (node_modules/react-dom/cjs/react-dom.development.js:27465:14)
      at performUnitOfWork (node_modules/react-dom/cjs/react-dom.development.js:26599:12)
      at workLoopSync (node_modules/react-dom/cjs/react-dom.development.js:26505:5)
      at renderRootSync (node_modules/react-dom/cjs/react-dom.development.js:26473:7)
      at recoverFromConcurrentError (node_modules/react-dom/cjs/react-dom.development.js:25889:20)
      at performConcurrentWorkOnRoot (node_modules/react-dom/cjs/react-dom.development.js:25789:22)
      at flushActQueue (node_modules/react/cjs/react.development.js:2667:24)
      at act (node_modules/react/cjs/react.development.js:2582:11)
      at node_modules/@testing-library/react/dist/act-compat.js:47:25
      at renderRoot (node_modules/@testing-library/react/dist/pure.js:180:26)
      at render (node_modules/@testing-library/react/dist/pure.js:271:10)
      at Object.<anonymous> (src/components/study/__tests__/AddModuleModal.test.tsx:172:11)

  ● AddModuleModal › shows load error when fetch fails

    No QueryClient set, use QueryClientProvider to set one

      12 |
      13 | export function useAddModule() {
    > 14 |   const queryClient = useQueryClient();
         |                                     ^
      15 |
      16 |   return useMutation<StudentModuleResponse, Error, AddPayload>({
      17 |     mutationFn: async (body) => {

      at useQueryClient (node_modules/@tanstack/react-query/src/QueryClientProvider.tsx:18:11)
      at useAddModule (src/hooks/queries/useAddModule.ts:14:37)
      at AddModuleModal (src/components/study/AddModuleModal.tsx:51:33)
      at renderWithHooks (node_modules/react-dom/cjs/react-dom.development.js:15486:18)
      at mountIndeterminateComponent (node_modules/react-dom/cjs/react-dom.development.js:20103:13)
      at beginWork (node_modules/react-dom/cjs/react-dom.development.js:21626:16)
      at beginWork$1 (node_modules/react-dom/cjs/react-dom.development.js:27465:14)
      at performUnitOfWork (node_modules/react-dom/cjs/react-dom.development.js:26599:12)
      at workLoopSync (node_modules/react-dom/cjs/react-dom.development.js:26505:5)
      at renderRootSync (node_modules/react-dom/cjs/react-dom.development.js:26473:7)
      at recoverFromConcurrentError (node_modules/react-dom/cjs/react-dom.development.js:25889:20)
      at performConcurrentWorkOnRoot (node_modules/react-dom/cjs/react-dom.development.js:25789:22)
      at flushActQueue (node_modules/react/cjs/react.development.js:2667:24)
      at act (node_modules/react/cjs/react.development.js:2582:11)
      at node_modules/@testing-library/react/dist/act-compat.js:47:25
      at renderRoot (node_modules/@testing-library/react/dist/pure.js:180:26)
      at render (node_modules/@testing-library/react/dist/pure.js:271:10)
      at Object.<anonymous> (src/components/study/__tests__/AddModuleModal.test.tsx:179:11)

FAIL src/components/study/__tests__/StatsCard.test.tsx
  ● StatsCard › shows loading text initially

    No QueryClient set, use QueryClientProvider to set one

       5 |
       6 | export function useUserStats() {
    >  7 |   return useQuery<StatsResponse, Error>({
         |                  ^
       8 |     queryKey: ["userStats"],
       9 |     queryFn: async () => {
      10 |       const res = await fetch("/api/study/stats");

      at useQueryClient (node_modules/@tanstack/react-query/src/QueryClientProvider.tsx:18:11)
      at useBaseQuery (node_modules/@tanstack/react-query/src/useBaseQuery.ts:54:18)
      at useQuery (node_modules/@tanstack/react-query/src/useQuery.ts:51:10)
      at useUserStats (src/hooks/queries/useUserStats.ts:7:18)
      at StatsCard (src/components/study/StatsCard.tsx:8:68)
      at renderWithHooks (node_modules/react-dom/cjs/react-dom.development.js:15486:18)
      at mountIndeterminateComponent (node_modules/react-dom/cjs/react-dom.development.js:20103:13)
      at beginWork (node_modules/react-dom/cjs/react-dom.development.js:21626:16)
      at beginWork$1 (node_modules/react-dom/cjs/react-dom.development.js:27465:14)
      at performUnitOfWork (node_modules/react-dom/cjs/react-dom.development.js:26599:12)
      at workLoopSync (node_modules/react-dom/cjs/react-dom.development.js:26505:5)
      at renderRootSync (node_modules/react-dom/cjs/react-dom.development.js:26473:7)
      at recoverFromConcurrentError (node_modules/react-dom/cjs/react-dom.development.js:25889:20)
      at performConcurrentWorkOnRoot (node_modules/react-dom/cjs/react-dom.development.js:25789:22)
      at flushActQueue (node_modules/react/cjs/react.development.js:2667:24)
      at act (node_modules/react/cjs/react.development.js:2582:11)
      at node_modules/@testing-library/react/dist/act-compat.js:47:25
      at renderRoot (node_modules/@testing-library/react/dist/pure.js:180:26)
      at render (node_modules/@testing-library/react/dist/pure.js:271:10)
      at Object.<anonymous> (src/components/study/__tests__/StatsCard.test.tsx:30:11)

  ● StatsCard › renders GPA after load

    No QueryClient set, use QueryClientProvider to set one

       5 |
       6 | export function useUserStats() {
    >  7 |   return useQuery<StatsResponse, Error>({
         |                  ^
       8 |     queryKey: ["userStats"],
       9 |     queryFn: async () => {
      10 |       const res = await fetch("/api/study/stats");

      at useQueryClient (node_modules/@tanstack/react-query/src/QueryClientProvider.tsx:18:11)
      at useBaseQuery (node_modules/@tanstack/react-query/src/useBaseQuery.ts:54:18)
      at useQuery (node_modules/@tanstack/react-query/src/useQuery.ts:51:10)
      at useUserStats (src/hooks/queries/useUserStats.ts:7:18)
      at StatsCard (src/components/study/StatsCard.tsx:8:68)
      at renderWithHooks (node_modules/react-dom/cjs/react-dom.development.js:15486:18)
      at mountIndeterminateComponent (node_modules/react-dom/cjs/react-dom.development.js:20103:13)
      at beginWork (node_modules/react-dom/cjs/react-dom.development.js:21626:16)
      at beginWork$1 (node_modules/react-dom/cjs/react-dom.development.js:27465:14)
      at performUnitOfWork (node_modules/react-dom/cjs/react-dom.development.js:26599:12)
      at workLoopSync (node_modules/react-dom/cjs/react-dom.development.js:26505:5)
      at renderRootSync (node_modules/react-dom/cjs/react-dom.development.js:26473:7)
      at recoverFromConcurrentError (node_modules/react-dom/cjs/react-dom.development.js:25889:20)
      at performConcurrentWorkOnRoot (node_modules/react-dom/cjs/react-dom.development.js:25789:22)
      at flushActQueue (node_modules/react/cjs/react.development.js:2667:24)
      at act (node_modules/react/cjs/react.development.js:2582:11)
      at node_modules/@testing-library/react/dist/act-compat.js:47:25
      at renderRoot (node_modules/@testing-library/react/dist/pure.js:180:26)
      at render (node_modules/@testing-library/react/dist/pure.js:271:10)
      at Object.<anonymous> (src/components/study/__tests__/StatsCard.test.tsx:36:11)

  ● StatsCard › renders — when GPA is null

    No QueryClient set, use QueryClientProvider to set one

       5 |
       6 | export function useUserStats() {
    >  7 |   return useQuery<StatsResponse, Error>({
         |                  ^
       8 |     queryKey: ["userStats"],
       9 |     queryFn: async () => {
      10 |       const res = await fetch("/api/study/stats");

      at useQueryClient (node_modules/@tanstack/react-query/src/QueryClientProvider.tsx:18:11)
      at useBaseQuery (node_modules/@tanstack/react-query/src/useBaseQuery.ts:54:18)
      at useQuery (node_modules/@tanstack/react-query/src/useQuery.ts:51:10)
      at useUserStats (src/hooks/queries/useUserStats.ts:7:18)
      at StatsCard (src/components/study/StatsCard.tsx:8:68)
      at renderWithHooks (node_modules/react-dom/cjs/react-dom.development.js:15486:18)
      at mountIndeterminateComponent (node_modules/react-dom/cjs/react-dom.development.js:20103:13)
      at beginWork (node_modules/react-dom/cjs/react-dom.development.js:21626:16)
      at beginWork$1 (node_modules/react-dom/cjs/react-dom.development.js:27465:14)
      at performUnitOfWork (node_modules/react-dom/cjs/react-dom.development.js:26599:12)
      at workLoopSync (node_modules/react-dom/cjs/react-dom.development.js:26505:5)
      at renderRootSync (node_modules/react-dom/cjs/react-dom.development.js:26473:7)
      at recoverFromConcurrentError (node_modules/react-dom/cjs/react-dom.development.js:25889:20)
      at performConcurrentWorkOnRoot (node_modules/react-dom/cjs/react-dom.development.js:25789:22)
      at flushActQueue (node_modules/react/cjs/react.development.js:2667:24)
      at act (node_modules/react/cjs/react.development.js:2582:11)
      at node_modules/@testing-library/react/dist/act-compat.js:47:25
      at renderRoot (node_modules/@testing-library/react/dist/pure.js:180:26)
      at render (node_modules/@testing-library/react/dist/pure.js:271:10)
      at Object.<anonymous> (src/components/study/__tests__/StatsCard.test.tsx:44:11)

  ● StatsCard › renders ECTS progress

    No QueryClient set, use QueryClientProvider to set one

       5 |
       6 | export function useUserStats() {
    >  7 |   return useQuery<StatsResponse, Error>({
         |                  ^
       8 |     queryKey: ["userStats"],
       9 |     queryFn: async () => {
      10 |       const res = await fetch("/api/study/stats");

      at useQueryClient (node_modules/@tanstack/react-query/src/QueryClientProvider.tsx:18:11)
      at useBaseQuery (node_modules/@tanstack/react-query/src/useBaseQuery.ts:54:18)
      at useQuery (node_modules/@tanstack/react-query/src/useQuery.ts:51:10)
      at useUserStats (src/hooks/queries/useUserStats.ts:7:18)
      at StatsCard (src/components/study/StatsCard.tsx:8:68)
      at renderWithHooks (node_modules/react-dom/cjs/react-dom.development.js:15486:18)
      at mountIndeterminateComponent (node_modules/react-dom/cjs/react-dom.development.js:20103:13)
      at beginWork (node_modules/react-dom/cjs/react-dom.development.js:21626:16)
      at beginWork$1 (node_modules/react-dom/cjs/react-dom.development.js:27465:14)
      at performUnitOfWork (node_modules/react-dom/cjs/react-dom.development.js:26599:12)
      at workLoopSync (node_modules/react-dom/cjs/react-dom.development.js:26505:5)
      at renderRootSync (node_modules/react-dom/cjs/react-dom.development.js:26473:7)
      at recoverFromConcurrentError (node_modules/react-dom/cjs/react-dom.development.js:25889:20)
      at performConcurrentWorkOnRoot (node_modules/react-dom/cjs/react-dom.development.js:25789:22)
      at flushActQueue (node_modules/react/cjs/react.development.js:2667:24)
      at act (node_modules/react/cjs/react.development.js:2582:11)
      at node_modules/@testing-library/react/dist/act-compat.js:47:25
      at renderRoot (node_modules/@testing-library/react/dist/pure.js:180:26)
      at render (node_modules/@testing-library/react/dist/pure.js:271:10)
      at Object.<anonymous> (src/components/study/__tests__/StatsCard.test.tsx:52:11)

  ● StatsCard › renders progress bar with correct aria values

    No QueryClient set, use QueryClientProvider to set one

       5 |
       6 | export function useUserStats() {
    >  7 |   return useQuery<StatsResponse, Error>({
         |                  ^
       8 |     queryKey: ["userStats"],
       9 |     queryFn: async () => {
      10 |       const res = await fetch("/api/study/stats");

      at useQueryClient (node_modules/@tanstack/react-query/src/QueryClientProvider.tsx:18:11)
      at useBaseQuery (node_modules/@tanstack/react-query/src/useBaseQuery.ts:54:18)
      at useQuery (node_modules/@tanstack/react-query/src/useQuery.ts:51:10)
      at useUserStats (src/hooks/queries/useUserStats.ts:7:18)
      at StatsCard (src/components/study/StatsCard.tsx:8:68)
      at renderWithHooks (node_modules/react-dom/cjs/react-dom.development.js:15486:18)
      at mountIndeterminateComponent (node_modules/react-dom/cjs/react-dom.development.js:20103:13)
      at beginWork (node_modules/react-dom/cjs/react-dom.development.js:21626:16)
      at beginWork$1 (node_modules/react-dom/cjs/react-dom.development.js:27465:14)
      at performUnitOfWork (node_modules/react-dom/cjs/react-dom.development.js:26599:12)
      at workLoopSync (node_modules/react-dom/cjs/react-dom.development.js:26505:5)
      at renderRootSync (node_modules/react-dom/cjs/react-dom.development.js:26473:7)
      at recoverFromConcurrentError (node_modules/react-dom/cjs/react-dom.development.js:25889:20)
      at performConcurrentWorkOnRoot (node_modules/react-dom/cjs/react-dom.development.js:25789:22)
      at flushActQueue (node_modules/react/cjs/react.development.js:2667:24)
      at act (node_modules/react/cjs/react.development.js:2582:11)
      at node_modules/@testing-library/react/dist/act-compat.js:47:25
      at renderRoot (node_modules/@testing-library/react/dist/pure.js:180:26)
      at render (node_modules/@testing-library/react/dist/pure.js:271:10)
      at Object.<anonymous> (src/components/study/__tests__/StatsCard.test.tsx:61:11)

  ● StatsCard › shows error message on fetch failure

    No QueryClient set, use QueryClientProvider to set one

       5 |
       6 | export function useUserStats() {
    >  7 |   return useQuery<StatsResponse, Error>({
         |                  ^
       8 |     queryKey: ["userStats"],
       9 |     queryFn: async () => {
      10 |       const res = await fetch("/api/study/stats");

      at useQueryClient (node_modules/@tanstack/react-query/src/QueryClientProvider.tsx:18:11)
      at useBaseQuery (node_modules/@tanstack/react-query/src/useBaseQuery.ts:54:18)
      at useQuery (node_modules/@tanstack/react-query/src/useQuery.ts:51:10)
      at useUserStats (src/hooks/queries/useUserStats.ts:7:18)
      at StatsCard (src/components/study/StatsCard.tsx:8:68)
      at renderWithHooks (node_modules/react-dom/cjs/react-dom.development.js:15486:18)
      at mountIndeterminateComponent (node_modules/react-dom/cjs/react-dom.development.js:20103:13)
      at beginWork (node_modules/react-dom/cjs/react-dom.development.js:21626:16)
      at beginWork$1 (node_modules/react-dom/cjs/react-dom.development.js:27465:14)
      at performUnitOfWork (node_modules/react-dom/cjs/react-dom.development.js:26599:12)
      at workLoopSync (node_modules/react-dom/cjs/react-dom.development.js:26505:5)
      at renderRootSync (node_modules/react-dom/cjs/react-dom.development.js:26473:7)
      at recoverFromConcurrentError (node_modules/react-dom/cjs/react-dom.development.js:25889:20)
      at performConcurrentWorkOnRoot (node_modules/react-dom/cjs/react-dom.development.js:25789:22)
      at flushActQueue (node_modules/react/cjs/react.development.js:2667:24)
      at act (node_modules/react/cjs/react.development.js:2582:11)
      at node_modules/@testing-library/react/dist/act-compat.js:47:25
      at renderRoot (node_modules/@testing-library/react/dist/pure.js:180:26)
      at render (node_modules/@testing-library/react/dist/pure.js:271:10)
      at Object.<anonymous> (src/components/study/__tests__/StatsCard.test.tsx:70:11)

  ● StatsCard › re-fetches when refreshKey changes

    No QueryClient set, use QueryClientProvider to set one

       5 |
       6 | export function useUserStats() {
    >  7 |   return useQuery<StatsResponse, Error>({
         |                  ^
       8 |     queryKey: ["userStats"],
       9 |     queryFn: async () => {
      10 |       const res = await fetch("/api/study/stats");

      at useQueryClient (node_modules/@tanstack/react-query/src/QueryClientProvider.tsx:18:11)
      at useBaseQuery (node_modules/@tanstack/react-query/src/useBaseQuery.ts:54:18)
      at useQuery (node_modules/@tanstack/react-query/src/useQuery.ts:51:10)
      at useUserStats (src/hooks/queries/useUserStats.ts:7:18)
      at StatsCard (src/components/study/StatsCard.tsx:8:68)
      at renderWithHooks (node_modules/react-dom/cjs/react-dom.development.js:15486:18)
      at mountIndeterminateComponent (node_modules/react-dom/cjs/react-dom.development.js:20103:13)
      at beginWork (node_modules/react-dom/cjs/react-dom.development.js:21626:16)
      at beginWork$1 (node_modules/react-dom/cjs/react-dom.development.js:27465:14)
      at performUnitOfWork (node_modules/react-dom/cjs/react-dom.development.js:26599:12)
      at workLoopSync (node_modules/react-dom/cjs/react-dom.development.js:26505:5)
      at renderRootSync (node_modules/react-dom/cjs/react-dom.development.js:26473:7)
      at recoverFromConcurrentError (node_modules/react-dom/cjs/react-dom.development.js:25889:20)
      at performConcurrentWorkOnRoot (node_modules/react-dom/cjs/react-dom.development.js:25789:22)
      at flushActQueue (node_modules/react/cjs/react.development.js:2667:24)
      at act (node_modules/react/cjs/react.development.js:2582:11)
      at node_modules/@testing-library/react/dist/act-compat.js:47:25
      at renderRoot (node_modules/@testing-library/react/dist/pure.js:180:26)
      at render (node_modules/@testing-library/react/dist/pure.js:271:10)
      at Object.<anonymous> (src/components/study/__tests__/StatsCard.test.tsx:81:32)

FAIL src/components/auth/__tests__/LogoutButton.test.tsx
  ● LogoutButton › calls logout endpoint and redirects on click

    expect(jest.fn()).toHaveBeenCalledWith(...expected)

    - Expected
    + Received

      "/api/auth/logout",
      Object {
    +   "headers": Object {
    +     "x-studynexus-client": "true",
    +   },
        "method": "POST",
      },

    Number of calls: 1

      28 |     await userEvent.click(screen.getByRole("button"));
      29 |
    > 30 |     expect(global.fetch).toHaveBeenCalledWith("/api/auth/logout", { method: "POST" });
         |                          ^
      31 |     expect(mockPush).toHaveBeenCalledWith("/de/login");
      32 |   });
      33 | });

      at Object.toHaveBeenCalledWith (src/components/auth/__tests__/LogoutButton.test.tsx:30:26)

FAIL src/components/study/__tests__/ModuleModal.test.tsx
  ● ModuleModal › does not render when closed

    No QueryClient set, use QueryClientProvider to set one

      11 |
      12 | export function useUpdateModule() {
    > 13 |   const queryClient = useQueryClient();
         |                                     ^
      14 |
      15 |   return useMutation<StudentModuleResponse, Error, UpdatePayload>({
      16 |     mutationFn: async ({ id, ...body }) => {

      at useQueryClient (node_modules/@tanstack/react-query/src/QueryClientProvider.tsx:18:11)
      at useUpdateModule (src/hooks/queries/useUpdateModule.ts:13:37)
      at ModuleModal (src/components/study/ModuleModal.tsx:51:39)
      at renderWithHooks (node_modules/react-dom/cjs/react-dom.development.js:15486:18)
      at mountIndeterminateComponent (node_modules/react-dom/cjs/react-dom.development.js:20103:13)
      at beginWork (node_modules/react-dom/cjs/react-dom.development.js:21626:16)
      at beginWork$1 (node_modules/react-dom/cjs/react-dom.development.js:27465:14)
      at performUnitOfWork (node_modules/react-dom/cjs/react-dom.development.js:26599:12)
      at workLoopSync (node_modules/react-dom/cjs/react-dom.development.js:26505:5)
      at renderRootSync (node_modules/react-dom/cjs/react-dom.development.js:26473:7)
      at recoverFromConcurrentError (node_modules/react-dom/cjs/react-dom.development.js:25889:20)
      at performConcurrentWorkOnRoot (node_modules/react-dom/cjs/react-dom.development.js:25789:22)
      at flushActQueue (node_modules/react/cjs/react.development.js:2667:24)
      at act (node_modules/react/cjs/react.development.js:2582:11)
      at node_modules/@testing-library/react/dist/act-compat.js:47:25
      at renderRoot (node_modules/@testing-library/react/dist/pure.js:180:26)
      at render (node_modules/@testing-library/react/dist/pure.js:271:10)
      at Object.<anonymous> (src/components/study/__tests__/ModuleModal.test.tsx:45:11)

  ● ModuleModal › renders when open

    No QueryClient set, use QueryClientProvider to set one

      11 |
      12 | export function useUpdateModule() {
    > 13 |   const queryClient = useQueryClient();
         |                                     ^
      14 |
      15 |   return useMutation<StudentModuleResponse, Error, UpdatePayload>({
      16 |     mutationFn: async ({ id, ...body }) => {

      at useQueryClient (node_modules/@tanstack/react-query/src/QueryClientProvider.tsx:18:11)
      at useUpdateModule (src/hooks/queries/useUpdateModule.ts:13:37)
      at ModuleModal (src/components/study/ModuleModal.tsx:51:39)
      at renderWithHooks (node_modules/react-dom/cjs/react-dom.development.js:15486:18)
      at mountIndeterminateComponent (node_modules/react-dom/cjs/react-dom.development.js:20103:13)
      at beginWork (node_modules/react-dom/cjs/react-dom.development.js:21626:16)
      at beginWork$1 (node_modules/react-dom/cjs/react-dom.development.js:27465:14)
      at performUnitOfWork (node_modules/react-dom/cjs/react-dom.development.js:26599:12)
      at workLoopSync (node_modules/react-dom/cjs/react-dom.development.js:26505:5)
      at renderRootSync (node_modules/react-dom/cjs/react-dom.development.js:26473:7)
      at recoverFromConcurrentError (node_modules/react-dom/cjs/react-dom.development.js:25889:20)
      at performConcurrentWorkOnRoot (node_modules/react-dom/cjs/react-dom.development.js:25789:22)
      at flushActQueue (node_modules/react/cjs/react.development.js:2667:24)
      at act (node_modules/react/cjs/react.development.js:2582:11)
      at node_modules/@testing-library/react/dist/act-compat.js:47:25
      at renderRoot (node_modules/@testing-library/react/dist/pure.js:180:26)
      at render (node_modules/@testing-library/react/dist/pure.js:271:10)
      at Object.<anonymous> (src/components/study/__tests__/ModuleModal.test.tsx:50:11)

  ● ModuleModal › shows note input for graded module

    No QueryClient set, use QueryClientProvider to set one

      11 |
      12 | export function useUpdateModule() {
    > 13 |   const queryClient = useQueryClient();
         |                                     ^
      14 |
      15 |   return useMutation<StudentModuleResponse, Error, UpdatePayload>({
      16 |     mutationFn: async ({ id, ...body }) => {

      at useQueryClient (node_modules/@tanstack/react-query/src/QueryClientProvider.tsx:18:11)
      at useUpdateModule (src/hooks/queries/useUpdateModule.ts:13:37)
      at ModuleModal (src/components/study/ModuleModal.tsx:51:39)
      at renderWithHooks (node_modules/react-dom/cjs/react-dom.development.js:15486:18)
      at mountIndeterminateComponent (node_modules/react-dom/cjs/react-dom.development.js:20103:13)
      at beginWork (node_modules/react-dom/cjs/react-dom.development.js:21626:16)
      at beginWork$1 (node_modules/react-dom/cjs/react-dom.development.js:27465:14)
      at performUnitOfWork (node_modules/react-dom/cjs/react-dom.development.js:26599:12)
      at workLoopSync (node_modules/react-dom/cjs/react-dom.development.js:26505:5)
      at renderRootSync (node_modules/react-dom/cjs/react-dom.development.js:26473:7)
      at recoverFromConcurrentError (node_modules/react-dom/cjs/react-dom.development.js:25889:20)
      at performConcurrentWorkOnRoot (node_modules/react-dom/cjs/react-dom.development.js:25789:22)
      at flushActQueue (node_modules/react/cjs/react.development.js:2667:24)
      at act (node_modules/react/cjs/react.development.js:2582:11)
      at node_modules/@testing-library/react/dist/act-compat.js:47:25
      at renderRoot (node_modules/@testing-library/react/dist/pure.js:180:26)
      at render (node_modules/@testing-library/react/dist/pure.js:271:10)
      at Object.<anonymous> (src/components/study/__tests__/ModuleModal.test.tsx:56:11)

  ● ModuleModal › hides note input and shows badge for ungraded module

    No QueryClient set, use QueryClientProvider to set one

      11 |
      12 | export function useUpdateModule() {
    > 13 |   const queryClient = useQueryClient();
         |                                     ^
      14 |
      15 |   return useMutation<StudentModuleResponse, Error, UpdatePayload>({
      16 |     mutationFn: async ({ id, ...body }) => {

      at useQueryClient (node_modules/@tanstack/react-query/src/QueryClientProvider.tsx:18:11)
      at useUpdateModule (src/hooks/queries/useUpdateModule.ts:13:37)
      at ModuleModal (src/components/study/ModuleModal.tsx:51:39)
      at renderWithHooks (node_modules/react-dom/cjs/react-dom.development.js:15486:18)
      at mountIndeterminateComponent (node_modules/react-dom/cjs/react-dom.development.js:20103:13)
      at beginWork (node_modules/react-dom/cjs/react-dom.development.js:21626:16)
      at beginWork$1 (node_modules/react-dom/cjs/react-dom.development.js:27465:14)
      at performUnitOfWork (node_modules/react-dom/cjs/react-dom.development.js:26599:12)
      at workLoopSync (node_modules/react-dom/cjs/react-dom.development.js:26505:5)
      at renderRootSync (node_modules/react-dom/cjs/react-dom.development.js:26473:7)
      at recoverFromConcurrentError (node_modules/react-dom/cjs/react-dom.development.js:25889:20)
      at performConcurrentWorkOnRoot (node_modules/react-dom/cjs/react-dom.development.js:25789:22)
      at flushActQueue (node_modules/react/cjs/react.development.js:2667:24)
      at act (node_modules/react/cjs/react.development.js:2582:11)
      at node_modules/@testing-library/react/dist/act-compat.js:47:25
      at renderRoot (node_modules/@testing-library/react/dist/pure.js:180:26)
      at render (node_modules/@testing-library/react/dist/pure.js:271:10)
      at Object.<anonymous> (src/components/study/__tests__/ModuleModal.test.tsx:62:11)

  ● ModuleModal › calls onClose when backdrop is clicked

    No QueryClient set, use QueryClientProvider to set one

      11 |
      12 | export function useUpdateModule() {
    > 13 |   const queryClient = useQueryClient();
         |                                     ^
      14 |
      15 |   return useMutation<StudentModuleResponse, Error, UpdatePayload>({
      16 |     mutationFn: async ({ id, ...body }) => {

      at useQueryClient (node_modules/@tanstack/react-query/src/QueryClientProvider.tsx:18:11)
      at useUpdateModule (src/hooks/queries/useUpdateModule.ts:13:37)
      at ModuleModal (src/components/study/ModuleModal.tsx:51:39)
      at renderWithHooks (node_modules/react-dom/cjs/react-dom.development.js:15486:18)
      at mountIndeterminateComponent (node_modules/react-dom/cjs/react-dom.development.js:20103:13)
      at beginWork (node_modules/react-dom/cjs/react-dom.development.js:21626:16)
      at beginWork$1 (node_modules/react-dom/cjs/react-dom.development.js:27465:14)
      at performUnitOfWork (node_modules/react-dom/cjs/react-dom.development.js:26599:12)
      at workLoopSync (node_modules/react-dom/cjs/react-dom.development.js:26505:5)
      at renderRootSync (node_modules/react-dom/cjs/react-dom.development.js:26473:7)
      at recoverFromConcurrentError (node_modules/react-dom/cjs/react-dom.development.js:25889:20)
      at performConcurrentWorkOnRoot (node_modules/react-dom/cjs/react-dom.development.js:25789:22)
      at flushActQueue (node_modules/react/cjs/react.development.js:2667:24)
      at act (node_modules/react/cjs/react.development.js:2582:11)
      at node_modules/@testing-library/react/dist/act-compat.js:47:25
      at renderRoot (node_modules/@testing-library/react/dist/pure.js:180:26)
      at render (node_modules/@testing-library/react/dist/pure.js:271:10)
      at Object.<anonymous> (src/components/study/__tests__/ModuleModal.test.tsx:69:11)

  ● ModuleModal › calls onSave with updated module after successful PUT

    No QueryClient set, use QueryClientProvider to set one

      11 |
      12 | export function useUpdateModule() {
    > 13 |   const queryClient = useQueryClient();
         |                                     ^
      14 |
      15 |   return useMutation<StudentModuleResponse, Error, UpdatePayload>({
      16 |     mutationFn: async ({ id, ...body }) => {

      at useQueryClient (node_modules/@tanstack/react-query/src/QueryClientProvider.tsx:18:11)
      at useUpdateModule (src/hooks/queries/useUpdateModule.ts:13:37)
      at ModuleModal (src/components/study/ModuleModal.tsx:51:39)
      at renderWithHooks (node_modules/react-dom/cjs/react-dom.development.js:15486:18)
      at mountIndeterminateComponent (node_modules/react-dom/cjs/react-dom.development.js:20103:13)
      at beginWork (node_modules/react-dom/cjs/react-dom.development.js:21626:16)
      at beginWork$1 (node_modules/react-dom/cjs/react-dom.development.js:27465:14)
      at performUnitOfWork (node_modules/react-dom/cjs/react-dom.development.js:26599:12)
      at workLoopSync (node_modules/react-dom/cjs/react-dom.development.js:26505:5)
      at renderRootSync (node_modules/react-dom/cjs/react-dom.development.js:26473:7)
      at recoverFromConcurrentError (node_modules/react-dom/cjs/react-dom.development.js:25889:20)
      at performConcurrentWorkOnRoot (node_modules/react-dom/cjs/react-dom.development.js:25789:22)
      at flushActQueue (node_modules/react/cjs/react.development.js:2667:24)
      at act (node_modules/react/cjs/react.development.js:2582:11)
      at node_modules/@testing-library/react/dist/act-compat.js:47:25
      at renderRoot (node_modules/@testing-library/react/dist/pure.js:180:26)
      at render (node_modules/@testing-library/react/dist/pure.js:271:10)
      at Object.<anonymous> (src/components/study/__tests__/ModuleModal.test.tsx:82:11)

  ● ModuleModal › shows error message on failed PUT

    No QueryClient set, use QueryClientProvider to set one

      11 |
      12 | export function useUpdateModule() {
    > 13 |   const queryClient = useQueryClient();
         |                                     ^
      14 |
      15 |   return useMutation<StudentModuleResponse, Error, UpdatePayload>({
      16 |     mutationFn: async ({ id, ...body }) => {

      at useQueryClient (node_modules/@tanstack/react-query/src/QueryClientProvider.tsx:18:11)
      at useUpdateModule (src/hooks/queries/useUpdateModule.ts:13:37)
      at ModuleModal (src/components/study/ModuleModal.tsx:51:39)
      at renderWithHooks (node_modules/react-dom/cjs/react-dom.development.js:15486:18)
      at mountIndeterminateComponent (node_modules/react-dom/cjs/react-dom.development.js:20103:13)
      at beginWork (node_modules/react-dom/cjs/react-dom.development.js:21626:16)
      at beginWork$1 (node_modules/react-dom/cjs/react-dom.development.js:27465:14)
      at performUnitOfWork (node_modules/react-dom/cjs/react-dom.development.js:26599:12)
      at workLoopSync (node_modules/react-dom/cjs/react-dom.development.js:26505:5)
      at renderRootSync (node_modules/react-dom/cjs/react-dom.development.js:26473:7)
      at recoverFromConcurrentError (node_modules/react-dom/cjs/react-dom.development.js:25889:20)
      at performConcurrentWorkOnRoot (node_modules/react-dom/cjs/react-dom.development.js:25789:22)
      at flushActQueue (node_modules/react/cjs/react.development.js:2667:24)
      at act (node_modules/react/cjs/react.development.js:2582:11)
      at node_modules/@testing-library/react/dist/act-compat.js:47:25
      at renderRoot (node_modules/@testing-library/react/dist/pure.js:180:26)
      at render (node_modules/@testing-library/react/dist/pure.js:271:10)
      at Object.<anonymous> (src/components/study/__tests__/ModuleModal.test.tsx:97:11)

FAIL src/components/study/__tests__/ModuleList.test.tsx
  ● ModuleList › shows loading text initially

    No QueryClient set, use QueryClientProvider to set one

       5 |
       6 | export function useUserModules() {
    >  7 |   return useQuery<StudentModulesBySemester[], Error>({
         |                  ^
       8 |     queryKey: ["userModules"],
       9 |     queryFn: async () => {
      10 |       const res = await fetch("/api/study/modules");

      at useQueryClient (node_modules/@tanstack/react-query/src/QueryClientProvider.tsx:18:11)
      at useBaseQuery (node_modules/@tanstack/react-query/src/useBaseQuery.ts:54:18)
      at useQuery (node_modules/@tanstack/react-query/src/useQuery.ts:51:10)
      at useUserModules (src/hooks/queries/useUserModules.ts:7:18)
      at ModuleList (src/components/study/ModuleList.tsx:31:71)
      at renderWithHooks (node_modules/react-dom/cjs/react-dom.development.js:15486:18)
      at mountIndeterminateComponent (node_modules/react-dom/cjs/react-dom.development.js:20103:13)
      at beginWork (node_modules/react-dom/cjs/react-dom.development.js:21626:16)
      at beginWork$1 (node_modules/react-dom/cjs/react-dom.development.js:27465:14)
      at performUnitOfWork (node_modules/react-dom/cjs/react-dom.development.js:26599:12)
      at workLoopSync (node_modules/react-dom/cjs/react-dom.development.js:26505:5)
      at renderRootSync (node_modules/react-dom/cjs/react-dom.development.js:26473:7)
      at recoverFromConcurrentError (node_modules/react-dom/cjs/react-dom.development.js:25889:20)
      at performConcurrentWorkOnRoot (node_modules/react-dom/cjs/react-dom.development.js:25789:22)
      at flushActQueue (node_modules/react/cjs/react.development.js:2667:24)
      at act (node_modules/react/cjs/react.development.js:2582:11)
      at node_modules/@testing-library/react/dist/act-compat.js:47:25
      at renderRoot (node_modules/@testing-library/react/dist/pure.js:180:26)
      at render (node_modules/@testing-library/react/dist/pure.js:271:10)
      at Object.<anonymous> (src/components/study/__tests__/ModuleList.test.tsx:84:11)

  ● ModuleList › renders semester heading and modules

    No QueryClient set, use QueryClientProvider to set one

       5 |
       6 | export function useUserModules() {
    >  7 |   return useQuery<StudentModulesBySemester[], Error>({
         |                  ^
       8 |     queryKey: ["userModules"],
       9 |     queryFn: async () => {
      10 |       const res = await fetch("/api/study/modules");

      at useQueryClient (node_modules/@tanstack/react-query/src/QueryClientProvider.tsx:18:11)
      at useBaseQuery (node_modules/@tanstack/react-query/src/useBaseQuery.ts:54:18)
      at useQuery (node_modules/@tanstack/react-query/src/useQuery.ts:51:10)
      at useUserModules (src/hooks/queries/useUserModules.ts:7:18)
      at ModuleList (src/components/study/ModuleList.tsx:31:71)
      at renderWithHooks (node_modules/react-dom/cjs/react-dom.development.js:15486:18)
      at mountIndeterminateComponent (node_modules/react-dom/cjs/react-dom.development.js:20103:13)
      at beginWork (node_modules/react-dom/cjs/react-dom.development.js:21626:16)
      at beginWork$1 (node_modules/react-dom/cjs/react-dom.development.js:27465:14)
      at performUnitOfWork (node_modules/react-dom/cjs/react-dom.development.js:26599:12)
      at workLoopSync (node_modules/react-dom/cjs/react-dom.development.js:26505:5)
      at renderRootSync (node_modules/react-dom/cjs/react-dom.development.js:26473:7)
      at recoverFromConcurrentError (node_modules/react-dom/cjs/react-dom.development.js:25889:20)
      at performConcurrentWorkOnRoot (node_modules/react-dom/cjs/react-dom.development.js:25789:22)
      at flushActQueue (node_modules/react/cjs/react.development.js:2667:24)
      at act (node_modules/react/cjs/react.development.js:2582:11)
      at node_modules/@testing-library/react/dist/act-compat.js:47:25
      at renderRoot (node_modules/@testing-library/react/dist/pure.js:180:26)
      at render (node_modules/@testing-library/react/dist/pure.js:271:10)
      at Object.<anonymous> (src/components/study/__tests__/ModuleList.test.tsx:90:11)

  ● ModuleList › renders kuerzel for modules that have it

    No QueryClient set, use QueryClientProvider to set one

       5 |
       6 | export function useUserModules() {
    >  7 |   return useQuery<StudentModulesBySemester[], Error>({
         |                  ^
       8 |     queryKey: ["userModules"],
       9 |     queryFn: async () => {
      10 |       const res = await fetch("/api/study/modules");

      at useQueryClient (node_modules/@tanstack/react-query/src/QueryClientProvider.tsx:18:11)
      at useBaseQuery (node_modules/@tanstack/react-query/src/useBaseQuery.ts:54:18)
      at useQuery (node_modules/@tanstack/react-query/src/useQuery.ts:51:10)
      at useUserModules (src/hooks/queries/useUserModules.ts:7:18)
      at ModuleList (src/components/study/ModuleList.tsx:31:71)
      at renderWithHooks (node_modules/react-dom/cjs/react-dom.development.js:15486:18)
      at mountIndeterminateComponent (node_modules/react-dom/cjs/react-dom.development.js:20103:13)
      at beginWork (node_modules/react-dom/cjs/react-dom.development.js:21626:16)
      at beginWork$1 (node_modules/react-dom/cjs/react-dom.development.js:27465:14)
      at performUnitOfWork (node_modules/react-dom/cjs/react-dom.development.js:26599:12)
      at workLoopSync (node_modules/react-dom/cjs/react-dom.development.js:26505:5)
      at renderRootSync (node_modules/react-dom/cjs/react-dom.development.js:26473:7)
      at recoverFromConcurrentError (node_modules/react-dom/cjs/react-dom.development.js:25889:20)
      at performConcurrentWorkOnRoot (node_modules/react-dom/cjs/react-dom.development.js:25789:22)
      at flushActQueue (node_modules/react/cjs/react.development.js:2667:24)
      at act (node_modules/react/cjs/react.development.js:2582:11)
      at node_modules/@testing-library/react/dist/act-compat.js:47:25
      at renderRoot (node_modules/@testing-library/react/dist/pure.js:180:26)
      at render (node_modules/@testing-library/react/dist/pure.js:271:10)
      at Object.<anonymous> (src/components/study/__tests__/ModuleList.test.tsx:100:11)

  ● ModuleList › renders PASSED status badge

    No QueryClient set, use QueryClientProvider to set one

       5 |
       6 | export function useUserModules() {
    >  7 |   return useQuery<StudentModulesBySemester[], Error>({
         |                  ^
       8 |     queryKey: ["userModules"],
       9 |     queryFn: async () => {
      10 |       const res = await fetch("/api/study/modules");

      at useQueryClient (node_modules/@tanstack/react-query/src/QueryClientProvider.tsx:18:11)
      at useBaseQuery (node_modules/@tanstack/react-query/src/useBaseQuery.ts:54:18)
      at useQuery (node_modules/@tanstack/react-query/src/useQuery.ts:51:10)
      at useUserModules (src/hooks/queries/useUserModules.ts:7:18)
      at ModuleList (src/components/study/ModuleList.tsx:31:71)
      at renderWithHooks (node_modules/react-dom/cjs/react-dom.development.js:15486:18)
      at mountIndeterminateComponent (node_modules/react-dom/cjs/react-dom.development.js:20103:13)
      at beginWork (node_modules/react-dom/cjs/react-dom.development.js:21626:16)
      at beginWork$1 (node_modules/react-dom/cjs/react-dom.development.js:27465:14)
      at performUnitOfWork (node_modules/react-dom/cjs/react-dom.development.js:26599:12)
      at workLoopSync (node_modules/react-dom/cjs/react-dom.development.js:26505:5)
      at renderRootSync (node_modules/react-dom/cjs/react-dom.development.js:26473:7)
      at recoverFromConcurrentError (node_modules/react-dom/cjs/react-dom.development.js:25889:20)
      at performConcurrentWorkOnRoot (node_modules/react-dom/cjs/react-dom.development.js:25789:22)
      at flushActQueue (node_modules/react/cjs/react.development.js:2667:24)
      at act (node_modules/react/cjs/react.development.js:2582:11)
      at node_modules/@testing-library/react/dist/act-compat.js:47:25
      at renderRoot (node_modules/@testing-library/react/dist/pure.js:180:26)
      at render (node_modules/@testing-library/react/dist/pure.js:271:10)
      at Object.<anonymous> (src/components/study/__tests__/ModuleList.test.tsx:108:11)

  ● ModuleList › renders note for passed modules

    No QueryClient set, use QueryClientProvider to set one

       5 |
       6 | export function useUserModules() {
    >  7 |   return useQuery<StudentModulesBySemester[], Error>({
         |                  ^
       8 |     queryKey: ["userModules"],
       9 |     queryFn: async () => {
      10 |       const res = await fetch("/api/study/modules");

      at useQueryClient (node_modules/@tanstack/react-query/src/QueryClientProvider.tsx:18:11)
      at useBaseQuery (node_modules/@tanstack/react-query/src/useBaseQuery.ts:54:18)
      at useQuery (node_modules/@tanstack/react-query/src/useQuery.ts:51:10)
      at useUserModules (src/hooks/queries/useUserModules.ts:7:18)
      at ModuleList (src/components/study/ModuleList.tsx:31:71)
      at renderWithHooks (node_modules/react-dom/cjs/react-dom.development.js:15486:18)
      at mountIndeterminateComponent (node_modules/react-dom/cjs/react-dom.development.js:20103:13)
      at beginWork (node_modules/react-dom/cjs/react-dom.development.js:21626:16)
      at beginWork$1 (node_modules/react-dom/cjs/react-dom.development.js:27465:14)
      at performUnitOfWork (node_modules/react-dom/cjs/react-dom.development.js:26599:12)
      at workLoopSync (node_modules/react-dom/cjs/react-dom.development.js:26505:5)
      at renderRootSync (node_modules/react-dom/cjs/react-dom.development.js:26473:7)
      at recoverFromConcurrentError (node_modules/react-dom/cjs/react-dom.development.js:25889:20)
      at performConcurrentWorkOnRoot (node_modules/react-dom/cjs/react-dom.development.js:25789:22)
      at flushActQueue (node_modules/react/cjs/react.development.js:2667:24)
      at act (node_modules/react/cjs/react.development.js:2582:11)
      at node_modules/@testing-library/react/dist/act-compat.js:47:25
      at renderRoot (node_modules/@testing-library/react/dist/pure.js:180:26)
      at render (node_modules/@testing-library/react/dist/pure.js:271:10)
      at Object.<anonymous> (src/components/study/__tests__/ModuleList.test.tsx:116:11)

  ● ModuleList › shows empty state when no modules

    No QueryClient set, use QueryClientProvider to set one

       5 |
       6 | export function useUserModules() {
    >  7 |   return useQuery<StudentModulesBySemester[], Error>({
         |                  ^
       8 |     queryKey: ["userModules"],
       9 |     queryFn: async () => {
      10 |       const res = await fetch("/api/study/modules");

      at useQueryClient (node_modules/@tanstack/react-query/src/QueryClientProvider.tsx:18:11)
      at useBaseQuery (node_modules/@tanstack/react-query/src/useBaseQuery.ts:54:18)
      at useQuery (node_modules/@tanstack/react-query/src/useQuery.ts:51:10)
      at useUserModules (src/hooks/queries/useUserModules.ts:7:18)
      at ModuleList (src/components/study/ModuleList.tsx:31:71)
      at renderWithHooks (node_modules/react-dom/cjs/react-dom.development.js:15486:18)
      at mountIndeterminateComponent (node_modules/react-dom/cjs/react-dom.development.js:20103:13)
      at beginWork (node_modules/react-dom/cjs/react-dom.development.js:21626:16)
      at beginWork$1 (node_modules/react-dom/cjs/react-dom.development.js:27465:14)
      at performUnitOfWork (node_modules/react-dom/cjs/react-dom.development.js:26599:12)
      at workLoopSync (node_modules/react-dom/cjs/react-dom.development.js:26505:5)
      at renderRootSync (node_modules/react-dom/cjs/react-dom.development.js:26473:7)
      at recoverFromConcurrentError (node_modules/react-dom/cjs/react-dom.development.js:25889:20)
      at performConcurrentWorkOnRoot (node_modules/react-dom/cjs/react-dom.development.js:25789:22)
      at flushActQueue (node_modules/react/cjs/react.development.js:2667:24)
      at act (node_modules/react/cjs/react.development.js:2582:11)
      at node_modules/@testing-library/react/dist/act-compat.js:47:25
      at renderRoot (node_modules/@testing-library/react/dist/pure.js:180:26)
      at render (node_modules/@testing-library/react/dist/pure.js:271:10)
      at Object.<anonymous> (src/components/study/__tests__/ModuleList.test.tsx:124:11)

  ● ModuleList › shows error on fetch failure

    No QueryClient set, use QueryClientProvider to set one

       5 |
       6 | export function useUserModules() {
    >  7 |   return useQuery<StudentModulesBySemester[], Error>({
         |                  ^
       8 |     queryKey: ["userModules"],
       9 |     queryFn: async () => {
      10 |       const res = await fetch("/api/study/modules");

      at useQueryClient (node_modules/@tanstack/react-query/src/QueryClientProvider.tsx:18:11)
      at useBaseQuery (node_modules/@tanstack/react-query/src/useBaseQuery.ts:54:18)
      at useQuery (node_modules/@tanstack/react-query/src/useQuery.ts:51:10)
      at useUserModules (src/hooks/queries/useUserModules.ts:7:18)
      at ModuleList (src/components/study/ModuleList.tsx:31:71)
      at renderWithHooks (node_modules/react-dom/cjs/react-dom.development.js:15486:18)
      at mountIndeterminateComponent (node_modules/react-dom/cjs/react-dom.development.js:20103:13)
      at beginWork (node_modules/react-dom/cjs/react-dom.development.js:21626:16)
      at beginWork$1 (node_modules/react-dom/cjs/react-dom.development.js:27465:14)
      at performUnitOfWork (node_modules/react-dom/cjs/react-dom.development.js:26599:12)
      at workLoopSync (node_modules/react-dom/cjs/react-dom.development.js:26505:5)
      at renderRootSync (node_modules/react-dom/cjs/react-dom.development.js:26473:7)
      at recoverFromConcurrentError (node_modules/react-dom/cjs/react-dom.development.js:25889:20)
      at performConcurrentWorkOnRoot (node_modules/react-dom/cjs/react-dom.development.js:25789:22)
      at flushActQueue (node_modules/react/cjs/react.development.js:2667:24)
      at act (node_modules/react/cjs/react.development.js:2582:11)
      at node_modules/@testing-library/react/dist/act-compat.js:47:25
      at renderRoot (node_modules/@testing-library/react/dist/pure.js:180:26)
      at render (node_modules/@testing-library/react/dist/pure.js:271:10)
      at Object.<anonymous> (src/components/study/__tests__/ModuleList.test.tsx:132:11)

  ● ModuleList › opens modal when module row is clicked

    No QueryClient set, use QueryClientProvider to set one

       5 |
       6 | export function useUserModules() {
    >  7 |   return useQuery<StudentModulesBySemester[], Error>({
         |                  ^
       8 |     queryKey: ["userModules"],
       9 |     queryFn: async () => {
      10 |       const res = await fetch("/api/study/modules");

      at useQueryClient (node_modules/@tanstack/react-query/src/QueryClientProvider.tsx:18:11)
      at useBaseQuery (node_modules/@tanstack/react-query/src/useBaseQuery.ts:54:18)
      at useQuery (node_modules/@tanstack/react-query/src/useQuery.ts:51:10)
      at useUserModules (src/hooks/queries/useUserModules.ts:7:18)
      at ModuleList (src/components/study/ModuleList.tsx:31:71)
      at renderWithHooks (node_modules/react-dom/cjs/react-dom.development.js:15486:18)
      at mountIndeterminateComponent (node_modules/react-dom/cjs/react-dom.development.js:20103:13)
      at beginWork (node_modules/react-dom/cjs/react-dom.development.js:21626:16)
      at beginWork$1 (node_modules/react-dom/cjs/react-dom.development.js:27465:14)
      at performUnitOfWork (node_modules/react-dom/cjs/react-dom.development.js:26599:12)
      at workLoopSync (node_modules/react-dom/cjs/react-dom.development.js:26505:5)
      at renderRootSync (node_modules/react-dom/cjs/react-dom.development.js:26473:7)
      at recoverFromConcurrentError (node_modules/react-dom/cjs/react-dom.development.js:25889:20)
      at performConcurrentWorkOnRoot (node_modules/react-dom/cjs/react-dom.development.js:25789:22)
      at flushActQueue (node_modules/react/cjs/react.development.js:2667:24)
      at act (node_modules/react/cjs/react.development.js:2582:11)
      at node_modules/@testing-library/react/dist/act-compat.js:47:25
      at renderRoot (node_modules/@testing-library/react/dist/pure.js:180:26)
      at render (node_modules/@testing-library/react/dist/pure.js:271:10)
      at Object.<anonymous> (src/components/study/__tests__/ModuleList.test.tsx:140:11)

  ● ModuleList › shows add module button after loading

    No QueryClient set, use QueryClientProvider to set one

       5 |
       6 | export function useUserModules() {
    >  7 |   return useQuery<StudentModulesBySemester[], Error>({
         |                  ^
       8 |     queryKey: ["userModules"],
       9 |     queryFn: async () => {
      10 |       const res = await fetch("/api/study/modules");

      at useQueryClient (node_modules/@tanstack/react-query/src/QueryClientProvider.tsx:18:11)
      at useBaseQuery (node_modules/@tanstack/react-query/src/useBaseQuery.ts:54:18)
      at useQuery (node_modules/@tanstack/react-query/src/useQuery.ts:51:10)
      at useUserModules (src/hooks/queries/useUserModules.ts:7:18)
      at ModuleList (src/components/study/ModuleList.tsx:31:71)
      at renderWithHooks (node_modules/react-dom/cjs/react-dom.development.js:15486:18)
      at mountIndeterminateComponent (node_modules/react-dom/cjs/react-dom.development.js:20103:13)
      at beginWork (node_modules/react-dom/cjs/react-dom.development.js:21626:16)
      at beginWork$1 (node_modules/react-dom/cjs/react-dom.development.js:27465:14)
      at performUnitOfWork (node_modules/react-dom/cjs/react-dom.development.js:26599:12)
      at workLoopSync (node_modules/react-dom/cjs/react-dom.development.js:26505:5)
      at renderRootSync (node_modules/react-dom/cjs/react-dom.development.js:26473:7)
      at recoverFromConcurrentError (node_modules/react-dom/cjs/react-dom.development.js:25889:20)
      at performConcurrentWorkOnRoot (node_modules/react-dom/cjs/react-dom.development.js:25789:22)
      at flushActQueue (node_modules/react/cjs/react.development.js:2667:24)
      at act (node_modules/react/cjs/react.development.js:2582:11)
      at node_modules/@testing-library/react/dist/act-compat.js:47:25
      at renderRoot (node_modules/@testing-library/react/dist/pure.js:180:26)
      at render (node_modules/@testing-library/react/dist/pure.js:271:10)
      at Object.<anonymous> (src/components/study/__tests__/ModuleList.test.tsx:149:11)

  ● ModuleList › calls onModuleSaved after a successful module save

    No QueryClient set, use QueryClientProvider to set one

       5 |
       6 | export function useUserModules() {
    >  7 |   return useQuery<StudentModulesBySemester[], Error>({
         |                  ^
       8 |     queryKey: ["userModules"],
       9 |     queryFn: async () => {
      10 |       const res = await fetch("/api/study/modules");

      at useQueryClient (node_modules/@tanstack/react-query/src/QueryClientProvider.tsx:18:11)
      at useBaseQuery (node_modules/@tanstack/react-query/src/useBaseQuery.ts:54:18)
      at useQuery (node_modules/@tanstack/react-query/src/useQuery.ts:51:10)
      at useUserModules (src/hooks/queries/useUserModules.ts:7:18)
      at ModuleList (src/components/study/ModuleList.tsx:31:71)
      at renderWithHooks (node_modules/react-dom/cjs/react-dom.development.js:15486:18)
      at mountIndeterminateComponent (node_modules/react-dom/cjs/react-dom.development.js:20103:13)
      at beginWork (node_modules/react-dom/cjs/react-dom.development.js:21626:16)
      at beginWork$1 (node_modules/react-dom/cjs/react-dom.development.js:27465:14)
      at performUnitOfWork (node_modules/react-dom/cjs/react-dom.development.js:26599:12)
      at workLoopSync (node_modules/react-dom/cjs/react-dom.development.js:26505:5)
      at renderRootSync (node_modules/react-dom/cjs/react-dom.development.js:26473:7)
      at recoverFromConcurrentError (node_modules/react-dom/cjs/react-dom.development.js:25889:20)
      at performConcurrentWorkOnRoot (node_modules/react-dom/cjs/react-dom.development.js:25789:22)
      at flushActQueue (node_modules/react/cjs/react.development.js:2667:24)
      at act (node_modules/react/cjs/react.development.js:2582:11)
      at node_modules/@testing-library/react/dist/act-compat.js:47:25
      at renderRoot (node_modules/@testing-library/react/dist/pure.js:180:26)
      at render (node_modules/@testing-library/react/dist/pure.js:271:10)
      at Object.<anonymous> (src/components/study/__tests__/ModuleList.test.tsx:162:11)

FAIL src/components/auth/__tests__/RegisterForm.test.tsx
  ● RegisterForm › renders all form fields

    ReferenceError: fetch is not defined

      33 |
      34 |   useEffect(() => {
    > 35 |     fetch("/api/universities")
         |     ^
      36 |       .then((r) => r.json())
      37 |       .then((data: University[]) => {
      38 |         setUniversities(data);

      at fetch (src/components/auth/RegisterForm.tsx:35:5)
      at commitHookEffectListMount (node_modules/react-dom/cjs/react-dom.development.js:23189:26)
      at commitPassiveMountOnFiber (node_modules/react-dom/cjs/react-dom.development.js:24970:11)
      at commitPassiveMountEffects_complete (node_modules/react-dom/cjs/react-dom.development.js:24930:9)
      at commitPassiveMountEffects_begin (node_modules/react-dom/cjs/react-dom.development.js:24917:7)
      at commitPassiveMountEffects (node_modules/react-dom/cjs/react-dom.development.js:24905:3)
      at flushPassiveEffectsImpl (node_modules/react-dom/cjs/react-dom.development.js:27078:3)
      at flushPassiveEffects (node_modules/react-dom/cjs/react-dom.development.js:27023:14)
      at node_modules/react-dom/cjs/react-dom.development.js:26808:9
      at flushActQueue (node_modules/react/cjs/react.development.js:2667:24)
      at act (node_modules/react/cjs/react.development.js:2582:11)
      at node_modules/@testing-library/react/dist/act-compat.js:47:25
      at renderRoot (node_modules/@testing-library/react/dist/pure.js:180:26)
      at render (node_modules/@testing-library/react/dist/pure.js:271:10)
      at Object.<anonymous> (src/components/auth/__tests__/RegisterForm.test.tsx:14:11)

  ● RegisterForm › toggles password field visibility

    ReferenceError: fetch is not defined

      33 |
      34 |   useEffect(() => {
    > 35 |     fetch("/api/universities")
         |     ^
      36 |       .then((r) => r.json())
      37 |       .then((data: University[]) => {
      38 |         setUniversities(data);

      at fetch (src/components/auth/RegisterForm.tsx:35:5)
      at commitHookEffectListMount (node_modules/react-dom/cjs/react-dom.development.js:23189:26)
      at commitPassiveMountOnFiber (node_modules/react-dom/cjs/react-dom.development.js:24970:11)
      at commitPassiveMountEffects_complete (node_modules/react-dom/cjs/react-dom.development.js:24930:9)
      at commitPassiveMountEffects_begin (node_modules/react-dom/cjs/react-dom.development.js:24917:7)
      at commitPassiveMountEffects (node_modules/react-dom/cjs/react-dom.development.js:24905:3)
      at flushPassiveEffectsImpl (node_modules/react-dom/cjs/react-dom.development.js:27078:3)
      at flushPassiveEffects (node_modules/react-dom/cjs/react-dom.development.js:27023:14)
      at node_modules/react-dom/cjs/react-dom.development.js:26808:9
      at flushActQueue (node_modules/react/cjs/react.development.js:2667:24)
      at act (node_modules/react/cjs/react.development.js:2582:11)
      at node_modules/@testing-library/react/dist/act-compat.js:47:25
      at renderRoot (node_modules/@testing-library/react/dist/pure.js:180:26)
      at render (node_modules/@testing-library/react/dist/pure.js:271:10)
      at Object.<anonymous> (src/components/auth/__tests__/RegisterForm.test.tsx:22:11)

  ● RegisterForm › toggles confirm password field visibility independently

    ReferenceError: fetch is not defined

      33 |
      34 |   useEffect(() => {
    > 35 |     fetch("/api/universities")
         |     ^
      36 |       .then((r) => r.json())
      37 |       .then((data: University[]) => {
      38 |         setUniversities(data);

      at fetch (src/components/auth/RegisterForm.tsx:35:5)
      at commitHookEffectListMount (node_modules/react-dom/cjs/react-dom.development.js:23189:26)
      at commitPassiveMountOnFiber (node_modules/react-dom/cjs/react-dom.development.js:24970:11)
      at commitPassiveMountEffects_complete (node_modules/react-dom/cjs/react-dom.development.js:24930:9)
      at commitPassiveMountEffects_begin (node_modules/react-dom/cjs/react-dom.development.js:24917:7)
      at commitPassiveMountEffects (node_modules/react-dom/cjs/react-dom.development.js:24905:3)
      at flushPassiveEffectsImpl (node_modules/react-dom/cjs/react-dom.development.js:27078:3)
      at flushPassiveEffects (node_modules/react-dom/cjs/react-dom.development.js:27023:14)
      at node_modules/react-dom/cjs/react-dom.development.js:26808:9
      at flushActQueue (node_modules/react/cjs/react.development.js:2667:24)
      at act (node_modules/react/cjs/react.development.js:2582:11)
      at node_modules/@testing-library/react/dist/act-compat.js:47:25
      at renderRoot (node_modules/@testing-library/react/dist/pure.js:180:26)
      at render (node_modules/@testing-library/react/dist/pure.js:271:10)
      at Object.<anonymous> (src/components/auth/__tests__/RegisterForm.test.tsx:32:11)

  ● RegisterForm › shows password mismatch error

    ReferenceError: fetch is not defined

      33 |
      34 |   useEffect(() => {
    > 35 |     fetch("/api/universities")
         |     ^
      36 |       .then((r) => r.json())
      37 |       .then((data: University[]) => {
      38 |         setUniversities(data);

      at fetch (src/components/auth/RegisterForm.tsx:35:5)
      at commitHookEffectListMount (node_modules/react-dom/cjs/react-dom.development.js:23189:26)
      at commitPassiveMountOnFiber (node_modules/react-dom/cjs/react-dom.development.js:24970:11)
      at commitPassiveMountEffects_complete (node_modules/react-dom/cjs/react-dom.development.js:24930:9)
      at commitPassiveMountEffects_begin (node_modules/react-dom/cjs/react-dom.development.js:24917:7)
      at commitPassiveMountEffects (node_modules/react-dom/cjs/react-dom.development.js:24905:3)
      at flushPassiveEffectsImpl (node_modules/react-dom/cjs/react-dom.development.js:27078:3)
      at flushPassiveEffects (node_modules/react-dom/cjs/react-dom.development.js:27023:14)
      at node_modules/react-dom/cjs/react-dom.development.js:26808:9
      at flushActQueue (node_modules/react/cjs/react.development.js:2667:24)
      at act (node_modules/react/cjs/react.development.js:2582:11)
      at node_modules/@testing-library/react/dist/act-compat.js:47:25
      at renderRoot (node_modules/@testing-library/react/dist/pure.js:180:26)
      at render (node_modules/@testing-library/react/dist/pure.js:271:10)
      at Object.<anonymous> (src/components/auth/__tests__/RegisterForm.test.tsx:42:11)

  ● RegisterForm › renders link to login page

    ReferenceError: fetch is not defined

      33 |
      34 |   useEffect(() => {
    > 35 |     fetch("/api/universities")
         |     ^
      36 |       .then((r) => r.json())
      37 |       .then((data: University[]) => {
      38 |         setUniversities(data);

      at fetch (src/components/auth/RegisterForm.tsx:35:5)
      at commitHookEffectListMount (node_modules/react-dom/cjs/react-dom.development.js:23189:26)
      at commitPassiveMountOnFiber (node_modules/react-dom/cjs/react-dom.development.js:24970:11)
      at commitPassiveMountEffects_complete (node_modules/react-dom/cjs/react-dom.development.js:24930:9)
      at commitPassiveMountEffects_begin (node_modules/react-dom/cjs/react-dom.development.js:24917:7)
      at commitPassiveMountEffects (node_modules/react-dom/cjs/react-dom.development.js:24905:3)
      at flushPassiveEffectsImpl (node_modules/react-dom/cjs/react-dom.development.js:27078:3)
      at flushPassiveEffects (node_modules/react-dom/cjs/react-dom.development.js:27023:14)
      at node_modules/react-dom/cjs/react-dom.development.js:26808:9
      at flushActQueue (node_modules/react/cjs/react.development.js:2667:24)
      at act (node_modules/react/cjs/react.development.js:2582:11)
      at node_modules/@testing-library/react/dist/act-compat.js:47:25
      at renderRoot (node_modules/@testing-library/react/dist/pure.js:180:26)
      at render (node_modules/@testing-library/react/dist/pure.js:271:10)
      at Object.<anonymous> (src/components/auth/__tests__/RegisterForm.test.tsx:55:11)

  ● RegisterForm › shows backend error on failed registration

    TypeError: universities.map is not a function

      146 |           >
      147 |             <option value="" disabled>{univLoading ? "…" : t("fields.selectUniversity")}</option>
    > 148 |             {universities.map((u) => (
          |                           ^
      149 |               <option key={u.id} value={u.name}>{u.name}</option>
      150 |             ))}
      151 |           </select>

      at map (src/components/auth/RegisterForm.tsx:148:27)
      at renderWithHooks (node_modules/react-dom/cjs/react-dom.development.js:15486:18)
      at updateFunctionComponent (node_modules/react-dom/cjs/react-dom.development.js:19617:20)
      at beginWork (node_modules/react-dom/cjs/react-dom.development.js:21640:16)
      at beginWork$1 (node_modules/react-dom/cjs/react-dom.development.js:27465:14)
      at performUnitOfWork (node_modules/react-dom/cjs/react-dom.development.js:26599:12)
      at workLoopSync (node_modules/react-dom/cjs/react-dom.development.js:26505:5)
      at renderRootSync (node_modules/react-dom/cjs/react-dom.development.js:26473:7)
      at recoverFromConcurrentError (node_modules/react-dom/cjs/react-dom.development.js:25889:20)
      at performConcurrentWorkOnRoot (node_modules/react-dom/cjs/react-dom.development.js:25789:22)
      at workLoop (node_modules/scheduler/cjs/scheduler.development.js:266:34)
      at flushWork (node_modules/scheduler/cjs/scheduler.development.js:239:14)
      at performWorkUntilDeadline (node_modules/scheduler/cjs/scheduler.development.js:533:21)
      at Timeout.task [as _onTimeout] (node_modules/jsdom/lib/jsdom/browser/Window.js:520:19)

  ● RegisterForm › shows backend error on failed registration

    TestingLibraryElementError: Unable to find a label with the text of: fields.confirmPassword

    Ignored nodes: comments, script, style
    [36m<body>[39m
      [36m<div />[39m
    [36m</body>[39m

      69 |
      70 |     await userEvent.type(screen.getByLabelText("fields.password"), "Password1!");
    > 71 |     await userEvent.type(screen.getByLabelText("fields.confirmPassword"), "Password1!");
         |                                 ^
      72 |
      73 |     fireEvent.submit(screen.getByRole("button", { name: "register.submit" }).closest("form")!);
      74 |

      at Object.getElementError (node_modules/@testing-library/dom/dist/config.js:37:19)
      at getAllByLabelText (node_modules/@testing-library/dom/dist/queries/label-text.js:111:38)
      at node_modules/@testing-library/dom/dist/query-helpers.js:52:17
      at node_modules/@testing-library/dom/dist/query-helpers.js:95:19
      at Object.getByLabelText (src/components/auth/__tests__/RegisterForm.test.tsx:71:33)

FAIL src/app/[locale]/dashboard/setup/__tests__/SetupForm.test.tsx
  ● SetupForm › calls POST and redirects on successful confirm

    expect(jest.fn()).toHaveBeenCalledWith(...expected)

    Expected: "/de/dashboard"

    Number of calls: 0

    Ignored nodes: comments, script, style
    [36m<html>[39m
      [36m<head />[39m
      [36m<body>[39m
        [36m<div>[39m
          [36m<main[39m
            [33mclass[39m=[32m"min-h-screen bg-background"[39m
          [36m>[39m
            [36m<div[39m
              [33mclass[39m=[32m"max-w-lg mx-auto px-4 py-16"[39m
            [36m>[39m
              [36m<div[39m
                [33mclass[39m=[32m"mb-8"[39m
              [36m>[39m
                [36m<h1[39m
                  [33mclass[39m=[32m"text-2xl font-bold"[39m
                [36m>[39m
                  [0mdashboard.setup.title[0m
                [36m</h1>[39m
                [36m<p[39m
                  [33mclass[39m=[32m"mt-1 text-sm text-muted-foreground"[39m
                [36m>[39m
                  [0mdashboard.setup.subtitle[0m
                [36m</p>[39m
              [36m</div>[39m
              [36m<div[39m
                [33mclass[39m=[32m"rounded-lg border bg-card p-6 space-y-5"[39m
              [36m>[39m
                [36m<div[39m
                  [33mclass[39m=[32m"space-y-1.5"[39m
                [36m>[39m
                  [36m<label[39m
                    [33mclass[39m=[32m"text-sm font-medium leading-none peer-disabled:cursor-not-allowed peer-disabled:opacity-70"[39m
                  [36m>[39m
                    [0mdashboard.setup.university[0m
                  [36m</label>[39m
                  [36m<div[39m
                    [33mclass[39m=[32m"flex h-10 items-center rounded-md border bg-muted px-3 text-sm text-muted-foreground"[39m
                  [36m>[39m
                    [0mHochschule Hannover[0m
                  [36m</div>[39m
                [36m</div>[39m
                [36m<div[39m
                  [33mclass[39m=[32m"space-y-1.5"[39m
                [36m>[39m
                  [36m<label[39m
                    [33mclass[39m=[32m"text-sm font-medium leading-none peer-disabled:cursor-not-allowed peer-disabled:opacity-70"[39m
                    [33mfor[39m=[32m"setup-faculty"[39m
                  [36m>[39m
                    [0mdashboard.setup.faculty[0m
                  [36m</label>[39m
                  [36m<select[39m
                    [33mclass[39m=[32m"flex h-10 w-full rounded-md border border-input bg-background px-3 py-2 text-sm ring-offset-background focus-visible:outline-none focus-visible:ring-2 focus-visible:ring-ring focus-visible:ring-offset-2 disabled:cursor-not-allowed disabled:opacity-50"[39m
                    [33mid[39m=[32m"setup-faculty"[39m
                  [36m>[39m
                    [36m<option[39m
                      [33mvalue[39m=[32m""[39m
                    [36m>[39m
                      [0mdashboard.setup.selectFaculty[0m
                    [36m</option>[39m
                    [36m<option[39m
                      [33mvalue[39m=[32m"fac-1"[39m
                    [36m>[39m
                      [0mFakultät IV[0m
                    [36m</option>[39m
                  [36m</select>[39m
                [36m</div>[39m
                [36m<div[39m
                  [33mclass[39m=[32m"space-y-1.5"[39m
                [36m>[39m
                  [36m<label[39m
                    [33mclass[39m=[32m"text-sm font-medium leading-none peer-disabled:cursor-not-allowed peer-disabled:opacity-70"[39m
                    [33mfor[39m=[32m"setup-program"[39m
                  [36m>[39m
                    [0mdashboard.setup.program[0m
                  [36m</label>[39m
                  [36m<select[39m
                    [33mclass[39m=[32m"flex h-10 w-full rounded-md border border-input bg-background px-3 py-2 text-sm ring-offset-background focus-visible:outline-none focus-visible:ring-2 focus-visible:ring-ring focus-visible:ring-offset-2 disabled:cursor-not-allowed disabled:opacity-50"[39m
                    [33mid[39m=[32m"setup-program"[39m
                  [36m>[39m
                    [36m<option[39m
                      [33mvalue[39m=[32m""[39m
                    [36m>[39m
                      [0mdashboard.setup.selectProgram[0m
                    [36m</option>[39m
                    [36m<option[39m
                      [33mvalue[39m=[32m"prog-1"[39m
                    [36m>[39m
                      [0mInformatik[0m
                      [0m ([0m
                      [0mBachelor[0m
                      [0m)[0m
                    [36m</option>[39m
                  [36m</select>[39m
                [36m</div>[39m
                [36m<div[39m
                  [33mclass[39m=[32m"space-y-1.5"[39m
                [36m>[39m
                  [36m<label[39m
                    [33mclass[39m=[32m"text-sm font-medium leading-none peer-disabled:cursor-not-allowed peer-disabled:opacity-70"[39m
                    [33mfor[39m=[32m"setup-examreg"[39m
                  [36m>[39m
                    [0mdashboard.setup.examReg[0m
                  [36m</label>[39m
                  [36m<select[39m
                    [33mclass[39m=[32m"flex h-10 w-full rounded-md border border-input bg-background px-3 py-2 text-sm ring-offset-background focus-visible:outline-none focus-visible:ring-2 focus-visible:ring-ring focus-visible:ring-offset-2 disabled:cursor-not-allowed disabled:opacity-50"[39m
                    [33mid[39m=[32m"setup-examreg"[39m
                  [36m>[39m
                    [36m<option[39m
                      [33mvalue[39m=[32m""[39m
                    [36m>[39m
                      [0mdashboard.setup.selectExamReg[0m
                    [36m</option>[39m
                    [36m<option[39m
                      [33mvalue[39m=[32m"er-1"[39m
                    [36m>[39m
                      [0mPO2021[0m
                    [36m</option>[39m
                  [36m</select>[39m
                [36m</div>[39m
                [36m<div[39m
                  [33mclass[39m=[32m"space-y-1.5"[39m
                [36m>[39m
                  [36m<label[39m
                    [33mclass[39m=[32m"text-sm font-medium leading-none peer-disabled:cursor-not-allowed peer-disabled:opacity-70"[39m
                    [33mfor[39m=[32m"setup-semester"[39m
                  [36m>[39m
                    [0mdashboard.setup.startSemester[0m
                  [36m</label>[39m
                  [36m<select[39m
                    [33mclass[39m=[32m"flex h-10 w-full rounded-md border border-input bg-background px-3 py-2 text-sm ring-offset-background focus-visible:outline-none focus-visible:ring-2 focus-visible:ring-ring focus-visible:ring-offset-2 disabled:cursor-not-allowed disabled:opacity-50"[39m
                    [33mid[39m=[32m"setup-semester"[39m
                  [36m>[39m
                    [36m<option[39m
                      [33mvalue[39m=[32m""[39m
                    [36m>[39m
                      [0mdashboard.setup.selectSemester[0m
                    [36m</option>[39m
                    [36m<option[39m
                      [33mvalue[39m=[32m"WS2022/23"[39m
                    [36m>[39m
                      [0mWiSe 2022/23[0m
                    [36m</option>[39m
                    [36m<option[39m
                      [33mvalue[39m=[32m"SoSe2023"[39m
                    [36m>[39m
                      [0mSoSe 2023[0m
                    [36m</option>[39m
                    [36m<option[39m
                      [33mvalue[39m=[32m"WS2023/24"[39m
                    [36m>[39m
                      [0mWiSe 2023/24[0m
                    [36m</option>[39m
                    [36m<option[39m
                      [33mvalue[39m=[32m"SoSe2024"[39m
                    [36m>[39m
                      [0mSoSe 2024[0m
                    [36m</option>[39m
                    [36m<option[39m
                      [33mvalue[39m=[32m"WS2024/25"[39m
                    [36m>[39m
                      [0mWiSe 2024/25[0m
                    [36m</option>[39m
                    [36m<option[39m
                      [33mvalue[39m=[32m"SoSe2025"[39m
                    [36m>[39m
                      [0mSoSe 2025[0m
                    [36m</option>[39m
                    [36m<option[39m
                      [33mvalue[39m=[32m"WS2025/26"[39m
                    [36m>[39m
                      [0mWiSe 2025/26[0m
                    [36m</option>[39m
                    [36m<option[39m
                      [33mvalue[39m=[32m"SoSe2026"[39m
                    [36m>[39m
                      [0mSoSe 2026[0m
                    [36m</option>[39m
                    [36m<option[39m
                      [33mvalue[39m=[32m"WS2026/27"[39m
                    [36m>[39m
                      [0mWiSe 2026/27[0m
                    [36m</option>[39m
                    [36m<option[39m
                      [33mvalue[39m=[32m"SoSe2027"[39m
                    [36m>[39m
                      [0mSoSe 2027[0m
                    [36m</option>[39m
                  [36m</select>[39m
                [36m</div>[39m
                [36m<button[39m
                  [33mclass[39m=[32m"inline-flex items-center justify-center whitespace-nowrap rounded-md text-sm font-medium ring-offset-background transition-colors focus-visible:outline-none focus-visible:ring-2 focus-visible:ring-ring focus-visible:ring-offset-2 disabled:pointer-events-none disabled:opacity-50 bg-primary text-primary-foreground hover:bg-primary/90 h-10 px-4 py-2 w-full"[39m
                [36m>[39m
                  [0mdashboard.setup.confirm[0m
                [36m</button>[39m
              [36m</div>[39m
            [36m</div>[39m
          [36m</main>[39m
        [36m</div>[39m
      [36m</body>[39m
    [36m</html>[39m

      130 |
      131 |     await waitFor(() => {
    > 132 |       expect(replace).toHaveBeenCalledWith("/de/dashboard");
          |                       ^
      133 |     });
      134 |     expect(global.fetch).toHaveBeenCalledWith(
      135 |       "/api/study/program",

      at toHaveBeenCalledWith (src/app/[locale]/dashboard/setup/__tests__/SetupForm.test.tsx:132:23)
      at runWithExpensiveErrorDiagnosticsDisabled (node_modules/@testing-library/dom/dist/config.js:47:12)
      at checkCallback (node_modules/@testing-library/dom/dist/wait-for.js:124:77)
      at checkRealTimersCallback (node_modules/@testing-library/dom/dist/wait-for.js:118:16)
      at Timeout.task [as _onTimeout] (node_modules/jsdom/lib/jsdom/browser/Window.js:520:19)


Test Suites: 7 failed, 19 passed, 26 total
Tests:       41 failed, 142 passed, 183 total
Snapshots:   0 total
Time:        2.13 s
Ran all test suites.
